E2E_PARTIALS fp32=1 element_bytes=4 total_bytes=32325632
E2E_PLACE_STATS placement=0 max_queue=428 same_worker_edges=11587 cross_worker_edges=2150529 base_rotation=0 plan=eft
E2E_TIMING cold=0 warmup=5 repeat=11 statistic=median reset=outside_timing
E2E_RESOURCE block=128 reg=94 smem=16384 task_smem=16384 occupancy_smem=16384 static_smem=0 regs_per_sm=65536 smem_per_sm=102400 threads_per_sm=1536 gemm_union=12288 variant_count=1 ctas_per_sm=4 num_sms=128 grid=512 l1_reg=90 l05_reg=80 l1_ctas=5 l2_ctas=5 min_blocks=1 warp_size=32 resident_formula=ctas_per_sm*num_sms
E2E_SCHEDULE workers=512 variant_stages=243 task_refs=163672 task_ref_bytes=4582816 waits=323705 wait_bytes=2589640 raw_polls=694913 lifted_polls=371208 waiting_tasks=70160 normalization_dummies_lb=253545 max_span=13 generated_max_span=10 max_worker_span=511 resident_limit=512 global_fanin=1 i3_current=pass i3_overresident=reject max_worker_task_refs=428
E2E_TIME l05_ms=49.470463 l1_ms=49.510143 ratio=1.000802 l2_ms=41.125889 l2_over_l1=0.830656
E2E_DIFF l05_vs_l0_mismatch=147 max_abs=0.03125 max_rel=7812.5 l1_vs_l05_mismatch=0 max_abs=0 max_rel=0 l2_vs_l1_mismatch=0 max_abs=0 max_rel=0
E2E_OUTPUT_DIFF index=0 buffer=374 mismatch=146 max_abs=0.03125 max_rel=1719.2373
E2E_OUTPUT_DIFF index=1 buffer=25 mismatch=0 max_abs=0 max_rel=0
E2E_OUTPUT_DIFF index=2 buffer=26 mismatch=0 max_abs=1.9073486e-06 max_rel=0.007751938
E2E_OUTPUT_DIFF index=3 buffer=48 mismatch=0 max_abs=0.00390625 max_rel=0.22448979
E2E_OUTPUT_DIFF index=4 buffer=49 mismatch=0 max_abs=0.001953125 max_rel=1.2048781
E2E_OUTPUT_DIFF index=5 buffer=71 mismatch=0 max_abs=0.015625 max_rel=0.67058825
E2E_OUTPUT_DIFF index=6 buffer=72 mismatch=0 max_abs=0.0078125 max_rel=1.5560166
E2E_OUTPUT_DIFF index=7 buffer=94 mismatch=0 max_abs=0.01171875 max_rel=2.125
E2E_OUTPUT_DIFF index=8 buffer=95 mismatch=0 max_abs=0.0078125 max_rel=1.3429753
E2E_OUTPUT_DIFF index=9 buffer=117 mismatch=0 max_abs=0.015625 max_rel=976.5625
E2E_OUTPUT_DIFF index=10 buffer=118 mismatch=0 max_abs=0.0078125 max_rel=3.3293173
E2E_OUTPUT_DIFF index=11 buffer=140 mismatch=0 max_abs=0.0078125 max_rel=2.5
E2E_OUTPUT_DIFF index=12 buffer=141 mismatch=0 max_abs=0.01171875 max_rel=1.08
E2E_OUTPUT_DIFF index=13 buffer=163 mismatch=0 max_abs=0.015625 max_rel=7812.5
E2E_OUTPUT_DIFF index=14 buffer=164 mismatch=0 max_abs=0.01171875 max_rel=2.0512822
E2E_OUTPUT_DIFF index=15 buffer=186 mismatch=0 max_abs=0.01171875 max_rel=3.7857144
E2E_OUTPUT_DIFF index=16 buffer=187 mismatch=0 max_abs=0.015625 max_rel=12.406451
E2E_OUTPUT_DIFF index=17 buffer=209 mismatch=0 max_abs=0.015625 max_rel=1953.125
E2E_OUTPUT_DIFF index=18 buffer=210 mismatch=0 max_abs=0.015625 max_rel=11.743362
E2E_OUTPUT_DIFF index=19 buffer=232 mismatch=0 max_abs=0.015625 max_rel=81.5
E2E_OUTPUT_DIFF index=20 buffer=233 mismatch=0 max_abs=0.012695312 max_rel=12.227723
E2E_OUTPUT_DIFF index=21 buffer=255 mismatch=0 max_abs=0.015625 max_rel=3906.25
E2E_OUTPUT_DIFF index=22 buffer=256 mismatch=0 max_abs=0.015625 max_rel=11.928104
E2E_OUTPUT_DIFF index=23 buffer=278 mismatch=0 max_abs=0.01953125 max_rel=11.481012
E2E_OUTPUT_DIFF index=24 buffer=279 mismatch=0 max_abs=0.015625 max_rel=4.7095437
E2E_OUTPUT_DIFF index=25 buffer=301 mismatch=1 max_abs=0.017150879 max_rel=20.074511
E2E_OUTPUT_DIFF index=26 buffer=302 mismatch=0 max_abs=0.017578125 max_rel=13.928572
E2E_OUTPUT_DIFF index=27 buffer=324 mismatch=0 max_abs=0.01953125 max_rel=976.5625
E2E_OUTPUT_DIFF index=28 buffer=325 mismatch=0 max_abs=0.016601562 max_rel=10.014493
E2E_OUTPUT_DIFF index=29 buffer=347 mismatch=0 max_abs=0.01953125 max_rel=2.5789473
E2E_OUTPUT_DIFF index=30 buffer=348 mismatch=0 max_abs=0.015625 max_rel=7.8951049
E2E_OUTPUT_DIFF index=31 buffer=370 mismatch=0 max_abs=0.015625 max_rel=86.192055
E2E_OUTPUT_DIFF index=32 buffer=371 mismatch=0 max_abs=0.015625 max_rel=13.721312
E2E_HASH l05=735ddfc6d445292e l1=735ddfc6d445292e l2=735ddfc6d445292e
E2E_ITER l2_iter1_ms=41.119839 l2_iter1_vs_iter0_mismatch=0 max_abs=0
E2E_KAPPA event_kappa=1 dependency_table=variant_exact
E2E_VARIANT index=0 seq_begin=1 seq_end=4
RESULT status=MISMATCH
