producer	consumer	direction	oracle	coordinate	expected	actual	equal
0	1	0	Unique	0	1	1	1
0	1	0	Unique	8	1	1	1
0	1	0	Unique	15	1	1	1
0	1	1	Unique	0	1	1	1
0	1	1	Unique	8	1	1	1
0	1	1	Unique	15	1	1	1
1	2	0	General	0	512	512	1
1	2	0	General	8	512	512	1
1	2	0	General	15	512	512	1
1	2	1	General	0	16	16	1
1	2	1	General	256	16	16	1
1	2	1	General	511	16	16	1
2	3	0	Unique	0	1	1	1
2	3	0	Unique	256	1	1	1
2	3	0	Unique	511	1	1	1
2	3	1	General	0	4	4	1
2	3	1	General	64	4	4	1
2	3	1	General	127	4	4	1
1	4	0	General	0	128	128	1
1	4	0	General	8	128	128	1
1	4	0	General	15	128	128	1
1	4	1	General	0	16	16	1
1	4	1	General	64	16	16	1
1	4	1	General	127	16	16	1
4	5	0	Unique	0	1	1	1
4	5	0	Unique	64	1	1	1
4	5	0	Unique	127	1	1	1
4	5	1	General	0	4	4	1
4	5	1	General	16	4	4	1
4	5	1	General	31	4	4	1
1	6	0	General	0	128	128	1
1	6	0	General	8	128	128	1
1	6	0	General	15	128	128	1
1	6	1	General	0	16	16	1
1	6	1	General	64	16	16	1
1	6	1	General	127	16	16	1
6	7	0	Unique	0	1	1	1
6	7	0	Unique	64	1	1	1
6	7	0	Unique	127	1	1	1
6	7	1	General	0	4	4	1
6	7	1	General	16	4	4	1
6	7	1	General	31	4	4	1
3	8	0	General	0	16	16	1
3	8	0	General	64	16	16	1
3	8	0	General	127	16	16	1
3	8	1	General	0	4	4	1
3	8	1	General	256	4	4	1
3	8	1	General	511	4	4	1
5	9	0	General	0	16	16	1
5	9	0	General	16	16	16	1
5	9	0	General	31	16	16	1
5	9	1	General	0	4	4	1
5	9	1	General	64	4	4	1
5	9	1	General	127	4	4	1
9	10	0	Unique	0	1	1	1
9	10	0	Unique	64	1	1	1
9	10	0	Unique	127	1	1	1
9	10	1	Unique	0	1	1	1
9	10	1	Unique	64	1	1	1
9	10	1	Unique	127	1	1	1
7	11	0	General	0	16	16	1
7	11	0	General	16	16	16	1
7	11	0	General	31	16	16	1
7	11	1	General	0	4	4	1
7	11	1	General	64	4	4	1
7	11	1	General	127	4	4	1
8	12	0	Unique	0	1	1	1
8	12	0	Unique	256	1	1	1
8	12	0	Unique	511	1	1	1
8	12	1	Unique	0	1	1	1
8	12	1	Unique	256	1	1	1
8	12	1	Unique	511	1	1	1
10	12	0	General	0	64	64	1
10	12	0	General	64	64	64	1
10	12	0	General	127	64	64	1
10	12	1	General	0	16	16	1
10	12	1	General	256	16	16	1
10	12	1	General	511	16	16	1
11	12	0	General	0	64	64	1
11	12	0	General	64	64	64	1
11	12	0	General	127	64	64	1
11	12	1	General	0	16	16	1
11	12	1	General	256	16	16	1
11	12	1	General	511	16	16	1
12	13	0	General	0	128	128	1
12	13	0	General	256	128	128	1
12	13	0	General	511	128	128	1
12	13	1	General	0	128	128	1
12	13	1	General	256	128	128	1
12	13	1	General	511	128	128	1
0	14	0	General	0	128	128	1
0	14	0	General	8	128	128	1
0	14	0	General	15	128	128	1
0	14	1	General	0	16	16	1
0	14	1	General	64	16	16	1
0	14	1	General	127	16	16	1
13	14	0	Unique	0	1	1	1
13	14	0	Unique	256	1	1	1
13	14	0	Unique	511	1	1	1
13	14	1	General	0	4	4	1
13	14	1	General	64	4	4	1
13	14	1	General	127	4	4	1
14	15	0	General	0	16	16	1
14	15	0	General	64	16	16	1
14	15	0	General	127	16	16	1
14	15	1	General	0	128	128	1
14	15	1	General	8	128	128	1
14	15	1	General	15	128	128	1
15	16	0	General	0	2048	2048	1
15	16	0	General	8	2048	2048	1
15	16	0	General	15	2048	2048	1
15	16	1	General	0	16	16	1
15	16	1	General	1024	16	16	1
15	16	1	General	2047	16	16	1
16	17	0	Unique	0	1	1	1
16	17	0	Unique	1024	1	1	1
16	17	0	Unique	2047	1	1	1
16	17	1	General	0	4	4	1
16	17	1	General	256	4	4	1
16	17	1	General	511	4	4	1
15	18	0	General	0	2048	2048	1
15	18	0	General	8	2048	2048	1
15	18	0	General	15	2048	2048	1
15	18	1	General	0	16	16	1
15	18	1	General	1024	16	16	1
15	18	1	General	2047	16	16	1
18	19	0	Unique	0	1	1	1
18	19	0	Unique	1024	1	1	1
18	19	0	Unique	2047	1	1	1
18	19	1	General	0	4	4	1
18	19	1	General	256	4	4	1
18	19	1	General	511	4	4	1
17	20	0	General	0	16	16	1
17	20	0	General	256	16	16	1
17	20	0	General	511	16	16	1
17	20	1	General	0	512	512	1
17	20	1	General	8	512	512	1
17	20	1	General	15	512	512	1
19	20	0	General	0	16	16	1
19	20	0	General	256	16	16	1
19	20	0	General	511	16	16	1
19	20	1	General	0	512	512	1
19	20	1	General	8	512	512	1
19	20	1	General	15	512	512	1
20	21	0	General	0	512	512	1
20	21	0	General	8	512	512	1
20	21	0	General	15	512	512	1
20	21	1	General	0	16	16	1
20	21	1	General	256	16	16	1
20	21	1	General	511	16	16	1
14	22	0	Unique	0	1	1	1
14	22	0	Unique	64	1	1	1
14	22	0	Unique	127	1	1	1
14	22	1	Unique	0	1	1	1
14	22	1	Unique	64	1	1	1
14	22	1	Unique	127	1	1	1
21	22	0	Unique	0	1	1	1
21	22	0	Unique	256	1	1	1
21	22	0	Unique	511	1	1	1
21	22	1	General	0	4	4	1
21	22	1	General	64	4	4	1
21	22	1	General	127	4	4	1
22	23	0	General	0	16	16	1
22	23	0	General	64	16	16	1
22	23	0	General	127	16	16	1
22	23	1	General	0	128	128	1
22	23	1	General	8	128	128	1
22	23	1	General	15	128	128	1
23	24	0	General	0	512	512	1
23	24	0	General	8	512	512	1
23	24	0	General	15	512	512	1
23	24	1	General	0	16	16	1
23	24	1	General	256	16	16	1
23	24	1	General	511	16	16	1
24	25	0	Unique	0	1	1	1
24	25	0	Unique	256	1	1	1
24	25	0	Unique	511	1	1	1
24	25	1	General	0	4	4	1
24	25	1	General	64	4	4	1
24	25	1	General	127	4	4	1
23	26	0	General	0	128	128	1
23	26	0	General	8	128	128	1
23	26	0	General	15	128	128	1
23	26	1	General	0	16	16	1
23	26	1	General	64	16	16	1
23	26	1	General	127	16	16	1
26	27	0	Unique	0	1	1	1
26	27	0	Unique	64	1	1	1
26	27	0	Unique	127	1	1	1
26	27	1	General	0	4	4	1
26	27	1	General	16	4	4	1
26	27	1	General	31	4	4	1
23	28	0	General	0	128	128	1
23	28	0	General	8	128	128	1
23	28	0	General	15	128	128	1
23	28	1	General	0	16	16	1
23	28	1	General	64	16	16	1
23	28	1	General	127	16	16	1
28	29	0	Unique	0	1	1	1
28	29	0	Unique	64	1	1	1
28	29	0	Unique	127	1	1	1
28	29	1	General	0	4	4	1
28	29	1	General	16	4	4	1
28	29	1	General	31	4	4	1
25	30	0	General	0	16	16	1
25	30	0	General	64	16	16	1
25	30	0	General	127	16	16	1
25	30	1	General	0	4	4	1
25	30	1	General	256	4	4	1
25	30	1	General	511	4	4	1
27	31	0	General	0	16	16	1
27	31	0	General	16	16	16	1
27	31	0	General	31	16	16	1
27	31	1	General	0	4	4	1
27	31	1	General	64	4	4	1
27	31	1	General	127	4	4	1
31	32	0	Unique	0	1	1	1
31	32	0	Unique	64	1	1	1
31	32	0	Unique	127	1	1	1
31	32	1	Unique	0	1	1	1
31	32	1	Unique	64	1	1	1
31	32	1	Unique	127	1	1	1
29	33	0	General	0	16	16	1
29	33	0	General	16	16	16	1
29	33	0	General	31	16	16	1
29	33	1	General	0	4	4	1
29	33	1	General	64	4	4	1
29	33	1	General	127	4	4	1
30	34	0	Unique	0	1	1	1
30	34	0	Unique	256	1	1	1
30	34	0	Unique	511	1	1	1
30	34	1	Unique	0	1	1	1
30	34	1	Unique	256	1	1	1
30	34	1	Unique	511	1	1	1
32	34	0	General	0	64	64	1
32	34	0	General	64	64	64	1
32	34	0	General	127	64	64	1
32	34	1	General	0	16	16	1
32	34	1	General	256	16	16	1
32	34	1	General	511	16	16	1
33	34	0	General	0	64	64	1
33	34	0	General	64	64	64	1
33	34	0	General	127	64	64	1
33	34	1	General	0	16	16	1
33	34	1	General	256	16	16	1
33	34	1	General	511	16	16	1
34	35	0	General	0	128	128	1
34	35	0	General	256	128	128	1
34	35	0	General	511	128	128	1
34	35	1	General	0	128	128	1
34	35	1	General	256	128	128	1
34	35	1	General	511	128	128	1
22	36	0	Unique	0	1	1	1
22	36	0	Unique	64	1	1	1
22	36	0	Unique	127	1	1	1
22	36	1	Unique	0	1	1	1
22	36	1	Unique	64	1	1	1
22	36	1	Unique	127	1	1	1
35	36	0	Unique	0	1	1	1
35	36	0	Unique	256	1	1	1
35	36	0	Unique	511	1	1	1
35	36	1	General	0	4	4	1
35	36	1	General	64	4	4	1
35	36	1	General	127	4	4	1
36	37	0	General	0	16	16	1
36	37	0	General	64	16	16	1
36	37	0	General	127	16	16	1
36	37	1	General	0	128	128	1
36	37	1	General	8	128	128	1
36	37	1	General	15	128	128	1
37	38	0	General	0	2048	2048	1
37	38	0	General	8	2048	2048	1
37	38	0	General	15	2048	2048	1
37	38	1	General	0	16	16	1
37	38	1	General	1024	16	16	1
37	38	1	General	2047	16	16	1
38	39	0	Unique	0	1	1	1
38	39	0	Unique	1024	1	1	1
38	39	0	Unique	2047	1	1	1
38	39	1	General	0	4	4	1
38	39	1	General	256	4	4	1
38	39	1	General	511	4	4	1
37	40	0	General	0	2048	2048	1
37	40	0	General	8	2048	2048	1
37	40	0	General	15	2048	2048	1
37	40	1	General	0	16	16	1
37	40	1	General	1024	16	16	1
37	40	1	General	2047	16	16	1
40	41	0	Unique	0	1	1	1
40	41	0	Unique	1024	1	1	1
40	41	0	Unique	2047	1	1	1
40	41	1	General	0	4	4	1
40	41	1	General	256	4	4	1
40	41	1	General	511	4	4	1
39	42	0	General	0	16	16	1
39	42	0	General	256	16	16	1
39	42	0	General	511	16	16	1
39	42	1	General	0	512	512	1
39	42	1	General	8	512	512	1
39	42	1	General	15	512	512	1
41	42	0	General	0	16	16	1
41	42	0	General	256	16	16	1
41	42	0	General	511	16	16	1
41	42	1	General	0	512	512	1
41	42	1	General	8	512	512	1
41	42	1	General	15	512	512	1
42	43	0	General	0	512	512	1
42	43	0	General	8	512	512	1
42	43	0	General	15	512	512	1
42	43	1	General	0	16	16	1
42	43	1	General	256	16	16	1
42	43	1	General	511	16	16	1
36	44	0	Unique	0	1	1	1
36	44	0	Unique	64	1	1	1
36	44	0	Unique	127	1	1	1
36	44	1	Unique	0	1	1	1
36	44	1	Unique	64	1	1	1
36	44	1	Unique	127	1	1	1
43	44	0	Unique	0	1	1	1
43	44	0	Unique	256	1	1	1
43	44	0	Unique	511	1	1	1
43	44	1	General	0	4	4	1
43	44	1	General	64	4	4	1
43	44	1	General	127	4	4	1
44	45	0	General	0	16	16	1
44	45	0	General	64	16	16	1
44	45	0	General	127	16	16	1
44	45	1	General	0	128	128	1
44	45	1	General	8	128	128	1
44	45	1	General	15	128	128	1
45	46	0	General	0	512	512	1
45	46	0	General	8	512	512	1
45	46	0	General	15	512	512	1
45	46	1	General	0	16	16	1
45	46	1	General	256	16	16	1
45	46	1	General	511	16	16	1
46	47	0	Unique	0	1	1	1
46	47	0	Unique	256	1	1	1
46	47	0	Unique	511	1	1	1
46	47	1	General	0	4	4	1
46	47	1	General	64	4	4	1
46	47	1	General	127	4	4	1
45	48	0	General	0	128	128	1
45	48	0	General	8	128	128	1
45	48	0	General	15	128	128	1
45	48	1	General	0	16	16	1
45	48	1	General	64	16	16	1
45	48	1	General	127	16	16	1
48	49	0	Unique	0	1	1	1
48	49	0	Unique	64	1	1	1
48	49	0	Unique	127	1	1	1
48	49	1	General	0	4	4	1
48	49	1	General	16	4	4	1
48	49	1	General	31	4	4	1
45	50	0	General	0	128	128	1
45	50	0	General	8	128	128	1
45	50	0	General	15	128	128	1
45	50	1	General	0	16	16	1
45	50	1	General	64	16	16	1
45	50	1	General	127	16	16	1
50	51	0	Unique	0	1	1	1
50	51	0	Unique	64	1	1	1
50	51	0	Unique	127	1	1	1
50	51	1	General	0	4	4	1
50	51	1	General	16	4	4	1
50	51	1	General	31	4	4	1
47	52	0	General	0	16	16	1
47	52	0	General	64	16	16	1
47	52	0	General	127	16	16	1
47	52	1	General	0	4	4	1
47	52	1	General	256	4	4	1
47	52	1	General	511	4	4	1
49	53	0	General	0	16	16	1
49	53	0	General	16	16	16	1
49	53	0	General	31	16	16	1
49	53	1	General	0	4	4	1
49	53	1	General	64	4	4	1
49	53	1	General	127	4	4	1
53	54	0	Unique	0	1	1	1
53	54	0	Unique	64	1	1	1
53	54	0	Unique	127	1	1	1
53	54	1	Unique	0	1	1	1
53	54	1	Unique	64	1	1	1
53	54	1	Unique	127	1	1	1
51	55	0	General	0	16	16	1
51	55	0	General	16	16	16	1
51	55	0	General	31	16	16	1
51	55	1	General	0	4	4	1
51	55	1	General	64	4	4	1
51	55	1	General	127	4	4	1
52	56	0	Unique	0	1	1	1
52	56	0	Unique	256	1	1	1
52	56	0	Unique	511	1	1	1
52	56	1	Unique	0	1	1	1
52	56	1	Unique	256	1	1	1
52	56	1	Unique	511	1	1	1
54	56	0	General	0	64	64	1
54	56	0	General	64	64	64	1
54	56	0	General	127	64	64	1
54	56	1	General	0	16	16	1
54	56	1	General	256	16	16	1
54	56	1	General	511	16	16	1
55	56	0	General	0	64	64	1
55	56	0	General	64	64	64	1
55	56	0	General	127	64	64	1
55	56	1	General	0	16	16	1
55	56	1	General	256	16	16	1
55	56	1	General	511	16	16	1
56	57	0	General	0	128	128	1
56	57	0	General	256	128	128	1
56	57	0	General	511	128	128	1
56	57	1	General	0	128	128	1
56	57	1	General	256	128	128	1
56	57	1	General	511	128	128	1
44	58	0	Unique	0	1	1	1
44	58	0	Unique	64	1	1	1
44	58	0	Unique	127	1	1	1
44	58	1	Unique	0	1	1	1
44	58	1	Unique	64	1	1	1
44	58	1	Unique	127	1	1	1
57	58	0	Unique	0	1	1	1
57	58	0	Unique	256	1	1	1
57	58	0	Unique	511	1	1	1
57	58	1	General	0	4	4	1
57	58	1	General	64	4	4	1
57	58	1	General	127	4	4	1
58	59	0	General	0	16	16	1
58	59	0	General	64	16	16	1
58	59	0	General	127	16	16	1
58	59	1	General	0	128	128	1
58	59	1	General	8	128	128	1
58	59	1	General	15	128	128	1
59	60	0	General	0	2048	2048	1
59	60	0	General	8	2048	2048	1
59	60	0	General	15	2048	2048	1
59	60	1	General	0	16	16	1
59	60	1	General	1024	16	16	1
59	60	1	General	2047	16	16	1
60	61	0	Unique	0	1	1	1
60	61	0	Unique	1024	1	1	1
60	61	0	Unique	2047	1	1	1
60	61	1	General	0	4	4	1
60	61	1	General	256	4	4	1
60	61	1	General	511	4	4	1
59	62	0	General	0	2048	2048	1
59	62	0	General	8	2048	2048	1
59	62	0	General	15	2048	2048	1
59	62	1	General	0	16	16	1
59	62	1	General	1024	16	16	1
59	62	1	General	2047	16	16	1
62	63	0	Unique	0	1	1	1
62	63	0	Unique	1024	1	1	1
62	63	0	Unique	2047	1	1	1
62	63	1	General	0	4	4	1
62	63	1	General	256	4	4	1
62	63	1	General	511	4	4	1
61	64	0	General	0	16	16	1
61	64	0	General	256	16	16	1
61	64	0	General	511	16	16	1
61	64	1	General	0	512	512	1
61	64	1	General	8	512	512	1
61	64	1	General	15	512	512	1
63	64	0	General	0	16	16	1
63	64	0	General	256	16	16	1
63	64	0	General	511	16	16	1
63	64	1	General	0	512	512	1
63	64	1	General	8	512	512	1
63	64	1	General	15	512	512	1
64	65	0	General	0	512	512	1
64	65	0	General	8	512	512	1
64	65	0	General	15	512	512	1
64	65	1	General	0	16	16	1
64	65	1	General	256	16	16	1
64	65	1	General	511	16	16	1
58	66	0	Unique	0	1	1	1
58	66	0	Unique	64	1	1	1
58	66	0	Unique	127	1	1	1
58	66	1	Unique	0	1	1	1
58	66	1	Unique	64	1	1	1
58	66	1	Unique	127	1	1	1
65	66	0	Unique	0	1	1	1
65	66	0	Unique	256	1	1	1
65	66	0	Unique	511	1	1	1
65	66	1	General	0	4	4	1
65	66	1	General	64	4	4	1
65	66	1	General	127	4	4	1
66	67	0	General	0	16	16	1
66	67	0	General	64	16	16	1
66	67	0	General	127	16	16	1
66	67	1	General	0	128	128	1
66	67	1	General	8	128	128	1
66	67	1	General	15	128	128	1
67	68	0	General	0	512	512	1
67	68	0	General	8	512	512	1
67	68	0	General	15	512	512	1
67	68	1	General	0	16	16	1
67	68	1	General	256	16	16	1
67	68	1	General	511	16	16	1
68	69	0	Unique	0	1	1	1
68	69	0	Unique	256	1	1	1
68	69	0	Unique	511	1	1	1
68	69	1	General	0	4	4	1
68	69	1	General	64	4	4	1
68	69	1	General	127	4	4	1
67	70	0	General	0	128	128	1
67	70	0	General	8	128	128	1
67	70	0	General	15	128	128	1
67	70	1	General	0	16	16	1
67	70	1	General	64	16	16	1
67	70	1	General	127	16	16	1
70	71	0	Unique	0	1	1	1
70	71	0	Unique	64	1	1	1
70	71	0	Unique	127	1	1	1
70	71	1	General	0	4	4	1
70	71	1	General	16	4	4	1
70	71	1	General	31	4	4	1
67	72	0	General	0	128	128	1
67	72	0	General	8	128	128	1
67	72	0	General	15	128	128	1
67	72	1	General	0	16	16	1
67	72	1	General	64	16	16	1
67	72	1	General	127	16	16	1
72	73	0	Unique	0	1	1	1
72	73	0	Unique	64	1	1	1
72	73	0	Unique	127	1	1	1
72	73	1	General	0	4	4	1
72	73	1	General	16	4	4	1
72	73	1	General	31	4	4	1
69	74	0	General	0	16	16	1
69	74	0	General	64	16	16	1
69	74	0	General	127	16	16	1
69	74	1	General	0	4	4	1
69	74	1	General	256	4	4	1
69	74	1	General	511	4	4	1
71	75	0	General	0	16	16	1
71	75	0	General	16	16	16	1
71	75	0	General	31	16	16	1
71	75	1	General	0	4	4	1
71	75	1	General	64	4	4	1
71	75	1	General	127	4	4	1
75	76	0	Unique	0	1	1	1
75	76	0	Unique	64	1	1	1
75	76	0	Unique	127	1	1	1
75	76	1	Unique	0	1	1	1
75	76	1	Unique	64	1	1	1
75	76	1	Unique	127	1	1	1
73	77	0	General	0	16	16	1
73	77	0	General	16	16	16	1
73	77	0	General	31	16	16	1
73	77	1	General	0	4	4	1
73	77	1	General	64	4	4	1
73	77	1	General	127	4	4	1
74	78	0	Unique	0	1	1	1
74	78	0	Unique	256	1	1	1
74	78	0	Unique	511	1	1	1
74	78	1	Unique	0	1	1	1
74	78	1	Unique	256	1	1	1
74	78	1	Unique	511	1	1	1
76	78	0	General	0	64	64	1
76	78	0	General	64	64	64	1
76	78	0	General	127	64	64	1
76	78	1	General	0	16	16	1
76	78	1	General	256	16	16	1
76	78	1	General	511	16	16	1
77	78	0	General	0	64	64	1
77	78	0	General	64	64	64	1
77	78	0	General	127	64	64	1
77	78	1	General	0	16	16	1
77	78	1	General	256	16	16	1
77	78	1	General	511	16	16	1
78	79	0	General	0	128	128	1
78	79	0	General	256	128	128	1
78	79	0	General	511	128	128	1
78	79	1	General	0	128	128	1
78	79	1	General	256	128	128	1
78	79	1	General	511	128	128	1
66	80	0	Unique	0	1	1	1
66	80	0	Unique	64	1	1	1
66	80	0	Unique	127	1	1	1
66	80	1	Unique	0	1	1	1
66	80	1	Unique	64	1	1	1
66	80	1	Unique	127	1	1	1
79	80	0	Unique	0	1	1	1
79	80	0	Unique	256	1	1	1
79	80	0	Unique	511	1	1	1
79	80	1	General	0	4	4	1
79	80	1	General	64	4	4	1
79	80	1	General	127	4	4	1
80	81	0	General	0	16	16	1
80	81	0	General	64	16	16	1
80	81	0	General	127	16	16	1
80	81	1	General	0	128	128	1
80	81	1	General	8	128	128	1
80	81	1	General	15	128	128	1
81	82	0	General	0	2048	2048	1
81	82	0	General	8	2048	2048	1
81	82	0	General	15	2048	2048	1
81	82	1	General	0	16	16	1
81	82	1	General	1024	16	16	1
81	82	1	General	2047	16	16	1
82	83	0	Unique	0	1	1	1
82	83	0	Unique	1024	1	1	1
82	83	0	Unique	2047	1	1	1
82	83	1	General	0	4	4	1
82	83	1	General	256	4	4	1
82	83	1	General	511	4	4	1
81	84	0	General	0	2048	2048	1
81	84	0	General	8	2048	2048	1
81	84	0	General	15	2048	2048	1
81	84	1	General	0	16	16	1
81	84	1	General	1024	16	16	1
81	84	1	General	2047	16	16	1
84	85	0	Unique	0	1	1	1
84	85	0	Unique	1024	1	1	1
84	85	0	Unique	2047	1	1	1
84	85	1	General	0	4	4	1
84	85	1	General	256	4	4	1
84	85	1	General	511	4	4	1
83	86	0	General	0	16	16	1
83	86	0	General	256	16	16	1
83	86	0	General	511	16	16	1
83	86	1	General	0	512	512	1
83	86	1	General	8	512	512	1
83	86	1	General	15	512	512	1
85	86	0	General	0	16	16	1
85	86	0	General	256	16	16	1
85	86	0	General	511	16	16	1
85	86	1	General	0	512	512	1
85	86	1	General	8	512	512	1
85	86	1	General	15	512	512	1
86	87	0	General	0	512	512	1
86	87	0	General	8	512	512	1
86	87	0	General	15	512	512	1
86	87	1	General	0	16	16	1
86	87	1	General	256	16	16	1
86	87	1	General	511	16	16	1
80	88	0	Unique	0	1	1	1
80	88	0	Unique	64	1	1	1
80	88	0	Unique	127	1	1	1
80	88	1	Unique	0	1	1	1
80	88	1	Unique	64	1	1	1
80	88	1	Unique	127	1	1	1
87	88	0	Unique	0	1	1	1
87	88	0	Unique	256	1	1	1
87	88	0	Unique	511	1	1	1
87	88	1	General	0	4	4	1
87	88	1	General	64	4	4	1
87	88	1	General	127	4	4	1
88	89	0	General	0	16	16	1
88	89	0	General	64	16	16	1
88	89	0	General	127	16	16	1
88	89	1	General	0	128	128	1
88	89	1	General	8	128	128	1
88	89	1	General	15	128	128	1
89	90	0	General	0	512	512	1
89	90	0	General	8	512	512	1
89	90	0	General	15	512	512	1
89	90	1	General	0	16	16	1
89	90	1	General	256	16	16	1
89	90	1	General	511	16	16	1
90	91	0	Unique	0	1	1	1
90	91	0	Unique	256	1	1	1
90	91	0	Unique	511	1	1	1
90	91	1	General	0	4	4	1
90	91	1	General	64	4	4	1
90	91	1	General	127	4	4	1
89	92	0	General	0	128	128	1
89	92	0	General	8	128	128	1
89	92	0	General	15	128	128	1
89	92	1	General	0	16	16	1
89	92	1	General	64	16	16	1
89	92	1	General	127	16	16	1
92	93	0	Unique	0	1	1	1
92	93	0	Unique	64	1	1	1
92	93	0	Unique	127	1	1	1
92	93	1	General	0	4	4	1
92	93	1	General	16	4	4	1
92	93	1	General	31	4	4	1
89	94	0	General	0	128	128	1
89	94	0	General	8	128	128	1
89	94	0	General	15	128	128	1
89	94	1	General	0	16	16	1
89	94	1	General	64	16	16	1
89	94	1	General	127	16	16	1
94	95	0	Unique	0	1	1	1
94	95	0	Unique	64	1	1	1
94	95	0	Unique	127	1	1	1
94	95	1	General	0	4	4	1
94	95	1	General	16	4	4	1
94	95	1	General	31	4	4	1
91	96	0	General	0	16	16	1
91	96	0	General	64	16	16	1
91	96	0	General	127	16	16	1
91	96	1	General	0	4	4	1
91	96	1	General	256	4	4	1
91	96	1	General	511	4	4	1
93	97	0	General	0	16	16	1
93	97	0	General	16	16	16	1
93	97	0	General	31	16	16	1
93	97	1	General	0	4	4	1
93	97	1	General	64	4	4	1
93	97	1	General	127	4	4	1
97	98	0	Unique	0	1	1	1
97	98	0	Unique	64	1	1	1
97	98	0	Unique	127	1	1	1
97	98	1	Unique	0	1	1	1
97	98	1	Unique	64	1	1	1
97	98	1	Unique	127	1	1	1
95	99	0	General	0	16	16	1
95	99	0	General	16	16	16	1
95	99	0	General	31	16	16	1
95	99	1	General	0	4	4	1
95	99	1	General	64	4	4	1
95	99	1	General	127	4	4	1
96	100	0	Unique	0	1	1	1
96	100	0	Unique	256	1	1	1
96	100	0	Unique	511	1	1	1
96	100	1	Unique	0	1	1	1
96	100	1	Unique	256	1	1	1
96	100	1	Unique	511	1	1	1
98	100	0	General	0	64	64	1
98	100	0	General	64	64	64	1
98	100	0	General	127	64	64	1
98	100	1	General	0	16	16	1
98	100	1	General	256	16	16	1
98	100	1	General	511	16	16	1
99	100	0	General	0	64	64	1
99	100	0	General	64	64	64	1
99	100	0	General	127	64	64	1
99	100	1	General	0	16	16	1
99	100	1	General	256	16	16	1
99	100	1	General	511	16	16	1
100	101	0	General	0	128	128	1
100	101	0	General	256	128	128	1
100	101	0	General	511	128	128	1
100	101	1	General	0	128	128	1
100	101	1	General	256	128	128	1
100	101	1	General	511	128	128	1
88	102	0	Unique	0	1	1	1
88	102	0	Unique	64	1	1	1
88	102	0	Unique	127	1	1	1
88	102	1	Unique	0	1	1	1
88	102	1	Unique	64	1	1	1
88	102	1	Unique	127	1	1	1
101	102	0	Unique	0	1	1	1
101	102	0	Unique	256	1	1	1
101	102	0	Unique	511	1	1	1
101	102	1	General	0	4	4	1
101	102	1	General	64	4	4	1
101	102	1	General	127	4	4	1
102	103	0	General	0	16	16	1
102	103	0	General	64	16	16	1
102	103	0	General	127	16	16	1
102	103	1	General	0	128	128	1
102	103	1	General	8	128	128	1
102	103	1	General	15	128	128	1
103	104	0	General	0	2048	2048	1
103	104	0	General	8	2048	2048	1
103	104	0	General	15	2048	2048	1
103	104	1	General	0	16	16	1
103	104	1	General	1024	16	16	1
103	104	1	General	2047	16	16	1
104	105	0	Unique	0	1	1	1
104	105	0	Unique	1024	1	1	1
104	105	0	Unique	2047	1	1	1
104	105	1	General	0	4	4	1
104	105	1	General	256	4	4	1
104	105	1	General	511	4	4	1
103	106	0	General	0	2048	2048	1
103	106	0	General	8	2048	2048	1
103	106	0	General	15	2048	2048	1
103	106	1	General	0	16	16	1
103	106	1	General	1024	16	16	1
103	106	1	General	2047	16	16	1
106	107	0	Unique	0	1	1	1
106	107	0	Unique	1024	1	1	1
106	107	0	Unique	2047	1	1	1
106	107	1	General	0	4	4	1
106	107	1	General	256	4	4	1
106	107	1	General	511	4	4	1
105	108	0	General	0	16	16	1
105	108	0	General	256	16	16	1
105	108	0	General	511	16	16	1
105	108	1	General	0	512	512	1
105	108	1	General	8	512	512	1
105	108	1	General	15	512	512	1
107	108	0	General	0	16	16	1
107	108	0	General	256	16	16	1
107	108	0	General	511	16	16	1
107	108	1	General	0	512	512	1
107	108	1	General	8	512	512	1
107	108	1	General	15	512	512	1
108	109	0	General	0	512	512	1
108	109	0	General	8	512	512	1
108	109	0	General	15	512	512	1
108	109	1	General	0	16	16	1
108	109	1	General	256	16	16	1
108	109	1	General	511	16	16	1
102	110	0	Unique	0	1	1	1
102	110	0	Unique	64	1	1	1
102	110	0	Unique	127	1	1	1
102	110	1	Unique	0	1	1	1
102	110	1	Unique	64	1	1	1
102	110	1	Unique	127	1	1	1
109	110	0	Unique	0	1	1	1
109	110	0	Unique	256	1	1	1
109	110	0	Unique	511	1	1	1
109	110	1	General	0	4	4	1
109	110	1	General	64	4	4	1
109	110	1	General	127	4	4	1
110	111	0	General	0	16	16	1
110	111	0	General	64	16	16	1
110	111	0	General	127	16	16	1
110	111	1	General	0	128	128	1
110	111	1	General	8	128	128	1
110	111	1	General	15	128	128	1
111	112	0	General	0	512	512	1
111	112	0	General	8	512	512	1
111	112	0	General	15	512	512	1
111	112	1	General	0	16	16	1
111	112	1	General	256	16	16	1
111	112	1	General	511	16	16	1
112	113	0	Unique	0	1	1	1
112	113	0	Unique	256	1	1	1
112	113	0	Unique	511	1	1	1
112	113	1	General	0	4	4	1
112	113	1	General	64	4	4	1
112	113	1	General	127	4	4	1
111	114	0	General	0	128	128	1
111	114	0	General	8	128	128	1
111	114	0	General	15	128	128	1
111	114	1	General	0	16	16	1
111	114	1	General	64	16	16	1
111	114	1	General	127	16	16	1
114	115	0	Unique	0	1	1	1
114	115	0	Unique	64	1	1	1
114	115	0	Unique	127	1	1	1
114	115	1	General	0	4	4	1
114	115	1	General	16	4	4	1
114	115	1	General	31	4	4	1
111	116	0	General	0	128	128	1
111	116	0	General	8	128	128	1
111	116	0	General	15	128	128	1
111	116	1	General	0	16	16	1
111	116	1	General	64	16	16	1
111	116	1	General	127	16	16	1
116	117	0	Unique	0	1	1	1
116	117	0	Unique	64	1	1	1
116	117	0	Unique	127	1	1	1
116	117	1	General	0	4	4	1
116	117	1	General	16	4	4	1
116	117	1	General	31	4	4	1
113	118	0	General	0	16	16	1
113	118	0	General	64	16	16	1
113	118	0	General	127	16	16	1
113	118	1	General	0	4	4	1
113	118	1	General	256	4	4	1
113	118	1	General	511	4	4	1
115	119	0	General	0	16	16	1
115	119	0	General	16	16	16	1
115	119	0	General	31	16	16	1
115	119	1	General	0	4	4	1
115	119	1	General	64	4	4	1
115	119	1	General	127	4	4	1
119	120	0	Unique	0	1	1	1
119	120	0	Unique	64	1	1	1
119	120	0	Unique	127	1	1	1
119	120	1	Unique	0	1	1	1
119	120	1	Unique	64	1	1	1
119	120	1	Unique	127	1	1	1
117	121	0	General	0	16	16	1
117	121	0	General	16	16	16	1
117	121	0	General	31	16	16	1
117	121	1	General	0	4	4	1
117	121	1	General	64	4	4	1
117	121	1	General	127	4	4	1
118	122	0	Unique	0	1	1	1
118	122	0	Unique	256	1	1	1
118	122	0	Unique	511	1	1	1
118	122	1	Unique	0	1	1	1
118	122	1	Unique	256	1	1	1
118	122	1	Unique	511	1	1	1
120	122	0	General	0	64	64	1
120	122	0	General	64	64	64	1
120	122	0	General	127	64	64	1
120	122	1	General	0	16	16	1
120	122	1	General	256	16	16	1
120	122	1	General	511	16	16	1
121	122	0	General	0	64	64	1
121	122	0	General	64	64	64	1
121	122	0	General	127	64	64	1
121	122	1	General	0	16	16	1
121	122	1	General	256	16	16	1
121	122	1	General	511	16	16	1
122	123	0	General	0	128	128	1
122	123	0	General	256	128	128	1
122	123	0	General	511	128	128	1
122	123	1	General	0	128	128	1
122	123	1	General	256	128	128	1
122	123	1	General	511	128	128	1
110	124	0	Unique	0	1	1	1
110	124	0	Unique	64	1	1	1
110	124	0	Unique	127	1	1	1
110	124	1	Unique	0	1	1	1
110	124	1	Unique	64	1	1	1
110	124	1	Unique	127	1	1	1
123	124	0	Unique	0	1	1	1
123	124	0	Unique	256	1	1	1
123	124	0	Unique	511	1	1	1
123	124	1	General	0	4	4	1
123	124	1	General	64	4	4	1
123	124	1	General	127	4	4	1
124	125	0	General	0	16	16	1
124	125	0	General	64	16	16	1
124	125	0	General	127	16	16	1
124	125	1	General	0	128	128	1
124	125	1	General	8	128	128	1
124	125	1	General	15	128	128	1
125	126	0	General	0	2048	2048	1
125	126	0	General	8	2048	2048	1
125	126	0	General	15	2048	2048	1
125	126	1	General	0	16	16	1
125	126	1	General	1024	16	16	1
125	126	1	General	2047	16	16	1
126	127	0	Unique	0	1	1	1
126	127	0	Unique	1024	1	1	1
126	127	0	Unique	2047	1	1	1
126	127	1	General	0	4	4	1
126	127	1	General	256	4	4	1
126	127	1	General	511	4	4	1
125	128	0	General	0	2048	2048	1
125	128	0	General	8	2048	2048	1
125	128	0	General	15	2048	2048	1
125	128	1	General	0	16	16	1
125	128	1	General	1024	16	16	1
125	128	1	General	2047	16	16	1
128	129	0	Unique	0	1	1	1
128	129	0	Unique	1024	1	1	1
128	129	0	Unique	2047	1	1	1
128	129	1	General	0	4	4	1
128	129	1	General	256	4	4	1
128	129	1	General	511	4	4	1
127	130	0	General	0	16	16	1
127	130	0	General	256	16	16	1
127	130	0	General	511	16	16	1
127	130	1	General	0	512	512	1
127	130	1	General	8	512	512	1
127	130	1	General	15	512	512	1
129	130	0	General	0	16	16	1
129	130	0	General	256	16	16	1
129	130	0	General	511	16	16	1
129	130	1	General	0	512	512	1
129	130	1	General	8	512	512	1
129	130	1	General	15	512	512	1
130	131	0	General	0	512	512	1
130	131	0	General	8	512	512	1
130	131	0	General	15	512	512	1
130	131	1	General	0	16	16	1
130	131	1	General	256	16	16	1
130	131	1	General	511	16	16	1
124	132	0	Unique	0	1	1	1
124	132	0	Unique	64	1	1	1
124	132	0	Unique	127	1	1	1
124	132	1	Unique	0	1	1	1
124	132	1	Unique	64	1	1	1
124	132	1	Unique	127	1	1	1
131	132	0	Unique	0	1	1	1
131	132	0	Unique	256	1	1	1
131	132	0	Unique	511	1	1	1
131	132	1	General	0	4	4	1
131	132	1	General	64	4	4	1
131	132	1	General	127	4	4	1
132	133	0	General	0	16	16	1
132	133	0	General	64	16	16	1
132	133	0	General	127	16	16	1
132	133	1	General	0	128	128	1
132	133	1	General	8	128	128	1
132	133	1	General	15	128	128	1
133	134	0	General	0	512	512	1
133	134	0	General	8	512	512	1
133	134	0	General	15	512	512	1
133	134	1	General	0	16	16	1
133	134	1	General	256	16	16	1
133	134	1	General	511	16	16	1
134	135	0	Unique	0	1	1	1
134	135	0	Unique	256	1	1	1
134	135	0	Unique	511	1	1	1
134	135	1	General	0	4	4	1
134	135	1	General	64	4	4	1
134	135	1	General	127	4	4	1
133	136	0	General	0	128	128	1
133	136	0	General	8	128	128	1
133	136	0	General	15	128	128	1
133	136	1	General	0	16	16	1
133	136	1	General	64	16	16	1
133	136	1	General	127	16	16	1
136	137	0	Unique	0	1	1	1
136	137	0	Unique	64	1	1	1
136	137	0	Unique	127	1	1	1
136	137	1	General	0	4	4	1
136	137	1	General	16	4	4	1
136	137	1	General	31	4	4	1
133	138	0	General	0	128	128	1
133	138	0	General	8	128	128	1
133	138	0	General	15	128	128	1
133	138	1	General	0	16	16	1
133	138	1	General	64	16	16	1
133	138	1	General	127	16	16	1
138	139	0	Unique	0	1	1	1
138	139	0	Unique	64	1	1	1
138	139	0	Unique	127	1	1	1
138	139	1	General	0	4	4	1
138	139	1	General	16	4	4	1
138	139	1	General	31	4	4	1
135	140	0	General	0	16	16	1
135	140	0	General	64	16	16	1
135	140	0	General	127	16	16	1
135	140	1	General	0	4	4	1
135	140	1	General	256	4	4	1
135	140	1	General	511	4	4	1
137	141	0	General	0	16	16	1
137	141	0	General	16	16	16	1
137	141	0	General	31	16	16	1
137	141	1	General	0	4	4	1
137	141	1	General	64	4	4	1
137	141	1	General	127	4	4	1
141	142	0	Unique	0	1	1	1
141	142	0	Unique	64	1	1	1
141	142	0	Unique	127	1	1	1
141	142	1	Unique	0	1	1	1
141	142	1	Unique	64	1	1	1
141	142	1	Unique	127	1	1	1
139	143	0	General	0	16	16	1
139	143	0	General	16	16	16	1
139	143	0	General	31	16	16	1
139	143	1	General	0	4	4	1
139	143	1	General	64	4	4	1
139	143	1	General	127	4	4	1
140	144	0	Unique	0	1	1	1
140	144	0	Unique	256	1	1	1
140	144	0	Unique	511	1	1	1
140	144	1	Unique	0	1	1	1
140	144	1	Unique	256	1	1	1
140	144	1	Unique	511	1	1	1
142	144	0	General	0	64	64	1
142	144	0	General	64	64	64	1
142	144	0	General	127	64	64	1
142	144	1	General	0	16	16	1
142	144	1	General	256	16	16	1
142	144	1	General	511	16	16	1
143	144	0	General	0	64	64	1
143	144	0	General	64	64	64	1
143	144	0	General	127	64	64	1
143	144	1	General	0	16	16	1
143	144	1	General	256	16	16	1
143	144	1	General	511	16	16	1
144	145	0	General	0	128	128	1
144	145	0	General	256	128	128	1
144	145	0	General	511	128	128	1
144	145	1	General	0	128	128	1
144	145	1	General	256	128	128	1
144	145	1	General	511	128	128	1
132	146	0	Unique	0	1	1	1
132	146	0	Unique	64	1	1	1
132	146	0	Unique	127	1	1	1
132	146	1	Unique	0	1	1	1
132	146	1	Unique	64	1	1	1
132	146	1	Unique	127	1	1	1
145	146	0	Unique	0	1	1	1
145	146	0	Unique	256	1	1	1
145	146	0	Unique	511	1	1	1
145	146	1	General	0	4	4	1
145	146	1	General	64	4	4	1
145	146	1	General	127	4	4	1
146	147	0	General	0	16	16	1
146	147	0	General	64	16	16	1
146	147	0	General	127	16	16	1
146	147	1	General	0	128	128	1
146	147	1	General	8	128	128	1
146	147	1	General	15	128	128	1
147	148	0	General	0	2048	2048	1
147	148	0	General	8	2048	2048	1
147	148	0	General	15	2048	2048	1
147	148	1	General	0	16	16	1
147	148	1	General	1024	16	16	1
147	148	1	General	2047	16	16	1
148	149	0	Unique	0	1	1	1
148	149	0	Unique	1024	1	1	1
148	149	0	Unique	2047	1	1	1
148	149	1	General	0	4	4	1
148	149	1	General	256	4	4	1
148	149	1	General	511	4	4	1
147	150	0	General	0	2048	2048	1
147	150	0	General	8	2048	2048	1
147	150	0	General	15	2048	2048	1
147	150	1	General	0	16	16	1
147	150	1	General	1024	16	16	1
147	150	1	General	2047	16	16	1
150	151	0	Unique	0	1	1	1
150	151	0	Unique	1024	1	1	1
150	151	0	Unique	2047	1	1	1
150	151	1	General	0	4	4	1
150	151	1	General	256	4	4	1
150	151	1	General	511	4	4	1
149	152	0	General	0	16	16	1
149	152	0	General	256	16	16	1
149	152	0	General	511	16	16	1
149	152	1	General	0	512	512	1
149	152	1	General	8	512	512	1
149	152	1	General	15	512	512	1
151	152	0	General	0	16	16	1
151	152	0	General	256	16	16	1
151	152	0	General	511	16	16	1
151	152	1	General	0	512	512	1
151	152	1	General	8	512	512	1
151	152	1	General	15	512	512	1
152	153	0	General	0	512	512	1
152	153	0	General	8	512	512	1
152	153	0	General	15	512	512	1
152	153	1	General	0	16	16	1
152	153	1	General	256	16	16	1
152	153	1	General	511	16	16	1
146	154	0	Unique	0	1	1	1
146	154	0	Unique	64	1	1	1
146	154	0	Unique	127	1	1	1
146	154	1	Unique	0	1	1	1
146	154	1	Unique	64	1	1	1
146	154	1	Unique	127	1	1	1
153	154	0	Unique	0	1	1	1
153	154	0	Unique	256	1	1	1
153	154	0	Unique	511	1	1	1
153	154	1	General	0	4	4	1
153	154	1	General	64	4	4	1
153	154	1	General	127	4	4	1
154	155	0	General	0	16	16	1
154	155	0	General	64	16	16	1
154	155	0	General	127	16	16	1
154	155	1	General	0	128	128	1
154	155	1	General	8	128	128	1
154	155	1	General	15	128	128	1
155	156	0	General	0	512	512	1
155	156	0	General	8	512	512	1
155	156	0	General	15	512	512	1
155	156	1	General	0	16	16	1
155	156	1	General	256	16	16	1
155	156	1	General	511	16	16	1
156	157	0	Unique	0	1	1	1
156	157	0	Unique	256	1	1	1
156	157	0	Unique	511	1	1	1
156	157	1	General	0	4	4	1
156	157	1	General	64	4	4	1
156	157	1	General	127	4	4	1
155	158	0	General	0	128	128	1
155	158	0	General	8	128	128	1
155	158	0	General	15	128	128	1
155	158	1	General	0	16	16	1
155	158	1	General	64	16	16	1
155	158	1	General	127	16	16	1
158	159	0	Unique	0	1	1	1
158	159	0	Unique	64	1	1	1
158	159	0	Unique	127	1	1	1
158	159	1	General	0	4	4	1
158	159	1	General	16	4	4	1
158	159	1	General	31	4	4	1
155	160	0	General	0	128	128	1
155	160	0	General	8	128	128	1
155	160	0	General	15	128	128	1
155	160	1	General	0	16	16	1
155	160	1	General	64	16	16	1
155	160	1	General	127	16	16	1
160	161	0	Unique	0	1	1	1
160	161	0	Unique	64	1	1	1
160	161	0	Unique	127	1	1	1
160	161	1	General	0	4	4	1
160	161	1	General	16	4	4	1
160	161	1	General	31	4	4	1
157	162	0	General	0	16	16	1
157	162	0	General	64	16	16	1
157	162	0	General	127	16	16	1
157	162	1	General	0	4	4	1
157	162	1	General	256	4	4	1
157	162	1	General	511	4	4	1
159	163	0	General	0	16	16	1
159	163	0	General	16	16	16	1
159	163	0	General	31	16	16	1
159	163	1	General	0	4	4	1
159	163	1	General	64	4	4	1
159	163	1	General	127	4	4	1
163	164	0	Unique	0	1	1	1
163	164	0	Unique	64	1	1	1
163	164	0	Unique	127	1	1	1
163	164	1	Unique	0	1	1	1
163	164	1	Unique	64	1	1	1
163	164	1	Unique	127	1	1	1
161	165	0	General	0	16	16	1
161	165	0	General	16	16	16	1
161	165	0	General	31	16	16	1
161	165	1	General	0	4	4	1
161	165	1	General	64	4	4	1
161	165	1	General	127	4	4	1
162	166	0	Unique	0	1	1	1
162	166	0	Unique	256	1	1	1
162	166	0	Unique	511	1	1	1
162	166	1	Unique	0	1	1	1
162	166	1	Unique	256	1	1	1
162	166	1	Unique	511	1	1	1
164	166	0	General	0	64	64	1
164	166	0	General	64	64	64	1
164	166	0	General	127	64	64	1
164	166	1	General	0	16	16	1
164	166	1	General	256	16	16	1
164	166	1	General	511	16	16	1
165	166	0	General	0	64	64	1
165	166	0	General	64	64	64	1
165	166	0	General	127	64	64	1
165	166	1	General	0	16	16	1
165	166	1	General	256	16	16	1
165	166	1	General	511	16	16	1
166	167	0	General	0	128	128	1
166	167	0	General	256	128	128	1
166	167	0	General	511	128	128	1
166	167	1	General	0	128	128	1
166	167	1	General	256	128	128	1
166	167	1	General	511	128	128	1
154	168	0	Unique	0	1	1	1
154	168	0	Unique	64	1	1	1
154	168	0	Unique	127	1	1	1
154	168	1	Unique	0	1	1	1
154	168	1	Unique	64	1	1	1
154	168	1	Unique	127	1	1	1
167	168	0	Unique	0	1	1	1
167	168	0	Unique	256	1	1	1
167	168	0	Unique	511	1	1	1
167	168	1	General	0	4	4	1
167	168	1	General	64	4	4	1
167	168	1	General	127	4	4	1
168	169	0	General	0	16	16	1
168	169	0	General	64	16	16	1
168	169	0	General	127	16	16	1
168	169	1	General	0	128	128	1
168	169	1	General	8	128	128	1
168	169	1	General	15	128	128	1
169	170	0	General	0	2048	2048	1
169	170	0	General	8	2048	2048	1
169	170	0	General	15	2048	2048	1
169	170	1	General	0	16	16	1
169	170	1	General	1024	16	16	1
169	170	1	General	2047	16	16	1
170	171	0	Unique	0	1	1	1
170	171	0	Unique	1024	1	1	1
170	171	0	Unique	2047	1	1	1
170	171	1	General	0	4	4	1
170	171	1	General	256	4	4	1
170	171	1	General	511	4	4	1
169	172	0	General	0	2048	2048	1
169	172	0	General	8	2048	2048	1
169	172	0	General	15	2048	2048	1
169	172	1	General	0	16	16	1
169	172	1	General	1024	16	16	1
169	172	1	General	2047	16	16	1
172	173	0	Unique	0	1	1	1
172	173	0	Unique	1024	1	1	1
172	173	0	Unique	2047	1	1	1
172	173	1	General	0	4	4	1
172	173	1	General	256	4	4	1
172	173	1	General	511	4	4	1
171	174	0	General	0	16	16	1
171	174	0	General	256	16	16	1
171	174	0	General	511	16	16	1
171	174	1	General	0	512	512	1
171	174	1	General	8	512	512	1
171	174	1	General	15	512	512	1
173	174	0	General	0	16	16	1
173	174	0	General	256	16	16	1
173	174	0	General	511	16	16	1
173	174	1	General	0	512	512	1
173	174	1	General	8	512	512	1
173	174	1	General	15	512	512	1
174	175	0	General	0	512	512	1
174	175	0	General	8	512	512	1
174	175	0	General	15	512	512	1
174	175	1	General	0	16	16	1
174	175	1	General	256	16	16	1
174	175	1	General	511	16	16	1
168	176	0	Unique	0	1	1	1
168	176	0	Unique	64	1	1	1
168	176	0	Unique	127	1	1	1
168	176	1	Unique	0	1	1	1
168	176	1	Unique	64	1	1	1
168	176	1	Unique	127	1	1	1
175	176	0	Unique	0	1	1	1
175	176	0	Unique	256	1	1	1
175	176	0	Unique	511	1	1	1
175	176	1	General	0	4	4	1
175	176	1	General	64	4	4	1
175	176	1	General	127	4	4	1
176	177	0	General	0	16	16	1
176	177	0	General	64	16	16	1
176	177	0	General	127	16	16	1
176	177	1	General	0	128	128	1
176	177	1	General	8	128	128	1
176	177	1	General	15	128	128	1
177	178	0	General	0	512	512	1
177	178	0	General	8	512	512	1
177	178	0	General	15	512	512	1
177	178	1	General	0	16	16	1
177	178	1	General	256	16	16	1
177	178	1	General	511	16	16	1
178	179	0	Unique	0	1	1	1
178	179	0	Unique	256	1	1	1
178	179	0	Unique	511	1	1	1
178	179	1	General	0	4	4	1
178	179	1	General	64	4	4	1
178	179	1	General	127	4	4	1
177	180	0	General	0	128	128	1
177	180	0	General	8	128	128	1
177	180	0	General	15	128	128	1
177	180	1	General	0	16	16	1
177	180	1	General	64	16	16	1
177	180	1	General	127	16	16	1
180	181	0	Unique	0	1	1	1
180	181	0	Unique	64	1	1	1
180	181	0	Unique	127	1	1	1
180	181	1	General	0	4	4	1
180	181	1	General	16	4	4	1
180	181	1	General	31	4	4	1
177	182	0	General	0	128	128	1
177	182	0	General	8	128	128	1
177	182	0	General	15	128	128	1
177	182	1	General	0	16	16	1
177	182	1	General	64	16	16	1
177	182	1	General	127	16	16	1
182	183	0	Unique	0	1	1	1
182	183	0	Unique	64	1	1	1
182	183	0	Unique	127	1	1	1
182	183	1	General	0	4	4	1
182	183	1	General	16	4	4	1
182	183	1	General	31	4	4	1
179	184	0	General	0	16	16	1
179	184	0	General	64	16	16	1
179	184	0	General	127	16	16	1
179	184	1	General	0	4	4	1
179	184	1	General	256	4	4	1
179	184	1	General	511	4	4	1
181	185	0	General	0	16	16	1
181	185	0	General	16	16	16	1
181	185	0	General	31	16	16	1
181	185	1	General	0	4	4	1
181	185	1	General	64	4	4	1
181	185	1	General	127	4	4	1
185	186	0	Unique	0	1	1	1
185	186	0	Unique	64	1	1	1
185	186	0	Unique	127	1	1	1
185	186	1	Unique	0	1	1	1
185	186	1	Unique	64	1	1	1
185	186	1	Unique	127	1	1	1
183	187	0	General	0	16	16	1
183	187	0	General	16	16	16	1
183	187	0	General	31	16	16	1
183	187	1	General	0	4	4	1
183	187	1	General	64	4	4	1
183	187	1	General	127	4	4	1
184	188	0	Unique	0	1	1	1
184	188	0	Unique	256	1	1	1
184	188	0	Unique	511	1	1	1
184	188	1	Unique	0	1	1	1
184	188	1	Unique	256	1	1	1
184	188	1	Unique	511	1	1	1
186	188	0	General	0	64	64	1
186	188	0	General	64	64	64	1
186	188	0	General	127	64	64	1
186	188	1	General	0	16	16	1
186	188	1	General	256	16	16	1
186	188	1	General	511	16	16	1
187	188	0	General	0	64	64	1
187	188	0	General	64	64	64	1
187	188	0	General	127	64	64	1
187	188	1	General	0	16	16	1
187	188	1	General	256	16	16	1
187	188	1	General	511	16	16	1
188	189	0	General	0	128	128	1
188	189	0	General	256	128	128	1
188	189	0	General	511	128	128	1
188	189	1	General	0	128	128	1
188	189	1	General	256	128	128	1
188	189	1	General	511	128	128	1
176	190	0	Unique	0	1	1	1
176	190	0	Unique	64	1	1	1
176	190	0	Unique	127	1	1	1
176	190	1	Unique	0	1	1	1
176	190	1	Unique	64	1	1	1
176	190	1	Unique	127	1	1	1
189	190	0	Unique	0	1	1	1
189	190	0	Unique	256	1	1	1
189	190	0	Unique	511	1	1	1
189	190	1	General	0	4	4	1
189	190	1	General	64	4	4	1
189	190	1	General	127	4	4	1
190	191	0	General	0	16	16	1
190	191	0	General	64	16	16	1
190	191	0	General	127	16	16	1
190	191	1	General	0	128	128	1
190	191	1	General	8	128	128	1
190	191	1	General	15	128	128	1
191	192	0	General	0	2048	2048	1
191	192	0	General	8	2048	2048	1
191	192	0	General	15	2048	2048	1
191	192	1	General	0	16	16	1
191	192	1	General	1024	16	16	1
191	192	1	General	2047	16	16	1
192	193	0	Unique	0	1	1	1
192	193	0	Unique	1024	1	1	1
192	193	0	Unique	2047	1	1	1
192	193	1	General	0	4	4	1
192	193	1	General	256	4	4	1
192	193	1	General	511	4	4	1
191	194	0	General	0	2048	2048	1
191	194	0	General	8	2048	2048	1
191	194	0	General	15	2048	2048	1
191	194	1	General	0	16	16	1
191	194	1	General	1024	16	16	1
191	194	1	General	2047	16	16	1
194	195	0	Unique	0	1	1	1
194	195	0	Unique	1024	1	1	1
194	195	0	Unique	2047	1	1	1
194	195	1	General	0	4	4	1
194	195	1	General	256	4	4	1
194	195	1	General	511	4	4	1
193	196	0	General	0	16	16	1
193	196	0	General	256	16	16	1
193	196	0	General	511	16	16	1
193	196	1	General	0	512	512	1
193	196	1	General	8	512	512	1
193	196	1	General	15	512	512	1
195	196	0	General	0	16	16	1
195	196	0	General	256	16	16	1
195	196	0	General	511	16	16	1
195	196	1	General	0	512	512	1
195	196	1	General	8	512	512	1
195	196	1	General	15	512	512	1
196	197	0	General	0	512	512	1
196	197	0	General	8	512	512	1
196	197	0	General	15	512	512	1
196	197	1	General	0	16	16	1
196	197	1	General	256	16	16	1
196	197	1	General	511	16	16	1
190	198	0	Unique	0	1	1	1
190	198	0	Unique	64	1	1	1
190	198	0	Unique	127	1	1	1
190	198	1	Unique	0	1	1	1
190	198	1	Unique	64	1	1	1
190	198	1	Unique	127	1	1	1
197	198	0	Unique	0	1	1	1
197	198	0	Unique	256	1	1	1
197	198	0	Unique	511	1	1	1
197	198	1	General	0	4	4	1
197	198	1	General	64	4	4	1
197	198	1	General	127	4	4	1
198	199	0	General	0	16	16	1
198	199	0	General	64	16	16	1
198	199	0	General	127	16	16	1
198	199	1	General	0	128	128	1
198	199	1	General	8	128	128	1
198	199	1	General	15	128	128	1
199	200	0	General	0	512	512	1
199	200	0	General	8	512	512	1
199	200	0	General	15	512	512	1
199	200	1	General	0	16	16	1
199	200	1	General	256	16	16	1
199	200	1	General	511	16	16	1
200	201	0	Unique	0	1	1	1
200	201	0	Unique	256	1	1	1
200	201	0	Unique	511	1	1	1
200	201	1	General	0	4	4	1
200	201	1	General	64	4	4	1
200	201	1	General	127	4	4	1
199	202	0	General	0	128	128	1
199	202	0	General	8	128	128	1
199	202	0	General	15	128	128	1
199	202	1	General	0	16	16	1
199	202	1	General	64	16	16	1
199	202	1	General	127	16	16	1
202	203	0	Unique	0	1	1	1
202	203	0	Unique	64	1	1	1
202	203	0	Unique	127	1	1	1
202	203	1	General	0	4	4	1
202	203	1	General	16	4	4	1
202	203	1	General	31	4	4	1
199	204	0	General	0	128	128	1
199	204	0	General	8	128	128	1
199	204	0	General	15	128	128	1
199	204	1	General	0	16	16	1
199	204	1	General	64	16	16	1
199	204	1	General	127	16	16	1
204	205	0	Unique	0	1	1	1
204	205	0	Unique	64	1	1	1
204	205	0	Unique	127	1	1	1
204	205	1	General	0	4	4	1
204	205	1	General	16	4	4	1
204	205	1	General	31	4	4	1
201	206	0	General	0	16	16	1
201	206	0	General	64	16	16	1
201	206	0	General	127	16	16	1
201	206	1	General	0	4	4	1
201	206	1	General	256	4	4	1
201	206	1	General	511	4	4	1
203	207	0	General	0	16	16	1
203	207	0	General	16	16	16	1
203	207	0	General	31	16	16	1
203	207	1	General	0	4	4	1
203	207	1	General	64	4	4	1
203	207	1	General	127	4	4	1
207	208	0	Unique	0	1	1	1
207	208	0	Unique	64	1	1	1
207	208	0	Unique	127	1	1	1
207	208	1	Unique	0	1	1	1
207	208	1	Unique	64	1	1	1
207	208	1	Unique	127	1	1	1
205	209	0	General	0	16	16	1
205	209	0	General	16	16	16	1
205	209	0	General	31	16	16	1
205	209	1	General	0	4	4	1
205	209	1	General	64	4	4	1
205	209	1	General	127	4	4	1
206	210	0	Unique	0	1	1	1
206	210	0	Unique	256	1	1	1
206	210	0	Unique	511	1	1	1
206	210	1	Unique	0	1	1	1
206	210	1	Unique	256	1	1	1
206	210	1	Unique	511	1	1	1
208	210	0	General	0	64	64	1
208	210	0	General	64	64	64	1
208	210	0	General	127	64	64	1
208	210	1	General	0	16	16	1
208	210	1	General	256	16	16	1
208	210	1	General	511	16	16	1
209	210	0	General	0	64	64	1
209	210	0	General	64	64	64	1
209	210	0	General	127	64	64	1
209	210	1	General	0	16	16	1
209	210	1	General	256	16	16	1
209	210	1	General	511	16	16	1
210	211	0	General	0	128	128	1
210	211	0	General	256	128	128	1
210	211	0	General	511	128	128	1
210	211	1	General	0	128	128	1
210	211	1	General	256	128	128	1
210	211	1	General	511	128	128	1
198	212	0	Unique	0	1	1	1
198	212	0	Unique	64	1	1	1
198	212	0	Unique	127	1	1	1
198	212	1	Unique	0	1	1	1
198	212	1	Unique	64	1	1	1
198	212	1	Unique	127	1	1	1
211	212	0	Unique	0	1	1	1
211	212	0	Unique	256	1	1	1
211	212	0	Unique	511	1	1	1
211	212	1	General	0	4	4	1
211	212	1	General	64	4	4	1
211	212	1	General	127	4	4	1
212	213	0	General	0	16	16	1
212	213	0	General	64	16	16	1
212	213	0	General	127	16	16	1
212	213	1	General	0	128	128	1
212	213	1	General	8	128	128	1
212	213	1	General	15	128	128	1
213	214	0	General	0	2048	2048	1
213	214	0	General	8	2048	2048	1
213	214	0	General	15	2048	2048	1
213	214	1	General	0	16	16	1
213	214	1	General	1024	16	16	1
213	214	1	General	2047	16	16	1
214	215	0	Unique	0	1	1	1
214	215	0	Unique	1024	1	1	1
214	215	0	Unique	2047	1	1	1
214	215	1	General	0	4	4	1
214	215	1	General	256	4	4	1
214	215	1	General	511	4	4	1
213	216	0	General	0	2048	2048	1
213	216	0	General	8	2048	2048	1
213	216	0	General	15	2048	2048	1
213	216	1	General	0	16	16	1
213	216	1	General	1024	16	16	1
213	216	1	General	2047	16	16	1
216	217	0	Unique	0	1	1	1
216	217	0	Unique	1024	1	1	1
216	217	0	Unique	2047	1	1	1
216	217	1	General	0	4	4	1
216	217	1	General	256	4	4	1
216	217	1	General	511	4	4	1
215	218	0	General	0	16	16	1
215	218	0	General	256	16	16	1
215	218	0	General	511	16	16	1
215	218	1	General	0	512	512	1
215	218	1	General	8	512	512	1
215	218	1	General	15	512	512	1
217	218	0	General	0	16	16	1
217	218	0	General	256	16	16	1
217	218	0	General	511	16	16	1
217	218	1	General	0	512	512	1
217	218	1	General	8	512	512	1
217	218	1	General	15	512	512	1
218	219	0	General	0	512	512	1
218	219	0	General	8	512	512	1
218	219	0	General	15	512	512	1
218	219	1	General	0	16	16	1
218	219	1	General	256	16	16	1
218	219	1	General	511	16	16	1
212	220	0	Unique	0	1	1	1
212	220	0	Unique	64	1	1	1
212	220	0	Unique	127	1	1	1
212	220	1	Unique	0	1	1	1
212	220	1	Unique	64	1	1	1
212	220	1	Unique	127	1	1	1
219	220	0	Unique	0	1	1	1
219	220	0	Unique	256	1	1	1
219	220	0	Unique	511	1	1	1
219	220	1	General	0	4	4	1
219	220	1	General	64	4	4	1
219	220	1	General	127	4	4	1
220	221	0	General	0	16	16	1
220	221	0	General	64	16	16	1
220	221	0	General	127	16	16	1
220	221	1	General	0	128	128	1
220	221	1	General	8	128	128	1
220	221	1	General	15	128	128	1
221	222	0	General	0	512	512	1
221	222	0	General	8	512	512	1
221	222	0	General	15	512	512	1
221	222	1	General	0	16	16	1
221	222	1	General	256	16	16	1
221	222	1	General	511	16	16	1
222	223	0	Unique	0	1	1	1
222	223	0	Unique	256	1	1	1
222	223	0	Unique	511	1	1	1
222	223	1	General	0	4	4	1
222	223	1	General	64	4	4	1
222	223	1	General	127	4	4	1
221	224	0	General	0	128	128	1
221	224	0	General	8	128	128	1
221	224	0	General	15	128	128	1
221	224	1	General	0	16	16	1
221	224	1	General	64	16	16	1
221	224	1	General	127	16	16	1
224	225	0	Unique	0	1	1	1
224	225	0	Unique	64	1	1	1
224	225	0	Unique	127	1	1	1
224	225	1	General	0	4	4	1
224	225	1	General	16	4	4	1
224	225	1	General	31	4	4	1
221	226	0	General	0	128	128	1
221	226	0	General	8	128	128	1
221	226	0	General	15	128	128	1
221	226	1	General	0	16	16	1
221	226	1	General	64	16	16	1
221	226	1	General	127	16	16	1
226	227	0	Unique	0	1	1	1
226	227	0	Unique	64	1	1	1
226	227	0	Unique	127	1	1	1
226	227	1	General	0	4	4	1
226	227	1	General	16	4	4	1
226	227	1	General	31	4	4	1
223	228	0	General	0	16	16	1
223	228	0	General	64	16	16	1
223	228	0	General	127	16	16	1
223	228	1	General	0	4	4	1
223	228	1	General	256	4	4	1
223	228	1	General	511	4	4	1
225	229	0	General	0	16	16	1
225	229	0	General	16	16	16	1
225	229	0	General	31	16	16	1
225	229	1	General	0	4	4	1
225	229	1	General	64	4	4	1
225	229	1	General	127	4	4	1
229	230	0	Unique	0	1	1	1
229	230	0	Unique	64	1	1	1
229	230	0	Unique	127	1	1	1
229	230	1	Unique	0	1	1	1
229	230	1	Unique	64	1	1	1
229	230	1	Unique	127	1	1	1
227	231	0	General	0	16	16	1
227	231	0	General	16	16	16	1
227	231	0	General	31	16	16	1
227	231	1	General	0	4	4	1
227	231	1	General	64	4	4	1
227	231	1	General	127	4	4	1
228	232	0	Unique	0	1	1	1
228	232	0	Unique	256	1	1	1
228	232	0	Unique	511	1	1	1
228	232	1	Unique	0	1	1	1
228	232	1	Unique	256	1	1	1
228	232	1	Unique	511	1	1	1
230	232	0	General	0	64	64	1
230	232	0	General	64	64	64	1
230	232	0	General	127	64	64	1
230	232	1	General	0	16	16	1
230	232	1	General	256	16	16	1
230	232	1	General	511	16	16	1
231	232	0	General	0	64	64	1
231	232	0	General	64	64	64	1
231	232	0	General	127	64	64	1
231	232	1	General	0	16	16	1
231	232	1	General	256	16	16	1
231	232	1	General	511	16	16	1
232	233	0	General	0	128	128	1
232	233	0	General	256	128	128	1
232	233	0	General	511	128	128	1
232	233	1	General	0	128	128	1
232	233	1	General	256	128	128	1
232	233	1	General	511	128	128	1
220	234	0	Unique	0	1	1	1
220	234	0	Unique	64	1	1	1
220	234	0	Unique	127	1	1	1
220	234	1	Unique	0	1	1	1
220	234	1	Unique	64	1	1	1
220	234	1	Unique	127	1	1	1
233	234	0	Unique	0	1	1	1
233	234	0	Unique	256	1	1	1
233	234	0	Unique	511	1	1	1
233	234	1	General	0	4	4	1
233	234	1	General	64	4	4	1
233	234	1	General	127	4	4	1
234	235	0	General	0	16	16	1
234	235	0	General	64	16	16	1
234	235	0	General	127	16	16	1
234	235	1	General	0	128	128	1
234	235	1	General	8	128	128	1
234	235	1	General	15	128	128	1
235	236	0	General	0	2048	2048	1
235	236	0	General	8	2048	2048	1
235	236	0	General	15	2048	2048	1
235	236	1	General	0	16	16	1
235	236	1	General	1024	16	16	1
235	236	1	General	2047	16	16	1
236	237	0	Unique	0	1	1	1
236	237	0	Unique	1024	1	1	1
236	237	0	Unique	2047	1	1	1
236	237	1	General	0	4	4	1
236	237	1	General	256	4	4	1
236	237	1	General	511	4	4	1
235	238	0	General	0	2048	2048	1
235	238	0	General	8	2048	2048	1
235	238	0	General	15	2048	2048	1
235	238	1	General	0	16	16	1
235	238	1	General	1024	16	16	1
235	238	1	General	2047	16	16	1
238	239	0	Unique	0	1	1	1
238	239	0	Unique	1024	1	1	1
238	239	0	Unique	2047	1	1	1
238	239	1	General	0	4	4	1
238	239	1	General	256	4	4	1
238	239	1	General	511	4	4	1
237	240	0	General	0	16	16	1
237	240	0	General	256	16	16	1
237	240	0	General	511	16	16	1
237	240	1	General	0	512	512	1
237	240	1	General	8	512	512	1
237	240	1	General	15	512	512	1
239	240	0	General	0	16	16	1
239	240	0	General	256	16	16	1
239	240	0	General	511	16	16	1
239	240	1	General	0	512	512	1
239	240	1	General	8	512	512	1
239	240	1	General	15	512	512	1
240	241	0	General	0	512	512	1
240	241	0	General	8	512	512	1
240	241	0	General	15	512	512	1
240	241	1	General	0	16	16	1
240	241	1	General	256	16	16	1
240	241	1	General	511	16	16	1
234	242	0	Unique	0	1	1	1
234	242	0	Unique	64	1	1	1
234	242	0	Unique	127	1	1	1
234	242	1	Unique	0	1	1	1
234	242	1	Unique	64	1	1	1
234	242	1	Unique	127	1	1	1
241	242	0	Unique	0	1	1	1
241	242	0	Unique	256	1	1	1
241	242	0	Unique	511	1	1	1
241	242	1	General	0	4	4	1
241	242	1	General	64	4	4	1
241	242	1	General	127	4	4	1
242	243	0	General	0	16	16	1
242	243	0	General	64	16	16	1
242	243	0	General	127	16	16	1
242	243	1	General	0	128	128	1
242	243	1	General	8	128	128	1
242	243	1	General	15	128	128	1
243	244	0	General	0	512	512	1
243	244	0	General	8	512	512	1
243	244	0	General	15	512	512	1
243	244	1	General	0	16	16	1
243	244	1	General	256	16	16	1
243	244	1	General	511	16	16	1
244	245	0	Unique	0	1	1	1
244	245	0	Unique	256	1	1	1
244	245	0	Unique	511	1	1	1
244	245	1	General	0	4	4	1
244	245	1	General	64	4	4	1
244	245	1	General	127	4	4	1
243	246	0	General	0	128	128	1
243	246	0	General	8	128	128	1
243	246	0	General	15	128	128	1
243	246	1	General	0	16	16	1
243	246	1	General	64	16	16	1
243	246	1	General	127	16	16	1
246	247	0	Unique	0	1	1	1
246	247	0	Unique	64	1	1	1
246	247	0	Unique	127	1	1	1
246	247	1	General	0	4	4	1
246	247	1	General	16	4	4	1
246	247	1	General	31	4	4	1
243	248	0	General	0	128	128	1
243	248	0	General	8	128	128	1
243	248	0	General	15	128	128	1
243	248	1	General	0	16	16	1
243	248	1	General	64	16	16	1
243	248	1	General	127	16	16	1
248	249	0	Unique	0	1	1	1
248	249	0	Unique	64	1	1	1
248	249	0	Unique	127	1	1	1
248	249	1	General	0	4	4	1
248	249	1	General	16	4	4	1
248	249	1	General	31	4	4	1
245	250	0	General	0	16	16	1
245	250	0	General	64	16	16	1
245	250	0	General	127	16	16	1
245	250	1	General	0	4	4	1
245	250	1	General	256	4	4	1
245	250	1	General	511	4	4	1
247	251	0	General	0	16	16	1
247	251	0	General	16	16	16	1
247	251	0	General	31	16	16	1
247	251	1	General	0	4	4	1
247	251	1	General	64	4	4	1
247	251	1	General	127	4	4	1
251	252	0	Unique	0	1	1	1
251	252	0	Unique	64	1	1	1
251	252	0	Unique	127	1	1	1
251	252	1	Unique	0	1	1	1
251	252	1	Unique	64	1	1	1
251	252	1	Unique	127	1	1	1
249	253	0	General	0	16	16	1
249	253	0	General	16	16	16	1
249	253	0	General	31	16	16	1
249	253	1	General	0	4	4	1
249	253	1	General	64	4	4	1
249	253	1	General	127	4	4	1
250	254	0	Unique	0	1	1	1
250	254	0	Unique	256	1	1	1
250	254	0	Unique	511	1	1	1
250	254	1	Unique	0	1	1	1
250	254	1	Unique	256	1	1	1
250	254	1	Unique	511	1	1	1
252	254	0	General	0	64	64	1
252	254	0	General	64	64	64	1
252	254	0	General	127	64	64	1
252	254	1	General	0	16	16	1
252	254	1	General	256	16	16	1
252	254	1	General	511	16	16	1
253	254	0	General	0	64	64	1
253	254	0	General	64	64	64	1
253	254	0	General	127	64	64	1
253	254	1	General	0	16	16	1
253	254	1	General	256	16	16	1
253	254	1	General	511	16	16	1
254	255	0	General	0	128	128	1
254	255	0	General	256	128	128	1
254	255	0	General	511	128	128	1
254	255	1	General	0	128	128	1
254	255	1	General	256	128	128	1
254	255	1	General	511	128	128	1
242	256	0	Unique	0	1	1	1
242	256	0	Unique	64	1	1	1
242	256	0	Unique	127	1	1	1
242	256	1	Unique	0	1	1	1
242	256	1	Unique	64	1	1	1
242	256	1	Unique	127	1	1	1
255	256	0	Unique	0	1	1	1
255	256	0	Unique	256	1	1	1
255	256	0	Unique	511	1	1	1
255	256	1	General	0	4	4	1
255	256	1	General	64	4	4	1
255	256	1	General	127	4	4	1
256	257	0	General	0	16	16	1
256	257	0	General	64	16	16	1
256	257	0	General	127	16	16	1
256	257	1	General	0	128	128	1
256	257	1	General	8	128	128	1
256	257	1	General	15	128	128	1
257	258	0	General	0	2048	2048	1
257	258	0	General	8	2048	2048	1
257	258	0	General	15	2048	2048	1
257	258	1	General	0	16	16	1
257	258	1	General	1024	16	16	1
257	258	1	General	2047	16	16	1
258	259	0	Unique	0	1	1	1
258	259	0	Unique	1024	1	1	1
258	259	0	Unique	2047	1	1	1
258	259	1	General	0	4	4	1
258	259	1	General	256	4	4	1
258	259	1	General	511	4	4	1
257	260	0	General	0	2048	2048	1
257	260	0	General	8	2048	2048	1
257	260	0	General	15	2048	2048	1
257	260	1	General	0	16	16	1
257	260	1	General	1024	16	16	1
257	260	1	General	2047	16	16	1
260	261	0	Unique	0	1	1	1
260	261	0	Unique	1024	1	1	1
260	261	0	Unique	2047	1	1	1
260	261	1	General	0	4	4	1
260	261	1	General	256	4	4	1
260	261	1	General	511	4	4	1
259	262	0	General	0	16	16	1
259	262	0	General	256	16	16	1
259	262	0	General	511	16	16	1
259	262	1	General	0	512	512	1
259	262	1	General	8	512	512	1
259	262	1	General	15	512	512	1
261	262	0	General	0	16	16	1
261	262	0	General	256	16	16	1
261	262	0	General	511	16	16	1
261	262	1	General	0	512	512	1
261	262	1	General	8	512	512	1
261	262	1	General	15	512	512	1
262	263	0	General	0	512	512	1
262	263	0	General	8	512	512	1
262	263	0	General	15	512	512	1
262	263	1	General	0	16	16	1
262	263	1	General	256	16	16	1
262	263	1	General	511	16	16	1
256	264	0	Unique	0	1	1	1
256	264	0	Unique	64	1	1	1
256	264	0	Unique	127	1	1	1
256	264	1	Unique	0	1	1	1
256	264	1	Unique	64	1	1	1
256	264	1	Unique	127	1	1	1
263	264	0	Unique	0	1	1	1
263	264	0	Unique	256	1	1	1
263	264	0	Unique	511	1	1	1
263	264	1	General	0	4	4	1
263	264	1	General	64	4	4	1
263	264	1	General	127	4	4	1
264	265	0	General	0	16	16	1
264	265	0	General	64	16	16	1
264	265	0	General	127	16	16	1
264	265	1	General	0	128	128	1
264	265	1	General	8	128	128	1
264	265	1	General	15	128	128	1
265	266	0	General	0	512	512	1
265	266	0	General	8	512	512	1
265	266	0	General	15	512	512	1
265	266	1	General	0	16	16	1
265	266	1	General	256	16	16	1
265	266	1	General	511	16	16	1
266	267	0	Unique	0	1	1	1
266	267	0	Unique	256	1	1	1
266	267	0	Unique	511	1	1	1
266	267	1	General	0	4	4	1
266	267	1	General	64	4	4	1
266	267	1	General	127	4	4	1
265	268	0	General	0	128	128	1
265	268	0	General	8	128	128	1
265	268	0	General	15	128	128	1
265	268	1	General	0	16	16	1
265	268	1	General	64	16	16	1
265	268	1	General	127	16	16	1
268	269	0	Unique	0	1	1	1
268	269	0	Unique	64	1	1	1
268	269	0	Unique	127	1	1	1
268	269	1	General	0	4	4	1
268	269	1	General	16	4	4	1
268	269	1	General	31	4	4	1
265	270	0	General	0	128	128	1
265	270	0	General	8	128	128	1
265	270	0	General	15	128	128	1
265	270	1	General	0	16	16	1
265	270	1	General	64	16	16	1
265	270	1	General	127	16	16	1
270	271	0	Unique	0	1	1	1
270	271	0	Unique	64	1	1	1
270	271	0	Unique	127	1	1	1
270	271	1	General	0	4	4	1
270	271	1	General	16	4	4	1
270	271	1	General	31	4	4	1
267	272	0	General	0	16	16	1
267	272	0	General	64	16	16	1
267	272	0	General	127	16	16	1
267	272	1	General	0	4	4	1
267	272	1	General	256	4	4	1
267	272	1	General	511	4	4	1
269	273	0	General	0	16	16	1
269	273	0	General	16	16	16	1
269	273	0	General	31	16	16	1
269	273	1	General	0	4	4	1
269	273	1	General	64	4	4	1
269	273	1	General	127	4	4	1
273	274	0	Unique	0	1	1	1
273	274	0	Unique	64	1	1	1
273	274	0	Unique	127	1	1	1
273	274	1	Unique	0	1	1	1
273	274	1	Unique	64	1	1	1
273	274	1	Unique	127	1	1	1
271	275	0	General	0	16	16	1
271	275	0	General	16	16	16	1
271	275	0	General	31	16	16	1
271	275	1	General	0	4	4	1
271	275	1	General	64	4	4	1
271	275	1	General	127	4	4	1
272	276	0	Unique	0	1	1	1
272	276	0	Unique	256	1	1	1
272	276	0	Unique	511	1	1	1
272	276	1	Unique	0	1	1	1
272	276	1	Unique	256	1	1	1
272	276	1	Unique	511	1	1	1
274	276	0	General	0	64	64	1
274	276	0	General	64	64	64	1
274	276	0	General	127	64	64	1
274	276	1	General	0	16	16	1
274	276	1	General	256	16	16	1
274	276	1	General	511	16	16	1
275	276	0	General	0	64	64	1
275	276	0	General	64	64	64	1
275	276	0	General	127	64	64	1
275	276	1	General	0	16	16	1
275	276	1	General	256	16	16	1
275	276	1	General	511	16	16	1
276	277	0	General	0	128	128	1
276	277	0	General	256	128	128	1
276	277	0	General	511	128	128	1
276	277	1	General	0	128	128	1
276	277	1	General	256	128	128	1
276	277	1	General	511	128	128	1
264	278	0	Unique	0	1	1	1
264	278	0	Unique	64	1	1	1
264	278	0	Unique	127	1	1	1
264	278	1	Unique	0	1	1	1
264	278	1	Unique	64	1	1	1
264	278	1	Unique	127	1	1	1
277	278	0	Unique	0	1	1	1
277	278	0	Unique	256	1	1	1
277	278	0	Unique	511	1	1	1
277	278	1	General	0	4	4	1
277	278	1	General	64	4	4	1
277	278	1	General	127	4	4	1
278	279	0	General	0	16	16	1
278	279	0	General	64	16	16	1
278	279	0	General	127	16	16	1
278	279	1	General	0	128	128	1
278	279	1	General	8	128	128	1
278	279	1	General	15	128	128	1
279	280	0	General	0	2048	2048	1
279	280	0	General	8	2048	2048	1
279	280	0	General	15	2048	2048	1
279	280	1	General	0	16	16	1
279	280	1	General	1024	16	16	1
279	280	1	General	2047	16	16	1
280	281	0	Unique	0	1	1	1
280	281	0	Unique	1024	1	1	1
280	281	0	Unique	2047	1	1	1
280	281	1	General	0	4	4	1
280	281	1	General	256	4	4	1
280	281	1	General	511	4	4	1
279	282	0	General	0	2048	2048	1
279	282	0	General	8	2048	2048	1
279	282	0	General	15	2048	2048	1
279	282	1	General	0	16	16	1
279	282	1	General	1024	16	16	1
279	282	1	General	2047	16	16	1
282	283	0	Unique	0	1	1	1
282	283	0	Unique	1024	1	1	1
282	283	0	Unique	2047	1	1	1
282	283	1	General	0	4	4	1
282	283	1	General	256	4	4	1
282	283	1	General	511	4	4	1
281	284	0	General	0	16	16	1
281	284	0	General	256	16	16	1
281	284	0	General	511	16	16	1
281	284	1	General	0	512	512	1
281	284	1	General	8	512	512	1
281	284	1	General	15	512	512	1
283	284	0	General	0	16	16	1
283	284	0	General	256	16	16	1
283	284	0	General	511	16	16	1
283	284	1	General	0	512	512	1
283	284	1	General	8	512	512	1
283	284	1	General	15	512	512	1
284	285	0	General	0	512	512	1
284	285	0	General	8	512	512	1
284	285	0	General	15	512	512	1
284	285	1	General	0	16	16	1
284	285	1	General	256	16	16	1
284	285	1	General	511	16	16	1
278	286	0	Unique	0	1	1	1
278	286	0	Unique	64	1	1	1
278	286	0	Unique	127	1	1	1
278	286	1	Unique	0	1	1	1
278	286	1	Unique	64	1	1	1
278	286	1	Unique	127	1	1	1
285	286	0	Unique	0	1	1	1
285	286	0	Unique	256	1	1	1
285	286	0	Unique	511	1	1	1
285	286	1	General	0	4	4	1
285	286	1	General	64	4	4	1
285	286	1	General	127	4	4	1
286	287	0	General	0	16	16	1
286	287	0	General	64	16	16	1
286	287	0	General	127	16	16	1
286	287	1	General	0	128	128	1
286	287	1	General	8	128	128	1
286	287	1	General	15	128	128	1
287	288	0	General	0	512	512	1
287	288	0	General	8	512	512	1
287	288	0	General	15	512	512	1
287	288	1	General	0	16	16	1
287	288	1	General	256	16	16	1
287	288	1	General	511	16	16	1
288	289	0	Unique	0	1	1	1
288	289	0	Unique	256	1	1	1
288	289	0	Unique	511	1	1	1
288	289	1	General	0	4	4	1
288	289	1	General	64	4	4	1
288	289	1	General	127	4	4	1
287	290	0	General	0	128	128	1
287	290	0	General	8	128	128	1
287	290	0	General	15	128	128	1
287	290	1	General	0	16	16	1
287	290	1	General	64	16	16	1
287	290	1	General	127	16	16	1
290	291	0	Unique	0	1	1	1
290	291	0	Unique	64	1	1	1
290	291	0	Unique	127	1	1	1
290	291	1	General	0	4	4	1
290	291	1	General	16	4	4	1
290	291	1	General	31	4	4	1
287	292	0	General	0	128	128	1
287	292	0	General	8	128	128	1
287	292	0	General	15	128	128	1
287	292	1	General	0	16	16	1
287	292	1	General	64	16	16	1
287	292	1	General	127	16	16	1
292	293	0	Unique	0	1	1	1
292	293	0	Unique	64	1	1	1
292	293	0	Unique	127	1	1	1
292	293	1	General	0	4	4	1
292	293	1	General	16	4	4	1
292	293	1	General	31	4	4	1
289	294	0	General	0	16	16	1
289	294	0	General	64	16	16	1
289	294	0	General	127	16	16	1
289	294	1	General	0	4	4	1
289	294	1	General	256	4	4	1
289	294	1	General	511	4	4	1
291	295	0	General	0	16	16	1
291	295	0	General	16	16	16	1
291	295	0	General	31	16	16	1
291	295	1	General	0	4	4	1
291	295	1	General	64	4	4	1
291	295	1	General	127	4	4	1
295	296	0	Unique	0	1	1	1
295	296	0	Unique	64	1	1	1
295	296	0	Unique	127	1	1	1
295	296	1	Unique	0	1	1	1
295	296	1	Unique	64	1	1	1
295	296	1	Unique	127	1	1	1
293	297	0	General	0	16	16	1
293	297	0	General	16	16	16	1
293	297	0	General	31	16	16	1
293	297	1	General	0	4	4	1
293	297	1	General	64	4	4	1
293	297	1	General	127	4	4	1
294	298	0	Unique	0	1	1	1
294	298	0	Unique	256	1	1	1
294	298	0	Unique	511	1	1	1
294	298	1	Unique	0	1	1	1
294	298	1	Unique	256	1	1	1
294	298	1	Unique	511	1	1	1
296	298	0	General	0	64	64	1
296	298	0	General	64	64	64	1
296	298	0	General	127	64	64	1
296	298	1	General	0	16	16	1
296	298	1	General	256	16	16	1
296	298	1	General	511	16	16	1
297	298	0	General	0	64	64	1
297	298	0	General	64	64	64	1
297	298	0	General	127	64	64	1
297	298	1	General	0	16	16	1
297	298	1	General	256	16	16	1
297	298	1	General	511	16	16	1
298	299	0	General	0	128	128	1
298	299	0	General	256	128	128	1
298	299	0	General	511	128	128	1
298	299	1	General	0	128	128	1
298	299	1	General	256	128	128	1
298	299	1	General	511	128	128	1
286	300	0	Unique	0	1	1	1
286	300	0	Unique	64	1	1	1
286	300	0	Unique	127	1	1	1
286	300	1	Unique	0	1	1	1
286	300	1	Unique	64	1	1	1
286	300	1	Unique	127	1	1	1
299	300	0	Unique	0	1	1	1
299	300	0	Unique	256	1	1	1
299	300	0	Unique	511	1	1	1
299	300	1	General	0	4	4	1
299	300	1	General	64	4	4	1
299	300	1	General	127	4	4	1
300	301	0	General	0	16	16	1
300	301	0	General	64	16	16	1
300	301	0	General	127	16	16	1
300	301	1	General	0	128	128	1
300	301	1	General	8	128	128	1
300	301	1	General	15	128	128	1
301	302	0	General	0	2048	2048	1
301	302	0	General	8	2048	2048	1
301	302	0	General	15	2048	2048	1
301	302	1	General	0	16	16	1
301	302	1	General	1024	16	16	1
301	302	1	General	2047	16	16	1
302	303	0	Unique	0	1	1	1
302	303	0	Unique	1024	1	1	1
302	303	0	Unique	2047	1	1	1
302	303	1	General	0	4	4	1
302	303	1	General	256	4	4	1
302	303	1	General	511	4	4	1
301	304	0	General	0	2048	2048	1
301	304	0	General	8	2048	2048	1
301	304	0	General	15	2048	2048	1
301	304	1	General	0	16	16	1
301	304	1	General	1024	16	16	1
301	304	1	General	2047	16	16	1
304	305	0	Unique	0	1	1	1
304	305	0	Unique	1024	1	1	1
304	305	0	Unique	2047	1	1	1
304	305	1	General	0	4	4	1
304	305	1	General	256	4	4	1
304	305	1	General	511	4	4	1
303	306	0	General	0	16	16	1
303	306	0	General	256	16	16	1
303	306	0	General	511	16	16	1
303	306	1	General	0	512	512	1
303	306	1	General	8	512	512	1
303	306	1	General	15	512	512	1
305	306	0	General	0	16	16	1
305	306	0	General	256	16	16	1
305	306	0	General	511	16	16	1
305	306	1	General	0	512	512	1
305	306	1	General	8	512	512	1
305	306	1	General	15	512	512	1
306	307	0	General	0	512	512	1
306	307	0	General	8	512	512	1
306	307	0	General	15	512	512	1
306	307	1	General	0	16	16	1
306	307	1	General	256	16	16	1
306	307	1	General	511	16	16	1
300	308	0	Unique	0	1	1	1
300	308	0	Unique	64	1	1	1
300	308	0	Unique	127	1	1	1
300	308	1	Unique	0	1	1	1
300	308	1	Unique	64	1	1	1
300	308	1	Unique	127	1	1	1
307	308	0	Unique	0	1	1	1
307	308	0	Unique	256	1	1	1
307	308	0	Unique	511	1	1	1
307	308	1	General	0	4	4	1
307	308	1	General	64	4	4	1
307	308	1	General	127	4	4	1
308	309	0	General	0	16	16	1
308	309	0	General	64	16	16	1
308	309	0	General	127	16	16	1
308	309	1	General	0	128	128	1
308	309	1	General	8	128	128	1
308	309	1	General	15	128	128	1
309	310	0	General	0	512	512	1
309	310	0	General	8	512	512	1
309	310	0	General	15	512	512	1
309	310	1	General	0	16	16	1
309	310	1	General	256	16	16	1
309	310	1	General	511	16	16	1
310	311	0	Unique	0	1	1	1
310	311	0	Unique	256	1	1	1
310	311	0	Unique	511	1	1	1
310	311	1	General	0	4	4	1
310	311	1	General	64	4	4	1
310	311	1	General	127	4	4	1
309	312	0	General	0	128	128	1
309	312	0	General	8	128	128	1
309	312	0	General	15	128	128	1
309	312	1	General	0	16	16	1
309	312	1	General	64	16	16	1
309	312	1	General	127	16	16	1
312	313	0	Unique	0	1	1	1
312	313	0	Unique	64	1	1	1
312	313	0	Unique	127	1	1	1
312	313	1	General	0	4	4	1
312	313	1	General	16	4	4	1
312	313	1	General	31	4	4	1
309	314	0	General	0	128	128	1
309	314	0	General	8	128	128	1
309	314	0	General	15	128	128	1
309	314	1	General	0	16	16	1
309	314	1	General	64	16	16	1
309	314	1	General	127	16	16	1
314	315	0	Unique	0	1	1	1
314	315	0	Unique	64	1	1	1
314	315	0	Unique	127	1	1	1
314	315	1	General	0	4	4	1
314	315	1	General	16	4	4	1
314	315	1	General	31	4	4	1
311	316	0	General	0	16	16	1
311	316	0	General	64	16	16	1
311	316	0	General	127	16	16	1
311	316	1	General	0	4	4	1
311	316	1	General	256	4	4	1
311	316	1	General	511	4	4	1
313	317	0	General	0	16	16	1
313	317	0	General	16	16	16	1
313	317	0	General	31	16	16	1
313	317	1	General	0	4	4	1
313	317	1	General	64	4	4	1
313	317	1	General	127	4	4	1
317	318	0	Unique	0	1	1	1
317	318	0	Unique	64	1	1	1
317	318	0	Unique	127	1	1	1
317	318	1	Unique	0	1	1	1
317	318	1	Unique	64	1	1	1
317	318	1	Unique	127	1	1	1
315	319	0	General	0	16	16	1
315	319	0	General	16	16	16	1
315	319	0	General	31	16	16	1
315	319	1	General	0	4	4	1
315	319	1	General	64	4	4	1
315	319	1	General	127	4	4	1
316	320	0	Unique	0	1	1	1
316	320	0	Unique	256	1	1	1
316	320	0	Unique	511	1	1	1
316	320	1	Unique	0	1	1	1
316	320	1	Unique	256	1	1	1
316	320	1	Unique	511	1	1	1
318	320	0	General	0	64	64	1
318	320	0	General	64	64	64	1
318	320	0	General	127	64	64	1
318	320	1	General	0	16	16	1
318	320	1	General	256	16	16	1
318	320	1	General	511	16	16	1
319	320	0	General	0	64	64	1
319	320	0	General	64	64	64	1
319	320	0	General	127	64	64	1
319	320	1	General	0	16	16	1
319	320	1	General	256	16	16	1
319	320	1	General	511	16	16	1
320	321	0	General	0	128	128	1
320	321	0	General	256	128	128	1
320	321	0	General	511	128	128	1
320	321	1	General	0	128	128	1
320	321	1	General	256	128	128	1
320	321	1	General	511	128	128	1
308	322	0	Unique	0	1	1	1
308	322	0	Unique	64	1	1	1
308	322	0	Unique	127	1	1	1
308	322	1	Unique	0	1	1	1
308	322	1	Unique	64	1	1	1
308	322	1	Unique	127	1	1	1
321	322	0	Unique	0	1	1	1
321	322	0	Unique	256	1	1	1
321	322	0	Unique	511	1	1	1
321	322	1	General	0	4	4	1
321	322	1	General	64	4	4	1
321	322	1	General	127	4	4	1
322	323	0	General	0	16	16	1
322	323	0	General	64	16	16	1
322	323	0	General	127	16	16	1
322	323	1	General	0	128	128	1
322	323	1	General	8	128	128	1
322	323	1	General	15	128	128	1
323	324	0	General	0	2048	2048	1
323	324	0	General	8	2048	2048	1
323	324	0	General	15	2048	2048	1
323	324	1	General	0	16	16	1
323	324	1	General	1024	16	16	1
323	324	1	General	2047	16	16	1
324	325	0	Unique	0	1	1	1
324	325	0	Unique	1024	1	1	1
324	325	0	Unique	2047	1	1	1
324	325	1	General	0	4	4	1
324	325	1	General	256	4	4	1
324	325	1	General	511	4	4	1
323	326	0	General	0	2048	2048	1
323	326	0	General	8	2048	2048	1
323	326	0	General	15	2048	2048	1
323	326	1	General	0	16	16	1
323	326	1	General	1024	16	16	1
323	326	1	General	2047	16	16	1
326	327	0	Unique	0	1	1	1
326	327	0	Unique	1024	1	1	1
326	327	0	Unique	2047	1	1	1
326	327	1	General	0	4	4	1
326	327	1	General	256	4	4	1
326	327	1	General	511	4	4	1
325	328	0	General	0	16	16	1
325	328	0	General	256	16	16	1
325	328	0	General	511	16	16	1
325	328	1	General	0	512	512	1
325	328	1	General	8	512	512	1
325	328	1	General	15	512	512	1
327	328	0	General	0	16	16	1
327	328	0	General	256	16	16	1
327	328	0	General	511	16	16	1
327	328	1	General	0	512	512	1
327	328	1	General	8	512	512	1
327	328	1	General	15	512	512	1
328	329	0	General	0	512	512	1
328	329	0	General	8	512	512	1
328	329	0	General	15	512	512	1
328	329	1	General	0	16	16	1
328	329	1	General	256	16	16	1
328	329	1	General	511	16	16	1
322	330	0	Unique	0	1	1	1
322	330	0	Unique	64	1	1	1
322	330	0	Unique	127	1	1	1
322	330	1	Unique	0	1	1	1
322	330	1	Unique	64	1	1	1
322	330	1	Unique	127	1	1	1
329	330	0	Unique	0	1	1	1
329	330	0	Unique	256	1	1	1
329	330	0	Unique	511	1	1	1
329	330	1	General	0	4	4	1
329	330	1	General	64	4	4	1
329	330	1	General	127	4	4	1
330	331	0	General	0	16	16	1
330	331	0	General	64	16	16	1
330	331	0	General	127	16	16	1
330	331	1	General	0	128	128	1
330	331	1	General	8	128	128	1
330	331	1	General	15	128	128	1
331	332	0	General	0	512	512	1
331	332	0	General	8	512	512	1
331	332	0	General	15	512	512	1
331	332	1	General	0	16	16	1
331	332	1	General	256	16	16	1
331	332	1	General	511	16	16	1
332	333	0	Unique	0	1	1	1
332	333	0	Unique	256	1	1	1
332	333	0	Unique	511	1	1	1
332	333	1	General	0	4	4	1
332	333	1	General	64	4	4	1
332	333	1	General	127	4	4	1
331	334	0	General	0	128	128	1
331	334	0	General	8	128	128	1
331	334	0	General	15	128	128	1
331	334	1	General	0	16	16	1
331	334	1	General	64	16	16	1
331	334	1	General	127	16	16	1
334	335	0	Unique	0	1	1	1
334	335	0	Unique	64	1	1	1
334	335	0	Unique	127	1	1	1
334	335	1	General	0	4	4	1
334	335	1	General	16	4	4	1
334	335	1	General	31	4	4	1
331	336	0	General	0	128	128	1
331	336	0	General	8	128	128	1
331	336	0	General	15	128	128	1
331	336	1	General	0	16	16	1
331	336	1	General	64	16	16	1
331	336	1	General	127	16	16	1
336	337	0	Unique	0	1	1	1
336	337	0	Unique	64	1	1	1
336	337	0	Unique	127	1	1	1
336	337	1	General	0	4	4	1
336	337	1	General	16	4	4	1
336	337	1	General	31	4	4	1
333	338	0	General	0	16	16	1
333	338	0	General	64	16	16	1
333	338	0	General	127	16	16	1
333	338	1	General	0	4	4	1
333	338	1	General	256	4	4	1
333	338	1	General	511	4	4	1
335	339	0	General	0	16	16	1
335	339	0	General	16	16	16	1
335	339	0	General	31	16	16	1
335	339	1	General	0	4	4	1
335	339	1	General	64	4	4	1
335	339	1	General	127	4	4	1
339	340	0	Unique	0	1	1	1
339	340	0	Unique	64	1	1	1
339	340	0	Unique	127	1	1	1
339	340	1	Unique	0	1	1	1
339	340	1	Unique	64	1	1	1
339	340	1	Unique	127	1	1	1
337	341	0	General	0	16	16	1
337	341	0	General	16	16	16	1
337	341	0	General	31	16	16	1
337	341	1	General	0	4	4	1
337	341	1	General	64	4	4	1
337	341	1	General	127	4	4	1
338	342	0	Unique	0	1	1	1
338	342	0	Unique	256	1	1	1
338	342	0	Unique	511	1	1	1
338	342	1	Unique	0	1	1	1
338	342	1	Unique	256	1	1	1
338	342	1	Unique	511	1	1	1
340	342	0	General	0	64	64	1
340	342	0	General	64	64	64	1
340	342	0	General	127	64	64	1
340	342	1	General	0	16	16	1
340	342	1	General	256	16	16	1
340	342	1	General	511	16	16	1
341	342	0	General	0	64	64	1
341	342	0	General	64	64	64	1
341	342	0	General	127	64	64	1
341	342	1	General	0	16	16	1
341	342	1	General	256	16	16	1
341	342	1	General	511	16	16	1
342	343	0	General	0	128	128	1
342	343	0	General	256	128	128	1
342	343	0	General	511	128	128	1
342	343	1	General	0	128	128	1
342	343	1	General	256	128	128	1
342	343	1	General	511	128	128	1
330	344	0	Unique	0	1	1	1
330	344	0	Unique	64	1	1	1
330	344	0	Unique	127	1	1	1
330	344	1	Unique	0	1	1	1
330	344	1	Unique	64	1	1	1
330	344	1	Unique	127	1	1	1
343	344	0	Unique	0	1	1	1
343	344	0	Unique	256	1	1	1
343	344	0	Unique	511	1	1	1
343	344	1	General	0	4	4	1
343	344	1	General	64	4	4	1
343	344	1	General	127	4	4	1
344	345	0	General	0	16	16	1
344	345	0	General	64	16	16	1
344	345	0	General	127	16	16	1
344	345	1	General	0	128	128	1
344	345	1	General	8	128	128	1
344	345	1	General	15	128	128	1
345	346	0	General	0	2048	2048	1
345	346	0	General	8	2048	2048	1
345	346	0	General	15	2048	2048	1
345	346	1	General	0	16	16	1
345	346	1	General	1024	16	16	1
345	346	1	General	2047	16	16	1
346	347	0	Unique	0	1	1	1
346	347	0	Unique	1024	1	1	1
346	347	0	Unique	2047	1	1	1
346	347	1	General	0	4	4	1
346	347	1	General	256	4	4	1
346	347	1	General	511	4	4	1
345	348	0	General	0	2048	2048	1
345	348	0	General	8	2048	2048	1
345	348	0	General	15	2048	2048	1
345	348	1	General	0	16	16	1
345	348	1	General	1024	16	16	1
345	348	1	General	2047	16	16	1
348	349	0	Unique	0	1	1	1
348	349	0	Unique	1024	1	1	1
348	349	0	Unique	2047	1	1	1
348	349	1	General	0	4	4	1
348	349	1	General	256	4	4	1
348	349	1	General	511	4	4	1
347	350	0	General	0	16	16	1
347	350	0	General	256	16	16	1
347	350	0	General	511	16	16	1
347	350	1	General	0	512	512	1
347	350	1	General	8	512	512	1
347	350	1	General	15	512	512	1
349	350	0	General	0	16	16	1
349	350	0	General	256	16	16	1
349	350	0	General	511	16	16	1
349	350	1	General	0	512	512	1
349	350	1	General	8	512	512	1
349	350	1	General	15	512	512	1
350	351	0	General	0	512	512	1
350	351	0	General	8	512	512	1
350	351	0	General	15	512	512	1
350	351	1	General	0	16	16	1
350	351	1	General	256	16	16	1
350	351	1	General	511	16	16	1
344	352	0	Unique	0	1	1	1
344	352	0	Unique	64	1	1	1
344	352	0	Unique	127	1	1	1
344	352	1	Unique	0	1	1	1
344	352	1	Unique	64	1	1	1
344	352	1	Unique	127	1	1	1
351	352	0	Unique	0	1	1	1
351	352	0	Unique	256	1	1	1
351	352	0	Unique	511	1	1	1
351	352	1	General	0	4	4	1
351	352	1	General	64	4	4	1
351	352	1	General	127	4	4	1
352	353	0	General	0	16	16	1
352	353	0	General	64	16	16	1
352	353	0	General	127	16	16	1
352	353	1	General	0	128	128	1
352	353	1	General	8	128	128	1
352	353	1	General	15	128	128	1
353	354	0	General	0	32064	32064	1
353	354	0	General	8	32064	32064	1
353	354	0	General	15	32064	32064	1
353	354	1	General	0	16	16	1
353	354	1	General	16032	16	16	1
353	354	1	General	32063	16	16	1
354	355	0	Unique	0	1	1	1
354	355	0	Unique	16032	1	1	1
354	355	0	Unique	32063	1	1	1
354	355	1	General	0	4	4	1
354	355	1	General	4008	4	4	1
354	355	1	General	8015	4	4	1
STRUCTURE 1:1 edges=64
STRUCTURE M:N edges=258
STRUCTURE N:1 edges=113
ORACLE_KIND General directions=629
ORACLE_KIND Unique directions=241
ORACLE_SET_EQUAL comparisons=2610 PASS
CONTROL_EFT plan=/root/TileMega/docs/experiments/SOLVER_V2/legacy_r8_domain/llama_s16/eft_queue.tsv nodes=181168
