SKELETON_RESIDENCY key=32x16x32s2k16;32x16x32s2k16;32x16x32s2k16;32x16x32s2k16; residency=1 nodes=19952 level2_ms=154.684 requeues=126572 score_ns=468375
SKELETON_RESIDENCY key=32x16x32s2k16;32x16x32s2k16;32x16x32s2k16;32x16x32s2k16; residency=2 nodes=19952 level2_ms=178.774 requeues=67948 score_ns=291941
SKELETON_RESIDENCY key=32x16x32s2k16;32x16x32s2k16;32x16x32s2k16;32x16x32s2k16; residency=3 nodes=19952 level2_ms=175.277 requeues=48977 score_ns=267115
SKELETON_RESIDENCY key=32x16x32s2k16;32x16x32s2k16;32x16x32s2k16;32x16x32s2k16; residency=4 nodes=19952 level2_ms=174.514 requeues=38933 score_ns=225901
SKELETON_RESIDENCY key=32x16x32s2k16;32x16x32s2k16;32x16x32s2k16;32x16x32s2k16; residency=5 nodes=19952 level2_ms=155.201 requeues=33862 score_ns=219182
SKELETON_RESIDENCY key=32x16x32s2k16;32x16x32s2k16;32x16x32s2k16;32x16x32s2k16; residency=6 nodes=19952 level2_ms=139.765 requeues=30181 score_ns=211110
SKELETON_RESIDENCY key=32x16x32s2k1;32x16x32s2k16;32x16x32s2k16;32x16x32s2k16; residency=1 nodes=13808 level2_ms=130.48 requeues=84876 score_ns=373294
SKELETON_RESIDENCY key=32x16x32s2k1;32x16x32s2k16;32x16x32s2k16;32x16x32s2k16; residency=2 nodes=13808 level2_ms=147.034 requeues=45804 score_ns=255623
SKELETON_RESIDENCY key=32x16x32s2k1;32x16x32s2k16;32x16x32s2k16;32x16x32s2k16; residency=3 nodes=13808 level2_ms=160.617 requeues=33260 score_ns=241150
SKELETON_RESIDENCY key=32x16x32s2k1;32x16x32s2k16;32x16x32s2k16;32x16x32s2k16; residency=4 nodes=13808 level2_ms=170.497 requeues=26492 score_ns=218320
SKELETON_RESIDENCY key=32x16x32s2k1;32x16x32s2k16;32x16x32s2k16;32x16x32s2k16; residency=5 nodes=13808 level2_ms=150.654 requeues=23113 score_ns=220363
SKELETON_RESIDENCY key=32x16x32s2k1;32x16x32s2k16;32x16x32s2k16;32x16x32s2k16; residency=6 nodes=13808 level2_ms=137.139 requeues=20908 score_ns=219636
SKELETON_RESIDENCY key=32x16x32s2k2;32x16x32s2k16;32x16x32s2k16;32x16x32s2k16; residency=1 nodes=14576 level2_ms=133.321 requeues=85906 score_ns=386834
SKELETON_RESIDENCY key=32x16x32s2k2;32x16x32s2k16;32x16x32s2k16;32x16x32s2k16; residency=2 nodes=14576 level2_ms=149.59 requeues=46572 score_ns=254135
SKELETON_RESIDENCY key=32x16x32s2k2;32x16x32s2k16;32x16x32s2k16;32x16x32s2k16; residency=3 nodes=14576 level2_ms=166.81 requeues=34027 score_ns=239102
SKELETON_RESIDENCY key=32x16x32s2k2;32x16x32s2k16;32x16x32s2k16;32x16x32s2k16; residency=4 nodes=14576 level2_ms=177.045 requeues=27276 score_ns=217247
SKELETON_RESIDENCY key=32x16x32s2k2;32x16x32s2k16;32x16x32s2k16;32x16x32s2k16; residency=5 nodes=14576 level2_ms=141.585 requeues=23884 score_ns=213520
SKELETON_RESIDENCY key=32x16x32s2k2;32x16x32s2k16;32x16x32s2k16;32x16x32s2k16; residency=6 nodes=14576 level2_ms=131.055 requeues=21675 score_ns=210396
SKELETON_RESIDENCY key=32x16x32s2k4;32x16x32s2k16;32x16x32s2k16;32x16x32s2k16; residency=1 nodes=15344 level2_ms=137.776 requeues=88076 score_ns=390541
SKELETON_RESIDENCY key=32x16x32s2k4;32x16x32s2k16;32x16x32s2k16;32x16x32s2k16; residency=2 nodes=15344 level2_ms=153.167 requeues=47865 score_ns=259349
SKELETON_RESIDENCY key=32x16x32s2k4;32x16x32s2k16;32x16x32s2k16;32x16x32s2k16; residency=3 nodes=15344 level2_ms=167.863 requeues=34838 score_ns=243069
SKELETON_RESIDENCY key=32x16x32s2k4;32x16x32s2k16;32x16x32s2k16;32x16x32s2k16; residency=4 nodes=15344 level2_ms=178.545 requeues=28044 score_ns=204613
SKELETON_RESIDENCY key=32x16x32s2k4;32x16x32s2k16;32x16x32s2k16;32x16x32s2k16; residency=5 nodes=15344 level2_ms=177.17 requeues=24652 score_ns=206044
SKELETON_RESIDENCY key=32x16x32s2k4;32x16x32s2k16;32x16x32s2k16;32x16x32s2k16; residency=6 nodes=15344 level2_ms=164.01 requeues=22444 score_ns=201741
SKELETON_RESIDENCY key=32x16x32s2k8;32x16x32s2k16;32x16x32s2k16;32x16x32s2k16; residency=1 nodes=16880 level2_ms=151.181 requeues=96268 score_ns=416485
SKELETON_RESIDENCY key=32x16x32s2k8;32x16x32s2k16;32x16x32s2k16;32x16x32s2k16; residency=2 nodes=16880 level2_ms=165.969 requeues=52073 score_ns=271235
SKELETON_RESIDENCY key=32x16x32s2k8;32x16x32s2k16;32x16x32s2k16;32x16x32s2k16; residency=3 nodes=16880 level2_ms=179.62 requeues=37868 score_ns=239341
SKELETON_RESIDENCY key=32x16x32s2k8;32x16x32s2k16;32x16x32s2k16;32x16x32s2k16; residency=4 nodes=16880 level2_ms=188.244 requeues=30687 score_ns=212973
SKELETON_RESIDENCY key=32x16x32s2k8;32x16x32s2k16;32x16x32s2k16;32x16x32s2k16; residency=5 nodes=16880 level2_ms=158.415 requeues=26696 score_ns=211477
SKELETON_RESIDENCY key=32x16x32s2k8;32x16x32s2k16;32x16x32s2k16;32x16x32s2k16; residency=6 nodes=16880 level2_ms=127.67 requeues=24080 score_ns=202543
SKELETON_RESIDENCY key=32x16x32s2k32;32x16x32s2k16;32x16x32s2k16;32x16x32s2k16; residency=1 nodes=19952 level2_ms=151.728 requeues=126572 score_ns=468375
SKELETON_RESIDENCY key=32x16x32s2k32;32x16x32s2k16;32x16x32s2k16;32x16x32s2k16; residency=2 nodes=19952 level2_ms=170.424 requeues=67948 score_ns=291941
SKELETON_RESIDENCY key=32x16x32s2k32;32x16x32s2k16;32x16x32s2k16;32x16x32s2k16; residency=3 nodes=19952 level2_ms=172.239 requeues=48977 score_ns=267115
SKELETON_RESIDENCY key=32x16x32s2k32;32x16x32s2k16;32x16x32s2k16;32x16x32s2k16; residency=4 nodes=19952 level2_ms=172.147 requeues=38933 score_ns=225901
SKELETON_RESIDENCY key=32x16x32s2k32;32x16x32s2k16;32x16x32s2k16;32x16x32s2k16; residency=5 nodes=19952 level2_ms=156.379 requeues=33862 score_ns=219182
SKELETON_RESIDENCY key=32x16x32s2k32;32x16x32s2k16;32x16x32s2k16;32x16x32s2k16; residency=6 nodes=19952 level2_ms=142.961 requeues=30181 score_ns=211110
SKELETON_RESIDENCY key=32x16x32s2k4;32x16x32s2k1;32x16x32s2k16;32x16x32s2k16; residency=1 nodes=13296 level2_ms=101.025 requeues=82860 score_ns=370841
SKELETON_RESIDENCY key=32x16x32s2k4;32x16x32s2k1;32x16x32s2k16;32x16x32s2k16; residency=2 nodes=13296 level2_ms=107.475 requeues=44780 score_ns=258920
SKELETON_RESIDENCY key=32x16x32s2k4;32x16x32s2k1;32x16x32s2k16;32x16x32s2k16; residency=3 nodes=13296 level2_ms=120.508 requeues=32288 score_ns=239591
SKELETON_RESIDENCY key=32x16x32s2k4;32x16x32s2k1;32x16x32s2k16;32x16x32s2k16; residency=4 nodes=13296 level2_ms=129.73 requeues=25900 score_ns=213831
SKELETON_RESIDENCY key=32x16x32s2k4;32x16x32s2k1;32x16x32s2k16;32x16x32s2k16; residency=5 nodes=13296 level2_ms=143.79 requeues=22619 score_ns=227681
SKELETON_RESIDENCY key=32x16x32s2k4;32x16x32s2k1;32x16x32s2k16;32x16x32s2k16; residency=6 nodes=13296 level2_ms=141.425 requeues=20396 score_ns=224438
SKELETON_RESIDENCY key=32x16x32s2k4;32x16x32s2k2;32x16x32s2k16;32x16x32s2k16; residency=1 nodes=13552 level2_ms=99.853 requeues=83116 score_ns=369301
SKELETON_RESIDENCY key=32x16x32s2k4;32x16x32s2k2;32x16x32s2k16;32x16x32s2k16; residency=2 nodes=13552 level2_ms=107.851 requeues=45036 score_ns=257458
SKELETON_RESIDENCY key=32x16x32s2k4;32x16x32s2k2;32x16x32s2k16;32x16x32s2k16; residency=3 nodes=13552 level2_ms=120.232 requeues=32531 score_ns=236237
SKELETON_RESIDENCY key=32x16x32s2k4;32x16x32s2k2;32x16x32s2k16;32x16x32s2k16; residency=4 nodes=13552 level2_ms=130.091 requeues=26183 score_ns=212403
SKELETON_RESIDENCY key=32x16x32s2k4;32x16x32s2k2;32x16x32s2k16;32x16x32s2k16; residency=5 nodes=13552 level2_ms=140.746 requeues=22886 score_ns=220903
SKELETON_RESIDENCY key=32x16x32s2k4;32x16x32s2k2;32x16x32s2k16;32x16x32s2k16; residency=6 nodes=13552 level2_ms=146.203 requeues=20652 score_ns=215274
SKELETON_RESIDENCY key=32x16x32s2k4;32x16x32s2k4;32x16x32s2k16;32x16x32s2k16; residency=1 nodes=13808 level2_ms=100.72 requeues=83372 score_ns=364394
SKELETON_RESIDENCY key=32x16x32s2k4;32x16x32s2k4;32x16x32s2k16;32x16x32s2k16; residency=2 nodes=13808 level2_ms=109.558 requeues=45292 score_ns=252601
SKELETON_RESIDENCY key=32x16x32s2k4;32x16x32s2k4;32x16x32s2k16;32x16x32s2k16; residency=3 nodes=13808 level2_ms=124.447 requeues=32787 score_ns=231120
SKELETON_RESIDENCY key=32x16x32s2k4;32x16x32s2k4;32x16x32s2k16;32x16x32s2k16; residency=4 nodes=13808 level2_ms=131.535 requeues=26446 score_ns=206106
SKELETON_RESIDENCY key=32x16x32s2k4;32x16x32s2k4;32x16x32s2k16;32x16x32s2k16; residency=5 nodes=13808 level2_ms=144.65 requeues=23141 score_ns=213427
SKELETON_RESIDENCY key=32x16x32s2k4;32x16x32s2k4;32x16x32s2k16;32x16x32s2k16; residency=6 nodes=13808 level2_ms=141.459 requeues=20908 score_ns=206619
SKELETON_RESIDENCY key=32x16x32s2k4;32x16x32s2k8;32x16x32s2k16;32x16x32s2k16; residency=1 nodes=14320 level2_ms=103.041 requeues=84396 score_ns=373109
SKELETON_RESIDENCY key=32x16x32s2k4;32x16x32s2k8;32x16x32s2k16;32x16x32s2k16; residency=2 nodes=14320 level2_ms=108.611 requeues=45821 score_ns=261419
SKELETON_RESIDENCY key=32x16x32s2k4;32x16x32s2k8;32x16x32s2k16;32x16x32s2k16; residency=3 nodes=14320 level2_ms=121.577 requeues=33299 score_ns=228791
SKELETON_RESIDENCY key=32x16x32s2k4;32x16x32s2k8;32x16x32s2k16;32x16x32s2k16; residency=4 nodes=14320 level2_ms=131.279 requeues=26924 score_ns=200299
SKELETON_RESIDENCY key=32x16x32s2k4;32x16x32s2k8;32x16x32s2k16;32x16x32s2k16; residency=5 nodes=14320 level2_ms=185.313 requeues=23628 score_ns=206953
SKELETON_RESIDENCY key=32x16x32s2k4;32x16x32s2k8;32x16x32s2k16;32x16x32s2k16; residency=6 nodes=14320 level2_ms=174.969 requeues=21420 score_ns=202752
SKELETON_RESIDENCY key=32x16x32s2k4;32x16x32s2k32;32x16x32s2k16;32x16x32s2k16; residency=1 nodes=15344 level2_ms=138.181 requeues=88076 score_ns=390541
SKELETON_RESIDENCY key=32x16x32s2k4;32x16x32s2k32;32x16x32s2k16;32x16x32s2k16; residency=2 nodes=15344 level2_ms=153.321 requeues=47865 score_ns=259349
SKELETON_RESIDENCY key=32x16x32s2k4;32x16x32s2k32;32x16x32s2k16;32x16x32s2k16; residency=3 nodes=15344 level2_ms=168.819 requeues=34838 score_ns=243069
SKELETON_RESIDENCY key=32x16x32s2k4;32x16x32s2k32;32x16x32s2k16;32x16x32s2k16; residency=4 nodes=15344 level2_ms=178.492 requeues=28044 score_ns=204613
SKELETON_RESIDENCY key=32x16x32s2k4;32x16x32s2k32;32x16x32s2k16;32x16x32s2k16; residency=5 nodes=15344 level2_ms=131.739 requeues=24652 score_ns=206044
SKELETON_RESIDENCY key=32x16x32s2k4;32x16x32s2k32;32x16x32s2k16;32x16x32s2k16; residency=6 nodes=15344 level2_ms=116.593 requeues=22444 score_ns=201741
SKELETON_RESIDENCY key=32x16x32s2k4;32x16x32s2k8;32x16x32s2k1;32x16x32s2k16; residency=1 nodes=6128 level2_ms=20.8294 requeues=11404 score_ns=235177
SKELETON_RESIDENCY key=32x16x32s2k4;32x16x32s2k8;32x16x32s2k1;32x16x32s2k16; residency=2 nodes=6128 level2_ms=22.0922 requeues=7648 score_ns=201893
SKELETON_RESIDENCY key=32x16x32s2k4;32x16x32s2k8;32x16x32s2k1;32x16x32s2k16; residency=3 nodes=6128 level2_ms=25.608 requeues=6611 score_ns=194954
SKELETON_RESIDENCY key=32x16x32s2k4;32x16x32s2k8;32x16x32s2k1;32x16x32s2k16; residency=4 nodes=6128 level2_ms=24.7044 requeues=6060 score_ns=183970
SKELETON_RESIDENCY key=32x16x32s2k4;32x16x32s2k8;32x16x32s2k1;32x16x32s2k16; residency=5 nodes=6128 level2_ms=25.3384 requeues=6082 score_ns=197013
SKELETON_RESIDENCY key=32x16x32s2k4;32x16x32s2k8;32x16x32s2k1;32x16x32s2k16; residency=6 nodes=6128 level2_ms=26.3992 requeues=6060 score_ns=203816
SKELETON_RESIDENCY key=32x16x32s2k4;32x16x32s2k8;32x16x32s2k2;32x16x32s2k16; residency=1 nodes=7152 level2_ms=23.9453 requeues=12940 score_ns=252153
SKELETON_RESIDENCY key=32x16x32s2k4;32x16x32s2k8;32x16x32s2k2;32x16x32s2k16; residency=2 nodes=7152 level2_ms=25.8829 requeues=8637 score_ns=200405
SKELETON_RESIDENCY key=32x16x32s2k4;32x16x32s2k8;32x16x32s2k2;32x16x32s2k16; residency=3 nodes=7152 level2_ms=31.1072 requeues=7648 score_ns=188627
SKELETON_RESIDENCY key=32x16x32s2k4;32x16x32s2k8;32x16x32s2k2;32x16x32s2k16; residency=4 nodes=7152 level2_ms=26.7306 requeues=7084 score_ns=179525
SKELETON_RESIDENCY key=32x16x32s2k4;32x16x32s2k8;32x16x32s2k2;32x16x32s2k16; residency=5 nodes=7152 level2_ms=28.5497 requeues=7084 score_ns=187050
SKELETON_RESIDENCY key=32x16x32s2k4;32x16x32s2k8;32x16x32s2k2;32x16x32s2k16; residency=6 nodes=7152 level2_ms=28.3692 requeues=7084 score_ns=194576
SKELETON_RESIDENCY key=32x16x32s2k4;32x16x32s2k8;32x16x32s2k4;32x16x32s2k16; residency=1 nodes=8176 level2_ms=28.6776 requeues=16908 score_ns=269432
SKELETON_RESIDENCY key=32x16x32s2k4;32x16x32s2k8;32x16x32s2k4;32x16x32s2k16; residency=2 nodes=8176 level2_ms=32.6892 requeues=10685 score_ns=209121
SKELETON_RESIDENCY key=32x16x32s2k4;32x16x32s2k8;32x16x32s2k4;32x16x32s2k16; residency=3 nodes=8176 level2_ms=33.5635 requeues=9166 score_ns=196049
SKELETON_RESIDENCY key=32x16x32s2k4;32x16x32s2k8;32x16x32s2k4;32x16x32s2k16; residency=4 nodes=8176 level2_ms=31.1901 requeues=8108 score_ns=173228
SKELETON_RESIDENCY key=32x16x32s2k4;32x16x32s2k8;32x16x32s2k4;32x16x32s2k16; residency=5 nodes=8176 level2_ms=33.3556 requeues=8108 score_ns=179574
SKELETON_RESIDENCY key=32x16x32s2k4;32x16x32s2k8;32x16x32s2k4;32x16x32s2k16; residency=6 nodes=8176 level2_ms=33.6177 requeues=8108 score_ns=185921
SKELETON_RESIDENCY key=32x16x32s2k4;32x16x32s2k8;32x16x32s2k8;32x16x32s2k16; residency=1 nodes=10224 level2_ms=44.7149 requeues=31180 score_ns=303990
SKELETON_RESIDENCY key=32x16x32s2k4;32x16x32s2k8;32x16x32s2k8;32x16x32s2k16; residency=2 nodes=10224 level2_ms=50.773 requeues=18237 score_ns=226553
SKELETON_RESIDENCY key=32x16x32s2k4;32x16x32s2k8;32x16x32s2k8;32x16x32s2k16; residency=3 nodes=10224 level2_ms=57.2041 requeues=14304 score_ns=203679
SKELETON_RESIDENCY key=32x16x32s2k4;32x16x32s2k8;32x16x32s2k8;32x16x32s2k16; residency=4 nodes=10224 level2_ms=53.9417 requeues=12204 score_ns=182251
SKELETON_RESIDENCY key=32x16x32s2k4;32x16x32s2k8;32x16x32s2k8;32x16x32s2k16; residency=5 nodes=10224 level2_ms=49.9921 requeues=11692 score_ns=188700
SKELETON_RESIDENCY key=32x16x32s2k4;32x16x32s2k8;32x16x32s2k8;32x16x32s2k16; residency=6 nodes=10224 level2_ms=52.4581 requeues=11180 score_ns=195149
SKELETON_RESIDENCY key=32x16x32s2k4;32x16x32s2k8;32x16x32s2k32;32x16x32s2k16; residency=1 nodes=14320 level2_ms=118.674 requeues=84396 score_ns=373109
SKELETON_RESIDENCY key=32x16x32s2k4;32x16x32s2k8;32x16x32s2k32;32x16x32s2k16; residency=2 nodes=14320 level2_ms=108.181 requeues=45821 score_ns=261419
SKELETON_RESIDENCY key=32x16x32s2k4;32x16x32s2k8;32x16x32s2k32;32x16x32s2k16; residency=3 nodes=14320 level2_ms=120.812 requeues=33299 score_ns=228791
SKELETON_RESIDENCY key=32x16x32s2k4;32x16x32s2k8;32x16x32s2k32;32x16x32s2k16; residency=4 nodes=14320 level2_ms=128.331 requeues=26924 score_ns=200299
SKELETON_RESIDENCY key=32x16x32s2k4;32x16x32s2k8;32x16x32s2k32;32x16x32s2k16; residency=5 nodes=14320 level2_ms=143.1 requeues=23628 score_ns=206953
SKELETON_RESIDENCY key=32x16x32s2k4;32x16x32s2k8;32x16x32s2k32;32x16x32s2k16; residency=6 nodes=14320 level2_ms=133.394 requeues=21420 score_ns=202752
SKELETON_RESIDENCY key=32x16x32s2k4;32x16x32s2k8;32x16x32s2k4;32x16x32s2k1; residency=1 nodes=6128 level2_ms=19.295 requeues=11692 score_ns=264603
SKELETON_RESIDENCY key=32x16x32s2k4;32x16x32s2k8;32x16x32s2k4;32x16x32s2k1; residency=2 nodes=6128 level2_ms=20.8264 requeues=7648 score_ns=226042
SKELETON_RESIDENCY key=32x16x32s2k4;32x16x32s2k8;32x16x32s2k4;32x16x32s2k1; residency=3 nodes=6128 level2_ms=19.1099 requeues=6595 score_ns=218997
SKELETON_RESIDENCY key=32x16x32s2k4;32x16x32s2k8;32x16x32s2k4;32x16x32s2k1; residency=4 nodes=6128 level2_ms=19.1145 requeues=6060 score_ns=211941
SKELETON_RESIDENCY key=32x16x32s2k4;32x16x32s2k8;32x16x32s2k4;32x16x32s2k1; residency=5 nodes=6128 level2_ms=20.6158 requeues=6060 score_ns=227082
SKELETON_RESIDENCY key=32x16x32s2k4;32x16x32s2k8;32x16x32s2k4;32x16x32s2k1; residency=6 nodes=6128 level2_ms=21.0527 requeues=6060 score_ns=242223
SKELETON_RESIDENCY key=32x16x32s2k4;32x16x32s2k8;32x16x32s2k4;32x16x32s2k2; residency=1 nodes=6384 level2_ms=19.9216 requeues=11948 score_ns=253149
SKELETON_RESIDENCY key=32x16x32s2k4;32x16x32s2k8;32x16x32s2k4;32x16x32s2k2; residency=2 nodes=6384 level2_ms=21.8445 requeues=7859 score_ns=206345
SKELETON_RESIDENCY key=32x16x32s2k4;32x16x32s2k8;32x16x32s2k4;32x16x32s2k2; residency=3 nodes=6384 level2_ms=20.3663 requeues=6880 score_ns=206326
SKELETON_RESIDENCY key=32x16x32s2k4;32x16x32s2k8;32x16x32s2k4;32x16x32s2k2; residency=4 nodes=6384 level2_ms=19.6968 requeues=6316 score_ns=194547
SKELETON_RESIDENCY key=32x16x32s2k4;32x16x32s2k8;32x16x32s2k4;32x16x32s2k2; residency=5 nodes=6384 level2_ms=21.2064 requeues=6316 score_ns=204842
SKELETON_RESIDENCY key=32x16x32s2k4;32x16x32s2k8;32x16x32s2k4;32x16x32s2k2; residency=6 nodes=6384 level2_ms=21.983 requeues=6316 score_ns=215137
SKELETON_RESIDENCY key=32x16x32s2k4;32x16x32s2k8;32x16x32s2k4;32x16x32s2k4; residency=1 nodes=6640 level2_ms=20.6867 requeues=12204 score_ns=243284
SKELETON_RESIDENCY key=32x16x32s2k4;32x16x32s2k8;32x16x32s2k4;32x16x32s2k4; residency=2 nodes=6640 level2_ms=22.4993 requeues=8140 score_ns=201463
SKELETON_RESIDENCY key=32x16x32s2k4;32x16x32s2k8;32x16x32s2k4;32x16x32s2k4; residency=3 nodes=6640 level2_ms=21.1572 requeues=7123 score_ns=194596
SKELETON_RESIDENCY key=32x16x32s2k4;32x16x32s2k8;32x16x32s2k4;32x16x32s2k4; residency=4 nodes=6640 level2_ms=21.8132 requeues=6572 score_ns=181751
SKELETON_RESIDENCY key=32x16x32s2k4;32x16x32s2k8;32x16x32s2k4;32x16x32s2k4; residency=5 nodes=6640 level2_ms=21.81 requeues=6572 score_ns=189635
SKELETON_RESIDENCY key=32x16x32s2k4;32x16x32s2k8;32x16x32s2k4;32x16x32s2k4; residency=6 nodes=6640 level2_ms=21.6358 requeues=6572 score_ns=197520
SKELETON_RESIDENCY key=32x16x32s2k4;32x16x32s2k8;32x16x32s2k4;32x16x32s2k8; residency=1 nodes=7152 level2_ms=20.1815 requeues=13228 score_ns=252000
SKELETON_RESIDENCY key=32x16x32s2k4;32x16x32s2k8;32x16x32s2k4;32x16x32s2k8; residency=2 nodes=7152 level2_ms=25.3269 requeues=8637 score_ns=200098
SKELETON_RESIDENCY key=32x16x32s2k4;32x16x32s2k8;32x16x32s2k4;32x16x32s2k8; residency=3 nodes=7152 level2_ms=23.7187 requeues=7643 score_ns=188165
SKELETON_RESIDENCY key=32x16x32s2k4;32x16x32s2k8;32x16x32s2k4;32x16x32s2k8; residency=4 nodes=7152 level2_ms=21.3746 requeues=7084 score_ns=175659
SKELETON_RESIDENCY key=32x16x32s2k4;32x16x32s2k8;32x16x32s2k4;32x16x32s2k8; residency=5 nodes=7152 level2_ms=23.9716 requeues=7084 score_ns=182416
SKELETON_RESIDENCY key=32x16x32s2k4;32x16x32s2k8;32x16x32s2k4;32x16x32s2k8; residency=6 nodes=7152 level2_ms=25.2882 requeues=7084 score_ns=189172
SKELETON_RESIDENCY key=32x16x32s2k4;32x16x32s2k8;32x16x32s2k4;32x16x32s2k32; residency=1 nodes=10224 level2_ms=47.7276 requeues=30460 score_ns=304298
SKELETON_RESIDENCY key=32x16x32s2k4;32x16x32s2k8;32x16x32s2k4;32x16x32s2k32; residency=2 nodes=10224 level2_ms=51.7638 requeues=17949 score_ns=227169
SKELETON_RESIDENCY key=32x16x32s2k4;32x16x32s2k8;32x16x32s2k4;32x16x32s2k32; residency=3 nodes=10224 level2_ms=55.8634 requeues=14299 score_ns=205919
SKELETON_RESIDENCY key=32x16x32s2k4;32x16x32s2k8;32x16x32s2k4;32x16x32s2k32; residency=4 nodes=10224 level2_ms=59.9277 requeues=12204 score_ns=183482
SKELETON_RESIDENCY key=32x16x32s2k4;32x16x32s2k8;32x16x32s2k4;32x16x32s2k32; residency=5 nodes=10224 level2_ms=66.5133 requeues=11692 score_ns=190238
SKELETON_RESIDENCY key=32x16x32s2k4;32x16x32s2k8;32x16x32s2k4;32x16x32s2k32; residency=6 nodes=10224 level2_ms=64.8504 requeues=11180 score_ns=196995
SKELETON_RESIDENCY key=32x16x32s2k4;32x16x32s2k8;32x16x32s2k4;32x16x32s2k16; residency=1 nodes=8176 level2_ms=29.0145 requeues=16908 score_ns=269432
SKELETON_RESIDENCY key=32x16x32s2k4;32x16x32s2k8;32x16x32s2k4;32x16x32s2k16; residency=2 nodes=8176 level2_ms=38.4432 requeues=10685 score_ns=209121
SKELETON_RESIDENCY key=32x16x32s2k4;32x16x32s2k8;32x16x32s2k4;32x16x32s2k16; residency=3 nodes=8176 level2_ms=33.0035 requeues=9166 score_ns=196049
SKELETON_RESIDENCY key=32x16x32s2k4;32x16x32s2k8;32x16x32s2k4;32x16x32s2k16; residency=4 nodes=8176 level2_ms=32.8226 requeues=8108 score_ns=173228
SKELETON_RESIDENCY key=32x16x32s2k4;32x16x32s2k8;32x16x32s2k4;32x16x32s2k16; residency=5 nodes=8176 level2_ms=32.9223 requeues=8108 score_ns=179574
SKELETON_RESIDENCY key=32x16x32s2k4;32x16x32s2k8;32x16x32s2k4;32x16x32s2k16; residency=6 nodes=8176 level2_ms=34.2306 requeues=8108 score_ns=185921
DISK NEED_MIB=8192 FREE_MIB=1298898
RESOURCE_QUERY directory="/root/TileMega/docs/experiments/SOLVER_V2/reference/mha4_s4/selected.cu.resources/1790258231299383301/0" resident=5
SKELETON_RESIDENCY key=32x16x32s2k4;32x16x32s2k8;32x16x32s2k4;32x16x32s2k16; residency=1 nodes=8176 level2_ms=36.4358 requeues=16908 score_ns=269432
SKELETON_RESIDENCY key=32x16x32s2k4;32x16x32s2k8;32x16x32s2k4;32x16x32s2k16; residency=2 nodes=8176 level2_ms=41.337 requeues=10685 score_ns=209121
SKELETON_RESIDENCY key=32x16x32s2k4;32x16x32s2k8;32x16x32s2k4;32x16x32s2k16; residency=3 nodes=8176 level2_ms=42.9519 requeues=9166 score_ns=196049
SKELETON_RESIDENCY key=32x16x32s2k4;32x16x32s2k8;32x16x32s2k4;32x16x32s2k16; residency=4 nodes=8176 level2_ms=41.5777 requeues=8108 score_ns=173228
SKELETON_RESIDENCY key=32x16x32s2k4;32x16x32s2k8;32x16x32s2k4;32x16x32s2k16; residency=5 nodes=8176 level2_ms=42.5357 requeues=8108 score_ns=179574
SKELETON_RESIDENCY key=32x16x32s2k4;32x16x32s2k8;32x16x32s2k4;32x16x32s2k8; residency=1 nodes=7152 level2_ms=25.7223 requeues=13228 score_ns=252000
SKELETON_RESIDENCY key=32x16x32s2k4;32x16x32s2k8;32x16x32s2k4;32x16x32s2k8; residency=2 nodes=7152 level2_ms=23.4824 requeues=8637 score_ns=200098
SKELETON_RESIDENCY key=32x16x32s2k4;32x16x32s2k8;32x16x32s2k4;32x16x32s2k8; residency=3 nodes=7152 level2_ms=22.771 requeues=7643 score_ns=188165
SKELETON_RESIDENCY key=32x16x32s2k4;32x16x32s2k8;32x16x32s2k4;32x16x32s2k8; residency=4 nodes=7152 level2_ms=22.5184 requeues=7084 score_ns=175659
SKELETON_RESIDENCY key=32x16x32s2k4;32x16x32s2k8;32x16x32s2k4;32x16x32s2k8; residency=5 nodes=7152 level2_ms=24.0165 requeues=7084 score_ns=182416
SKELETON_RESIDENCY key=32x16x32s2k4;32x16x32s2k8;32x16x32s2k4;32x16x32s2k8; residency=6 nodes=7152 level2_ms=25.6648 requeues=7084 score_ns=189172
DISK NEED_MIB=8192 FREE_MIB=1298785
RESOURCE_QUERY directory="/root/TileMega/docs/experiments/SOLVER_V2/reference/mha4_s4/selected.cu.resources/1790258231299383301/1" resident=5
SKELETON_RESIDENCY key=32x16x32s2k4;32x16x32s2k8;32x16x32s2k4;32x16x32s2k8; residency=1 nodes=7152 level2_ms=30.3602 requeues=13228 score_ns=252000
SKELETON_RESIDENCY key=32x16x32s2k4;32x16x32s2k8;32x16x32s2k4;32x16x32s2k8; residency=2 nodes=7152 level2_ms=32.3899 requeues=8637 score_ns=200098
SKELETON_RESIDENCY key=32x16x32s2k4;32x16x32s2k8;32x16x32s2k4;32x16x32s2k8; residency=3 nodes=7152 level2_ms=30.1293 requeues=7643 score_ns=188165
SKELETON_RESIDENCY key=32x16x32s2k4;32x16x32s2k8;32x16x32s2k4;32x16x32s2k8; residency=4 nodes=7152 level2_ms=30.4711 requeues=7084 score_ns=175659
SKELETON_RESIDENCY key=32x16x32s2k4;32x16x32s2k8;32x16x32s2k4;32x16x32s2k8; residency=5 nodes=7152 level2_ms=31.2242 requeues=7084 score_ns=182416
SKELETON_RESIDENCY key=32x16x32s2k4;32x16x32s2k8;32x16x32s2k2;32x16x32s2k16; residency=1 nodes=7152 level2_ms=30.2666 requeues=12940 score_ns=252153
SKELETON_RESIDENCY key=32x16x32s2k4;32x16x32s2k8;32x16x32s2k2;32x16x32s2k16; residency=2 nodes=7152 level2_ms=32.2754 requeues=8637 score_ns=200405
SKELETON_RESIDENCY key=32x16x32s2k4;32x16x32s2k8;32x16x32s2k2;32x16x32s2k16; residency=3 nodes=7152 level2_ms=35.0652 requeues=7648 score_ns=188627
SKELETON_RESIDENCY key=32x16x32s2k4;32x16x32s2k8;32x16x32s2k2;32x16x32s2k16; residency=4 nodes=7152 level2_ms=34.5776 requeues=7084 score_ns=179525
SKELETON_RESIDENCY key=32x16x32s2k4;32x16x32s2k8;32x16x32s2k2;32x16x32s2k16; residency=5 nodes=7152 level2_ms=27.8955 requeues=7084 score_ns=187050
SKELETON_RESIDENCY key=32x16x32s2k4;32x16x32s2k8;32x16x32s2k2;32x16x32s2k16; residency=6 nodes=7152 level2_ms=28.4488 requeues=7084 score_ns=194576
DISK NEED_MIB=8192 FREE_MIB=1298573
RESOURCE_QUERY directory="/root/TileMega/docs/experiments/SOLVER_V2/reference/mha4_s4/selected.cu.resources/1790258231299383301/2" resident=5
SKELETON_RESIDENCY key=32x16x32s2k4;32x16x32s2k8;32x16x32s2k2;32x16x32s2k16; residency=1 nodes=7152 level2_ms=30.0771 requeues=12940 score_ns=252153
SKELETON_RESIDENCY key=32x16x32s2k4;32x16x32s2k8;32x16x32s2k2;32x16x32s2k16; residency=2 nodes=7152 level2_ms=31.9967 requeues=8637 score_ns=200405
SKELETON_RESIDENCY key=32x16x32s2k4;32x16x32s2k8;32x16x32s2k2;32x16x32s2k16; residency=3 nodes=7152 level2_ms=35.3791 requeues=7648 score_ns=188627
SKELETON_RESIDENCY key=32x16x32s2k4;32x16x32s2k8;32x16x32s2k2;32x16x32s2k16; residency=4 nodes=7152 level2_ms=34.527 requeues=7084 score_ns=179525
SKELETON_RESIDENCY key=32x16x32s2k4;32x16x32s2k8;32x16x32s2k2;32x16x32s2k16; residency=5 nodes=7152 level2_ms=26.7376 requeues=7084 score_ns=187050
SKELETON_RESIDENCY key=32x16x32s2k4;32x16x32s2k8;32x16x32s2k4;32x16x32s2k4; residency=1 nodes=6640 level2_ms=19.5614 requeues=12204 score_ns=243284
SKELETON_RESIDENCY key=32x16x32s2k4;32x16x32s2k8;32x16x32s2k4;32x16x32s2k4; residency=2 nodes=6640 level2_ms=22.8697 requeues=8140 score_ns=201463
SKELETON_RESIDENCY key=32x16x32s2k4;32x16x32s2k8;32x16x32s2k4;32x16x32s2k4; residency=3 nodes=6640 level2_ms=21.4673 requeues=7123 score_ns=194596
SKELETON_RESIDENCY key=32x16x32s2k4;32x16x32s2k8;32x16x32s2k4;32x16x32s2k4; residency=4 nodes=6640 level2_ms=19.4195 requeues=6572 score_ns=181751
SKELETON_RESIDENCY key=32x16x32s2k4;32x16x32s2k8;32x16x32s2k4;32x16x32s2k4; residency=5 nodes=6640 level2_ms=22.2899 requeues=6572 score_ns=189635
SKELETON_RESIDENCY key=32x16x32s2k4;32x16x32s2k8;32x16x32s2k4;32x16x32s2k4; residency=6 nodes=6640 level2_ms=22.5124 requeues=6572 score_ns=197520
DISK NEED_MIB=8192 FREE_MIB=1298502
RESOURCE_QUERY directory="/root/TileMega/docs/experiments/SOLVER_V2/reference/mha4_s4/selected.cu.resources/1790258231299383301/3" resident=5
SKELETON_RESIDENCY key=32x16x32s2k4;32x16x32s2k8;32x16x32s2k4;32x16x32s2k4; residency=1 nodes=6640 level2_ms=27.4132 requeues=12204 score_ns=243284
SKELETON_RESIDENCY key=32x16x32s2k4;32x16x32s2k8;32x16x32s2k4;32x16x32s2k4; residency=2 nodes=6640 level2_ms=28.8938 requeues=8140 score_ns=201463
SKELETON_RESIDENCY key=32x16x32s2k4;32x16x32s2k8;32x16x32s2k4;32x16x32s2k4; residency=3 nodes=6640 level2_ms=27.3715 requeues=7123 score_ns=194596
SKELETON_RESIDENCY key=32x16x32s2k4;32x16x32s2k8;32x16x32s2k4;32x16x32s2k4; residency=4 nodes=6640 level2_ms=27.526 requeues=6572 score_ns=181751
SKELETON_RESIDENCY key=32x16x32s2k4;32x16x32s2k8;32x16x32s2k4;32x16x32s2k4; residency=5 nodes=6640 level2_ms=28.7499 requeues=6572 score_ns=189635
SKELETON_RESIDENCY key=32x16x32s2k4;32x16x32s2k8;32x16x32s2k8;32x16x32s2k16; residency=1 nodes=10224 level2_ms=57.9959 requeues=31180 score_ns=303990
SKELETON_RESIDENCY key=32x16x32s2k4;32x16x32s2k8;32x16x32s2k8;32x16x32s2k16; residency=2 nodes=10224 level2_ms=66.0751 requeues=18237 score_ns=226553
SKELETON_RESIDENCY key=32x16x32s2k4;32x16x32s2k8;32x16x32s2k8;32x16x32s2k16; residency=3 nodes=10224 level2_ms=75.3527 requeues=14304 score_ns=203679
SKELETON_RESIDENCY key=32x16x32s2k4;32x16x32s2k8;32x16x32s2k8;32x16x32s2k16; residency=4 nodes=10224 level2_ms=69.2465 requeues=12204 score_ns=182251
SKELETON_RESIDENCY key=32x16x32s2k4;32x16x32s2k8;32x16x32s2k8;32x16x32s2k16; residency=5 nodes=10224 level2_ms=68.9557 requeues=11692 score_ns=188700
SKELETON_RESIDENCY key=32x16x32s2k4;32x16x32s2k8;32x16x32s2k8;32x16x32s2k16; residency=6 nodes=10224 level2_ms=69.2399 requeues=11180 score_ns=195149
DISK NEED_MIB=8192 FREE_MIB=1298374
RESOURCE_QUERY directory="/root/TileMega/docs/experiments/SOLVER_V2/reference/mha4_s4/selected.cu.resources/1790258231299383301/4" resident=5
SKELETON_RESIDENCY key=32x16x32s2k4;32x16x32s2k8;32x16x32s2k8;32x16x32s2k16; residency=1 nodes=10224 level2_ms=57.6281 requeues=31180 score_ns=303990
SKELETON_RESIDENCY key=32x16x32s2k4;32x16x32s2k8;32x16x32s2k8;32x16x32s2k16; residency=2 nodes=10224 level2_ms=66.5822 requeues=18237 score_ns=226553
SKELETON_RESIDENCY key=32x16x32s2k4;32x16x32s2k8;32x16x32s2k8;32x16x32s2k16; residency=3 nodes=10224 level2_ms=74.4019 requeues=14304 score_ns=203679
SKELETON_RESIDENCY key=32x16x32s2k4;32x16x32s2k8;32x16x32s2k8;32x16x32s2k16; residency=4 nodes=10224 level2_ms=69.3596 requeues=12204 score_ns=182251
SKELETON_RESIDENCY key=32x16x32s2k4;32x16x32s2k8;32x16x32s2k8;32x16x32s2k16; residency=5 nodes=10224 level2_ms=67.7955 requeues=11692 score_ns=188700
SOLVE_SUMMARY evaluated=21 deferred=0 residency_scope=compiled hop_calibrated=1
CODEGEN_SUMMARY tasks=96 couplings=114 stages=60 symbolic_windows=0 fallback_windows=0 output=/root/TileMega/docs/experiments/SOLVER_V2/reference/mha4_s4/selected.cu
