E2E_PARTIALS fp32=1 element_bytes=4 total_bytes=5242880
E2E_PLACE_STATS placement=0 max_queue=80 same_worker_edges=756 cross_worker_edges=137708 base_rotation=0 plan=eft
E2E_TIMING cold=0 warmup=5 repeat=11 statistic=median reset=outside_timing
E2E_RESOURCE block=128 reg=86 smem=16384 task_smem=16384 occupancy_smem=16384 static_smem=0 regs_per_sm=65536 smem_per_sm=102400 threads_per_sm=1536 gemm_union=6144 variant_count=1 ctas_per_sm=4 num_sms=128 grid=512 l1_reg=90 l05_reg=72 l1_ctas=5 l2_ctas=5 min_blocks=1 warp_size=32 resident_formula=ctas_per_sm*num_sms
E2E_SCHEDULE workers=512 variant_stages=60 task_refs=22000 task_ref_bytes=616000 waits=14692 wait_bytes=117536 raw_polls=27008 lifted_polls=12316 waiting_tasks=9708 normalization_dummies_lb=4984 max_span=13 generated_max_span=10 max_worker_span=496 resident_limit=512 global_fanin=1 i3_current=pass i3_overresident=reject max_worker_task_refs=80
E2E_TIME l05_ms=0.343040 l1_ms=0.367744 ratio=1.072015 l2_ms=0.311136 l2_over_l1=0.846067
E2E_DIFF l05_vs_l0_mismatch=0 max_abs=0.03125 max_rel=2929.6875 l1_vs_l05_mismatch=0 max_abs=0 max_rel=0 l2_vs_l1_mismatch=0 max_abs=0 max_rel=0
E2E_OUTPUT_DIFF index=0 buffer=73 mismatch=0 max_abs=0.03125 max_rel=2929.6875
E2E_OUTPUT_DIFF index=1 buffer=23 mismatch=0 max_abs=0.00048828125 max_rel=0.028571429
E2E_OUTPUT_DIFF index=2 buffer=24 mismatch=0 max_abs=0 max_rel=0
E2E_OUTPUT_DIFF index=3 buffer=47 mismatch=0 max_abs=0.0078125 max_rel=244.14062
E2E_OUTPUT_DIFF index=4 buffer=48 mismatch=0 max_abs=0.0078125 max_rel=1.6325758
E2E_OUTPUT_DIFF index=5 buffer=71 mismatch=0 max_abs=0.0078125 max_rel=0.90909094
E2E_OUTPUT_DIFF index=6 buffer=72 mismatch=0 max_abs=0.0078125 max_rel=4.0352941
E2E_OUTPUT_DIFF index=7 buffer=95 mismatch=0 max_abs=0.01171875 max_rel=3.3333333
E2E_OUTPUT_DIFF index=8 buffer=96 mismatch=0 max_abs=0.01171875 max_rel=4.4333334
E2E_HASH l05=2534c408bc36998b l1=2534c408bc36998b l2=2534c408bc36998b
E2E_ITER l2_iter1_ms=0.310976 l2_iter1_vs_iter0_mismatch=0 max_abs=0
E2E_KAPPA event_kappa=4 dependency_table=variant_exact
E2E_VARIANT index=0 seq_begin=1 seq_end=4
RESULT status=PASS
