E2E_PARTIALS fp32=1 element_bytes=4 total_bytes=37748736
E2E_PLACE_STATS placement=0 max_queue=65 same_worker_edges=135 cross_worker_edges=34681 base_rotation=0 plan=eft
E2E_TIMING cold=0 warmup=0 repeat=1 statistic=median reset=outside_timing
E2E_RESOURCE block=128 reg=144 smem=16384 task_smem=16384 occupancy_smem=16384 static_smem=0 regs_per_sm=65536 smem_per_sm=102400 threads_per_sm=1536 gemm_union=12288 variant_count=1 ctas_per_sm=3 num_sms=128 grid=384 l1_reg=140 l05_reg=146 l1_ctas=3 l2_ctas=3 min_blocks=1 warp_size=32 resident_formula=ctas_per_sm*num_sms
E2E_SCHEDULE workers=384 variant_stages=64 task_refs=20800 task_ref_bytes=582400 waits=34681 wait_bytes=277448 raw_polls=34681 lifted_polls=0 waiting_tasks=4416 normalization_dummies_lb=30265 max_span=63 generated_max_span=32 max_worker_span=375 resident_limit=384 global_fanin=0 i3_current=pass i3_overresident=reject max_worker_task_refs=65
E2E_TIME l05_ms=3.097600 l1_ms=3.050496 ratio=0.984793 l2_ms=2.007296 l2_over_l1=0.658023
E2E_DIFF l05_vs_l0_mismatch=0 max_abs=0.015625 max_rel=0.125 l1_vs_l05_mismatch=0 max_abs=0 max_rel=0 l2_vs_l1_mismatch=0 max_abs=0 max_rel=0
E2E_OUTPUT_DIFF index=0 buffer=4 mismatch=0 max_abs=0.015625 max_rel=0.0094339624
E2E_OUTPUT_DIFF index=1 buffer=12 mismatch=0 max_abs=0.00390625 max_rel=0.0064935065
E2E_OUTPUT_DIFF index=2 buffer=20 mismatch=0 max_abs=0 max_rel=0
E2E_OUTPUT_DIFF index=3 buffer=28 mismatch=0 max_abs=0.0009765625 max_rel=0.0051282053
E2E_OUTPUT_DIFF index=4 buffer=36 mismatch=0 max_abs=0.001953125 max_rel=0.027777778
E2E_OUTPUT_DIFF index=5 buffer=44 mismatch=0 max_abs=0 max_rel=0
E2E_OUTPUT_DIFF index=6 buffer=52 mismatch=0 max_abs=0.00390625 max_rel=0.0125
E2E_OUTPUT_DIFF index=7 buffer=60 mismatch=0 max_abs=0.0078125 max_rel=0.125
E2E_OUTPUT_DIFF index=8 buffer=68 mismatch=0 max_abs=0.015625 max_rel=0.0072463769
E2E_OUTPUT_DIFF index=9 buffer=76 mismatch=0 max_abs=0.00390625 max_rel=0.0086206896
E2E_OUTPUT_DIFF index=10 buffer=84 mismatch=0 max_abs=0.00048828125 max_rel=0.0047619049
E2E_OUTPUT_DIFF index=11 buffer=92 mismatch=0 max_abs=0.0078125 max_rel=0.07692308
E2E_OUTPUT_DIFF index=12 buffer=100 mismatch=0 max_abs=0.0078125 max_rel=0.037037037
E2E_OUTPUT_DIFF index=13 buffer=108 mismatch=0 max_abs=0.0009765625 max_rel=0.0099502485
E2E_OUTPUT_DIFF index=14 buffer=116 mismatch=0 max_abs=0.0078125 max_rel=0.019607844
E2E_OUTPUT_DIFF index=15 buffer=124 mismatch=0 max_abs=0 max_rel=0
E2E_HASH l05=4383707513dff96b l1=4383707513dff96b l2=4383707513dff96b
E2E_ITER l2_iter1_ms=2.013920 l2_iter1_vs_iter0_mismatch=0 max_abs=0
E2E_KAPPA event_kappa=1 dependency_table=variant_exact
E2E_VARIANT index=0 seq_begin=1 seq_end=4
RESULT status=PASS
