E2E_PARTIALS fp32=1 element_bytes=4 total_bytes=0
E2E_PLACE_STATS placement=0 max_queue=64 same_worker_edges=3808 cross_worker_edges=384672 base_rotation=0 plan=eft
E2E_TIMING cold=0 warmup=5 repeat=11 statistic=median reset=outside_timing
E2E_RESOURCE block=128 reg=85 smem=16384 task_smem=16384 occupancy_smem=16384 static_smem=0 regs_per_sm=65536 smem_per_sm=102400 threads_per_sm=1536 gemm_union=3072 variant_count=1 ctas_per_sm=2 num_sms=128 grid=256 l1_reg=80 l05_reg=72 l1_ctas=5 l2_ctas=5 min_blocks=1 warp_size=32 resident_formula=ctas_per_sm*num_sms
E2E_SCHEDULE workers=256 variant_stages=60 task_refs=12208 task_ref_bytes=341824 waits=48996 wait_bytes=391968 raw_polls=55680 lifted_polls=6684 waiting_tasks=5548 normalization_dummies_lb=43448 max_span=10 generated_max_span=10 max_worker_span=255 resident_limit=256 global_fanin=1 i3_current=pass i3_overresident=reject max_worker_task_refs=64
E2E_TIME l05_ms=4.562240 l1_ms=4.505248 ratio=0.987508 l2_ms=4.053664 l2_over_l1=0.899765
E2E_DIFF l05_vs_l0_mismatch=0 max_abs=0.046875 max_rel=2929.6875 l1_vs_l05_mismatch=0 max_abs=0 max_rel=0 l2_vs_l1_mismatch=0 max_abs=0 max_rel=0
E2E_OUTPUT_DIFF index=0 buffer=73 mismatch=0 max_abs=0.046875 max_rel=2929.6875
E2E_OUTPUT_DIFF index=1 buffer=23 mismatch=0 max_abs=0.0078125 max_rel=0.004901961
E2E_OUTPUT_DIFF index=2 buffer=24 mismatch=0 max_abs=0.001953125 max_rel=0.0071942448
E2E_OUTPUT_DIFF index=3 buffer=47 mismatch=0 max_abs=0.01171875 max_rel=1953.125
E2E_OUTPUT_DIFF index=4 buffer=48 mismatch=0 max_abs=0.0078125 max_rel=3.0784314
E2E_OUTPUT_DIFF index=5 buffer=71 mismatch=0 max_abs=0.015625 max_rel=1953.125
E2E_OUTPUT_DIFF index=6 buffer=72 mismatch=0 max_abs=0.0078125 max_rel=8.583333
E2E_OUTPUT_DIFF index=7 buffer=95 mismatch=0 max_abs=0.015625 max_rel=9
E2E_OUTPUT_DIFF index=8 buffer=96 mismatch=0 max_abs=0.0078125 max_rel=19.812031
E2E_HASH l05=451f7525006a532e l1=451f7525006a532e l2=451f7525006a532e
E2E_ITER l2_iter1_ms=4.056064 l2_iter1_vs_iter0_mismatch=0 max_abs=0
E2E_KAPPA event_kappa=4 dependency_table=variant_exact
E2E_VARIANT index=0 seq_begin=1 seq_end=2048
RESULT status=PASS
