E2E_PARTIALS fp32=1 element_bytes=4 total_bytes=0
E2E_PLACE_BASE pos=0 stage=0 active=512 base=0
E2E_PLACE_BASE pos=1 stage=2 active=8 base=0
E2E_PLACE_BASE pos=2 stage=1 active=16 base=8
E2E_PLACE_BASE pos=3 stage=3 active=8 base=24
E2E_PLACE_BASE pos=4 stage=5 active=1024 base=32
E2E_PLACE_BASE pos=5 stage=4 active=2048 base=32
E2E_PLACE_BASE pos=6 stage=7 active=1024 base=32
E2E_PLACE_BASE pos=7 stage=6 active=1024 base=32
E2E_PLACE_BASE pos=8 stage=8 active=2048 base=32
E2E_PLACE_BASE pos=9 stage=9 active=16 base=32
E2E_PLACE_BASE pos=10 stage=10 active=512 base=48
E2E_PLACE_BASE pos=11 stage=11 active=32 base=48
E2E_PLACE_BASE pos=12 stage=12 active=32 base=80
E2E_PLACE_BASE pos=13 stage=13 active=512 base=112
E2E_PLACE_BASE pos=14 stage=14 active=16 base=112
E2E_PLACE_BASE pos=15 stage=15 active=512 base=128
E2E_PLACE_BASE pos=16 stage=17 active=8 base=128
E2E_PLACE_BASE pos=17 stage=16 active=16 base=136
E2E_PLACE_BASE pos=18 stage=18 active=8 base=152
E2E_PLACE_BASE pos=19 stage=20 active=1024 base=160
E2E_PLACE_BASE pos=20 stage=19 active=2048 base=160
E2E_PLACE_BASE pos=21 stage=22 active=1024 base=160
E2E_PLACE_BASE pos=22 stage=21 active=1024 base=160
E2E_PLACE_BASE pos=23 stage=23 active=2048 base=160
E2E_PLACE_BASE pos=24 stage=24 active=16 base=160
E2E_PLACE_BASE pos=25 stage=25 active=512 base=176
E2E_PLACE_BASE pos=26 stage=26 active=32 base=176
E2E_PLACE_BASE pos=27 stage=27 active=32 base=208
E2E_PLACE_BASE pos=28 stage=28 active=512 base=240
E2E_PLACE_BASE pos=29 stage=29 active=16 base=240
E2E_PLACE_STATS placement=5 max_queue=69 same_worker_edges=39560 cross_worker_edges=8521128 base_rotation=1 plan=rotate
E2E_TIMING cold=0 warmup=5 repeat=11 statistic=median reset=outside_timing
E2E_TRACE_V2 slots=17664 events=13528 traced_launch=l2_forward_last_timed_sample out=/root/TileMega/docs/experiments/SIMULATOR/raw/dump/gqa2_s512_p5
E2E_RESOURCE block=128 reg=212 smem=24576 task_smem=24576 occupancy_smem=24576 static_smem=0 regs_per_sm=65536 smem_per_sm=102400 threads_per_sm=1536 gemm_union=24576 variant_count=1 ctas_per_sm=2 num_sms=128 grid=256 l1_reg=210 l05_reg=208 l1_ctas=2 l2_ctas=2 min_blocks=1 warp_size=32 resident_formula=ctas_per_sm*num_sms
E2E_SCHEDULE workers=256 variant_stages=30 task_refs=17664 task_ref_bytes=494592 waits=69904 wait_bytes=559232 raw_polls=83752 lifted_polls=13848 waiting_tasks=4864 normalization_dummies_lb=65040 max_span=10 generated_max_span=10 max_worker_span=255 resident_limit=256 global_fanin=1 i3_current=pass i3_overresident=reject max_worker_task_refs=69
E2E_TIME l05_ms=1.605856 l1_ms=1.789088 ratio=1.114102 l2_ms=1.806240 l2_over_l1=1.009587
E2E_DIFF l05_vs_l0_mismatch=0 max_abs=0.03125 max_rel=3906.25 l1_vs_l05_mismatch=0 max_abs=0 max_rel=0 l2_vs_l1_mismatch=0 max_abs=0 max_rel=0
E2E_OUTPUT_DIFF index=0 buffer=25 mismatch=0 max_abs=0.03125 max_rel=1953.125
E2E_OUTPUT_DIFF index=1 buffer=23 mismatch=0 max_abs=0.0078125 max_rel=0.125
E2E_OUTPUT_DIFF index=2 buffer=24 mismatch=0 max_abs=0.0078125 max_rel=0.089406967
E2E_OUTPUT_DIFF index=3 buffer=47 mismatch=0 max_abs=0.015625 max_rel=3906.25
E2E_OUTPUT_DIFF index=4 buffer=48 mismatch=0 max_abs=0.015625 max_rel=337.41095
E2E_HASH l05=f9aa0dc6cc31bd58 l1=f9aa0dc6cc31bd58 l2=f9aa0dc6cc31bd58
E2E_ITER l2_iter1_ms=1.811456 l2_iter1_vs_iter0_mismatch=0 max_abs=0
E2E_KAPPA event_kappa=1 dependency_table=variant_exact
E2E_VARIANT index=0 seq_begin=1 seq_end=2048
E2E_PLACEMENT placement=5
RESULT status=PASS
