E2E_PARTIALS fp32=1 element_bytes=4 total_bytes=0
E2E_PLACE_BASE pos=0 stage=0 active=512 base=0
E2E_PLACE_BASE pos=1 stage=2 active=16 base=0
E2E_PLACE_BASE pos=2 stage=1 active=16 base=16
E2E_PLACE_BASE pos=3 stage=3 active=16 base=32
E2E_PLACE_BASE pos=4 stage=5 active=2048 base=48
E2E_PLACE_BASE pos=5 stage=4 active=2048 base=48
E2E_PLACE_BASE pos=6 stage=7 active=2048 base=48
E2E_PLACE_BASE pos=7 stage=6 active=2048 base=48
E2E_PLACE_BASE pos=8 stage=8 active=2048 base=48
E2E_PLACE_BASE pos=9 stage=9 active=16 base=48
E2E_PLACE_BASE pos=10 stage=10 active=512 base=64
E2E_PLACE_BASE pos=11 stage=11 active=32 base=64
E2E_PLACE_BASE pos=12 stage=12 active=32 base=96
E2E_PLACE_BASE pos=13 stage=13 active=512 base=128
E2E_PLACE_BASE pos=14 stage=14 active=16 base=128
E2E_PLACE_BASE pos=15 stage=15 active=512 base=144
E2E_PLACE_BASE pos=16 stage=17 active=16 base=144
E2E_PLACE_BASE pos=17 stage=16 active=16 base=160
E2E_PLACE_BASE pos=18 stage=18 active=16 base=176
E2E_PLACE_BASE pos=19 stage=20 active=2048 base=192
E2E_PLACE_BASE pos=20 stage=19 active=2048 base=192
E2E_PLACE_BASE pos=21 stage=22 active=2048 base=192
E2E_PLACE_BASE pos=22 stage=21 active=2048 base=192
E2E_PLACE_BASE pos=23 stage=23 active=2048 base=192
E2E_PLACE_BASE pos=24 stage=24 active=16 base=192
E2E_PLACE_BASE pos=25 stage=25 active=512 base=208
E2E_PLACE_BASE pos=26 stage=26 active=32 base=208
E2E_PLACE_BASE pos=27 stage=27 active=32 base=240
E2E_PLACE_BASE pos=28 stage=28 active=512 base=16
E2E_PLACE_BASE pos=29 stage=29 active=16 base=16
E2E_PLACE_BASE pos=30 stage=30 active=512 base=32
E2E_PLACE_BASE pos=31 stage=32 active=16 base=32
E2E_PLACE_BASE pos=32 stage=31 active=16 base=48
E2E_PLACE_BASE pos=33 stage=33 active=16 base=64
E2E_PLACE_BASE pos=34 stage=35 active=2048 base=80
E2E_PLACE_BASE pos=35 stage=34 active=2048 base=80
E2E_PLACE_BASE pos=36 stage=37 active=2048 base=80
E2E_PLACE_BASE pos=37 stage=36 active=2048 base=80
E2E_PLACE_BASE pos=38 stage=38 active=2048 base=80
E2E_PLACE_BASE pos=39 stage=39 active=16 base=80
E2E_PLACE_BASE pos=40 stage=40 active=512 base=96
E2E_PLACE_BASE pos=41 stage=41 active=32 base=96
E2E_PLACE_BASE pos=42 stage=42 active=32 base=128
E2E_PLACE_BASE pos=43 stage=43 active=512 base=160
E2E_PLACE_BASE pos=44 stage=44 active=16 base=160
E2E_PLACE_BASE pos=45 stage=45 active=512 base=176
E2E_PLACE_BASE pos=46 stage=47 active=16 base=176
E2E_PLACE_BASE pos=47 stage=46 active=16 base=192
E2E_PLACE_BASE pos=48 stage=48 active=16 base=208
E2E_PLACE_BASE pos=49 stage=50 active=2048 base=224
E2E_PLACE_BASE pos=50 stage=49 active=2048 base=224
E2E_PLACE_BASE pos=51 stage=52 active=2048 base=224
E2E_PLACE_BASE pos=52 stage=51 active=2048 base=224
E2E_PLACE_BASE pos=53 stage=53 active=2048 base=224
E2E_PLACE_BASE pos=54 stage=54 active=16 base=224
E2E_PLACE_BASE pos=55 stage=55 active=512 base=240
E2E_PLACE_BASE pos=56 stage=56 active=32 base=240
E2E_PLACE_BASE pos=57 stage=57 active=32 base=16
E2E_PLACE_BASE pos=58 stage=58 active=512 base=48
E2E_PLACE_BASE pos=59 stage=59 active=16 base=48
E2E_PLACE_STATS placement=5 max_queue=187 same_worker_edges=149560 cross_worker_edges=33959992 base_rotation=1 plan=rotate
E2E_TIMING cold=0 warmup=5 repeat=11 statistic=median reset=outside_timing
E2E_TRACE_V2 slots=47680 events=31168 traced_launch=l2_forward_last_timed_sample out=/root/TileMega/docs/experiments/SIMULATOR/raw/dump/mha4_s512_p5
E2E_RESOURCE block=128 reg=212 smem=24576 task_smem=24576 occupancy_smem=24576 static_smem=0 regs_per_sm=65536 smem_per_sm=102400 threads_per_sm=1536 gemm_union=24576 variant_count=1 ctas_per_sm=2 num_sms=128 grid=256 l1_reg=210 l05_reg=208 l1_ctas=2 l2_ctas=2 min_blocks=1 warp_size=32 resident_formula=ctas_per_sm*num_sms
E2E_SCHEDULE workers=256 variant_stages=60 task_refs=47680 task_ref_bytes=1335040 waits=150016 wait_bytes=1200128 raw_polls=185912 lifted_polls=35896 waiting_tasks=10304 normalization_dummies_lb=139712 max_span=10 generated_max_span=10 max_worker_span=255 resident_limit=256 global_fanin=1 i3_current=pass i3_overresident=reject max_worker_task_refs=187
E2E_TIME l05_ms=3.565568 l1_ms=3.235776 ratio=0.907506 l2_ms=3.378176 l2_over_l1=1.044008
E2E_DIFF l05_vs_l0_mismatch=0 max_abs=0.03125 max_rel=7812.5 l1_vs_l05_mismatch=0 max_abs=0 max_rel=0 l2_vs_l1_mismatch=0 max_abs=0 max_rel=0
E2E_OUTPUT_DIFF index=0 buffer=73 mismatch=0 max_abs=0.03125 max_rel=3173.8281
E2E_OUTPUT_DIFF index=1 buffer=23 mismatch=0 max_abs=0.0078125 max_rel=0.14285715
E2E_OUTPUT_DIFF index=2 buffer=24 mismatch=0 max_abs=0.0078125 max_rel=0.018404908
E2E_OUTPUT_DIFF index=3 buffer=47 mismatch=0 max_abs=0.015625 max_rel=3906.25
E2E_OUTPUT_DIFF index=4 buffer=48 mismatch=0 max_abs=0.015625 max_rel=247.85715
E2E_OUTPUT_DIFF index=5 buffer=71 mismatch=0 max_abs=0.015625 max_rel=3906.25
E2E_OUTPUT_DIFF index=6 buffer=72 mismatch=0 max_abs=0.015625 max_rel=579.58813
E2E_OUTPUT_DIFF index=7 buffer=95 mismatch=0 max_abs=0.015625 max_rel=7812.5
E2E_OUTPUT_DIFF index=8 buffer=96 mismatch=0 max_abs=0.015625 max_rel=526.70551
E2E_HASH l05=50087e460c46843b l1=50087e460c46843b l2=50087e460c46843b
E2E_ITER l2_iter1_ms=3.379200 l2_iter1_vs_iter0_mismatch=0 max_abs=0
E2E_KAPPA event_kappa=1 dependency_table=variant_exact
E2E_VARIANT index=0 seq_begin=1 seq_end=2048
E2E_PLACEMENT placement=5
RESULT status=PASS
