E2E_PARTIALS fp32=1 element_bytes=4 total_bytes=83886080
E2E_PLACE_STATS placement=0 max_queue=103 same_worker_edges=12725 cross_worker_edges=6287819 base_rotation=0 plan=eft
E2E_TIMING cold=0 warmup=5 repeat=11 statistic=median reset=outside_timing
E2E_RESOURCE block=128 reg=94 smem=16384 task_smem=16384 occupancy_smem=16384 static_smem=0 regs_per_sm=65536 smem_per_sm=102400 threads_per_sm=1536 gemm_union=12288 variant_count=1 ctas_per_sm=5 num_sms=128 grid=640 l1_reg=90 l05_reg=72 l1_ctas=5 l2_ctas=5 min_blocks=1 warp_size=32 resident_formula=ctas_per_sm*num_sms
E2E_SCHEDULE workers=640 variant_stages=60 task_refs=57344 task_ref_bytes=1605632 waits=1028525 wait_bytes=8228200 raw_polls=1329189 lifted_polls=300664 waiting_tasks=43178 normalization_dummies_lb=985347 max_span=13 generated_max_span=10 max_worker_span=639 resident_limit=640 global_fanin=1 i3_current=pass i3_overresident=reject max_worker_task_refs=103
E2E_TIME l05_ms=0.812032 l1_ms=0.861184 ratio=1.060530 l2_ms=0.974848 l2_over_l1=1.131986
E2E_DIFF l05_vs_l0_mismatch=0 max_abs=0.046875 max_rel=4882.8125 l1_vs_l05_mismatch=0 max_abs=0 max_rel=0 l2_vs_l1_mismatch=0 max_abs=0 max_rel=0
E2E_OUTPUT_DIFF index=0 buffer=73 mismatch=0 max_abs=0.046875 max_rel=4882.8125
E2E_OUTPUT_DIFF index=1 buffer=23 mismatch=0 max_abs=0.00048828125 max_rel=0.028571429
E2E_OUTPUT_DIFF index=2 buffer=24 mismatch=0 max_abs=0.00390625 max_rel=0.0064516128
E2E_OUTPUT_DIFF index=3 buffer=47 mismatch=0 max_abs=0.015625 max_rel=1953.125
E2E_OUTPUT_DIFF index=4 buffer=48 mismatch=0 max_abs=0.015625 max_rel=22.614973
E2E_OUTPUT_DIFF index=5 buffer=71 mismatch=0 max_abs=0.015625 max_rel=3906.25
E2E_OUTPUT_DIFF index=6 buffer=72 mismatch=0 max_abs=0.015625 max_rel=91.453331
E2E_OUTPUT_DIFF index=7 buffer=95 mismatch=0 max_abs=0.015625 max_rel=3906.25
E2E_OUTPUT_DIFF index=8 buffer=96 mismatch=0 max_abs=0.015625 max_rel=83.85714
E2E_HASH l05=fd4c8248033d9f99 l1=fd4c8248033d9f99 l2=fd4c8248033d9f99
E2E_ITER l2_iter1_ms=0.977120 l2_iter1_vs_iter0_mismatch=0 max_abs=0
E2E_KAPPA event_kappa=1 dependency_table=variant_exact
E2E_VARIANT index=0 seq_begin=1 seq_end=128
RESULT status=PASS
