[1/169] Linking CXX executable tools/tilemega-r9-early
[2/169] Building CXX object CMakeFiles/tilemega-derive.dir/tools/tilemega-derive.cpp.o
[3/169] Linking CXX executable tools/tilemega-derive
[4/169] Building CXX object CMakeFiles/tilemega-shape-probe.dir/tools/tilemega-shape-probe.cpp.o
[5/169] Linking CXX executable tools/tilemega-shape-probe
[6/169] Building CXX object CMakeFiles/tilemega-wiring.dir/tools/tilemega-wiring.cpp.o
[7/169] Building CXX object CMakeFiles/tilemega-symbolic-probe.dir/tools/tilemega-symbolic-probe.cpp.o
[8/169] Building CUDA object CMakeFiles/tilemega_calibration.dir/lib/Target/Calibration.cu.o
[9/169] Building CXX object CMakeFiles/runtime_projection_test.dir/test/unit/runtime_projection_test.cpp.o
[10/169] Building CXX object CMakeFiles/tilemega-identity-probe.dir/tools/tilemega-identity-probe.cpp.o
[11/169] Linking CXX executable tools/tilemega-wiring
[12/169] Linking CXX executable tools/tilemega-symbolic-probe
[13/169] Linking CXX executable tools/tilemega-identity-probe
[14/169] Building CXX object CMakeFiles/tilemega-affine-probe.dir/tools/tilemega-affine-probe.cpp.o
[15/169] Linking CXX executable tools/tilemega-affine-probe
[16/169] Building CXX object CMakeFiles/tilemega-event-cost.dir/tools/tilemega-event-cost.cpp.o
[17/169] Linking CXX executable tools/tilemega-event-cost
[18/169] Building CXX object CMakeFiles/tilemega-event-price.dir/tools/tilemega-event-price.cpp.o
[19/169] Building CXX object CMakeFiles/tilemega-parametric.dir/tools/tilemega-parametric.cpp.o
[20/169] Building CXX object CMakeFiles/tilemega-op-audit.dir/tools/tilemega-op-audit.cpp.o
[21/169] Linking CXX executable tools/tilemega-event-price
[22/169] Linking CXX executable tools/tilemega-parametric
[23/169] Linking CXX executable tools/tilemega-op-audit
[24/169] Building CXX object CMakeFiles/tilemega-task-work-probe.dir/tools/tilemega-task-work-probe.cpp.o
[25/169] Building CXX object CMakeFiles/tilemega-fusion-events.dir/tools/tilemega-fusion-events.cpp.o
[26/169] Linking CXX executable tools/tilemega-fusion-events
[27/169] Building CXX object CMakeFiles/tilemega-fusion-dp.dir/tools/tilemega-fusion-dp.cpp.o
[28/169] Linking CXX executable tools/tilemega-fusion-dp
[29/169] Linking CXX executable tools/tilemega-task-work-probe
[30/169] Building CXX object CMakeFiles/tilemega-task-work-gate.dir/tools/tilemega-task-work-gate.cpp.o
[31/169] Building CXX object CMakeFiles/tilemega-fusion-chain.dir/tools/tilemega-fusion-chain.cpp.o
[32/169] Linking CXX executable tools/tilemega-fusion-chain
[33/169] Linking CXX executable tools/tilemega-task-work-gate
[34/169] Building CXX object CMakeFiles/tilemega-task-cost-gate.dir/tools/tilemega-task-cost-gate.cpp.o
[35/169] Linking CXX executable tools/tilemega-task-cost-gate
[36/169] Building CXX object CMakeFiles/tilemega-interface-probe.dir/tools/tilemega-interface-probe.cpp.o
[37/169] Linking CXX executable tools/tilemega-interface-probe
[38/169] Building CXX object CMakeFiles/tilemega-simulate.dir/docs/experiments/SIMULATOR/simulate.cpp.o
[39/169] Building CXX object CMakeFiles/tilemega-scalar-cost-probe.dir/tools/tilemega-scalar-cost-probe.cpp.o
[40/169] Linking CXX executable tools/tilemega-scalar-cost-probe
[41/169] Linking CXX executable tools/tilemega-simulate
[42/169] Building CXX object CMakeFiles/tilemega-scalar-error-probe.dir/tools/tilemega-scalar-error-probe.cpp.o
[43/169] Linking CXX executable tools/tilemega-scalar-error-probe
[44/169] Building CXX object CMakeFiles/tilemega-place-eft.dir/docs/experiments/PLACE_EFT/place_eft.cpp.o
[45/169] Linking CXX executable tools/tilemega-place-eft
[46/169] Building CXX object CMakeFiles/tilemega-runtime-projection.dir/tools/tilemega-runtime-projection.cpp.o
[47/169] Building CXX object CMakeFiles/cache_service_curve_test.dir/test/unit/cache_service_curve_test.cpp.o
[48/169] Linking CXX executable tools/tilemega-runtime-projection
[49/169] Building CXX object CMakeFiles/tilemega-fusion-probe.dir/tools/tilemega-fusion-probe.cpp.o
[50/169] Linking CXX executable tools/tilemega-fusion-probe
[51/169] Building CXX object CMakeFiles/tilemega-place-chain.dir/docs/experiments/CHAIN/place_chain.cpp.o
[52/169] Linking CXX executable tools/tilemega-place-chain
[53/169] Building CXX object CMakeFiles/tilemega-fusion-cost.dir/tools/tilemega-fusion-cost.cpp.o
[54/169] Linking CXX executable tools/tilemega-fusion-cost
[55/169] Building CXX object CMakeFiles/tilemega-attention-work.dir/tools/tilemega-attention-work.cpp.o
[56/169] Linking CXX executable tools/tilemega-attention-work
[57/169] Building CXX object CMakeFiles/tilemega-symbolic-task-price.dir/tools/tilemega-symbolic-task-price.cpp.o
[58/169] Linking CXX executable tools/tilemega-symbolic-task-price
[59/169] Building CXX object CMakeFiles/tilemega-attention-plan-price.dir/tools/tilemega-attention-plan-price.cpp.o
[60/169] Linking CXX executable tools/tilemega-attention-plan-price
[61/169] Building CXX object CMakeFiles/tilemega-attention-dp.dir/tools/tilemega-attention-dp.cpp.o
[62/169] Building CXX object CMakeFiles/tilemega-costmodel.dir/tools/tilemega-costmodel.cpp.o
[63/169] Linking CXX executable tools/tilemega-attention-dp
[64/169] Linking CXX executable tools/tilemega-costmodel
[65/169] Building CXX object CMakeFiles/tilemega-migrate.dir/tools/tilemega-migrate.cpp.o
[66/169] Linking CXX executable tools/tilemega-migrate
[67/169] Building CXX object CMakeFiles/tilemega-wait-policy.dir/tools/tilemega-wait-policy.cpp.o
[68/169] Linking CXX executable tools/tilemega-wait-policy
[69/169] Building CXX object CMakeFiles/target_spec_test.dir/test/unit/target_spec_test.cpp.o
[70/169] Building CXX object CMakeFiles/coupling_types_test.dir/test/unit/coupling_types_test.cpp.o
[71/169] Linking CXX executable target_spec_test
[72/169] Building CXX object CMakeFiles/tilemega-target-audit.dir/tools/tilemega-target-audit.cpp.o
[73/169] Linking CXX executable tools/tilemega-target-audit
[74/169] Linking CXX executable coupling_types_test
[75/169] Building CXX object CMakeFiles/tilemega-solve.dir/tools/tilemega-solve.cpp.o
[76/169] Linking CXX executable tools/tilemega-solve
[77/169] Building CXX object CMakeFiles/table27_test.dir/test/unit/table27_test.cpp.o
[78/169] Linking CXX executable dram_floor_test
[79/169] Linking CXX executable table27_test
[80/169] Building CXX object CMakeFiles/semantics_test.dir/test/unit/semantics_test.cpp.o
[81/169] Linking CXX executable stage_flow_test
[82/169] Linking CXX executable semantics_test
[83/169] Building CXX object CMakeFiles/incidence_test.dir/test/unit/incidence_test.cpp.o
[84/169] Linking CXX executable incidence_test
[85/169] Building CXX object CMakeFiles/containment_test.dir/test/unit/containment_test.cpp.o
[86/169] Building CXX object CMakeFiles/event_synthesis_test.dir/test/unit/event_synthesis_test.cpp.o
[87/169] Linking CXX executable isl_relation_test
[88/169] Linking CXX executable event_synthesis_test
[89/169] Linking CXX executable containment_test
[90/169] Linking CXX executable runtime_projection_test
[91/169] Linking CXX executable task_element_work_test
[92/169] Linking CXX executable graph_pattern_test
[93/169] Linking CXX executable model_plan_order_test
[94/169] Building CXX object CMakeFiles/relation_bounds_test.dir/test/unit/relation_bounds_test.cpp.o
[95/169] Building CXX object CMakeFiles/layout_bridge_test.dir/test/unit/layout_bridge_test.cpp.o
[96/169] Linking CXX executable layout_bridge_test
[97/169] Linking CXX executable relation_bounds_test
[98/169] Building CXX object CMakeFiles/backend_query_test.dir/test/unit/backend_query_test.cpp.o
[99/169] Linking CXX executable backend_query_test
[100/169] Linking CXX executable cache_service_curve_test
[101/169] Building CXX object CMakeFiles/cg_attr_test.dir/test/unit/cg_attr_test.cpp.o
[102/169] Linking CXX executable cg_attr_test
[103/169] Building CXX object CMakeFiles/chain_dp_test.dir/test/unit/chain_dp_test.cpp.o
[104/169] Building CXX object CMakeFiles/fusion_access_test.dir/test/unit/fusion_access_test.cpp.o
[105/169] Linking CXX executable chain_dp_test
[106/169] Linking CXX executable fusion_access_test
[107/169] Linking CXX executable lane_intersections_test
[108/169] Building CXX object CMakeFiles/fusion_rewrite_test.dir/test/unit/fusion_rewrite_test.cpp.o
[109/169] Linking CXX executable fusion_rewrite_test
[110/169] Building CXX object CMakeFiles/stage_kappa_test.dir/test/unit/stage_kappa_test.cpp.o
[111/169] Linking CXX executable stage_kappa_test
[112/169] Building CXX object CMakeFiles/pipeline_sigma_test.dir/test/unit/pipeline_sigma_test.cpp.o
[113/169] Building CXX object CMakeFiles/fusion_written_price_test.dir/test/unit/fusion_written_price_test.cpp.o
[114/169] Linking CXX executable pipeline_sigma_test
[115/169] Linking CXX executable fusion_written_price_test
[116/169] Linking CXX executable exact_runtime_task_graph_test
[117/169] Building CXX object CMakeFiles/fiber_sum_test.dir/test/unit/fiber_sum_test.cpp.o
[118/169] Linking CXX executable fiber_sum_test
[119/169] Linking CXX executable list_scheduler_test
[120/169] Linking CXX executable plan_contract_test
[121/169] Building CXX object CMakeFiles/fused_runtime_projection_test.dir/test/unit/fused_runtime_projection_test.cpp.o
[122/169] Linking CXX executable execution_simulator_test
[123/169] Linking CXX executable fused_runtime_projection_test
[124/169] Linking CXX executable chain_placement_test
[125/169] Building CXX object CMakeFiles/eft_placement_test.dir/test/unit/eft_placement_test.cpp.o
[126/169] Linking CXX executable eft_placement_test
[127/169] Building CXX object CMakeFiles/fusion_batch_rewrite_test.dir/test/unit/fusion_batch_rewrite_test.cpp.o
[128/169] Linking CXX executable fusion_batch_rewrite_test
[129/169] Linking CXX executable cluster_labeling_test
[130/169] Building CXX object CMakeFiles/alignment_propagation_test.dir/test/unit/alignment_propagation_test.cpp.o
[131/169] Linking CXX executable alignment_propagation_test
[132/169] Building CXX object CMakeFiles/plan_table_test.dir/test/unit/plan_table_test.cpp.o
[133/169] Linking CXX executable plan_table_test
[134/169] Building CXX object CMakeFiles/skeleton_placement_test.dir/test/unit/skeleton_placement_test.cpp.o
[135/169] Linking CXX executable bf16_task_body_compile_test
[136/169] Building CXX object CMakeFiles/impl_contract_test.dir/test/unit/impl_contract_test.cpp.o
[137/169] Linking CXX executable impl_contract_test
[138/169] Building CUDA object CMakeFiles/attention_phase_test.dir/test/unit/attention_phase_test.cu.o
nvcc warning : Support for offline compilation for architectures prior to '<compute/sm/lto>_75' will be removed in a future release (Use -Wno-deprecated-gpu-targets to suppress warning).
[139/169] Linking CXX executable attention_phase_test
[140/169] Linking CXX executable fused_harness_compile_test
[141/169] Building CUDA object CMakeFiles/task_body_contract_test.dir/test/unit/task_body_contract_test.cu.o
nvcc warning : Support for offline compilation for architectures prior to '<compute/sm/lto>_75' will be removed in a future release (Use -Wno-deprecated-gpu-targets to suppress warning).
[142/169] Linking CXX executable task_body_contract_test
[143/169] Building CXX object CMakeFiles/frontend_import_test.dir/test/unit/frontend_import_test.cpp.o
[144/169] Linking CXX executable frontend_import_test
[145/169] Linking CXX executable skeleton_placement_test
[146/169] Building CXX object CMakeFiles/isolated_evaluation_test.dir/test/unit/isolated_evaluation_test.cpp.o
[147/169] Linking CXX executable isolated_evaluation_test
[148/169] Building CXX object CMakeFiles/skeleton_search_isolation_test.dir/test/unit/skeleton_search_isolation_test.cpp.o
[149/169] Linking CXX executable skeleton_search_isolation_test
[150/169] Building CXX object CMakeFiles/plan_skeleton_test.dir/test/unit/plan_skeleton_test.cpp.o
[151/169] Linking CXX executable plan_skeleton_test
[152/169] Building CXX object CMakeFiles/variant_resource_test.dir/test/unit/variant_resource_test.cpp.o
[153/169] Linking CXX executable variant_resource_test
[154/169] Linking CXX executable symbolic_oracle_test
[155/169] Building CXX object CMakeFiles/coupling_cache_test.dir/test/unit/coupling_cache_test.cpp.o
[156/169] Linking CXX executable coupling_cache_test
[157/169] Linking CXX executable semantic_lifting_test
[158/169] Linking CXX executable embedding_plan_test
[159/169] Building CXX object CMakeFiles/operator_classes_test.dir/test/unit/operator_classes_test.cpp.o
[160/169] Building CUDA object CMakeFiles/tilemega_calibration.dir/lib/Target/GemmCalibration.cu.o
/root/TileMega/lib/Target/GemmCalibration.cu(263): warning #177-D: function "tilemega::calib::<unnamed>::FillKernel" was declared but never referenced
            void FillKernel(float* v, std::size_t elements) {
                 ^

Remark: The warnings can be suppressed with "-diag-suppress <warning-number>"

[161/169] Linking CXX static library libtilemega_calibration.a
[162/169] Linking CXX executable tools/tilemega-calibrate
[163/169] Linking CXX executable operator_classes_test
[164/169] Building CXX object CMakeFiles/wiring_coupling_test.dir/test/unit/wiring_coupling_test.cpp.o
[165/169] Linking CXX executable wiring_coupling_test
[166/169] Building CUDA object CMakeFiles/fused_gemm_task_body_test.dir/test/unit/fused_gemm_task_body_test.cu.o
[167/169] Linking CXX executable fused_gemm_task_body_test
[168/169] Building CXX object CMakeFiles/degradation_test.dir/test/unit/degradation_test.cpp.o
[169/169] Linking CXX executable degradation_test
