[Thread debugging using libthread_db enabled]
Using host libthread_db library "/lib/x86_64-linux-gnu/libthread_db.so.1".
0x0000559fea7905a5 in tilemega::analysis::OracleExpression::Eval(std::vector<long, std::allocator<long> > const&, long&) const ()

Thread 1 (Thread 0x7fab164e7000 (LWP 3020267) "tilemega-compil"):
#0  0x0000559fea7905a5 in tilemega::analysis::OracleExpression::Eval(std::vector<long, std::allocator<long> > const&, long&) const ()
#1  0x0000559fea79087d in tilemega::analysis::OracleExpression::Eval(std::vector<long, std::allocator<long> > const&, long&) const ()
#2  0x0000559fea79087d in tilemega::analysis::OracleExpression::Eval(std::vector<long, std::allocator<long> > const&, long&) const ()
#3  0x0000559fea79087d in tilemega::analysis::OracleExpression::Eval(std::vector<long, std::allocator<long> > const&, long&) const ()
#4  0x0000559fea7906fe in tilemega::analysis::OracleExpression::Eval(std::vector<long, std::allocator<long> > const&, long&) const ()
#5  0x0000559fea78bbe7 in std::_Function_handler<void (int), tilemega::analysis::SymbolicOracle::Query(std::vector<long, std::allocator<long> > const&, tilemega::analysis::ParamBinding const&) const::{lambda(int)#1}>::_M_invoke(std::_Any_data const&, int&&) ()
#6  0x0000559fea78bb93 in std::_Function_handler<void (int), tilemega::analysis::SymbolicOracle::Query(std::vector<long, std::allocator<long> > const&, tilemega::analysis::ParamBinding const&) const::{lambda(int)#1}>::_M_invoke(std::_Any_data const&, int&&) ()
#7  0x0000559fea78ed31 in tilemega::analysis::SymbolicOracle::Query(std::vector<long, std::allocator<long> > const&, tilemega::analysis::ParamBinding const&) const ()
#8  0x0000559fea74588d in tilemega::solver::PrepareFlow(tilemega::solver::SymbolicProblem const&, tilemega::analysis::DramFloor const&, tilemega::TargetSpec const&, int, tilemega::solver::HopCurve const&, tilemega::analysis::CouplingCache&, tilemega::solver::FlowPreparationCache&, bool, int) ()
#9  0x0000559fea688bf7 in tilemega::solver::(anonymous namespace)::SearchContext::Prepare(std::vector<tilemega::solver::GemmConfig, std::allocator<tilemega::solver::GemmConfig> > const&, int, int, int, bool) ()
#10 0x0000559fea68986a in tilemega::solver::(anonymous namespace)::SearchContext::Evaluate(std::vector<tilemega::solver::GemmConfig, std::allocator<tilemega::solver::GemmConfig> > const&, int, int, int) ()
#11 0x0000559fea689b9b in tilemega::solver::(anonymous namespace)::CoordinateDescent(tilemega::solver::(anonymous namespace)::SearchContext&, int&, std::ostream&)::{lambda(std::vector<tilemega::solver::GemmConfig, std::allocator<tilemega::solver::GemmConfig> > const&, int, int)#1}::operator()(std::vector<tilemega::solver::GemmConfig, std::allocator<tilemega::solver::GemmConfig> > const&, int, int) const ()
#12 0x0000559fea68ad6c in tilemega::solver::(anonymous namespace)::CoordinateDescent(tilemega::solver::(anonymous namespace)::SearchContext&, int&, std::ostream&) ()
#13 0x0000559fea68c4e0 in tilemega::solver::SolveSkeletonImported(tilemega::frontend::ImportedSemantics const&, mlir::MLIRContext&, tilemega::solver::SkeletonSearchOptions const&, tilemega::frontend::ImportSummary*, std::ostream&) ()
#14 0x0000559fea68f8f4 in tilemega::solver::SolveSkeletonExport(std::__cxx11::basic_string<char, std::char_traits<char>, std::allocator<char> > const&, mlir::MLIRContext&, tilemega::solver::SkeletonSearchOptions const&, tilemega::frontend::ImportSummary*, std::ostream&) ()
#15 0x0000559fea4d86ec in main ()
[Inferior 1 (process 3020267) detached]
