Internal ctest changing into directory: /root/TileMega/build-portable
Test project /root/TileMega/build-portable
    Start  9: stage_flow
1/3 Test  #9: stage_flow .......................   Passed    0.01 sec
    Start 54: skeleton_placement
2/3 Test #54: skeleton_placement ...............   Passed    0.03 sec
    Start 59: symbolic_oracle
3/3 Test #59: symbolic_oracle ..................***Failed    0.09 sec
ORACLE_EXPRESSION signed_floor_domain_holes=45 PASS
ORACLE Rectangular reverse=Unique structure=1:N PASS
ORACLE Unique reverse=Rectangular structure=N:1 PASS
ORACLE Unique reverse=Unique structure=1:1 PASS
ORACLE Unique reverse=Rectangular structure=N:1 PASS
ORACLE Rectangular reverse=Rectangular structure=M:N PASS
ORACLE General reverse=General structure=M:N PASS
ORACLE General reverse=General structure=M:N PASS
scalar release differs from exact expanded fiber


67% tests passed, 1 tests failed out of 3

Total Test time (real) =   0.13 sec

The following tests FAILED:
	 59 - symbolic_oracle (Failed)
Errors while running CTest
