Error while mapping shared library sections:
Could not open `target:/usr/local/cuda/lib64/libcudart.so.12' as an executable file: Operation not permitted
Error while mapping shared library sections:
Could not open `target:/lib/x86_64-linux-gnu/libntl.so.44' as an executable file: Operation not permitted
Error while mapping shared library sections:
Could not open `target:/lib/x86_64-linux-gnu/libgmp.so.10' as an executable file: Operation not permitted
Error while mapping shared library sections:
Could not open `target:/lib/x86_64-linux-gnu/libstdc++.so.6' as an executable file: Operation not permitted
Error while mapping shared library sections:
Could not open `target:/lib/x86_64-linux-gnu/libm.so.6' as an executable file: Operation not permitted
Error while mapping shared library sections:
Could not open `target:/lib/x86_64-linux-gnu/libgcc_s.so.1' as an executable file: Operation not permitted
Error while mapping shared library sections:
Could not open `target:/lib/x86_64-linux-gnu/libc.so.6' as an executable file: Operation not permitted
Error while mapping shared library sections:
Could not open `target:/lib64/ld-linux-x86-64.so.2' as an executable file: Operation not permitted
Error while mapping shared library sections:
Could not open `target:/lib/x86_64-linux-gnu/libdl.so.2' as an executable file: Operation not permitted
Error while mapping shared library sections:
Could not open `target:/lib/x86_64-linux-gnu/libpthread.so.0' as an executable file: Operation not permitted
Error while mapping shared library sections:
Could not open `target:/lib/x86_64-linux-gnu/librt.so.1' as an executable file: Operation not permitted
Error while mapping shared library sections:
Could not open `target:/lib/x86_64-linux-gnu/libgf2x.so.3' as an executable file: Operation not permitted

warning: Unable to find dynamic linker breakpoint function.
GDB will be unable to debug shared library initializers
and track explicitly loaded dynamic code.

warning: Target and debugger are in different PID namespaces; thread lists and other data are likely unreliable.  Connect to gdbserver inside the container.
0x00005641b6f22335 in tilemega::analysis::ClosedForm::ToString[abi:cxx11]() const::{lambda(std::shared_ptr<tilemega::analysis::ClosedForm::Node const> const&)#1}::operator()(std::shared_ptr<tilemega::analysis::ClosedForm::Node const> const&) const ()
[Thread debugging using libthread_db enabled]
Using host libthread_db library "/lib/x86_64-linux-gnu/libthread_db.so.1".

Thread 1 (Thread 0x7f8c53e45000 (LWP 3002524) "resume-validati"):
#0  0x00005641b6f22335 in tilemega::analysis::ClosedForm::ToString[abi:cxx11]() const::{lambda(std::shared_ptr<tilemega::analysis::ClosedForm::Node const> const&)#1}::operator()(std::shared_ptr<tilemega::analysis::ClosedForm::Node const> const&) const ()
#1  0x00005641b6f2352a in tilemega::analysis::ClosedForm::ToString[abi:cxx11]() const ()
#2  0x00005641b6f416d9 in tilemega::analysis::OperatorNode::IsTiled(unsigned long) const ()
#3  0x00005641b6f7b703 in tilemega::analysis::(anonymous namespace)::LinearId(tilemega::analysis::OperatorNode const&, tilemega::analysis::ParamBinding const&, std::vector<long, std::allocator<long> > const&) ()
#4  0x00005641b6f7ea9d in tilemega::analysis::FitWaitWindow(tilemega::analysis::CouplingEdge const&, tilemega::analysis::OperatorNode const&, tilemega::analysis::OperatorNode const&, tilemega::analysis::ParamBinding const&) ()
#5  0x00005641b6e74768 in tilemega::frontend::ImportBridgePlan(tilemega::frontend::ExportBridge, tilemega::frontend::ModelPlan const*, mlir::MLIRContext&, tilemega::frontend::ImportSummary*, tilemega::frontend::ImportOptions const&, tilemega::frontend::ImportedSemantics const*, tilemega::analysis::CouplingCache*, tilemega::solver::SolverTiming*) ()
#6  0x00005641b6e7577e in tilemega::frontend::TorchExportImporter::InstantiateForGranularity(tilemega::frontend::ImportedSemantics const&, mlir::MLIRContext&, tilemega::frontend::ImportOptions const&, tilemega::analysis::CouplingCache*, tilemega::frontend::ImportSummary*, tilemega::solver::SolverTiming*) const ()
#7  0x00005641b6e2e739 in main ()
[Inferior 1 (process 3002524) detached]
