[1/139] Linking CXX executable tools/tilemega-opt
[2/139] Building CXX object CMakeFiles/tilemega-import.dir/tools/tilemega-import.cpp.o
[3/139] Linking CXX executable tools/tilemega-import
[4/139] Linking CXX executable tools/tilemega-dram-floor
[5/139] Linking CXX executable execution_simulator_test
[6/139] Linking CXX executable tools/tilemega-calibrate
[7/139] Linking CXX executable tools/tilemega-derive
[8/139] Linking CXX executable tools/tilemega-shape-probe
[9/139] Linking CXX executable tools/tilemega-wiring
[10/139] Linking CXX executable tools/tilemega-identity-probe
[11/139] Linking CXX executable tools/tilemega-symbolic-probe
[12/139] Building CXX object CMakeFiles/tilemega-flow-audit.dir/tools/tilemega-flow-audit.cpp.o
[13/139] Building CXX object CMakeFiles/tilemega-skeleton-audit.dir/tools/tilemega-skeleton-audit.cpp.o
[14/139] Linking CXX executable tools/tilemega-flow-audit
[15/139] Linking CXX executable tools/tilemega-skeleton-audit
[16/139] Linking CXX executable tools/tilemega-affine-probe
[17/139] Building CXX object CMakeFiles/tilemega-r9-early.dir/docs/experiments/SOLVER_R9B/early_signal.cpp.o
[18/139] Linking CXX executable tools/tilemega-r9-early
[19/139] Building CXX object CMakeFiles/tilemega-event-cost.dir/tools/tilemega-event-cost.cpp.o
[20/139] Linking CXX executable tools/tilemega-event-cost
[21/139] Linking CXX executable tools/tilemega-op-audit
[22/139] Building CXX object CMakeFiles/tilemega-event-price.dir/tools/tilemega-event-price.cpp.o
[23/139] Linking CXX executable tools/tilemega-event-price
[24/139] Building CXX object CMakeFiles/tilemega-parametric.dir/tools/tilemega-parametric.cpp.o
[25/139] Building CXX object CMakeFiles/tilemega-fusion-events.dir/tools/tilemega-fusion-events.cpp.o
[26/139] Linking CXX executable tools/tilemega-parametric
[27/139] Linking CXX executable tools/tilemega-fusion-events
[28/139] Linking CXX executable tools/tilemega-task-work-probe
[29/139] Building CXX object CMakeFiles/tilemega-fusion-chain.dir/tools/tilemega-fusion-chain.cpp.o
[30/139] Building CXX object CMakeFiles/tilemega-fusion-dp.dir/tools/tilemega-fusion-dp.cpp.o
[31/139] Linking CXX executable tools/tilemega-fusion-chain
[32/139] Linking CXX executable tools/tilemega-task-work-gate
[33/139] Linking CXX executable tools/tilemega-fusion-dp
[34/139] Building CXX object CMakeFiles/tilemega-task-cost-gate.dir/tools/tilemega-task-cost-gate.cpp.o
[35/139] Linking CXX executable tools/tilemega-task-cost-gate
[36/139] Building CXX object CMakeFiles/tilemega-interface-probe.dir/tools/tilemega-interface-probe.cpp.o
[37/139] Linking CXX executable tools/tilemega-interface-probe
[38/139] Building CXX object CMakeFiles/tilemega-scalar-cost-probe.dir/tools/tilemega-scalar-cost-probe.cpp.o
[39/139] Building CXX object CMakeFiles/tilemega-simulate.dir/docs/experiments/SIMULATOR/simulate.cpp.o
[40/139] Linking CXX executable tools/tilemega-scalar-cost-probe
[41/139] Linking CXX executable tools/tilemega-simulate
[42/139] Building CXX object CMakeFiles/tilemega-scalar-error-probe.dir/tools/tilemega-scalar-error-probe.cpp.o
[43/139] Linking CXX executable tools/tilemega-scalar-error-probe
[44/139] Building CXX object CMakeFiles/tilemega-runtime-projection.dir/tools/tilemega-runtime-projection.cpp.o
[45/139] Building CXX object CMakeFiles/tilemega-place-eft.dir/docs/experiments/PLACE_EFT/place_eft.cpp.o
[46/139] Linking CXX executable tools/tilemega-runtime-projection
[47/139] Linking CXX executable tools/tilemega-place-eft
[48/139] Building CXX object CMakeFiles/tilemega-fusion-probe.dir/tools/tilemega-fusion-probe.cpp.o
[49/139] Linking CXX executable tools/tilemega-fusion-probe
[50/139] Building CXX object CMakeFiles/tilemega-place-chain.dir/docs/experiments/CHAIN/place_chain.cpp.o
[51/139] Linking CXX executable tools/tilemega-place-chain
[52/139] Building CXX object CMakeFiles/tilemega-attention-work.dir/tools/tilemega-attention-work.cpp.o
[53/139] Building CXX object CMakeFiles/tilemega-fusion-cost.dir/tools/tilemega-fusion-cost.cpp.o
[54/139] Linking CXX executable tools/tilemega-attention-work
[55/139] Linking CXX executable tools/tilemega-fusion-cost
[56/139] Building CXX object CMakeFiles/tilemega-symbolic-task-price.dir/tools/tilemega-symbolic-task-price.cpp.o
[57/139] Building CXX object CMakeFiles/tilemega-attention-plan-price.dir/tools/tilemega-attention-plan-price.cpp.o
[58/139] Linking CXX executable tools/tilemega-symbolic-task-price
[59/139] Linking CXX executable tools/tilemega-attention-plan-price
[60/139] Linking CXX executable tools/tilemega-migrate
[61/139] Building CXX object CMakeFiles/tilemega-attention-dp.dir/tools/tilemega-attention-dp.cpp.o
[62/139] Building CXX object CMakeFiles/tilemega-costmodel.dir/tools/tilemega-costmodel.cpp.o
[63/139] Linking CXX executable tools/tilemega-attention-dp
[64/139] Linking CXX executable tools/tilemega-wait-policy
[65/139] Linking CXX executable target_spec_test
[66/139] Linking CXX executable tools/tilemega-costmodel
[67/139] Linking CXX executable coupling_types_test
[68/139] Linking CXX executable semantics_test
[69/139] Linking CXX executable dram_floor_test
[70/139] Building CXX object CMakeFiles/tilemega-target-audit.dir/tools/tilemega-target-audit.cpp.o
[71/139] Linking CXX executable tools/tilemega-target-audit
[72/139] Linking CXX executable stage_flow_test
[73/139] Building CXX object CMakeFiles/tilemega-solve.dir/tools/tilemega-solve.cpp.o
[74/139] Linking CXX executable incidence_test
[75/139] Linking CXX executable containment_test
[76/139] Linking CXX executable event_synthesis_test
[77/139] Linking CXX executable tools/tilemega-solve
[78/139] Linking CXX executable isl_relation_test
[79/139] Linking CXX executable runtime_projection_test
[80/139] Linking CXX executable relation_bounds_test
[81/139] Linking CXX executable graph_pattern_test
[82/139] Linking CXX executable task_element_work_test
[83/139] Linking CXX executable layout_bridge_test
[84/139] Linking CXX executable model_plan_order_test
[85/139] Linking CXX executable backend_query_test
[86/139] Linking CXX executable cg_attr_test
[87/139] Linking CXX executable chain_dp_test
[88/139] Building CXX object CMakeFiles/regime_a_price_test.dir/test/unit/regime_a_price_test.cpp.o
[89/139] Linking CXX executable cache_service_curve_test
[90/139] Linking CXX executable regime_a_price_test
[91/139] Linking CXX executable fusion_access_test
[92/139] Building CXX object CMakeFiles/flow_runtime_release_test.dir/test/unit/flow_runtime_release_test.cpp.o
[93/139] Linking CXX executable lane_intersections_test
[94/139] Linking CXX executable flow_runtime_release_test
[95/139] Building CXX object CMakeFiles/fusion_rewrite_test.dir/test/unit/fusion_rewrite_test.cpp.o
[96/139] Linking CXX executable fusion_rewrite_test
[97/139] Building CXX object CMakeFiles/fusion_written_price_test.dir/test/unit/fusion_written_price_test.cpp.o
[98/139] Building CXX object CMakeFiles/stage_kappa_test.dir/test/unit/stage_kappa_test.cpp.o
[99/139] Linking CXX executable fusion_written_price_test
[100/139] Linking CXX executable fused_runtime_projection_test
[101/139] Linking CXX executable stage_kappa_test
[102/139] Building CXX object CMakeFiles/pipeline_sigma_test.dir/test/unit/pipeline_sigma_test.cpp.o
[103/139] Linking CXX executable exact_runtime_task_graph_test
[104/139] Linking CXX executable fiber_sum_test
[105/139] Linking CXX executable list_scheduler_test
[106/139] Linking CXX executable plan_contract_test
[107/139] Linking CXX executable pipeline_sigma_test
[108/139] Linking CXX executable chain_placement_test
[109/139] Linking CXX executable eft_placement_test
[110/139] Linking CXX executable cluster_labeling_test
[111/139] Linking CXX executable plan_table_test
[112/139] Linking CXX executable alignment_propagation_test
[113/139] Linking CXX executable impl_contract_test
[114/139] Linking CXX executable task_body_contract_test
[115/139] Linking CXX executable bf16_task_body_compile_test
[116/139] Linking CXX executable attention_phase_test
[117/139] Linking CXX executable fused_gemm_task_body_test
[118/139] Linking CXX executable fused_harness_compile_test
[119/139] Building CXX object CMakeFiles/fusion_batch_rewrite_test.dir/test/unit/fusion_batch_rewrite_test.cpp.o
[120/139] Linking CXX executable skeleton_placement_test
[121/139] Linking CXX executable fusion_batch_rewrite_test
[122/139] Building CXX object CMakeFiles/frontend_import_test.dir/test/unit/frontend_import_test.cpp.o
[123/139] Linking CXX executable frontend_import_test
[124/139] Building CXX object CMakeFiles/isolated_evaluation_test.dir/test/unit/isolated_evaluation_test.cpp.o
[125/139] Linking CXX executable isolated_evaluation_test
[126/139] Building CXX object CMakeFiles/plan_skeleton_test.dir/test/unit/plan_skeleton_test.cpp.o
[127/139] Building CXX object CMakeFiles/skeleton_search_isolation_test.dir/test/unit/skeleton_search_isolation_test.cpp.o
[128/139] Linking CXX executable plan_skeleton_test
[129/139] Linking CXX executable symbolic_oracle_test
[130/139] Linking CXX executable skeleton_search_isolation_test
[131/139] Building CXX object CMakeFiles/variant_resource_test.dir/test/unit/variant_resource_test.cpp.o
[132/139] Linking CXX executable semantic_lifting_test
[133/139] Linking CXX executable variant_resource_test
[134/139] Linking CXX executable embedding_plan_test
[135/139] Linking CXX executable wiring_coupling_test
[136/139] Building CXX object CMakeFiles/degradation_test.dir/test/unit/degradation_test.cpp.o
[137/139] Linking CXX executable degradation_test
[138/139] Building CXX object CMakeFiles/operator_classes_test.dir/test/unit/operator_classes_test.cpp.o
[139/139] Linking CXX executable operator_classes_test
