ptxas info    : 184 bytes gmem
ptxas info    : Compiling entry function '_ZN8tilemega7codegen28tilemega_wait_profile_kernelEPKNS0_6ParamsEi' for 'sm_120'
ptxas info    : Function properties for _ZN8tilemega7codegen28tilemega_wait_profile_kernelEPKNS0_6ParamsEi
    72 bytes stack frame, 0 bytes spill stores, 0 bytes spill loads
ptxas info    : Used 64 registers, used 0 barriers, 72 bytes cumulative stack size
ptxas info    : Compile time = 52.197 ms
ptxas info    : Compiling entry function '_ZN8tilemega7codegen18tilemega_l2_kernelEPKNS0_6ParamsEPNS0_12EventCounterEy' for 'sm_120'
ptxas info    : Function properties for _ZN8tilemega7codegen18tilemega_l2_kernelEPKNS0_6ParamsEPNS0_12EventCounterEy
    0 bytes stack frame, 0 bytes spill stores, 0 bytes spill loads
ptxas info    : Used 192 registers, used 1 barriers
ptxas info    : Compile time = 926.255 ms
ptxas info    : Compiling entry function '_ZN8tilemega7codegen18tilemega_l1_kernelEPKNS0_6ParamsEPNS0_12EventCounterEy' for 'sm_120'
ptxas info    : Function properties for _ZN8tilemega7codegen18tilemega_l1_kernelEPKNS0_6ParamsEPNS0_12EventCounterEy
    0 bytes stack frame, 0 bytes spill stores, 0 bytes spill loads
ptxas info    : Used 206 registers, used 1 barriers
ptxas info    : Compile time = 1719.297 ms
ptxas info    : Compiling entry function '_ZN8tilemega7codegen21tilemega_stage_kernelEPKNS0_6ParamsEj' for 'sm_120'
ptxas info    : Function properties for _ZN8tilemega7codegen21tilemega_stage_kernelEPKNS0_6ParamsEj
    0 bytes stack frame, 0 bytes spill stores, 0 bytes spill loads
ptxas info    : Used 156 registers, used 1 barriers
ptxas info    : Compile time = 1613.919 ms
