ptxas info    : 184 bytes gmem, 96 bytes cmem[4]
ptxas info    : Compiling entry function '_ZN8tilemega7codegen28tilemega_wait_profile_kernelEPKNS0_6ParamsEi' for 'sm_80'
ptxas info    : Function properties for _ZN8tilemega7codegen28tilemega_wait_profile_kernelEPKNS0_6ParamsEi
    72 bytes stack frame, 0 bytes spill stores, 0 bytes spill loads
ptxas info    : Used 62 registers, used 0 barriers, 72 bytes cumulative stack size, 364 bytes cmem[0], 48 bytes cmem[2]
ptxas info    : Compile time = 43.242 ms
ptxas info    : Compiling entry function '_ZN8tilemega7codegen18tilemega_l2_kernelEPKNS0_6ParamsEPNS0_12EventCounterEy' for 'sm_80'
ptxas info    : Function properties for _ZN8tilemega7codegen18tilemega_l2_kernelEPKNS0_6ParamsEPNS0_12EventCounterEy
    48 bytes stack frame, 0 bytes spill stores, 0 bytes spill loads
ptxas info    : Used 192 registers, used 1 barriers, 48 bytes cumulative stack size, 376 bytes cmem[0], 184 bytes cmem[2]
ptxas info    : Compile time = 1302.924 ms
ptxas info    : Compiling entry function '_ZN8tilemega7codegen18tilemega_l1_kernelEPKNS0_6ParamsEPNS0_12EventCounterEy' for 'sm_80'
ptxas info    : Function properties for _ZN8tilemega7codegen18tilemega_l1_kernelEPKNS0_6ParamsEPNS0_12EventCounterEy
    48 bytes stack frame, 0 bytes spill stores, 0 bytes spill loads
ptxas info    : Used 202 registers, used 1 barriers, 48 bytes cumulative stack size, 376 bytes cmem[0], 116 bytes cmem[2]
ptxas info    : Compile time = 2344.189 ms
ptxas info    : Compiling entry function '_ZN8tilemega7codegen21tilemega_stage_kernelEPKNS0_6ParamsEj' for 'sm_80'
ptxas info    : Function properties for _ZN8tilemega7codegen21tilemega_stage_kernelEPKNS0_6ParamsEj
    48 bytes stack frame, 0 bytes spill stores, 0 bytes spill loads
ptxas info    : Used 206 registers, used 1 barriers, 48 bytes cumulative stack size, 364 bytes cmem[0], 60 bytes cmem[2]
ptxas info    : Compile time = 2284.595 ms
