ptxas info    : 184 bytes gmem, 96 bytes cmem[4]
ptxas info    : Compiling entry function '_ZN8tilemega7codegen28tilemega_wait_profile_kernelEPKNS0_6ParamsEi' for 'sm_89'
ptxas info    : Function properties for _ZN8tilemega7codegen28tilemega_wait_profile_kernelEPKNS0_6ParamsEi
    72 bytes stack frame, 0 bytes spill stores, 0 bytes spill loads
ptxas info    : Used 60 registers, used 0 barriers, 72 bytes cumulative stack size, 364 bytes cmem[0], 216 bytes cmem[2]
ptxas info    : Compile time = 45.860 ms
ptxas info    : Compiling entry function '_ZN8tilemega7codegen18tilemega_l2_kernelEPKNS0_6ParamsEPNS0_12EventCounterEy' for 'sm_89'
ptxas info    : Function properties for _ZN8tilemega7codegen18tilemega_l2_kernelEPKNS0_6ParamsEPNS0_12EventCounterEy
    48 bytes stack frame, 0 bytes spill stores, 0 bytes spill loads
ptxas info    : Used 198 registers, used 1 barriers, 48 bytes cumulative stack size, 376 bytes cmem[0], 168 bytes cmem[2]
ptxas info    : Compile time = 1000.328 ms
ptxas info    : Compiling entry function '_ZN8tilemega7codegen18tilemega_l1_kernelEPKNS0_6ParamsEPNS0_12EventCounterEy' for 'sm_89'
ptxas info    : Function properties for _ZN8tilemega7codegen18tilemega_l1_kernelEPKNS0_6ParamsEPNS0_12EventCounterEy
    48 bytes stack frame, 0 bytes spill stores, 0 bytes spill loads
ptxas info    : Used 200 registers, used 1 barriers, 48 bytes cumulative stack size, 376 bytes cmem[0], 92 bytes cmem[2]
ptxas info    : Compile time = 1490.563 ms
ptxas info    : Compiling entry function '_ZN8tilemega7codegen21tilemega_stage_kernelEPKNS0_6ParamsEj' for 'sm_89'
ptxas info    : Function properties for _ZN8tilemega7codegen21tilemega_stage_kernelEPKNS0_6ParamsEj
    48 bytes stack frame, 0 bytes spill stores, 0 bytes spill loads
ptxas info    : Used 156 registers, used 1 barriers, 48 bytes cumulative stack size, 364 bytes cmem[0], 36 bytes cmem[2]
ptxas info    : Compile time = 1359.865 ms
ptxas info    : 0 bytes gmem
ptxas info    : 0 bytes gmem
ptxas info    : 0 bytes gmem
ptxas info    : 0 bytes gmem
ptxas info    : 0 bytes gmem
ptxas info    : 0 bytes gmem
ptxas info    : 0 bytes gmem
