E2E_PARTIALS fp32=1 element_bytes=4 total_bytes=11010048
E2E_PLACE_STATS placement=0 max_queue=136 same_worker_edges=4448 cross_worker_edges=936992 base_rotation=0 plan=template
E2E_TIMING cold=0 warmup=5 repeat=11 statistic=median reset=outside_timing
E2E_RESOURCE block=128 reg=94 smem=16384 task_smem=16384 occupancy_smem=16384 static_smem=0 regs_per_sm=65536 smem_per_sm=102400 threads_per_sm=1536 gemm_union=12288 variant_count=1 ctas_per_sm=4 num_sms=128 grid=512 l1_reg=90 l05_reg=72 l1_ctas=5 l2_ctas=5 min_blocks=1 warp_size=32 resident_formula=ctas_per_sm*num_sms
E2E_SCHEDULE workers=512 variant_stages=60 task_refs=55216 task_ref_bytes=1546048 waits=107168 wait_bytes=857344 raw_polls=240032 lifted_polls=132864 waiting_tasks=20396 normalization_dummies_lb=86772 max_span=13 generated_max_span=10 max_worker_span=511 resident_limit=512 global_fanin=1 i3_current=pass i3_overresident=reject max_worker_task_refs=136
E2E_TIME l05_ms=3.619744 l1_ms=3.639296 ratio=1.005401 l2_ms=3.658752 l2_over_l1=1.005346
E2E_DIFF l05_vs_l0_mismatch=1 max_abs=0.0390625 max_rel=5371.0938 l1_vs_l05_mismatch=0 max_abs=0 max_rel=0 l2_vs_l1_mismatch=0 max_abs=0 max_rel=0
E2E_OUTPUT_DIFF index=0 buffer=73 mismatch=1 max_abs=0.0390625 max_rel=5371.0938
E2E_OUTPUT_DIFF index=1 buffer=23 mismatch=0 max_abs=0.0009765625 max_rel=0.0058479533
E2E_OUTPUT_DIFF index=2 buffer=24 mismatch=0 max_abs=0.0009765625 max_rel=0.0069444445
E2E_OUTPUT_DIFF index=3 buffer=47 mismatch=0 max_abs=0.0078125 max_rel=27.76923
E2E_OUTPUT_DIFF index=4 buffer=48 mismatch=0 max_abs=0.0078125 max_rel=3.9868996
E2E_OUTPUT_DIFF index=5 buffer=71 mismatch=0 max_abs=0.015625 max_rel=2929.6875
E2E_OUTPUT_DIFF index=6 buffer=72 mismatch=0 max_abs=0.0078125 max_rel=329.80521
E2E_OUTPUT_DIFF index=7 buffer=95 mismatch=0 max_abs=0.015625 max_rel=10.043478
E2E_OUTPUT_DIFF index=8 buffer=96 mismatch=0 max_abs=0.009765625 max_rel=6.5652175
E2E_HASH l05=63374866ae035714 l1=63374866ae035714 l2=63374866ae035714
E2E_ITER l2_iter1_ms=3.658528 l2_iter1_vs_iter0_mismatch=0 max_abs=0
E2E_KAPPA event_kappa=1 dependency_table=variant_exact
E2E_VARIANT index=0 seq_begin=1 seq_end=4
RESULT status=MISMATCH
