SKELETON_RESIDENCY key=32x16x32s2k4;32x16x32s2k4;32x16x32s2k4;32x16x32s2k4;32x16x32s2k4; residency=1 nodes=14592 level2_ms=1719.45 requeues=191863 score_ns=315158
SKELETON_RESIDENCY key=32x16x32s2k4;32x16x32s2k4;32x16x32s2k4;32x16x32s2k4;32x16x32s2k4; residency=2 nodes=14592 level2_ms=1556 requeues=69920 score_ns=187267
SKELETON_RESIDENCY key=32x16x32s2k4;32x16x32s2k4;32x16x32s2k4;32x16x32s2k4;32x16x32s2k4; residency=3 nodes=14592 level2_ms=1512.55 requeues=40555 score_ns=163661
SKELETON_RESIDENCY key=32x16x32s2k4;32x16x32s2k4;32x16x32s2k4;32x16x32s2k4;32x16x32s2k4; residency=4 nodes=14592 level2_ms=1501.96 requeues=25570 score_ns=159768
SKELETON_RESIDENCY key=32x16x32s2k4;32x16x32s2k4;32x16x32s2k4;32x16x32s2k4;32x16x32s2k4; residency=5 nodes=14592 level2_ms=1481.31 requeues=20112 score_ns=149978
SKELETON_RESIDENCY key=32x16x32s2k4;32x16x32s2k4;32x16x32s2k4;32x16x32s2k4;32x16x32s2k4; residency=6 nodes=14592 level2_ms=1478.34 requeues=18606 score_ns=152512
SKELETON_RESIDENCY key=32x16x32s2k1;32x16x32s2k4;32x16x32s2k4;32x16x32s2k4;32x16x32s2k4; residency=1 nodes=13568 level2_ms=1493.02 requeues=179458 score_ns=299280
SKELETON_RESIDENCY key=32x16x32s2k1;32x16x32s2k4;32x16x32s2k4;32x16x32s2k4;32x16x32s2k4; residency=2 nodes=13568 level2_ms=1411.05 requeues=72529 score_ns=189899
SKELETON_RESIDENCY key=32x16x32s2k1;32x16x32s2k4;32x16x32s2k4;32x16x32s2k4;32x16x32s2k4; residency=3 nodes=13568 level2_ms=1388.62 requeues=37736 score_ns=157605
SKELETON_RESIDENCY key=32x16x32s2k1;32x16x32s2k4;32x16x32s2k4;32x16x32s2k4;32x16x32s2k4; residency=4 nodes=13568 level2_ms=1380.85 requeues=24614 score_ns=149312
SKELETON_RESIDENCY key=32x16x32s2k1;32x16x32s2k4;32x16x32s2k4;32x16x32s2k4;32x16x32s2k4; residency=5 nodes=13568 level2_ms=1096.3 requeues=17369 score_ns=148555
SKELETON_RESIDENCY key=32x16x32s2k1;32x16x32s2k4;32x16x32s2k4;32x16x32s2k4;32x16x32s2k4; residency=6 nodes=13568 level2_ms=1066.25 requeues=15689 score_ns=149300
SKELETON_RESIDENCY key=32x16x32s2k2;32x16x32s2k4;32x16x32s2k4;32x16x32s2k4;32x16x32s2k4; residency=1 nodes=14080 level2_ms=1187.92 requeues=189100 score_ns=306544
SKELETON_RESIDENCY key=32x16x32s2k2;32x16x32s2k4;32x16x32s2k4;32x16x32s2k4;32x16x32s2k4; residency=2 nodes=14080 level2_ms=1155.28 requeues=67652 score_ns=184698
SKELETON_RESIDENCY key=32x16x32s2k2;32x16x32s2k4;32x16x32s2k4;32x16x32s2k4;32x16x32s2k4; residency=3 nodes=14080 level2_ms=1116.43 requeues=41988 score_ns=159452
SKELETON_RESIDENCY key=32x16x32s2k2;32x16x32s2k4;32x16x32s2k4;32x16x32s2k4;32x16x32s2k4; residency=4 nodes=14080 level2_ms=1103.81 requeues=24068 score_ns=148195
SKELETON_RESIDENCY key=32x16x32s2k2;32x16x32s2k4;32x16x32s2k4;32x16x32s2k4;32x16x32s2k4; residency=5 nodes=14080 level2_ms=1111.94 requeues=18804 score_ns=151894
SKELETON_RESIDENCY key=32x16x32s2k2;32x16x32s2k4;32x16x32s2k4;32x16x32s2k4;32x16x32s2k4; residency=6 nodes=14080 level2_ms=1100.78 requeues=17590 score_ns=150654
SKELETON_RESIDENCY key=32x16x32s2k8;32x16x32s2k4;32x16x32s2k4;32x16x32s2k4;32x16x32s2k4; residency=1 nodes=15616 level2_ms=1382.08 requeues=232639 score_ns=332453
SKELETON_RESIDENCY key=32x16x32s2k8;32x16x32s2k4;32x16x32s2k4;32x16x32s2k4;32x16x32s2k4; residency=2 nodes=15616 level2_ms=1296.71 requeues=98352 score_ns=203502
SKELETON_RESIDENCY key=32x16x32s2k8;32x16x32s2k4;32x16x32s2k4;32x16x32s2k4;32x16x32s2k4; residency=3 nodes=15616 level2_ms=1274.45 requeues=52249 score_ns=165309
SKELETON_RESIDENCY key=32x16x32s2k8;32x16x32s2k4;32x16x32s2k4;32x16x32s2k4;32x16x32s2k4; residency=4 nodes=15616 level2_ms=1321.91 requeues=30218 score_ns=157749
SKELETON_RESIDENCY key=32x16x32s2k8;32x16x32s2k4;32x16x32s2k4;32x16x32s2k4;32x16x32s2k4; residency=5 nodes=15616 level2_ms=1265.62 requeues=23402 score_ns=152769
SKELETON_RESIDENCY key=32x16x32s2k8;32x16x32s2k4;32x16x32s2k4;32x16x32s2k4;32x16x32s2k4; residency=6 nodes=15616 level2_ms=1251.72 requeues=21254 score_ns=155068
SKELETON_RESIDENCY key=32x16x32s2k16;32x16x32s2k4;32x16x32s2k4;32x16x32s2k4;32x16x32s2k4; residency=1 nodes=17664 level2_ms=1718.11 requeues=355706 score_ns=367320
SKELETON_RESIDENCY key=32x16x32s2k16;32x16x32s2k4;32x16x32s2k4;32x16x32s2k4;32x16x32s2k4; residency=2 nodes=17664 level2_ms=1581.25 requeues=154815 score_ns=218518
SKELETON_RESIDENCY key=32x16x32s2k16;32x16x32s2k4;32x16x32s2k4;32x16x32s2k4;32x16x32s2k4; residency=3 nodes=17664 level2_ms=1499.4 requeues=70500 score_ns=177792
SKELETON_RESIDENCY key=32x16x32s2k16;32x16x32s2k4;32x16x32s2k4;32x16x32s2k4;32x16x32s2k4; residency=4 nodes=17664 level2_ms=1518.15 requeues=58724 score_ns=162122
SKELETON_RESIDENCY key=32x16x32s2k16;32x16x32s2k4;32x16x32s2k4;32x16x32s2k4;32x16x32s2k4; residency=5 nodes=17664 level2_ms=1931.64 requeues=41597 score_ns=159257
SKELETON_RESIDENCY key=32x16x32s2k16;32x16x32s2k4;32x16x32s2k4;32x16x32s2k4;32x16x32s2k4; residency=6 nodes=17664 level2_ms=1919.44 requeues=30406 score_ns=160413
SKELETON_RESIDENCY key=32x16x32s2k32;32x16x32s2k4;32x16x32s2k4;32x16x32s2k4;32x16x32s2k4; residency=1 nodes=17664 level2_ms=2207.41 requeues=355706 score_ns=367320
SKELETON_RESIDENCY key=32x16x32s2k32;32x16x32s2k4;32x16x32s2k4;32x16x32s2k4;32x16x32s2k4; residency=2 nodes=17664 level2_ms=2013.14 requeues=154815 score_ns=218518
SKELETON_RESIDENCY key=32x16x32s2k32;32x16x32s2k4;32x16x32s2k4;32x16x32s2k4;32x16x32s2k4; residency=3 nodes=17664 level2_ms=1606.18 requeues=70500 score_ns=177792
SKELETON_RESIDENCY key=32x16x32s2k32;32x16x32s2k4;32x16x32s2k4;32x16x32s2k4;32x16x32s2k4; residency=4 nodes=17664 level2_ms=1506.38 requeues=58724 score_ns=162122
SKELETON_RESIDENCY key=32x16x32s2k32;32x16x32s2k4;32x16x32s2k4;32x16x32s2k4;32x16x32s2k4; residency=5 nodes=17664 level2_ms=1482.92 requeues=41597 score_ns=159257
SKELETON_RESIDENCY key=32x16x32s2k32;32x16x32s2k4;32x16x32s2k4;32x16x32s2k4;32x16x32s2k4; residency=6 nodes=17664 level2_ms=1476.87 requeues=30406 score_ns=160413
SKELETON_RESIDENCY key=32x16x32s2k2;32x16x32s2k1;32x16x32s2k4;32x16x32s2k4;32x16x32s2k4; residency=1 nodes=13056 level2_ms=1105.96 requeues=183542 score_ns=290051
SKELETON_RESIDENCY key=32x16x32s2k2;32x16x32s2k1;32x16x32s2k4;32x16x32s2k4;32x16x32s2k4; residency=2 nodes=13056 level2_ms=1052.62 requeues=71279 score_ns=186090
SKELETON_RESIDENCY key=32x16x32s2k2;32x16x32s2k1;32x16x32s2k4;32x16x32s2k4;32x16x32s2k4; residency=3 nodes=13056 level2_ms=1038.15 requeues=37864 score_ns=156326
SKELETON_RESIDENCY key=32x16x32s2k2;32x16x32s2k1;32x16x32s2k4;32x16x32s2k4;32x16x32s2k4; residency=4 nodes=13056 level2_ms=1323.23 requeues=24533 score_ns=147501
SKELETON_RESIDENCY key=32x16x32s2k2;32x16x32s2k1;32x16x32s2k4;32x16x32s2k4;32x16x32s2k4; residency=5 nodes=13056 level2_ms=1320.77 requeues=17343 score_ns=150079
SKELETON_RESIDENCY key=32x16x32s2k2;32x16x32s2k1;32x16x32s2k4;32x16x32s2k4;32x16x32s2k4; residency=6 nodes=13056 level2_ms=1344.86 requeues=16169 score_ns=153605
SKELETON_RESIDENCY key=32x16x32s2k2;32x16x32s2k2;32x16x32s2k4;32x16x32s2k4;32x16x32s2k4; residency=1 nodes=13568 level2_ms=1459.3 requeues=176192 score_ns=297725
SKELETON_RESIDENCY key=32x16x32s2k2;32x16x32s2k2;32x16x32s2k4;32x16x32s2k4;32x16x32s2k4; residency=2 nodes=13568 level2_ms=1377.3 requeues=65394 score_ns=185090
SKELETON_RESIDENCY key=32x16x32s2k2;32x16x32s2k2;32x16x32s2k4;32x16x32s2k4;32x16x32s2k4; residency=3 nodes=13568 level2_ms=1371.58 requeues=37209 score_ns=157462
SKELETON_RESIDENCY key=32x16x32s2k2;32x16x32s2k2;32x16x32s2k4;32x16x32s2k4;32x16x32s2k4; residency=4 nodes=13568 level2_ms=1349.21 requeues=24560 score_ns=159417
SKELETON_RESIDENCY key=32x16x32s2k2;32x16x32s2k2;32x16x32s2k4;32x16x32s2k4;32x16x32s2k4; residency=5 nodes=13568 level2_ms=1344.46 requeues=18653 score_ns=149671
SKELETON_RESIDENCY key=32x16x32s2k2;32x16x32s2k2;32x16x32s2k4;32x16x32s2k4;32x16x32s2k4; residency=6 nodes=13568 level2_ms=1343.32 requeues=17283 score_ns=152255
SKELETON_RESIDENCY key=32x16x32s2k2;32x16x32s2k8;32x16x32s2k4;32x16x32s2k4;32x16x32s2k4; residency=1 nodes=15104 level2_ms=1675.26 requeues=205448 score_ns=324183
SKELETON_RESIDENCY key=32x16x32s2k2;32x16x32s2k8;32x16x32s2k4;32x16x32s2k4;32x16x32s2k4; residency=2 nodes=15104 level2_ms=1594.32 requeues=87765 score_ns=196475
SKELETON_RESIDENCY key=32x16x32s2k2;32x16x32s2k8;32x16x32s2k4;32x16x32s2k4;32x16x32s2k4; residency=3 nodes=15104 level2_ms=1850.68 requeues=45206 score_ns=164178
SKELETON_RESIDENCY key=32x16x32s2k2;32x16x32s2k8;32x16x32s2k4;32x16x32s2k4;32x16x32s2k4; residency=4 nodes=15104 level2_ms=1550.81 requeues=28402 score_ns=160060
SKELETON_RESIDENCY key=32x16x32s2k2;32x16x32s2k8;32x16x32s2k4;32x16x32s2k4;32x16x32s2k4; residency=5 nodes=15104 level2_ms=1560.88 requeues=21119 score_ns=151964
SKELETON_RESIDENCY key=32x16x32s2k2;32x16x32s2k8;32x16x32s2k4;32x16x32s2k4;32x16x32s2k4; residency=6 nodes=15104 level2_ms=1548.16 requeues=19402 score_ns=155268
SKELETON_RESIDENCY key=32x16x32s2k2;32x16x32s2k16;32x16x32s2k4;32x16x32s2k4;32x16x32s2k4; residency=1 nodes=17152 level2_ms=2011.12 requeues=283065 score_ns=358503
SKELETON_RESIDENCY key=32x16x32s2k2;32x16x32s2k16;32x16x32s2k4;32x16x32s2k4;32x16x32s2k4; residency=2 nodes=17152 level2_ms=1885.13 requeues=113902 score_ns=214460
SKELETON_RESIDENCY key=32x16x32s2k2;32x16x32s2k16;32x16x32s2k4;32x16x32s2k4;32x16x32s2k4; residency=3 nodes=17152 level2_ms=1859.75 requeues=74375 score_ns=174525
SKELETON_RESIDENCY key=32x16x32s2k2;32x16x32s2k16;32x16x32s2k4;32x16x32s2k4;32x16x32s2k4; residency=4 nodes=17152 level2_ms=1837.13 requeues=40984 score_ns=169536
SKELETON_RESIDENCY key=32x16x32s2k2;32x16x32s2k16;32x16x32s2k4;32x16x32s2k4;32x16x32s2k4; residency=5 nodes=17152 level2_ms=1451.5 requeues=28538 score_ns=162071
SKELETON_RESIDENCY key=32x16x32s2k2;32x16x32s2k16;32x16x32s2k4;32x16x32s2k4;32x16x32s2k4; residency=6 nodes=17152 level2_ms=1411.71 requeues=23829 score_ns=161239
SKELETON_RESIDENCY key=32x16x32s2k2;32x16x32s2k32;32x16x32s2k4;32x16x32s2k4;32x16x32s2k4; residency=1 nodes=17152 level2_ms=1556.47 requeues=283065 score_ns=358503
SKELETON_RESIDENCY key=32x16x32s2k2;32x16x32s2k32;32x16x32s2k4;32x16x32s2k4;32x16x32s2k4; residency=2 nodes=17152 level2_ms=1457.19 requeues=113902 score_ns=214460
SKELETON_RESIDENCY key=32x16x32s2k2;32x16x32s2k32;32x16x32s2k4;32x16x32s2k4;32x16x32s2k4; residency=3 nodes=17152 level2_ms=1437.08 requeues=74375 score_ns=174525
SKELETON_RESIDENCY key=32x16x32s2k2;32x16x32s2k32;32x16x32s2k4;32x16x32s2k4;32x16x32s2k4; residency=4 nodes=17152 level2_ms=1392.75 requeues=40984 score_ns=169536
SKELETON_RESIDENCY key=32x16x32s2k2;32x16x32s2k32;32x16x32s2k4;32x16x32s2k4;32x16x32s2k4; residency=5 nodes=17152 level2_ms=1423.24 requeues=28538 score_ns=162071
SKELETON_RESIDENCY key=32x16x32s2k2;32x16x32s2k32;32x16x32s2k4;32x16x32s2k4;32x16x32s2k4; residency=6 nodes=17152 level2_ms=1370.48 requeues=23829 score_ns=161239
SKELETON_RESIDENCY key=32x16x32s2k2;32x16x32s2k1;32x16x32s2k1;32x16x32s2k4;32x16x32s2k4; residency=1 nodes=12032 level2_ms=1183.56 requeues=157631 score_ns=270693
SKELETON_RESIDENCY key=32x16x32s2k2;32x16x32s2k1;32x16x32s2k1;32x16x32s2k4;32x16x32s2k4; residency=2 nodes=12032 level2_ms=1139.87 requeues=81260 score_ns=171442
SKELETON_RESIDENCY key=32x16x32s2k2;32x16x32s2k1;32x16x32s2k1;32x16x32s2k4;32x16x32s2k4; residency=3 nodes=12032 level2_ms=1171.81 requeues=46053 score_ns=148564
SKELETON_RESIDENCY key=32x16x32s2k2;32x16x32s2k1;32x16x32s2k1;32x16x32s2k4;32x16x32s2k4; residency=4 nodes=12032 level2_ms=1207.1 requeues=27690 score_ns=146475
SKELETON_RESIDENCY key=32x16x32s2k2;32x16x32s2k1;32x16x32s2k1;32x16x32s2k4;32x16x32s2k4; residency=5 nodes=12032 level2_ms=1158.74 requeues=21410 score_ns=148766
SKELETON_RESIDENCY key=32x16x32s2k2;32x16x32s2k1;32x16x32s2k1;32x16x32s2k4;32x16x32s2k4; residency=6 nodes=12032 level2_ms=1190.88 requeues=18317 score_ns=153625
SKELETON_RESIDENCY key=32x16x32s2k2;32x16x32s2k1;32x16x32s2k2;32x16x32s2k4;32x16x32s2k4; residency=1 nodes=12544 level2_ms=1099.68 requeues=147556 score_ns=280225
SKELETON_RESIDENCY key=32x16x32s2k2;32x16x32s2k1;32x16x32s2k2;32x16x32s2k4;32x16x32s2k4; residency=2 nodes=12544 level2_ms=1038.54 requeues=55233 score_ns=179211
SKELETON_RESIDENCY key=32x16x32s2k2;32x16x32s2k1;32x16x32s2k2;32x16x32s2k4;32x16x32s2k4; residency=3 nodes=12544 level2_ms=1018.3 requeues=27111 score_ns=163406
SKELETON_RESIDENCY key=32x16x32s2k2;32x16x32s2k1;32x16x32s2k2;32x16x32s2k4;32x16x32s2k4; residency=4 nodes=12544 level2_ms=1022.95 requeues=19905 score_ns=148459
SKELETON_RESIDENCY key=32x16x32s2k2;32x16x32s2k1;32x16x32s2k2;32x16x32s2k4;32x16x32s2k4; residency=5 nodes=12544 level2_ms=1020.4 requeues=16827 score_ns=152920
SKELETON_RESIDENCY key=32x16x32s2k2;32x16x32s2k1;32x16x32s2k2;32x16x32s2k4;32x16x32s2k4; residency=6 nodes=12544 level2_ms=1012.6 requeues=15648 score_ns=156856
SKELETON_RESIDENCY key=32x16x32s2k2;32x16x32s2k1;32x16x32s2k8;32x16x32s2k4;32x16x32s2k4; residency=1 nodes=14080 level2_ms=1401.42 requeues=157684 score_ns=306682
SKELETON_RESIDENCY key=32x16x32s2k2;32x16x32s2k1;32x16x32s2k8;32x16x32s2k4;32x16x32s2k4; residency=2 nodes=14080 level2_ms=1347.99 requeues=72315 score_ns=191852
SKELETON_RESIDENCY key=32x16x32s2k2;32x16x32s2k1;32x16x32s2k8;32x16x32s2k4;32x16x32s2k4; residency=3 nodes=14080 level2_ms=1337.24 requeues=52077 score_ns=160414
SKELETON_RESIDENCY key=32x16x32s2k2;32x16x32s2k1;32x16x32s2k8;32x16x32s2k4;32x16x32s2k4; residency=4 nodes=14080 level2_ms=1346.96 requeues=29873 score_ns=150978
SKELETON_RESIDENCY key=32x16x32s2k2;32x16x32s2k1;32x16x32s2k8;32x16x32s2k4;32x16x32s2k4; residency=5 nodes=14080 level2_ms=1313.79 requeues=21876 score_ns=150197
SKELETON_RESIDENCY key=32x16x32s2k2;32x16x32s2k1;32x16x32s2k8;32x16x32s2k4;32x16x32s2k4; residency=6 nodes=14080 level2_ms=1314.32 requeues=20098 score_ns=153826
SKELETON_RESIDENCY key=32x16x32s2k2;32x16x32s2k1;32x16x32s2k16;32x16x32s2k4;32x16x32s2k4; residency=1 nodes=16128 level2_ms=1444.26 requeues=184292 score_ns=341959
SKELETON_RESIDENCY key=32x16x32s2k2;32x16x32s2k1;32x16x32s2k16;32x16x32s2k4;32x16x32s2k4; residency=2 nodes=16128 level2_ms=1378.63 requeues=86548 score_ns=213768
SKELETON_RESIDENCY key=32x16x32s2k2;32x16x32s2k1;32x16x32s2k16;32x16x32s2k4;32x16x32s2k4; residency=3 nodes=16128 level2_ms=1343.74 requeues=45197 score_ns=175259
SKELETON_RESIDENCY key=32x16x32s2k2;32x16x32s2k1;32x16x32s2k16;32x16x32s2k4;32x16x32s2k4; residency=4 nodes=16128 level2_ms=1331.7 requeues=38066 score_ns=162029
SKELETON_RESIDENCY key=32x16x32s2k2;32x16x32s2k1;32x16x32s2k16;32x16x32s2k4;32x16x32s2k4; residency=5 nodes=16128 level2_ms=1006.17 requeues=26619 score_ns=161409
SKELETON_RESIDENCY key=32x16x32s2k2;32x16x32s2k1;32x16x32s2k16;32x16x32s2k4;32x16x32s2k4; residency=6 nodes=16128 level2_ms=1009.78 requeues=26648 score_ns=163055
SKELETON_RESIDENCY key=32x16x32s2k2;32x16x32s2k1;32x16x32s2k32;32x16x32s2k4;32x16x32s2k4; residency=1 nodes=16128 level2_ms=1084.57 requeues=184292 score_ns=341959
SKELETON_RESIDENCY key=32x16x32s2k2;32x16x32s2k1;32x16x32s2k32;32x16x32s2k4;32x16x32s2k4; residency=2 nodes=16128 level2_ms=1051.71 requeues=86548 score_ns=213768
SKELETON_RESIDENCY key=32x16x32s2k2;32x16x32s2k1;32x16x32s2k32;32x16x32s2k4;32x16x32s2k4; residency=3 nodes=16128 level2_ms=1022.34 requeues=45197 score_ns=175259
SKELETON_RESIDENCY key=32x16x32s2k2;32x16x32s2k1;32x16x32s2k32;32x16x32s2k4;32x16x32s2k4; residency=4 nodes=16128 level2_ms=1026.52 requeues=38066 score_ns=162029
SKELETON_RESIDENCY key=32x16x32s2k2;32x16x32s2k1;32x16x32s2k32;32x16x32s2k4;32x16x32s2k4; residency=5 nodes=16128 level2_ms=998.348 requeues=26619 score_ns=161409
SKELETON_RESIDENCY key=32x16x32s2k2;32x16x32s2k1;32x16x32s2k32;32x16x32s2k4;32x16x32s2k4; residency=6 nodes=16128 level2_ms=1006.91 requeues=26648 score_ns=163055
SKELETON_RESIDENCY key=32x16x32s2k2;32x16x32s2k1;32x16x32s2k1;32x16x32s2k1;32x16x32s2k4; residency=1 nodes=7936 level2_ms=839.189 requeues=67642 score_ns=215214
SKELETON_RESIDENCY key=32x16x32s2k2;32x16x32s2k1;32x16x32s2k1;32x16x32s2k1;32x16x32s2k4; residency=2 nodes=7936 level2_ms=817.204 requeues=22679 score_ns=145637
SKELETON_RESIDENCY key=32x16x32s2k2;32x16x32s2k1;32x16x32s2k1;32x16x32s2k1;32x16x32s2k4; residency=3 nodes=7936 level2_ms=817.875 requeues=11653 score_ns=131852
SKELETON_RESIDENCY key=32x16x32s2k2;32x16x32s2k1;32x16x32s2k1;32x16x32s2k1;32x16x32s2k4; residency=4 nodes=7936 level2_ms=813.05 requeues=8324 score_ns=135229
SKELETON_RESIDENCY key=32x16x32s2k2;32x16x32s2k1;32x16x32s2k1;32x16x32s2k1;32x16x32s2k4; residency=5 nodes=7936 level2_ms=842.732 requeues=7296 score_ns=135497
SKELETON_RESIDENCY key=32x16x32s2k2;32x16x32s2k1;32x16x32s2k1;32x16x32s2k1;32x16x32s2k4; residency=6 nodes=7936 level2_ms=823.495 requeues=7296 score_ns=148683
SKELETON_RESIDENCY key=32x16x32s2k2;32x16x32s2k1;32x16x32s2k1;32x16x32s2k2;32x16x32s2k4; residency=1 nodes=9984 level2_ms=964.552 requeues=99985 score_ns=235518
SKELETON_RESIDENCY key=32x16x32s2k2;32x16x32s2k1;32x16x32s2k1;32x16x32s2k2;32x16x32s2k4; residency=2 nodes=9984 level2_ms=942.717 requeues=39421 score_ns=158389
SKELETON_RESIDENCY key=32x16x32s2k2;32x16x32s2k1;32x16x32s2k1;32x16x32s2k2;32x16x32s2k4; residency=3 nodes=9984 level2_ms=935.585 requeues=18703 score_ns=134754
SKELETON_RESIDENCY key=32x16x32s2k2;32x16x32s2k1;32x16x32s2k1;32x16x32s2k2;32x16x32s2k4; residency=4 nodes=9984 level2_ms=934.491 requeues=12227 score_ns=135337
SKELETON_RESIDENCY key=32x16x32s2k2;32x16x32s2k1;32x16x32s2k1;32x16x32s2k2;32x16x32s2k4; residency=5 nodes=9984 level2_ms=929.803 requeues=10593 score_ns=141178
SKELETON_RESIDENCY key=32x16x32s2k2;32x16x32s2k1;32x16x32s2k1;32x16x32s2k2;32x16x32s2k4; residency=6 nodes=9984 level2_ms=932.277 requeues=9890 score_ns=153799
SKELETON_RESIDENCY key=32x16x32s2k2;32x16x32s2k1;32x16x32s2k1;32x16x32s2k8;32x16x32s2k4; residency=1 nodes=16128 level2_ms=2263 requeues=787327 score_ns=340449
SKELETON_RESIDENCY key=32x16x32s2k2;32x16x32s2k1;32x16x32s2k1;32x16x32s2k8;32x16x32s2k4; residency=2 nodes=16128 level2_ms=1763.23 requeues=263284 score_ns=208702
SKELETON_RESIDENCY key=32x16x32s2k2;32x16x32s2k1;32x16x32s2k1;32x16x32s2k8;32x16x32s2k4; residency=3 nodes=16128 level2_ms=1672.65 requeues=145488 score_ns=171840
SKELETON_RESIDENCY key=32x16x32s2k2;32x16x32s2k1;32x16x32s2k1;32x16x32s2k8;32x16x32s2k4; residency=4 nodes=16128 level2_ms=1626.18 requeues=96389 score_ns=161652
SKELETON_RESIDENCY key=32x16x32s2k2;32x16x32s2k1;32x16x32s2k1;32x16x32s2k8;32x16x32s2k4; residency=5 nodes=16128 level2_ms=1603.58 requeues=73680 score_ns=161805
SKELETON_RESIDENCY key=32x16x32s2k2;32x16x32s2k1;32x16x32s2k1;32x16x32s2k8;32x16x32s2k4; residency=6 nodes=16128 level2_ms=1592.24 requeues=60755 score_ns=167777
SKELETON_RESIDENCY key=32x16x32s2k2;32x16x32s2k1;32x16x32s2k1;32x16x32s2k16;32x16x32s2k4; residency=1 nodes=24320 level2_ms=4789.18 requeues=2155763 score_ns=485203
SKELETON_RESIDENCY key=32x16x32s2k2;32x16x32s2k1;32x16x32s2k1;32x16x32s2k16;32x16x32s2k4; residency=2 nodes=24320 level2_ms=3384.41 requeues=782909 score_ns=285338
SKELETON_RESIDENCY key=32x16x32s2k2;32x16x32s2k1;32x16x32s2k1;32x16x32s2k16;32x16x32s2k4; residency=3 nodes=24320 level2_ms=3450.76 requeues=796233 score_ns=221886
SKELETON_RESIDENCY key=32x16x32s2k2;32x16x32s2k1;32x16x32s2k1;32x16x32s2k16;32x16x32s2k4; residency=4 nodes=24320 level2_ms=2832.95 requeues=386291 score_ns=202455
SKELETON_RESIDENCY key=32x16x32s2k2;32x16x32s2k1;32x16x32s2k1;32x16x32s2k16;32x16x32s2k4; residency=5 nodes=24320 level2_ms=2715.65 requeues=293398 score_ns=190784
SKELETON_RESIDENCY key=32x16x32s2k2;32x16x32s2k1;32x16x32s2k1;32x16x32s2k16;32x16x32s2k4; residency=6 nodes=24320 level2_ms=2666.55 requeues=249984 score_ns=193115
SKELETON_RESIDENCY key=32x16x32s2k2;32x16x32s2k1;32x16x32s2k1;32x16x32s2k32;32x16x32s2k4; residency=1 nodes=24320 level2_ms=4427.65 requeues=2155763 score_ns=485203
SKELETON_RESIDENCY key=32x16x32s2k2;32x16x32s2k1;32x16x32s2k1;32x16x32s2k32;32x16x32s2k4; residency=2 nodes=24320 level2_ms=3374.58 requeues=782909 score_ns=285338
SKELETON_RESIDENCY key=32x16x32s2k2;32x16x32s2k1;32x16x32s2k1;32x16x32s2k32;32x16x32s2k4; residency=3 nodes=24320 level2_ms=3430.42 requeues=796233 score_ns=221886
SKELETON_RESIDENCY key=32x16x32s2k2;32x16x32s2k1;32x16x32s2k1;32x16x32s2k32;32x16x32s2k4; residency=4 nodes=24320 level2_ms=2786.81 requeues=386291 score_ns=202455
SKELETON_RESIDENCY key=32x16x32s2k2;32x16x32s2k1;32x16x32s2k1;32x16x32s2k32;32x16x32s2k4; residency=5 nodes=24320 level2_ms=2650.83 requeues=293398 score_ns=190784
SKELETON_RESIDENCY key=32x16x32s2k2;32x16x32s2k1;32x16x32s2k1;32x16x32s2k32;32x16x32s2k4; residency=6 nodes=24320 level2_ms=2576.54 requeues=249984 score_ns=193115
SKELETON_RESIDENCY key=32x16x32s2k2;32x16x32s2k1;32x16x32s2k1;32x16x32s2k1;32x16x32s2k1; residency=1 nodes=6912 level2_ms=732.204 requeues=60845 score_ns=205473
SKELETON_RESIDENCY key=32x16x32s2k2;32x16x32s2k1;32x16x32s2k1;32x16x32s2k1;32x16x32s2k1; residency=2 nodes=6912 level2_ms=737.131 requeues=21711 score_ns=143063
SKELETON_RESIDENCY key=32x16x32s2k2;32x16x32s2k1;32x16x32s2k1;32x16x32s2k1;32x16x32s2k1; residency=3 nodes=6912 level2_ms=733.933 requeues=10335 score_ns=141928
SKELETON_RESIDENCY key=32x16x32s2k2;32x16x32s2k1;32x16x32s2k1;32x16x32s2k1;32x16x32s2k1; residency=4 nodes=6912 level2_ms=737.147 requeues=7354 score_ns=152154
SKELETON_RESIDENCY key=32x16x32s2k2;32x16x32s2k1;32x16x32s2k1;32x16x32s2k1;32x16x32s2k1; residency=5 nodes=6912 level2_ms=736.617 requeues=6272 score_ns=151932
SKELETON_RESIDENCY key=32x16x32s2k2;32x16x32s2k1;32x16x32s2k1;32x16x32s2k1;32x16x32s2k1; residency=6 nodes=6912 level2_ms=748.4 requeues=6272 score_ns=168297
SKELETON_RESIDENCY key=32x16x32s2k2;32x16x32s2k1;32x16x32s2k1;32x16x32s2k1;32x16x32s2k2; residency=1 nodes=7424 level2_ms=767.29 requeues=65672 score_ns=207671
SKELETON_RESIDENCY key=32x16x32s2k2;32x16x32s2k1;32x16x32s2k1;32x16x32s2k1;32x16x32s2k2; residency=2 nodes=7424 level2_ms=756.502 requeues=23545 score_ns=145580
SKELETON_RESIDENCY key=32x16x32s2k2;32x16x32s2k1;32x16x32s2k1;32x16x32s2k1;32x16x32s2k2; residency=3 nodes=7424 level2_ms=755.796 requeues=11815 score_ns=133529
SKELETON_RESIDENCY key=32x16x32s2k2;32x16x32s2k1;32x16x32s2k1;32x16x32s2k1;32x16x32s2k2; residency=4 nodes=7424 level2_ms=754.922 requeues=7815 score_ns=140909
SKELETON_RESIDENCY key=32x16x32s2k2;32x16x32s2k1;32x16x32s2k1;32x16x32s2k1;32x16x32s2k2; residency=5 nodes=7424 level2_ms=764.052 requeues=6784 score_ns=142203
SKELETON_RESIDENCY key=32x16x32s2k2;32x16x32s2k1;32x16x32s2k1;32x16x32s2k1;32x16x32s2k2; residency=6 nodes=7424 level2_ms=744.363 requeues=6784 score_ns=156414
SKELETON_RESIDENCY key=32x16x32s2k2;32x16x32s2k1;32x16x32s2k1;32x16x32s2k1;32x16x32s2k8; residency=1 nodes=8960 level2_ms=951.522 requeues=94071 score_ns=229126
SKELETON_RESIDENCY key=32x16x32s2k2;32x16x32s2k1;32x16x32s2k1;32x16x32s2k1;32x16x32s2k8; residency=2 nodes=8960 level2_ms=950.858 requeues=30190 score_ns=153707
SKELETON_RESIDENCY key=32x16x32s2k2;32x16x32s2k1;32x16x32s2k1;32x16x32s2k1;32x16x32s2k8; residency=3 nodes=8960 level2_ms=932.99 requeues=13774 score_ns=135866
SKELETON_RESIDENCY key=32x16x32s2k2;32x16x32s2k1;32x16x32s2k1;32x16x32s2k1;32x16x32s2k8; residency=4 nodes=8960 level2_ms=938.967 requeues=9873 score_ns=133619
SKELETON_RESIDENCY key=32x16x32s2k2;32x16x32s2k1;32x16x32s2k1;32x16x32s2k1;32x16x32s2k8; residency=5 nodes=8960 level2_ms=936.657 requeues=9377 score_ns=137752
SKELETON_RESIDENCY key=32x16x32s2k2;32x16x32s2k1;32x16x32s2k1;32x16x32s2k1;32x16x32s2k8; residency=6 nodes=8960 level2_ms=939.153 requeues=8864 score_ns=149297
SKELETON_RESIDENCY key=32x16x32s2k2;32x16x32s2k1;32x16x32s2k1;32x16x32s2k1;32x16x32s2k16; residency=1 nodes=11008 level2_ms=1234.99 requeues=164489 score_ns=264228
SKELETON_RESIDENCY key=32x16x32s2k2;32x16x32s2k1;32x16x32s2k1;32x16x32s2k1;32x16x32s2k16; residency=2 nodes=11008 level2_ms=1188.25 requeues=75611 score_ns=166988
SKELETON_RESIDENCY key=32x16x32s2k2;32x16x32s2k1;32x16x32s2k1;32x16x32s2k1;32x16x32s2k16; residency=3 nodes=11008 level2_ms=1167.31 requeues=35110 score_ns=142999
SKELETON_RESIDENCY key=32x16x32s2k2;32x16x32s2k1;32x16x32s2k1;32x16x32s2k1;32x16x32s2k16; residency=4 nodes=11008 level2_ms=1153.24 requeues=17410 score_ns=141697
SKELETON_RESIDENCY key=32x16x32s2k2;32x16x32s2k1;32x16x32s2k1;32x16x32s2k1;32x16x32s2k16; residency=5 nodes=11008 level2_ms=1148.17 requeues=16615 score_ns=148417
SKELETON_RESIDENCY key=32x16x32s2k2;32x16x32s2k1;32x16x32s2k1;32x16x32s2k1;32x16x32s2k16; residency=6 nodes=11008 level2_ms=1150.27 requeues=16352 score_ns=157517
SKELETON_RESIDENCY key=32x16x32s2k2;32x16x32s2k1;32x16x32s2k1;32x16x32s2k1;32x16x32s2k32; residency=1 nodes=15104 level2_ms=2004.93 requeues=498983 score_ns=336648
SKELETON_RESIDENCY key=32x16x32s2k2;32x16x32s2k1;32x16x32s2k1;32x16x32s2k1;32x16x32s2k32; residency=2 nodes=15104 level2_ms=1875.59 requeues=245755 score_ns=207068
SKELETON_RESIDENCY key=32x16x32s2k2;32x16x32s2k1;32x16x32s2k1;32x16x32s2k1;32x16x32s2k32; residency=3 nodes=15104 level2_ms=1708.22 requeues=135789 score_ns=170301
SKELETON_RESIDENCY key=32x16x32s2k2;32x16x32s2k1;32x16x32s2k1;32x16x32s2k1;32x16x32s2k32; residency=4 nodes=15104 level2_ms=1613.27 requeues=68188 score_ns=164677
SKELETON_RESIDENCY key=32x16x32s2k2;32x16x32s2k1;32x16x32s2k1;32x16x32s2k1;32x16x32s2k32; residency=5 nodes=15104 level2_ms=1620.03 requeues=58554 score_ns=168577
SKELETON_RESIDENCY key=32x16x32s2k2;32x16x32s2k1;32x16x32s2k1;32x16x32s2k1;32x16x32s2k32; residency=6 nodes=15104 level2_ms=1553.17 requeues=47013 score_ns=177822
SKELETON_RESIDENCY key=32x16x32s2k2;32x16x32s2k1;32x16x32s2k1;32x16x32s2k1;32x16x32s2k4; residency=1 nodes=7936 level2_ms=869.484 requeues=67642 score_ns=215214
SKELETON_RESIDENCY key=32x16x32s2k2;32x16x32s2k1;32x16x32s2k1;32x16x32s2k1;32x16x32s2k4; residency=2 nodes=7936 level2_ms=823.636 requeues=22679 score_ns=145637
SKELETON_RESIDENCY key=32x16x32s2k2;32x16x32s2k1;32x16x32s2k1;32x16x32s2k1;32x16x32s2k4; residency=3 nodes=7936 level2_ms=819.366 requeues=11653 score_ns=131852
SKELETON_RESIDENCY key=32x16x32s2k2;32x16x32s2k1;32x16x32s2k1;32x16x32s2k1;32x16x32s2k4; residency=4 nodes=7936 level2_ms=818.778 requeues=8324 score_ns=135229
SKELETON_RESIDENCY key=32x16x32s2k2;32x16x32s2k1;32x16x32s2k1;32x16x32s2k1;32x16x32s2k4; residency=5 nodes=7936 level2_ms=822.515 requeues=7296 score_ns=135497
SKELETON_RESIDENCY key=32x16x32s2k2;32x16x32s2k1;32x16x32s2k1;32x16x32s2k1;32x16x32s2k4; residency=6 nodes=7936 level2_ms=822.792 requeues=7296 score_ns=148683
DISK NEED_MIB=8192 FREE_MIB=1298900
RESOURCE_QUERY directory="/root/TileMega/docs/experiments/SOLVER_V2/reference/gqa2_s128/selected.cu.resources/1790258231296850964/0" resident=5
SKELETON_RESIDENCY key=32x16x32s2k2;32x16x32s2k1;32x16x32s2k1;32x16x32s2k1;32x16x32s2k4; residency=1 nodes=7936 level2_ms=848.176 requeues=67642 score_ns=215214
SKELETON_RESIDENCY key=32x16x32s2k2;32x16x32s2k1;32x16x32s2k1;32x16x32s2k1;32x16x32s2k4; residency=2 nodes=7936 level2_ms=821.911 requeues=22679 score_ns=145637
SKELETON_RESIDENCY key=32x16x32s2k2;32x16x32s2k1;32x16x32s2k1;32x16x32s2k1;32x16x32s2k4; residency=3 nodes=7936 level2_ms=822.663 requeues=11653 score_ns=131852
SKELETON_RESIDENCY key=32x16x32s2k2;32x16x32s2k1;32x16x32s2k1;32x16x32s2k1;32x16x32s2k4; residency=4 nodes=7936 level2_ms=802.937 requeues=8324 score_ns=135229
SKELETON_RESIDENCY key=32x16x32s2k2;32x16x32s2k1;32x16x32s2k1;32x16x32s2k1;32x16x32s2k4; residency=5 nodes=7936 level2_ms=798.987 requeues=7296 score_ns=135497
SKELETON_RESIDENCY key=32x16x32s2k2;32x16x32s2k1;32x16x32s2k1;32x16x32s2k1;32x16x32s2k2; residency=1 nodes=7424 level2_ms=758.17 requeues=65672 score_ns=207671
SKELETON_RESIDENCY key=32x16x32s2k2;32x16x32s2k1;32x16x32s2k1;32x16x32s2k1;32x16x32s2k2; residency=2 nodes=7424 level2_ms=768.507 requeues=23545 score_ns=145580
SKELETON_RESIDENCY key=32x16x32s2k2;32x16x32s2k1;32x16x32s2k1;32x16x32s2k1;32x16x32s2k2; residency=3 nodes=7424 level2_ms=757.439 requeues=11815 score_ns=133529
SKELETON_RESIDENCY key=32x16x32s2k2;32x16x32s2k1;32x16x32s2k1;32x16x32s2k1;32x16x32s2k2; residency=4 nodes=7424 level2_ms=739.727 requeues=7815 score_ns=140909
SKELETON_RESIDENCY key=32x16x32s2k2;32x16x32s2k1;32x16x32s2k1;32x16x32s2k1;32x16x32s2k2; residency=5 nodes=7424 level2_ms=768.992 requeues=6784 score_ns=142203
SKELETON_RESIDENCY key=32x16x32s2k2;32x16x32s2k1;32x16x32s2k1;32x16x32s2k1;32x16x32s2k2; residency=6 nodes=7424 level2_ms=765.126 requeues=6784 score_ns=156414
DISK NEED_MIB=8192 FREE_MIB=1298797
RESOURCE_QUERY directory="/root/TileMega/docs/experiments/SOLVER_V2/reference/gqa2_s128/selected.cu.resources/1790258231296850964/1" resident=5
SKELETON_RESIDENCY key=32x16x32s2k2;32x16x32s2k1;32x16x32s2k1;32x16x32s2k1;32x16x32s2k2; residency=1 nodes=7424 level2_ms=775.852 requeues=65672 score_ns=207671
SKELETON_RESIDENCY key=32x16x32s2k2;32x16x32s2k1;32x16x32s2k1;32x16x32s2k1;32x16x32s2k2; residency=2 nodes=7424 level2_ms=761.775 requeues=23545 score_ns=145580
SKELETON_RESIDENCY key=32x16x32s2k2;32x16x32s2k1;32x16x32s2k1;32x16x32s2k1;32x16x32s2k2; residency=3 nodes=7424 level2_ms=814.555 requeues=11815 score_ns=133529
SKELETON_RESIDENCY key=32x16x32s2k2;32x16x32s2k1;32x16x32s2k1;32x16x32s2k1;32x16x32s2k2; residency=4 nodes=7424 level2_ms=806.388 requeues=7815 score_ns=140909
SKELETON_RESIDENCY key=32x16x32s2k2;32x16x32s2k1;32x16x32s2k1;32x16x32s2k1;32x16x32s2k2; residency=5 nodes=7424 level2_ms=771.106 requeues=6784 score_ns=142203
SKELETON_RESIDENCY key=32x16x32s2k2;32x16x32s2k1;32x16x32s2k1;32x16x32s2k1;32x16x32s2k8; residency=1 nodes=8960 level2_ms=962.974 requeues=94071 score_ns=229126
SKELETON_RESIDENCY key=32x16x32s2k2;32x16x32s2k1;32x16x32s2k1;32x16x32s2k1;32x16x32s2k8; residency=2 nodes=8960 level2_ms=953.541 requeues=30190 score_ns=153707
SKELETON_RESIDENCY key=32x16x32s2k2;32x16x32s2k1;32x16x32s2k1;32x16x32s2k1;32x16x32s2k8; residency=3 nodes=8960 level2_ms=937.966 requeues=13774 score_ns=135866
SKELETON_RESIDENCY key=32x16x32s2k2;32x16x32s2k1;32x16x32s2k1;32x16x32s2k1;32x16x32s2k8; residency=4 nodes=8960 level2_ms=933.198 requeues=9873 score_ns=133619
SKELETON_RESIDENCY key=32x16x32s2k2;32x16x32s2k1;32x16x32s2k1;32x16x32s2k1;32x16x32s2k8; residency=5 nodes=8960 level2_ms=1371.76 requeues=9377 score_ns=137752
SKELETON_RESIDENCY key=32x16x32s2k2;32x16x32s2k1;32x16x32s2k1;32x16x32s2k1;32x16x32s2k8; residency=6 nodes=8960 level2_ms=1204.47 requeues=8864 score_ns=149297
DISK NEED_MIB=8192 FREE_MIB=1298857
RESOURCE_QUERY directory="/root/TileMega/docs/experiments/SOLVER_V2/reference/gqa2_s128/selected.cu.resources/1790258231296850964/2" resident=5
SKELETON_RESIDENCY key=32x16x32s2k2;32x16x32s2k1;32x16x32s2k1;32x16x32s2k1;32x16x32s2k8; residency=1 nodes=8960 level2_ms=1233.3 requeues=94071 score_ns=229126
SKELETON_RESIDENCY key=32x16x32s2k2;32x16x32s2k1;32x16x32s2k1;32x16x32s2k1;32x16x32s2k8; residency=2 nodes=8960 level2_ms=1210.43 requeues=30190 score_ns=153707
SKELETON_RESIDENCY key=32x16x32s2k2;32x16x32s2k1;32x16x32s2k1;32x16x32s2k1;32x16x32s2k8; residency=3 nodes=8960 level2_ms=1200.1 requeues=13774 score_ns=135866
SKELETON_RESIDENCY key=32x16x32s2k2;32x16x32s2k1;32x16x32s2k1;32x16x32s2k1;32x16x32s2k8; residency=4 nodes=8960 level2_ms=1196.59 requeues=9873 score_ns=133619
SKELETON_RESIDENCY key=32x16x32s2k2;32x16x32s2k1;32x16x32s2k1;32x16x32s2k1;32x16x32s2k8; residency=5 nodes=8960 level2_ms=1213.73 requeues=9377 score_ns=137752
SKELETON_RESIDENCY key=32x16x32s2k2;32x16x32s2k1;32x16x32s2k1;32x16x32s2k2;32x16x32s2k4; residency=1 nodes=9984 level2_ms=1250.33 requeues=99985 score_ns=235518
SKELETON_RESIDENCY key=32x16x32s2k2;32x16x32s2k1;32x16x32s2k1;32x16x32s2k2;32x16x32s2k4; residency=2 nodes=9984 level2_ms=1218.62 requeues=39421 score_ns=158389
SKELETON_RESIDENCY key=32x16x32s2k2;32x16x32s2k1;32x16x32s2k1;32x16x32s2k2;32x16x32s2k4; residency=3 nodes=9984 level2_ms=1205.01 requeues=18703 score_ns=134754
SKELETON_RESIDENCY key=32x16x32s2k2;32x16x32s2k1;32x16x32s2k1;32x16x32s2k2;32x16x32s2k4; residency=4 nodes=9984 level2_ms=1220.52 requeues=12227 score_ns=135337
SKELETON_RESIDENCY key=32x16x32s2k2;32x16x32s2k1;32x16x32s2k1;32x16x32s2k2;32x16x32s2k4; residency=5 nodes=9984 level2_ms=1066.29 requeues=10593 score_ns=141178
SKELETON_RESIDENCY key=32x16x32s2k2;32x16x32s2k1;32x16x32s2k1;32x16x32s2k2;32x16x32s2k4; residency=6 nodes=9984 level2_ms=926.701 requeues=9890 score_ns=153799
DISK NEED_MIB=8192 FREE_MIB=1298679
RESOURCE_QUERY directory="/root/TileMega/docs/experiments/SOLVER_V2/reference/gqa2_s128/selected.cu.resources/1790258231296850964/3" resident=5
SKELETON_RESIDENCY key=32x16x32s2k2;32x16x32s2k1;32x16x32s2k1;32x16x32s2k2;32x16x32s2k4; residency=1 nodes=9984 level2_ms=1257.38 requeues=99985 score_ns=235518
SKELETON_RESIDENCY key=32x16x32s2k2;32x16x32s2k1;32x16x32s2k1;32x16x32s2k2;32x16x32s2k4; residency=2 nodes=9984 level2_ms=1236.35 requeues=39421 score_ns=158389
SKELETON_RESIDENCY key=32x16x32s2k2;32x16x32s2k1;32x16x32s2k1;32x16x32s2k2;32x16x32s2k4; residency=3 nodes=9984 level2_ms=1222.44 requeues=18703 score_ns=134754
SKELETON_RESIDENCY key=32x16x32s2k2;32x16x32s2k1;32x16x32s2k1;32x16x32s2k2;32x16x32s2k4; residency=4 nodes=9984 level2_ms=1288.61 requeues=12227 score_ns=135337
SKELETON_RESIDENCY key=32x16x32s2k2;32x16x32s2k1;32x16x32s2k1;32x16x32s2k2;32x16x32s2k4; residency=5 nodes=9984 level2_ms=938.675 requeues=10593 score_ns=141178
SKELETON_RESIDENCY key=32x16x32s2k2;32x16x32s2k1;32x16x32s2k1;32x16x32s2k1;32x16x32s2k16; residency=1 nodes=11008 level2_ms=1676.69 requeues=164489 score_ns=264228
SKELETON_RESIDENCY key=32x16x32s2k2;32x16x32s2k1;32x16x32s2k1;32x16x32s2k1;32x16x32s2k16; residency=2 nodes=11008 level2_ms=1542.65 requeues=75611 score_ns=166988
SKELETON_RESIDENCY key=32x16x32s2k2;32x16x32s2k1;32x16x32s2k1;32x16x32s2k1;32x16x32s2k16; residency=3 nodes=11008 level2_ms=1530.64 requeues=35110 score_ns=142999
SKELETON_RESIDENCY key=32x16x32s2k2;32x16x32s2k1;32x16x32s2k1;32x16x32s2k1;32x16x32s2k16; residency=4 nodes=11008 level2_ms=1154.77 requeues=17410 score_ns=141697
SKELETON_RESIDENCY key=32x16x32s2k2;32x16x32s2k1;32x16x32s2k1;32x16x32s2k1;32x16x32s2k16; residency=5 nodes=11008 level2_ms=1150.71 requeues=16615 score_ns=148417
SKELETON_RESIDENCY key=32x16x32s2k2;32x16x32s2k1;32x16x32s2k1;32x16x32s2k1;32x16x32s2k16; residency=6 nodes=11008 level2_ms=1175.3 requeues=16352 score_ns=157517
DISK NEED_MIB=8192 FREE_MIB=1298585
RESOURCE_QUERY directory="/root/TileMega/docs/experiments/SOLVER_V2/reference/gqa2_s128/selected.cu.resources/1790258231296850964/4" resident=5
SKELETON_RESIDENCY key=32x16x32s2k2;32x16x32s2k1;32x16x32s2k1;32x16x32s2k1;32x16x32s2k16; residency=1 nodes=11008 level2_ms=1594.3 requeues=164489 score_ns=264228
SKELETON_RESIDENCY key=32x16x32s2k2;32x16x32s2k1;32x16x32s2k1;32x16x32s2k1;32x16x32s2k16; residency=2 nodes=11008 level2_ms=1535.94 requeues=75611 score_ns=166988
SKELETON_RESIDENCY key=32x16x32s2k2;32x16x32s2k1;32x16x32s2k1;32x16x32s2k1;32x16x32s2k16; residency=3 nodes=11008 level2_ms=1518.96 requeues=35110 score_ns=142999
SKELETON_RESIDENCY key=32x16x32s2k2;32x16x32s2k1;32x16x32s2k1;32x16x32s2k1;32x16x32s2k16; residency=4 nodes=11008 level2_ms=1481.91 requeues=17410 score_ns=141697
SKELETON_RESIDENCY key=32x16x32s2k2;32x16x32s2k1;32x16x32s2k1;32x16x32s2k1;32x16x32s2k16; residency=5 nodes=11008 level2_ms=1479.22 requeues=16615 score_ns=148417
SOLVE_SUMMARY evaluated=26 deferred=0 residency_scope=compiled hop_calibrated=1
CODEGEN_SUMMARY tasks=38 couplings=46 stages=30 symbolic_windows=0 fallback_windows=0 output=/root/TileMega/docs/experiments/SOLVER_V2/reference/gqa2_s128/selected.cu
