E2E_ARCH plan=sm_89 plan_id=890 device=sm_89 device_id=890
E2E_PARTIALS fp32=1 element_bytes=4 total_bytes=0
E2E_PLACE_STATS placement=0 max_queue=83 same_worker_edges=5477 cross_worker_edges=126737 base_rotation=0 plan=eft
E2E_TIMING cold=0 warmup=2 repeat=10 statistic=median reset=outside_timing
E2E_RESOURCE block=128 reg=254 smem=61440 task_smem=61440 occupancy_smem=61440 static_smem=0 regs_per_sm=65536 smem_per_sm=102400 threads_per_sm=1536 gemm_union=61440 variant_count=5 ctas_per_sm=1 num_sms=128 grid=128 l1_reg=252 l05_reg=250 l1_ctas=1 l2_ctas=1 min_blocks=1 warp_size=32 resident_formula=ctas_per_sm*num_sms
E2E_SCHEDULE workers=128 variant_stages=243 task_refs=10151 task_ref_bytes=284228 waits=79262 wait_bytes=634096 raw_polls=79633 lifted_polls=371 waiting_tasks=9599 normalization_dummies_lb=69663 max_span=10 generated_max_span=10 max_worker_span=127 resident_limit=128 global_fanin=1 i3_current=pass i3_overresident=reject max_worker_task_refs=83
E2E_TIME l05_ms=5.513520 l1_ms=5.466544 ratio=0.991480 l2_ms=4.436304 l2_over_l1=0.811537
E2E_DIFF l05_vs_l0_mismatch=54 max_abs=0.025390625 max_rel=4638.6719 l1_vs_l05_mismatch=0 max_abs=0 max_rel=0 l2_vs_l1_mismatch=0 max_abs=0 max_rel=0
E2E_OUTPUT_DIFF index=0 buffer=374 mismatch=53 max_abs=0.025390625 max_rel=2243.7126
E2E_OUTPUT_DIFF index=1 buffer=25 mismatch=0 max_abs=0 max_rel=0
E2E_OUTPUT_DIFF index=2 buffer=26 mismatch=0 max_abs=0 max_rel=0
E2E_OUTPUT_DIFF index=3 buffer=48 mismatch=0 max_abs=0.0078125 max_rel=0.041666668
E2E_OUTPUT_DIFF index=4 buffer=49 mismatch=0 max_abs=0.00390625 max_rel=0.046511628
E2E_OUTPUT_DIFF index=5 buffer=71 mismatch=0 max_abs=0.0078125 max_rel=1464.8438
E2E_OUTPUT_DIFF index=6 buffer=72 mismatch=0 max_abs=0.0078125 max_rel=1.9044586
E2E_OUTPUT_DIFF index=7 buffer=94 mismatch=0 max_abs=0.015625 max_rel=0.78846157
E2E_OUTPUT_DIFF index=8 buffer=95 mismatch=0 max_abs=0.0078125 max_rel=3.1403508
E2E_OUTPUT_DIFF index=9 buffer=117 mismatch=0 max_abs=0.01171875 max_rel=3
E2E_OUTPUT_DIFF index=10 buffer=118 mismatch=0 max_abs=0.0078125 max_rel=1.845679
E2E_OUTPUT_DIFF index=11 buffer=140 mismatch=0 max_abs=0.01171875 max_rel=3.891892
E2E_OUTPUT_DIFF index=12 buffer=141 mismatch=0 max_abs=0.013671875 max_rel=0.56910568
E2E_OUTPUT_DIFF index=13 buffer=163 mismatch=0 max_abs=0.009765625 max_rel=4638.6719
E2E_OUTPUT_DIFF index=14 buffer=164 mismatch=0 max_abs=0.01171875 max_rel=1.2
E2E_OUTPUT_DIFF index=15 buffer=186 mismatch=0 max_abs=0.01171875 max_rel=11
E2E_OUTPUT_DIFF index=16 buffer=187 mismatch=0 max_abs=0.01171875 max_rel=1.7407408
E2E_OUTPUT_DIFF index=17 buffer=209 mismatch=0 max_abs=0.015625 max_rel=1.5529412
E2E_OUTPUT_DIFF index=18 buffer=210 mismatch=0 max_abs=0.013671875 max_rel=2.687151
E2E_OUTPUT_DIFF index=19 buffer=232 mismatch=0 max_abs=0.015625 max_rel=0.99212599
E2E_OUTPUT_DIFF index=20 buffer=233 mismatch=0 max_abs=0.012393951 max_rel=14.44
E2E_OUTPUT_DIFF index=21 buffer=255 mismatch=0 max_abs=0.015625 max_rel=1.4267516
E2E_OUTPUT_DIFF index=22 buffer=256 mismatch=0 max_abs=0.015625 max_rel=5.8235292
E2E_OUTPUT_DIFF index=23 buffer=278 mismatch=0 max_abs=0.015625 max_rel=40.282444
E2E_OUTPUT_DIFF index=24 buffer=279 mismatch=0 max_abs=0.015625 max_rel=3.617801
E2E_OUTPUT_DIFF index=25 buffer=301 mismatch=0 max_abs=0.015625 max_rel=1.1276596
E2E_OUTPUT_DIFF index=26 buffer=302 mismatch=0 max_abs=0.015625 max_rel=4.2484078
E2E_OUTPUT_DIFF index=27 buffer=324 mismatch=0 max_abs=0.0234375 max_rel=7
E2E_OUTPUT_DIFF index=28 buffer=325 mismatch=0 max_abs=0.017578125 max_rel=87.830605
E2E_OUTPUT_DIFF index=29 buffer=347 mismatch=1 max_abs=0.017578125 max_rel=1.8571428
E2E_OUTPUT_DIFF index=30 buffer=348 mismatch=0 max_abs=0.017578125 max_rel=2.0873787
E2E_OUTPUT_DIFF index=31 buffer=370 mismatch=0 max_abs=0.017578125 max_rel=6.5
E2E_OUTPUT_DIFF index=32 buffer=371 mismatch=0 max_abs=0.016601562 max_rel=1.3530928
E2E_HASH l05=672cb0dd4511653d l1=672cb0dd4511653d l2=672cb0dd4511653d
E2E_ITER l2_iter1_ms=4.430848 l2_iter1_vs_iter0_mismatch=0 max_abs=0
E2E_KAPPA event_kappa=1 dependency_table=variant_exact
E2E_VARIANT index=0 seq_begin=1 seq_end=1
RESULT status=MISMATCH
