E2E_PARTIALS fp32=1 element_bytes=4 total_bytes=0
E2E_PLACE_STATS placement=0 max_queue=40 same_worker_edges=311 cross_worker_edges=3881 base_rotation=0 plan=eft
E2E_TIMING cold=0 warmup=0 repeat=1 statistic=median reset=outside_timing
E2E_RESOURCE block=128 reg=85 smem=16384 task_smem=16384 occupancy_smem=16384 static_smem=0 regs_per_sm=65536 smem_per_sm=102400 threads_per_sm=1536 gemm_union=3072 variant_count=1 ctas_per_sm=5 num_sms=128 grid=640 l1_reg=80 l05_reg=72 l1_ctas=5 l2_ctas=5 min_blocks=1 warp_size=32 resident_formula=ctas_per_sm*num_sms
E2E_SCHEDULE workers=640 variant_stages=60 task_refs=1244 task_ref_bytes=34832 waits=1977 wait_bytes=15816 raw_polls=1984 lifted_polls=7 waiting_tasks=1243 normalization_dummies_lb=734 max_span=10 generated_max_span=10 max_worker_span=127 resident_limit=640 global_fanin=1 i3_current=pass i3_overresident=reject max_worker_task_refs=40
E2E_TIME l05_ms=0.460800 l1_ms=0.526336 ratio=1.142222 l2_ms=0.289792 l2_over_l1=0.550584
E2E_DIFF l05_vs_l0_mismatch=0 max_abs=0.015625 max_rel=0.022222223 l1_vs_l05_mismatch=0 max_abs=0 max_rel=0 l2_vs_l1_mismatch=0 max_abs=0 max_rel=0
E2E_OUTPUT_DIFF index=0 buffer=73 mismatch=0 max_abs=0.015625 max_rel=0.022222223
E2E_OUTPUT_DIFF index=1 buffer=23 mismatch=0 max_abs=0 max_rel=0
E2E_OUTPUT_DIFF index=2 buffer=24 mismatch=0 max_abs=0 max_rel=0
E2E_OUTPUT_DIFF index=3 buffer=47 mismatch=0 max_abs=4.7683716e-07 max_rel=0.0044444446
E2E_OUTPUT_DIFF index=4 buffer=48 mismatch=0 max_abs=0 max_rel=0
E2E_OUTPUT_DIFF index=5 buffer=71 mismatch=0 max_abs=0 max_rel=0
E2E_OUTPUT_DIFF index=6 buffer=72 mismatch=0 max_abs=0 max_rel=0
E2E_OUTPUT_DIFF index=7 buffer=95 mismatch=0 max_abs=0 max_rel=0
E2E_OUTPUT_DIFF index=8 buffer=96 mismatch=0 max_abs=0.00390625 max_rel=0.0067114094
E2E_HASH l05=81489bf11a6ef144 l1=81489bf11a6ef144 l2=81489bf11a6ef144
E2E_ITER l2_iter1_ms=0.288800 l2_iter1_vs_iter0_mismatch=0 max_abs=0
E2E_KAPPA event_kappa=2 dependency_table=variant_exact
E2E_VARIANT index=0 seq_begin=1 seq_end=2048
RESULT status=PASS
