E2E_PARTIALS fp32=1 element_bytes=4 total_bytes=352321536
E2E_PLACE_STATS placement=0 max_queue=174 same_worker_edges=106383 cross_worker_edges=39619633 base_rotation=0 plan=eft
E2E_TIMING cold=0 warmup=5 repeat=11 statistic=median reset=outside_timing
E2E_RESOURCE block=128 reg=144 smem=16384 task_smem=16384 occupancy_smem=16384 static_smem=0 regs_per_sm=65536 smem_per_sm=102400 threads_per_sm=1536 gemm_union=12288 variant_count=1 ctas_per_sm=3 num_sms=128 grid=384 l1_reg=140 l05_reg=146 l1_ctas=3 l2_ctas=3 min_blocks=1 warp_size=32 resident_formula=ctas_per_sm*num_sms
E2E_SCHEDULE workers=384 variant_stages=60 task_refs=60032 task_ref_bytes=1680896 waits=158048 wait_bytes=1264384 raw_polls=273472 lifted_polls=115424 waiting_tasks=35840 normalization_dummies_lb=122208 max_span=13 generated_max_span=10 max_worker_span=383 resident_limit=384 global_fanin=1 i3_current=pass i3_overresident=reject max_worker_task_refs=174
E2E_TIME l05_ms=13.176832 l1_ms=13.287616 ratio=1.008407 l2_ms=9.786368 l2_over_l1=0.736503
E2E_DIFF l05_vs_l0_mismatch=0 max_abs=0.046875 max_rel=3906.25 l1_vs_l05_mismatch=0 max_abs=0 max_rel=0 l2_vs_l1_mismatch=1520585 max_abs=5570561 max_rel=3.0976e+10
E2E_OUTPUT_DIFF index=0 buffer=73 mismatch=0 max_abs=0.046875 max_rel=3417.9688
E2E_OUTPUT_DIFF index=1 buffer=23 mismatch=0 max_abs=0.0078125 max_rel=0.14285715
E2E_OUTPUT_DIFF index=2 buffer=24 mismatch=0 max_abs=0.0078125 max_rel=0.35820895
E2E_OUTPUT_DIFF index=3 buffer=47 mismatch=0 max_abs=0.015625 max_rel=3906.25
E2E_OUTPUT_DIFF index=4 buffer=48 mismatch=0 max_abs=0.015625 max_rel=152.27272
E2E_OUTPUT_DIFF index=5 buffer=71 mismatch=0 max_abs=0.015625 max_rel=3906.25
E2E_OUTPUT_DIFF index=6 buffer=72 mismatch=0 max_abs=0.015625 max_rel=1301.5883
E2E_OUTPUT_DIFF index=7 buffer=95 mismatch=0 max_abs=0.015625 max_rel=3906.25
E2E_OUTPUT_DIFF index=8 buffer=96 mismatch=0 max_abs=0.015625 max_rel=88.987877
E2E_HASH l05=4e22b914fb919b52 l1=4e22b914fb919b52 l2=b90f094ad6ff3190
E2E_ITER l2_iter1_ms=9.773248 l2_iter1_vs_iter0_mismatch=501517 max_abs=5570561.5
E2E_KAPPA event_kappa=4 dependency_table=variant_exact
E2E_VARIANT index=0 seq_begin=1 seq_end=128
RESULT status=MISMATCH
