E2E_ARCH plan=sm_89 plan_id=890 device=sm_89 device_id=890
E2E_PARTIALS fp32=1 element_bytes=4 total_bytes=371392512
E2E_PLACE_STATS placement=0 max_queue=943 same_worker_edges=148211 cross_worker_edges=57783469 base_rotation=0 plan=eft
E2E_TIMING cold=0 warmup=2 repeat=10 statistic=median reset=outside_timing
E2E_RESOURCE block=128 reg=96 smem=16384 task_smem=16384 occupancy_smem=16384 static_smem=0 regs_per_sm=65536 smem_per_sm=102400 threads_per_sm=1536 gemm_union=12288 variant_count=1 ctas_per_sm=4 num_sms=128 grid=512 l1_reg=90 l05_reg=80 l1_ctas=5 l2_ctas=5 min_blocks=1 warp_size=32 resident_formula=ctas_per_sm*num_sms
E2E_SCHEDULE workers=512 variant_stages=479 task_refs=420880 task_ref_bytes=11784640 waits=8701149 wait_bytes=69609192 raw_polls=12083885 lifted_polls=3382736 waiting_tasks=308976 normalization_dummies_lb=8392173 max_span=15 generated_max_span=12 max_worker_span=511 resident_limit=512 global_fanin=1 i3_current=pass i3_overresident=reject max_worker_task_refs=943
E2E_TIME l05_ms=16.375359 l1_ms=15.785136 ratio=0.963957 l2_ms=16.649216 l2_over_l1=1.054740
E2E_DIFF l05_vs_l0_mismatch=247257 max_abs=0.078125 max_rel=41015.625 l1_vs_l05_mismatch=0 max_abs=0 max_rel=0 l2_vs_l1_mismatch=0 max_abs=0 max_rel=0
E2E_OUTPUT_DIFF index=0 buffer=762 mismatch=178178 max_abs=0.046875 max_rel=27587.838
E2E_OUTPUT_DIFF index=1 buffer=25 mismatch=0 max_abs=0.0078125 max_rel=0.5
E2E_OUTPUT_DIFF index=2 buffer=26 mismatch=0 max_abs=0.00390625 max_rel=0.15217391
E2E_OUTPUT_DIFF index=3 buffer=52 mismatch=0 max_abs=0.03125 max_rel=5859.375
E2E_OUTPUT_DIFF index=4 buffer=53 mismatch=0 max_abs=0.0078125 max_rel=170.44954
E2E_OUTPUT_DIFF index=5 buffer=79 mismatch=1 max_abs=0.03125 max_rel=7812.5
E2E_OUTPUT_DIFF index=6 buffer=80 mismatch=0 max_abs=0.015625 max_rel=43.477989
E2E_OUTPUT_DIFF index=7 buffer=106 mismatch=2 max_abs=0.03125 max_rel=8789.0625
E2E_OUTPUT_DIFF index=8 buffer=107 mismatch=0 max_abs=0.015625 max_rel=53.547367
E2E_OUTPUT_DIFF index=9 buffer=133 mismatch=10 max_abs=0.03125 max_rel=7812.5
E2E_OUTPUT_DIFF index=10 buffer=134 mismatch=0 max_abs=0.015625 max_rel=102.04
E2E_OUTPUT_DIFF index=11 buffer=160 mismatch=28 max_abs=0.03125 max_rel=7812.5
E2E_OUTPUT_DIFF index=12 buffer=161 mismatch=0 max_abs=0.015625 max_rel=181.85715
E2E_OUTPUT_DIFF index=13 buffer=187 mismatch=73 max_abs=0.03125 max_rel=15625
E2E_OUTPUT_DIFF index=14 buffer=188 mismatch=0 max_abs=0.017578125 max_rel=314.56937
E2E_OUTPUT_DIFF index=15 buffer=214 mismatch=172 max_abs=0.0390625 max_rel=13671.875
E2E_OUTPUT_DIFF index=16 buffer=215 mismatch=0 max_abs=0.01953125 max_rel=536.70367
E2E_OUTPUT_DIFF index=17 buffer=241 mismatch=281 max_abs=0.046875 max_rel=12695.312
E2E_OUTPUT_DIFF index=18 buffer=242 mismatch=0 max_abs=0.01953125 max_rel=1089
E2E_OUTPUT_DIFF index=19 buffer=268 mismatch=445 max_abs=0.046875 max_rel=15625
E2E_OUTPUT_DIFF index=20 buffer=269 mismatch=3 max_abs=0.01953125 max_rel=140.45264
E2E_OUTPUT_DIFF index=21 buffer=295 mismatch=618 max_abs=0.046875 max_rel=27343.75
E2E_OUTPUT_DIFF index=22 buffer=296 mismatch=3 max_abs=0.0234375 max_rel=428.88678
E2E_OUTPUT_DIFF index=23 buffer=322 mismatch=892 max_abs=0.046875 max_rel=15625
E2E_OUTPUT_DIFF index=24 buffer=323 mismatch=25 max_abs=0.0234375 max_rel=787.28571
E2E_OUTPUT_DIFF index=25 buffer=349 mismatch=1115 max_abs=0.0546875 max_rel=11718.75
E2E_OUTPUT_DIFF index=26 buffer=350 mismatch=35 max_abs=0.0234375 max_rel=608.5224
E2E_OUTPUT_DIFF index=27 buffer=376 mismatch=1457 max_abs=0.0546875 max_rel=29296.875
E2E_OUTPUT_DIFF index=28 buffer=377 mismatch=33 max_abs=0.02734375 max_rel=1563.672
E2E_OUTPUT_DIFF index=29 buffer=403 mismatch=1801 max_abs=0.046875 max_rel=15625
E2E_OUTPUT_DIFF index=30 buffer=404 mismatch=81 max_abs=0.0234375 max_rel=2151.3999
E2E_OUTPUT_DIFF index=31 buffer=430 mismatch=2082 max_abs=0.047851562 max_rel=20751.953
E2E_OUTPUT_DIFF index=32 buffer=431 mismatch=108 max_abs=0.03125 max_rel=1312.4386
E2E_OUTPUT_DIFF index=33 buffer=457 mismatch=2440 max_abs=0.0546875 max_rel=20507.812
E2E_OUTPUT_DIFF index=34 buffer=458 mismatch=144 max_abs=0.029296875 max_rel=302.58905
E2E_OUTPUT_DIFF index=35 buffer=484 mismatch=2851 max_abs=0.05078125 max_rel=23437.5
E2E_OUTPUT_DIFF index=36 buffer=485 mismatch=197 max_abs=0.03125 max_rel=1113.493
E2E_OUTPUT_DIFF index=37 buffer=511 mismatch=3275 max_abs=0.0625 max_rel=27343.75
E2E_OUTPUT_DIFF index=38 buffer=512 mismatch=241 max_abs=0.03125 max_rel=182.52727
E2E_OUTPUT_DIFF index=39 buffer=538 mismatch=3458 max_abs=0.0546875 max_rel=41015.625
E2E_OUTPUT_DIFF index=40 buffer=539 mismatch=301 max_abs=0.03125 max_rel=166.27472
E2E_OUTPUT_DIFF index=41 buffer=565 mismatch=3824 max_abs=0.06640625 max_rel=21484.375
E2E_OUTPUT_DIFF index=42 buffer=566 mismatch=380 max_abs=0.03515625 max_rel=194.88235
E2E_OUTPUT_DIFF index=43 buffer=592 mismatch=4278 max_abs=0.0625 max_rel=19531.25
E2E_OUTPUT_DIFF index=44 buffer=593 mismatch=446 max_abs=0.03125 max_rel=578.18555
E2E_OUTPUT_DIFF index=45 buffer=619 mismatch=4548 max_abs=0.0625 max_rel=27343.75
E2E_OUTPUT_DIFF index=46 buffer=620 mismatch=571 max_abs=0.034179688 max_rel=313.73514
E2E_OUTPUT_DIFF index=47 buffer=646 mismatch=5042 max_abs=0.0625 max_rel=28320.312
E2E_OUTPUT_DIFF index=48 buffer=647 mismatch=681 max_abs=0.03125 max_rel=641.21967
E2E_OUTPUT_DIFF index=49 buffer=673 mismatch=5347 max_abs=0.0703125 max_rel=29296.875
E2E_OUTPUT_DIFF index=50 buffer=674 mismatch=755 max_abs=0.0390625 max_rel=1683.0991
E2E_OUTPUT_DIFF index=51 buffer=700 mismatch=5695 max_abs=0.078125 max_rel=35156.25
E2E_OUTPUT_DIFF index=52 buffer=701 mismatch=854 max_abs=0.034057617 max_rel=495.74893
E2E_OUTPUT_DIFF index=53 buffer=727 mismatch=6028 max_abs=0.0703125 max_rel=35156.25
E2E_OUTPUT_DIFF index=54 buffer=728 mismatch=956 max_abs=0.040527344 max_rel=392.5022
E2E_OUTPUT_DIFF index=55 buffer=754 mismatch=6398 max_abs=0.064453125 max_rel=27343.75
E2E_OUTPUT_DIFF index=56 buffer=755 mismatch=1104 max_abs=0.0390625 max_rel=1125.8113
E2E_HASH l05=532cfc9cf069968d l1=532cfc9cf069968d l2=532cfc9cf069968d
E2E_ITER l2_iter1_ms=16.655199 l2_iter1_vs_iter0_mismatch=0 max_abs=0
E2E_KAPPA event_kappa=1 dependency_table=variant_exact
E2E_VARIANT index=0 seq_begin=1 seq_end=64
RESULT status=MISMATCH
