RELATIONS ms=21185.1
INDIRECT tensor=p_embed_weight tokens=64 unique_rows=64 width=2048
FLOOR ms=21540.3
PREPARE ms=44676.954820999999 spaces=356 edges=435 price_hits=0 price_misses=21 varying=16
STRUCTURE ms=1178.3129289999999 counts_exact=1 releases_exact=1 makespan_exact=1
PREPARE_WARM ms=20.326934999999999 space_hits=1047 space_misses=21
FLOW ns=8036011.1867809445 floor_ns=2537232.1437584748 delivered=4998201856.0004511 mean_ms=16.738971400000004 max_ms=16.920072999999999
DECOMPOSE sync=2009222.8525271229 fixed=794108.53051236644 contention=17398.198094681837 chain=2678049.4618882984 pg=1397963.1103316741
VARYING l0.s09.attn
VARYING l0.s24.attn
VARYING l0.s39.attn
VARYING l0.s54.attn
VARYING l0.s69.attn
VARYING l0.s84.attn
VARYING l0.s99.attn
VARYING l0.s114.attn
VARYING l0.s129.attn
VARYING l0.s144.attn
VARYING l0.s159.attn
VARYING l0.s174.attn
VARYING l0.s189.attn
VARYING l0.s204.attn
VARYING l0.s219.attn
VARYING l0.s234.attn
