CG_PARAMETER s11=[1,2048]
CG_PARAMETER s14=[0,512]
CG_PARAMETER s61=[0,512]
CG_PARAMETER s65=[0,512]
CG_ROLES seq=s11 past=s14
RUNTIME_PROJECTION count=tasks stage=0
RUNTIME_PROJECTION count=longest stage=0
RUNTIME_PROJECTION count=tasks stage=1
RUNTIME_PROJECTION count=longest stage=1
RUNTIME_PROJECTION count=tasks stage=2
RUNTIME_PROJECTION count=longest stage=2
RUNTIME_PROJECTION count=tasks stage=3
RUNTIME_PROJECTION count=longest stage=3
RUNTIME_PROJECTION count=tasks stage=4
RUNTIME_PROJECTION count=longest stage=4
RUNTIME_PROJECTION count=tasks stage=5
RUNTIME_PROJECTION count=longest stage=5
RUNTIME_PROJECTION count=tasks stage=6
RUNTIME_PROJECTION count=longest stage=6
RUNTIME_PROJECTION count=tasks stage=7
RUNTIME_PROJECTION count=longest stage=7
RUNTIME_PROJECTION count=tasks stage=8
RUNTIME_PROJECTION count=longest stage=8
RUNTIME_PROJECTION count=tasks stage=9
RUNTIME_PROJECTION count=longest stage=9
RUNTIME_PROJECTION count=tasks stage=10
RUNTIME_PROJECTION count=longest stage=10
RUNTIME_PROJECTION count=tasks stage=11
RUNTIME_PROJECTION count=longest stage=11
RUNTIME_PROJECTION count=tasks stage=12
RUNTIME_PROJECTION count=longest stage=12
RUNTIME_PROJECTION count=tasks stage=13
RUNTIME_PROJECTION count=longest stage=13
RUNTIME_PROJECTION count=tasks stage=14
RUNTIME_PROJECTION count=longest stage=14
RUNTIME_PROJECTION count=tasks stage=15
RUNTIME_PROJECTION count=longest stage=15
RUNTIME_PROJECTION count=tasks stage=16
RUNTIME_PROJECTION count=longest stage=16
RUNTIME_PROJECTION count=tasks stage=17
RUNTIME_PROJECTION count=longest stage=17
RUNTIME_PROJECTION count=tasks stage=18
RUNTIME_PROJECTION count=longest stage=18
RUNTIME_PROJECTION count=tasks stage=19
RUNTIME_PROJECTION count=longest stage=19
RUNTIME_PROJECTION count=tasks stage=20
RUNTIME_PROJECTION count=longest stage=20
RUNTIME_PROJECTION count=tasks stage=21
RUNTIME_PROJECTION count=longest stage=21
RUNTIME_PROJECTION count=tasks stage=22
RUNTIME_PROJECTION count=longest stage=22
RUNTIME_PROJECTION count=tasks stage=23
RUNTIME_PROJECTION count=longest stage=23
RUNTIME_PROJECTION count=tasks stage=24
RUNTIME_PROJECTION count=longest stage=24
RUNTIME_PROJECTION count=tasks stage=25
RUNTIME_PROJECTION count=longest stage=25
RUNTIME_PROJECTION count=tasks stage=26
RUNTIME_PROJECTION count=longest stage=26
RUNTIME_PROJECTION count=tasks stage=27
RUNTIME_PROJECTION count=longest stage=27
RUNTIME_PROJECTION count=tasks stage=28
RUNTIME_PROJECTION count=longest stage=28
RUNTIME_PROJECTION count=tasks stage=29
RUNTIME_PROJECTION count=longest stage=29
RUNTIME_PROJECTION count=waits stage=0
RUNTIME_PROJECTION count=local_waits stage=0
RUNTIME_PROJECTION count=waits stage=1
RUNTIME_PROJECTION count=waits stage=2
RUNTIME_PROJECTION count=waits stage=4
RUNTIME_PROJECTION count=waits stage=5
RUNTIME_PROJECTION count=waits stage=8
RUNTIME_PROJECTION count=local_waits stage=8
RUNTIME_PROJECTION count=waits stage=9
RUNTIME_PROJECTION count=local_waits stage=9
RUNTIME_PROJECTION count=waits stage=10
RUNTIME_PROJECTION count=local_waits stage=10
RUNTIME_PROJECTION count=waits stage=11
RUNTIME_PROJECTION count=local_waits stage=11
RUNTIME_PROJECTION count=waits stage=13
RUNTIME_PROJECTION count=local_waits stage=13
runtime_task_refs=[S] -> { (64 + 34 * S) : 0 < S <= 31; (64 + 34 * S) : 32 <= S <= 63; (34 * S + 64 * floor((127 + S)/128)) : 64 <= S <= 2048 }
runtime_wait_entries=[S] -> { 2156 : S = 16; 4396 : S = 32; 8876 : S = 64; 12580 : S = 96; 16292 : S = 128; (1444 + 116 * S) : 97 <= S <= 125; ((1500084 - 205580/3 * S + 1048 * S^2 - 16/3 * S^3) + (-749320 + 102964/3 * S - 524 * S^2 + 8/3 * S^3) * floor((8064 + 127S)/8192)) : 65 <= S <= 95; (-84 + 140 * S) : 17 <= S <= 31; ((108 + 116 * S) + (-192 + 24 * S) * floor((7 + S)/8) + (48 - 6 * S) * floor((7 + S)/8)^2) : 8 <= S <= 15; ((((((16 + 595/6 * S + 25/2 * S^2 - 8/3 * S^3) - floor((S)/2)) + (-4 + 14 * S) * floor((3 + S)/4) + (-20 - 4 * S) * floor((3 + S)/4)^2 + 8 * floor((3 + S)/4)^3) + (((-3/2 * S - 1/2 * S^2) + floor((S)/2)) + (4 + 2 * S) * floor((3 + S)/4) - 4 * floor((3 + S)/4)^2) * floor((257 + S)/260)) + (-12 + 3 * S) * floor((260 + S)/264)) + (-8 + 52/3 * S - 12 * S^2 + 8/3 * S^3) * floor((8064 + 127S)/8192)) : 0 < S <= 7; (-84 + 140 * S) : 33 <= S <= 63; (1444 + 116 * S) : 126 <= S <= 127; (1948 + 112 * S) : 133 <= S <= 159; (((-80716 + 1660 * S - 12 * S^2) + (-36344/3 + 12692/3 * S + 236 * S^2 + 8/3 * S^3) * floor((8064 + 127S)/8192) + (-406144/3 - 15104 * S - 256 * S^2) * floor((8064 + 127S)/8192)^2 + (966656/3 + 32768/3 * S) * floor((8064 + 127S)/8192)^3 - 524288/3 * floor((8064 + 127S)/8192)^4) + (44128/3 - 11936/3 * S - 232 * S^2 - 8/3 * S^3) * floor((8160 + 127S)/8192) + (381952/3 + 14848 * S + 256 * S^2) * floor((8160 + 127S)/8192)^2 + (-950272/3 - 32768/3 * S) * floor((8160 + 127S)/8192)^3 + 524288/3 * floor((8160 + 127S)/8192)^4) : 129 <= S <= 132; (((((1972 + 116 * S - 4 * S^2) - 10 * floor((95 + S)/256) + 18 * floor((95 + S)/256)^2 - 8 * floor((95 + S)/256)^3) + (-8576/3 + 260 * S - 4 * S^2) * floor((96 + 127S)/8192) + (-8320 + 256 * S) * floor((96 + 127S)/8192)^2 - 16384/3 * floor((96 + 127S)/8192)^3) + (-36344/3 + 12692/3 * S + 236 * S^2 + 8/3 * S^3) * floor((8064 + 127S)/8192) + (-406144/3 - 15104 * S - 256 * S^2) * floor((8064 + 127S)/8192)^2 + (966656/3 + 32768/3 * S) * floor((8064 + 127S)/8192)^3 - 524288/3 * floor((8064 + 127S)/8192)^4) + (44128/3 - 11936/3 * S - 232 * S^2 - 8/3 * S^3) * floor((8160 + 127S)/8192) + (381952/3 + 14848 * S + 256 * S^2) * floor((8160 + 127S)/8192)^2 + (-950272/3 - 32768/3 * S) * floor((8160 + 127S)/8192)^3 + 524288/3 * floor((8160 + 127S)/8192)^4) : 160 <= S <= 255; ((((((((((((((((((((((2044 + 100 * S - 4 * S^2) + (573314426914821026224/6226030121342835 + 1527059245948802095/1245206024268567 * S) * floor((127 + S)/128) + (-290710774135079454886/1245206024268567 - 1571886662822470507/2490412048537134 * S) * floor((127 + S)/128)^2 + (19718/3 - 1462308532686836611/1245206024268567 * S) * floor((127 + S)/128)^3 + (280178821581815915200/1245206024268567 + 1462308532686836611/2490412048537134 * S) * floor((127 + S)/128)^4 - 187175492183915086208/2075343373780945 * floor((127 + S)/128)^5) + ((-2048/3 - 80/3 * S) + (8192/3 + 48 * S) * floor((127 + S)/128) + (-4096 - 16 * S) * floor((127 + S)/128)^2 + 4096/3 * floor((127 + S)/128)^3) * floor((15 + S)/256) + ((2048/3 - 48 * S) + (2048 + 32 * S) * floor((127 + S)/128) - 2048 * floor((127 + S)/128)^2) * floor((15 + S)/256)^2 + (8192/3 - 64/3 * S) * floor((15 + S)/256)^3 + 4096/3 * floor((15 + S)/256)^4) + ((-256 - 10 * S) + (1024 + 18 * S) * floor((127 + S)/128) + (-1536 - 6 * S) * floor((127 + S)/128)^2 + 512 * floor((127 + S)/128)^3) * floor((31 + S)/256) + ((256 - 18 * S) + (768 + 12 * S) * floor((127 + S)/128) - 768 * floor((127 + S)/128)^2) * floor((31 + S)/256)^2 + (1024 - 8 * S) * floor((31 + S)/256)^3 + 512 * floor((31 + S)/256)^4) + ((266/5 + 2 * S) + (518 + 3 * S) * floor((127 + S)/128) + (-902 - 9 * S) * floor((127 + S)/128)^2 + (1280 + 4 * S) * floor((127 + S)/128)^3 - 640 * floor((127 + S)/128)^4) * floor((95 + S)/256) + ((-902 - 4 * S) + (1292 + 15 * S) * floor((127 + S)/128) + (-1536 - 9 * S) * floor((127 + S)/128)^2 + 1280 * floor((127 + S)/128)^3) * floor((95 + S)/256)^2 + ((-264 - 8 * S) + (-256 + 8 * S) * floor((127 + S)/128) - 768 * floor((127 + S)/128)^2) * floor((95 + S)/256)^3 + ((896 - 2 * S) - 256 * floor((127 + S)/128)) * floor((95 + S)/256)^4 + 1024/5 * floor((95 + S)/256)^5) + ((2048/15 + 16/3 * S) + (4096/3 + 8 * S) * floor((127 + S)/128) + (-7168/3 - 24 * S) * floor((127 + S)/128)^2 + (10240/3 + 32/3 * S) * floor((127 + S)/128)^3 - 5120/3 * floor((127 + S)/128)^4) * floor((111 + S)/256) + ((-7168/3 - 32/3 * S) + (10240/3 + 40 * S) * floor((127 + S)/128) + (-4096 - 24 * S) * floor((127 + S)/128)^2 + 10240/3 * floor((127 + S)/128)^3) * floor((111 + S)/256)^2 + ((-2048/3 - 64/3 * S) + (-2048/3 + 64/3 * S) * floor((127 + S)/128) - 2048 * floor((127 + S)/128)^2) * floor((111 + S)/256)^3 + ((7168/3 - 16/3 * S) - 2048/3 * floor((127 + S)/128)) * floor((111 + S)/256)^4 + 8192/15 * floor((111 + S)/256)^5) + ((2816/15 + 22/3 * S) + 22/3 * S * floor((127 + S)/128) + (-4928/3 - 22 * S) * floor((127 + S)/128)^2 + (7040/3 + 22/3 * S) * floor((127 + S)/128)^3 - 704 * floor((127 + S)/128)^4) * floor((126 + S)/256) + ((-2816/3 - 22/3 * S) + (7040/3 + 44 * S) * floor((127 + S)/128) + (-4224 - 22 * S) * floor((127 + S)/128)^2 + 5632/3 * floor((127 + S)/128)^3) * floor((126 + S)/256)^2 + ((-2816/3 - 88/3 * S) + (5632/3 + 88/3 * S) * floor((127 + S)/128) - 5632/3 * floor((127 + S)/128)^2) * floor((126 + S)/256)^3 + (2816/3 - 44/3 * S) * floor((126 + S)/256)^4 + 11264/15 * floor((126 + S)/256)^5) + ((((-380577844626522519794/2075343373780945 - 999223050710254162/415068674756189 * S) + (769798249198818406946/1245206024268567 + 3047892461776261355/1245206024268567 * S) * floor((127 + S)/128) + (164033753291558524702/1245206024268567 + 2947445842485263617/415068674756189 * S) * floor((127 + S)/128)^2 + (-626061168491258239104/415068674756189 - 5894891684970527234/1245206024268567 * S) * floor((127 + S)/128)^3 + 313615000939685833664/415068674756189 * floor((127 + S)/128)^4) + ((256 + 2 * S) + (256 + 6 * S) * floor((127 + S)/128) + (-2304 - 6 * S) * floor((127 + S)/128)^2 + 1536 * floor((127 + S)/128)^3) * floor((95 + S)/256) + ((-768 - 6 * S) + (3072 + 12 * S) * floor((127 + S)/128) - 3072 * floor((127 + S)/128)^2) * floor((95 + S)/256)^2 + ((-1024 - 8 * S) + 2048 * floor((127 + S)/128)) * floor((95 + S)/256)^3) + ((2048/3 + 16/3 * S) + (2048/3 + 16 * S) * floor((127 + S)/128) + (-6144 - 16 * S) * floor((127 + S)/128)^2 + 4096 * floor((127 + S)/128)^3) * floor((111 + S)/256) + ((-2048 - 16 * S) + (8192 + 32 * S) * floor((127 + S)/128) - 8192 * floor((127 + S)/128)^2) * floor((111 + S)/256)^2 + ((-8192/3 - 64/3 * S) + 16384/3 * floor((127 + S)/128)) * floor((111 + S)/256)^3) * floor((127 + S)/256) + ((((-386681014420137522850/1245206024268567 - 1017486072399526478/415068674756189 * S) + (-718782158384535216956/1245206024268567 - 5899457440392845313/415068674756189 * S) * floor((127 + S)/128) + (1502663687717831116672/415068674756189 + 5899457440392845313/415068674756189 * S) * floor((127 + S)/128)^2 - 3012340375764342802688/1245206024268567 * floor((127 + S)/128)^3) + (256 + 768 * floor((127 + S)/128) - 768 * floor((127 + S)/128)^2) * floor((95 + S)/256) + (-768 + 1536 * floor((127 + S)/128)) * floor((95 + S)/256)^2 - 1024 * floor((95 + S)/256)^3) + (2048/3 + 2048 * floor((127 + S)/128) - 2048 * floor((127 + S)/128)^2) * floor((111 + S)/256) + (-2048 + 4096 * floor((127 + S)/128)) * floor((111 + S)/256)^2 - 8192/3 * floor((111 + S)/256)^3) * floor((127 + S)/256)^2 + ((739274928994597780264/1245206024268567 + 3932971626928563542/415068674756189 * S) + (-4501562479518869494784/1245206024268567 - 7865943253857127084/415068674756189 * S) * floor((127 + S)/128) + 4515588480176230633472/1245206024268567 * floor((127 + S)/128)^2) * floor((127 + S)/256)^3 + ((1495650687389150547328/1245206024268567 + 3932971626928563542/415068674756189 * S) - 3005327375435662233344/1245206024268567 * floor((127 + S)/128)) * floor((127 + S)/256)^4 + 2990132541390187666432/6226030121342835 * floor((127 + S)/256)^5) + (-2/3 + 2 * floor((127 + S)/128) + 2 * floor((127 + S)/128)^2) * floor((191 + S)/256) + (-2 - 4 * floor((127 + S)/128)) * floor((191 + S)/256)^2 + 8/3 * floor((191 + S)/256)^3) + ((-838/15 - 2 * S) + (-498 - 2 * S) * floor((127 + S)/128) + (270 + 6 * S) * floor((127 + S)/128)^2 + 4 * S * floor((127 + S)/128)^3 - 256 * floor((127 + S)/128)^4) * floor((223 + S)/256) + ((754 + 2 * S) + (-284 - 12 * S) * floor((127 + S)/128) + (-768 - 12 * S) * floor((127 + S)/128)^2 + 512 * floor((127 + S)/128)^3) * floor((223 + S)/256)^2 + ((56/3 + 8 * S) + (2048 + 16 * S) * floor((127 + S)/128)) * floor((223 + S)/256)^3 + ((-1536 - 8 * S) - 1024 * floor((127 + S)/128)) * floor((223 + S)/256)^4 + 4096/5 * floor((223 + S)/256)^5) + ((-2048/15 - 16/3 * S) + (-4096/3 - 16/3 * S) * floor((127 + S)/128) + (2048/3 + 16 * S) * floor((127 + S)/128)^2 + 32/3 * S * floor((127 + S)/128)^3 - 2048/3 * floor((127 + S)/128)^4) * floor((239 + S)/256) + ((2048 + 16/3 * S) + (-2048/3 - 32 * S) * floor((127 + S)/128) + (-2048 - 32 * S) * floor((127 + S)/128)^2 + 4096/3 * floor((127 + S)/128)^3) * floor((239 + S)/256)^2 + (64/3 * S + (16384/3 + 128/3 * S) * floor((127 + S)/128)) * floor((239 + S)/256)^3 + ((-4096 - 64/3 * S) - 8192/3 * floor((127 + S)/128)) * floor((239 + S)/256)^4 + 32768/15 * floor((239 + S)/256)^5) + (((-5334 - 255/2 * S - 1/2 * S^2) + floor((S)/2)) + (256 + 2 * S) * floor((127 + S)/128)) * floor((257 + S)/260) + ((16254 + 128 * S) - 260 * floor((127 + S)/128)) * floor((257 + S)/260)^2 - 10920 * floor((257 + S)/260)^3) + (((5330 + 255/2 * S + 1/2 * S^2) - floor((S)/2)) + (-260 - 2 * S) * floor((127 + S)/128)) * floor((259 + S)/260) + ((-16250 - 128 * S) + 260 * floor((127 + S)/128)) * floor((259 + S)/260)^2 + 10920 * floor((259 + S)/260)^3) + (((-5208 - 124 * S) + (-8 - 4 * S) * floor((3 + S)/4) + 8 * floor((3 + S)/4)^2) + (512 + 4 * S) * floor((127 + S)/128)) * floor((259 + S)/264) + ((16120 + 128 * S) - 528 * floor((127 + S)/128)) * floor((259 + S)/264)^2 - 10912 * floor((259 + S)/264)^3) + (384 + 3 * S) * floor((260 + S)/264) - 396 * floor((260 + S)/264)^2) + (((4796 + 121 * S) + (8 + 4 * S) * floor((3 + S)/4) - 8 * floor((3 + S)/4)^2) + (-528 - 4 * S) * floor((127 + S)/128)) * floor((263 + S)/264) + ((-15708 - 128 * S) + 528 * floor((127 + S)/128)) * floor((263 + S)/264)^2 + 10912 * floor((263 + S)/264)^3) + (((-3720 - 90 * S) + (-24 - 6 * S) * floor((7 + S)/8) + 24 * floor((7 + S)/8)^2) + (768 + 6 * S) * floor((127 + S)/128)) * floor((263 + S)/272) + ((11880 + 96 * S) - 816 * floor((127 + S)/128)) * floor((263 + S)/272)^2 - 8160 * floor((263 + S)/272)^3) + (-816 - 6 * S) * floor((271 + S)/272) + 816 * floor((271 + S)/272)^2) + (((4480 + 96 * S) + (24 + 6 * S) * floor((7 + S)/8) - 24 * floor((7 + S)/8)^2) + (-792 - 6 * S) * floor((127 + S)/128) + 24 * floor((127 + S)/128)^2) * floor((4095 + 15S)/4096) + ((-12672 - 96 * S) + 768 * floor((127 + S)/128)) * floor((4095 + 15S)/4096)^2 + 8192 * floor((4095 + 15S)/4096)^3) + ((-7064/3 + 244 * S - 4 * S^2) + (-244 + 8 * S) * floor((127 + S)/128) - 4 * floor((127 + S)/128)^2) * floor((96 + 127S)/8192) + ((-7808 + 256 * S) - 256 * floor((127 + S)/128)) * floor((96 + 127S)/8192)^2 - 16384/3 * floor((96 + 127S)/8192)^3) + ((-2688 + 15620/3 * S + 252 * S^2 + 8/3 * S^3) + (-15620/3 - 504 * S - 8 * S^2) * floor((127 + S)/128) + (252 + 8 * S) * floor((127 + S)/128)^2 - 8/3 * floor((127 + S)/128)^3) * floor((8064 + 127S)/8192) + ((-499840/3 - 16128 * S - 256 * S^2) + (16128 + 512 * S) * floor((127 + S)/128) - 256 * floor((127 + S)/128)^2) * floor((8064 + 127S)/8192)^2 + ((344064 + 32768/3 * S) - 32768/3 * floor((127 + S)/128)) * floor((8064 + 127S)/8192)^3 - 524288/3 * floor((8064 + 127S)/8192)^4) + ((17408/3 - 14816/3 * S - 248 * S^2 - 8/3 * S^3) + (14816/3 + 496 * S + 8 * S^2) * floor((127 + S)/128) + (-248 - 8 * S) * floor((127 + S)/128)^2 + 8/3 * floor((127 + S)/128)^3) * floor((8160 + 127S)/8192) + ((474112/3 + 15872 * S + 256 * S^2) + (-15872 - 512 * S) * floor((127 + S)/128) + 256 * floor((127 + S)/128)^2) * floor((8160 + 127S)/8192)^2 + ((-1015808/3 - 32768/3 * S) + 32768/3 * floor((127 + S)/128)) * floor((8160 + 127S)/8192)^3 + 524288/3 * floor((8160 + 127S)/8192)^4) : 256 <= S <= 1023; (((((((((((((((((((((((2044 + 100 * S - 4 * S^2) + (573314426914821026224/6226030121342835 + 1527059245948802095/1245206024268567 * S) * floor((127 + S)/128) + (-290710774135079454886/1245206024268567 - 1571886662822470507/2490412048537134 * S) * floor((127 + S)/128)^2 + (19718/3 - 1462308532686836611/1245206024268567 * S) * floor((127 + S)/128)^3 + (280178821581815915200/1245206024268567 + 1462308532686836611/2490412048537134 * S) * floor((127 + S)/128)^4 - 187175492183915086208/2075343373780945 * floor((127 + S)/128)^5) + ((-2048/3 - 80/3 * S) + (8192/3 + 48 * S) * floor((127 + S)/128) + (-4096 - 16 * S) * floor((127 + S)/128)^2 + 4096/3 * floor((127 + S)/128)^3) * floor((15 + S)/256) + ((2048/3 - 48 * S) + (2048 + 32 * S) * floor((127 + S)/128) - 2048 * floor((127 + S)/128)^2) * floor((15 + S)/256)^2 + (8192/3 - 64/3 * S) * floor((15 + S)/256)^3 + 4096/3 * floor((15 + S)/256)^4) + ((-256 - 10 * S) + (1024 + 18 * S) * floor((127 + S)/128) + (-1536 - 6 * S) * floor((127 + S)/128)^2 + 512 * floor((127 + S)/128)^3) * floor((31 + S)/256) + ((256 - 18 * S) + (768 + 12 * S) * floor((127 + S)/128) - 768 * floor((127 + S)/128)^2) * floor((31 + S)/256)^2 + (1024 - 8 * S) * floor((31 + S)/256)^3 + 512 * floor((31 + S)/256)^4) + ((266/5 + 2 * S) + (518 + 3 * S) * floor((127 + S)/128) + (-902 - 9 * S) * floor((127 + S)/128)^2 + (1280 + 4 * S) * floor((127 + S)/128)^3 - 640 * floor((127 + S)/128)^4) * floor((95 + S)/256) + ((-902 - 4 * S) + (1292 + 15 * S) * floor((127 + S)/128) + (-1536 - 9 * S) * floor((127 + S)/128)^2 + 1280 * floor((127 + S)/128)^3) * floor((95 + S)/256)^2 + ((-264 - 8 * S) + (-256 + 8 * S) * floor((127 + S)/128) - 768 * floor((127 + S)/128)^2) * floor((95 + S)/256)^3 + ((896 - 2 * S) - 256 * floor((127 + S)/128)) * floor((95 + S)/256)^4 + 1024/5 * floor((95 + S)/256)^5) + ((2048/15 + 16/3 * S) + (4096/3 + 8 * S) * floor((127 + S)/128) + (-7168/3 - 24 * S) * floor((127 + S)/128)^2 + (10240/3 + 32/3 * S) * floor((127 + S)/128)^3 - 5120/3 * floor((127 + S)/128)^4) * floor((111 + S)/256) + ((-7168/3 - 32/3 * S) + (10240/3 + 40 * S) * floor((127 + S)/128) + (-4096 - 24 * S) * floor((127 + S)/128)^2 + 10240/3 * floor((127 + S)/128)^3) * floor((111 + S)/256)^2 + ((-2048/3 - 64/3 * S) + (-2048/3 + 64/3 * S) * floor((127 + S)/128) - 2048 * floor((127 + S)/128)^2) * floor((111 + S)/256)^3 + ((7168/3 - 16/3 * S) - 2048/3 * floor((127 + S)/128)) * floor((111 + S)/256)^4 + 8192/15 * floor((111 + S)/256)^5) + ((2816/15 + 22/3 * S) + 22/3 * S * floor((127 + S)/128) + (-4928/3 - 22 * S) * floor((127 + S)/128)^2 + (7040/3 + 22/3 * S) * floor((127 + S)/128)^3 - 704 * floor((127 + S)/128)^4) * floor((126 + S)/256) + ((-2816/3 - 22/3 * S) + (7040/3 + 44 * S) * floor((127 + S)/128) + (-4224 - 22 * S) * floor((127 + S)/128)^2 + 5632/3 * floor((127 + S)/128)^3) * floor((126 + S)/256)^2 + ((-2816/3 - 88/3 * S) + (5632/3 + 88/3 * S) * floor((127 + S)/128) - 5632/3 * floor((127 + S)/128)^2) * floor((126 + S)/256)^3 + (2816/3 - 44/3 * S) * floor((126 + S)/256)^4 + 11264/15 * floor((126 + S)/256)^5) + ((((-380577844626522519794/2075343373780945 - 999223050710254162/415068674756189 * S) + (769798249198818406946/1245206024268567 + 3047892461776261355/1245206024268567 * S) * floor((127 + S)/128) + (164033753291558524702/1245206024268567 + 2947445842485263617/415068674756189 * S) * floor((127 + S)/128)^2 + (-626061168491258239104/415068674756189 - 5894891684970527234/1245206024268567 * S) * floor((127 + S)/128)^3 + 313615000939685833664/415068674756189 * floor((127 + S)/128)^4) + ((256 + 2 * S) + (256 + 6 * S) * floor((127 + S)/128) + (-2304 - 6 * S) * floor((127 + S)/128)^2 + 1536 * floor((127 + S)/128)^3) * floor((95 + S)/256) + ((-768 - 6 * S) + (3072 + 12 * S) * floor((127 + S)/128) - 3072 * floor((127 + S)/128)^2) * floor((95 + S)/256)^2 + ((-1024 - 8 * S) + 2048 * floor((127 + S)/128)) * floor((95 + S)/256)^3) + ((2048/3 + 16/3 * S) + (2048/3 + 16 * S) * floor((127 + S)/128) + (-6144 - 16 * S) * floor((127 + S)/128)^2 + 4096 * floor((127 + S)/128)^3) * floor((111 + S)/256) + ((-2048 - 16 * S) + (8192 + 32 * S) * floor((127 + S)/128) - 8192 * floor((127 + S)/128)^2) * floor((111 + S)/256)^2 + ((-8192/3 - 64/3 * S) + 16384/3 * floor((127 + S)/128)) * floor((111 + S)/256)^3) * floor((127 + S)/256) + ((((-386681014420137522850/1245206024268567 - 1017486072399526478/415068674756189 * S) + (-718782158384535216956/1245206024268567 - 5899457440392845313/415068674756189 * S) * floor((127 + S)/128) + (1502663687717831116672/415068674756189 + 5899457440392845313/415068674756189 * S) * floor((127 + S)/128)^2 - 3012340375764342802688/1245206024268567 * floor((127 + S)/128)^3) + (256 + 768 * floor((127 + S)/128) - 768 * floor((127 + S)/128)^2) * floor((95 + S)/256) + (-768 + 1536 * floor((127 + S)/128)) * floor((95 + S)/256)^2 - 1024 * floor((95 + S)/256)^3) + (2048/3 + 2048 * floor((127 + S)/128) - 2048 * floor((127 + S)/128)^2) * floor((111 + S)/256) + (-2048 + 4096 * floor((127 + S)/128)) * floor((111 + S)/256)^2 - 8192/3 * floor((111 + S)/256)^3) * floor((127 + S)/256)^2 + ((739274928994597780264/1245206024268567 + 3932971626928563542/415068674756189 * S) + (-4501562479518869494784/1245206024268567 - 7865943253857127084/415068674756189 * S) * floor((127 + S)/128) + 4515588480176230633472/1245206024268567 * floor((127 + S)/128)^2) * floor((127 + S)/256)^3 + ((1495650687389150547328/1245206024268567 + 3932971626928563542/415068674756189 * S) - 3005327375435662233344/1245206024268567 * floor((127 + S)/128)) * floor((127 + S)/256)^4 + 2990132541390187666432/6226030121342835 * floor((127 + S)/256)^5) + (-2/3 + 2 * floor((127 + S)/128) + 2 * floor((127 + S)/128)^2) * floor((191 + S)/256) + (-2 - 4 * floor((127 + S)/128)) * floor((191 + S)/256)^2 + 8/3 * floor((191 + S)/256)^3) + ((-266/5 - 2 * S) + (-506 - 2 * S) * floor((127 + S)/128) + (262 + 6 * S) * floor((127 + S)/128)^2 + 4 * S * floor((127 + S)/128)^3 - 256 * floor((127 + S)/128)^4) * floor((223 + S)/256) + ((762 + 2 * S) + (-268 - 12 * S) * floor((127 + S)/128) + (-768 - 12 * S) * floor((127 + S)/128)^2 + 512 * floor((127 + S)/128)^3) * floor((223 + S)/256)^2 + ((8 + 8 * S) + (2048 + 16 * S) * floor((127 + S)/128)) * floor((223 + S)/256)^3 + ((-1536 - 8 * S) - 1024 * floor((127 + S)/128)) * floor((223 + S)/256)^4 + 4096/5 * floor((223 + S)/256)^5) + ((-2048/15 - 16/3 * S) + (-4096/3 - 16/3 * S) * floor((127 + S)/128) + (2048/3 + 16 * S) * floor((127 + S)/128)^2 + 32/3 * S * floor((127 + S)/128)^3 - 2048/3 * floor((127 + S)/128)^4) * floor((239 + S)/256) + ((2048 + 16/3 * S) + (-2048/3 - 32 * S) * floor((127 + S)/128) + (-2048 - 32 * S) * floor((127 + S)/128)^2 + 4096/3 * floor((127 + S)/128)^3) * floor((239 + S)/256)^2 + (64/3 * S + (16384/3 + 128/3 * S) * floor((127 + S)/128)) * floor((239 + S)/256)^3 + ((-4096 - 64/3 * S) - 8192/3 * floor((127 + S)/128)) * floor((239 + S)/256)^4 + 32768/15 * floor((239 + S)/256)^5) + (((-5334 - 255/2 * S - 1/2 * S^2) + floor((S)/2)) + (256 + 2 * S) * floor((127 + S)/128)) * floor((257 + S)/260) + ((16254 + 128 * S) - 260 * floor((127 + S)/128)) * floor((257 + S)/260)^2 - 10920 * floor((257 + S)/260)^3) + (((5330 + 255/2 * S + 1/2 * S^2) - floor((S)/2)) + (-260 - 2 * S) * floor((127 + S)/128)) * floor((259 + S)/260) + ((-16250 - 128 * S) + 260 * floor((127 + S)/128)) * floor((259 + S)/260)^2 + 10920 * floor((259 + S)/260)^3) + (((-5208 - 124 * S) + (-8 - 4 * S) * floor((3 + S)/4) + 8 * floor((3 + S)/4)^2) + (512 + 4 * S) * floor((127 + S)/128)) * floor((259 + S)/264) + ((16120 + 128 * S) - 528 * floor((127 + S)/128)) * floor((259 + S)/264)^2 - 10912 * floor((259 + S)/264)^3) + (384 + 3 * S) * floor((260 + S)/264) - 396 * floor((260 + S)/264)^2) + (-924 - 7 * S) * floor((263 + S)/264) + 924 * floor((263 + S)/264)^2) + (((-3720 - 90 * S) + (-24 - 6 * S) * floor((7 + S)/8) + 24 * floor((7 + S)/8)^2) + (768 + 6 * S) * floor((127 + S)/128)) * floor((263 + S)/272) + ((11880 + 96 * S) - 816 * floor((127 + S)/128)) * floor((263 + S)/272)^2 - 8160 * floor((263 + S)/272)^3) + (-816 - 6 * S) * floor((271 + S)/272) + 816 * floor((271 + S)/272)^2) + (((4480 + 96 * S) + (24 + 6 * S) * floor((7 + S)/8) - 24 * floor((7 + S)/8)^2) + (-792 - 6 * S) * floor((127 + S)/128) + 24 * floor((127 + S)/128)^2) * floor((4095 + 15S)/4096) + ((-12672 - 96 * S) + 768 * floor((127 + S)/128)) * floor((4095 + 15S)/4096)^2 + 8192 * floor((4095 + 15S)/4096)^3) + ((-7064/3 + 244 * S - 4 * S^2) + (-244 + 8 * S) * floor((127 + S)/128) - 4 * floor((127 + S)/128)^2) * floor((96 + 127S)/8192) + ((-7808 + 256 * S) - 256 * floor((127 + S)/128)) * floor((96 + 127S)/8192)^2 - 16384/3 * floor((96 + 127S)/8192)^3) + ((-2688 + 15620/3 * S + 252 * S^2 + 8/3 * S^3) + (-15620/3 - 504 * S - 8 * S^2) * floor((127 + S)/128) + (252 + 8 * S) * floor((127 + S)/128)^2 - 8/3 * floor((127 + S)/128)^3) * floor((8064 + 127S)/8192) + ((-499840/3 - 16128 * S - 256 * S^2) + (16128 + 512 * S) * floor((127 + S)/128) - 256 * floor((127 + S)/128)^2) * floor((8064 + 127S)/8192)^2 + ((344064 + 32768/3 * S) - 32768/3 * floor((127 + S)/128)) * floor((8064 + 127S)/8192)^3 - 524288/3 * floor((8064 + 127S)/8192)^4) + ((17408/3 - 14816/3 * S - 248 * S^2 - 8/3 * S^3) + (14816/3 + 496 * S + 8 * S^2) * floor((127 + S)/128) + (-248 - 8 * S) * floor((127 + S)/128)^2 + 8/3 * floor((127 + S)/128)^3) * floor((8160 + 127S)/8192) + ((474112/3 + 15872 * S + 256 * S^2) + (-15872 - 512 * S) * floor((127 + S)/128) + 256 * floor((127 + S)/128)^2) * floor((8160 + 127S)/8192)^2 + ((-1015808/3 - 32768/3 * S) + 32768/3 * floor((127 + S)/128)) * floor((8160 + 127S)/8192)^3 + 524288/3 * floor((8160 + 127S)/8192)^4) + (((17152/3 + 128 * S) + (8 + 4 * S) * floor((3 + S)/4) - 8 * floor((3 + S)/4)^2) + (-520 - 4 * S) * floor((127 + S)/128) + 8 * floor((127 + S)/128)^2) * floor((8191 + 31S)/8192) + ((-16640 - 128 * S) + 512 * floor((127 + S)/128)) * floor((8191 + 31S)/8192)^2 + 32768/3 * floor((8191 + 31S)/8192)^3) : 1024 <= S <= 2048 }
max_worker_task_refs=[S] -> { (((14 + 4 * floor((63 + S)/64)) + 6 * floor((127 + S)/128)) + 6 * floor((255 + S)/256)) : 0 < S <= 2048 }
ISL_CONTEXT remaining=0
