/root/tilemega-r13-sm120/include/tilemega/Codegen/tasks/ModelHarness.cuh(969): warning #128-D: loop is not reachable
    for (std::uint32_t i = threadIdx.x; i < task.wait_count;
    ^

Remark: The warnings can be suppressed with "-diag-suppress <warning-number>"

/root/tilemega-r13-sm120/include/tilemega/Codegen/tasks/ModelHarness.cuh(969): warning #128-D: loop is not reachable
    for (std::uint32_t i = threadIdx.x; i < task.wait_count;
    ^

Remark: The warnings can be suppressed with "-diag-suppress <warning-number>"

ptxas info    : 184 bytes gmem
ptxas info    : Compiling entry function '_ZN8tilemega7codegen28tilemega_wait_profile_kernelEPKNS0_6ParamsEi' for 'sm_120'
ptxas info    : Function properties for _ZN8tilemega7codegen28tilemega_wait_profile_kernelEPKNS0_6ParamsEi
    72 bytes stack frame, 0 bytes spill stores, 0 bytes spill loads
ptxas info    : Used 64 registers, used 0 barriers, 72 bytes cumulative stack size
ptxas info    : Compile time = 46.611 ms
ptxas info    : Compiling entry function '_ZN8tilemega7codegen20tilemega_loop_kernelEPKNS0_6ParamsEjPNS0_12EventCounterEyPy' for 'sm_120'
ptxas info    : Function properties for _ZN8tilemega7codegen20tilemega_loop_kernelEPKNS0_6ParamsEjPNS0_12EventCounterEyPy
    8 bytes stack frame, 0 bytes spill stores, 0 bytes spill loads
ptxas info    : Used 255 registers, used 2 barriers, 8 bytes cumulative stack size
ptxas info    : Compile time = 3470.826 ms
ptxas info    : Compiling entry function '_ZN8tilemega7codegen18tilemega_l2_kernelEPKNS0_6ParamsEPNS0_12EventCounterEy' for 'sm_120'
ptxas info    : Function properties for _ZN8tilemega7codegen18tilemega_l2_kernelEPKNS0_6ParamsEPNS0_12EventCounterEy
    8 bytes stack frame, 0 bytes spill stores, 0 bytes spill loads
ptxas info    : Used 237 registers, used 2 barriers, 8 bytes cumulative stack size
ptxas info    : Compile time = 3390.388 ms
ptxas info    : Compiling entry function '_ZN8tilemega7codegen18tilemega_l1_kernelEPKNS0_6ParamsEPNS0_12EventCounterEy' for 'sm_120'
ptxas info    : Function properties for _ZN8tilemega7codegen18tilemega_l1_kernelEPKNS0_6ParamsEPNS0_12EventCounterEy
    8 bytes stack frame, 0 bytes spill stores, 0 bytes spill loads
ptxas info    : Used 239 registers, used 2 barriers, 8 bytes cumulative stack size
ptxas info    : Compile time = 3140.785 ms
ptxas info    : Compiling entry function '_ZN8tilemega7codegen21tilemega_stage_kernelEPKNS0_6ParamsEj' for 'sm_120'
ptxas info    : Function properties for _ZN8tilemega7codegen21tilemega_stage_kernelEPKNS0_6ParamsEj
    0 bytes stack frame, 0 bytes spill stores, 0 bytes spill loads
ptxas info    : Used 188 registers, used 2 barriers
ptxas info    : Compile time = 6789.647 ms
ptxas info    : 0 bytes gmem
ptxas info    : 0 bytes gmem
ptxas info    : 0 bytes gmem
ptxas info    : 0 bytes gmem
ptxas info    : 0 bytes gmem
ptxas info    : 0 bytes gmem
ptxas info    : 0 bytes gmem
