E2E_PARTIALS fp32=1 element_bytes=4 total_bytes=0
E2E_PLACE_STATS placement=0 max_queue=2048 same_worker_edges=5918720 cross_worker_edges=737011712 base_rotation=0 plan=eft
E2E_TIMING cold=0 warmup=0 repeat=1 statistic=median reset=outside_timing
E2E_RESOURCE block=128 reg=96 smem=18432 task_smem=16384 occupancy_smem=18432 static_smem=0 regs_per_sm=65536 smem_per_sm=102400 threads_per_sm=1536 gemm_union=12288 variant_count=1 ctas_per_sm=1 num_sms=128 grid=128 l1_reg=90 l05_reg=72 l1_ctas=5 l2_ctas=5 min_blocks=1 warp_size=32 resident_formula=ctas_per_sm*num_sms
E2E_SCHEDULE workers=128 variant_stages=60 task_refs=262144 task_ref_bytes=7340032 waits=3555840 wait_bytes=28446720 raw_polls=4745216 lifted_polls=1189376 waiting_tasks=65536 normalization_dummies_lb=3490304 max_span=10 generated_max_span=10 max_worker_span=127 resident_limit=128 global_fanin=1 i3_current=pass i3_overresident=reject max_worker_task_refs=2048
E2E_PREFETCH slots=262144 declared=16384 issued=16384 queue_heads=128 page_bytes=1024 inline=0
E2E_TIME l05_ms=69.922813 l1_ms=68.180992 ratio=0.975089 l2_ms=66.804802 l2_over_l1=0.979816
E2E_DIFF l05_vs_l0_mismatch=0 max_abs=0.046875 max_rel=7812.5 l1_vs_l05_mismatch=0 max_abs=0 max_rel=0 l2_vs_l1_mismatch=0 max_abs=0 max_rel=0
E2E_OUTPUT_DIFF index=0 buffer=73 mismatch=0 max_abs=0.046875 max_rel=4882.8125
E2E_OUTPUT_DIFF index=1 buffer=23 mismatch=0 max_abs=0.015625 max_rel=244.14062
E2E_OUTPUT_DIFF index=2 buffer=24 mismatch=0 max_abs=0.0078125 max_rel=0.76271188
E2E_OUTPUT_DIFF index=3 buffer=47 mismatch=0 max_abs=0.0234375 max_rel=7812.5
E2E_OUTPUT_DIFF index=4 buffer=48 mismatch=0 max_abs=0.015625 max_rel=303.8421
E2E_OUTPUT_DIFF index=5 buffer=71 mismatch=0 max_abs=0.015625 max_rel=3906.25
E2E_OUTPUT_DIFF index=6 buffer=72 mismatch=0 max_abs=0.015625 max_rel=1175.0758
E2E_OUTPUT_DIFF index=7 buffer=95 mismatch=0 max_abs=0.03125 max_rel=7812.5
E2E_OUTPUT_DIFF index=8 buffer=96 mismatch=0 max_abs=0.015625 max_rel=1548.9534
E2E_HASH l05=f37a4f9044704176 l1=f37a4f9044704176 l2=f37a4f9044704176
E2E_ITER l2_iter1_ms=66.799522 l2_iter1_vs_iter0_mismatch=0 max_abs=0
E2E_KAPPA event_kappa=1 dependency_table=variant_exact
E2E_VARIANT index=0 seq_begin=1 seq_end=2048
RESULT status=PASS
