PROJECT imported mha4 s2048
RUNTIME_PROJECTION count=tasks stage=0
RUNTIME_PROJECTION count=longest stage=0
RUNTIME_PROJECTION count=tasks stage=1
RUNTIME_PROJECTION count=longest stage=1
RUNTIME_PROJECTION count=tasks stage=2
RUNTIME_PROJECTION count=longest stage=2
RUNTIME_PROJECTION count=tasks stage=3
RUNTIME_PROJECTION count=longest stage=3
RUNTIME_PROJECTION count=tasks stage=4
RUNTIME_PROJECTION count=longest stage=4
RUNTIME_PROJECTION count=tasks stage=5
RUNTIME_PROJECTION count=longest stage=5
RUNTIME_PROJECTION count=tasks stage=6
RUNTIME_PROJECTION count=longest stage=6
RUNTIME_PROJECTION count=tasks stage=7
RUNTIME_PROJECTION count=longest stage=7
RUNTIME_PROJECTION count=tasks stage=8
RUNTIME_PROJECTION count=longest stage=8
RUNTIME_PROJECTION count=tasks stage=9
RUNTIME_PROJECTION count=longest stage=9
RUNTIME_PROJECTION count=tasks stage=10
RUNTIME_PROJECTION count=longest stage=10
RUNTIME_PROJECTION count=tasks stage=11
RUNTIME_PROJECTION count=longest stage=11
RUNTIME_PROJECTION count=tasks stage=12
RUNTIME_PROJECTION count=longest stage=12
RUNTIME_PROJECTION count=tasks stage=13
RUNTIME_PROJECTION count=longest stage=13
RUNTIME_PROJECTION count=tasks stage=14
RUNTIME_PROJECTION count=longest stage=14
RUNTIME_PROJECTION count=tasks stage=15
RUNTIME_PROJECTION count=longest stage=15
RUNTIME_PROJECTION count=tasks stage=16
RUNTIME_PROJECTION count=longest stage=16
RUNTIME_PROJECTION count=tasks stage=17
RUNTIME_PROJECTION count=longest stage=17
RUNTIME_PROJECTION count=tasks stage=18
RUNTIME_PROJECTION count=longest stage=18
RUNTIME_PROJECTION count=tasks stage=19
RUNTIME_PROJECTION count=longest stage=19
RUNTIME_PROJECTION count=tasks stage=20
RUNTIME_PROJECTION count=longest stage=20
RUNTIME_PROJECTION count=tasks stage=21
RUNTIME_PROJECTION count=longest stage=21
RUNTIME_PROJECTION count=tasks stage=22
RUNTIME_PROJECTION count=longest stage=22
RUNTIME_PROJECTION count=tasks stage=23
RUNTIME_PROJECTION count=longest stage=23
RUNTIME_PROJECTION count=tasks stage=24
RUNTIME_PROJECTION count=longest stage=24
RUNTIME_PROJECTION count=tasks stage=25
RUNTIME_PROJECTION count=longest stage=25
RUNTIME_PROJECTION count=tasks stage=26
RUNTIME_PROJECTION count=longest stage=26
RUNTIME_PROJECTION count=tasks stage=27
RUNTIME_PROJECTION count=longest stage=27
RUNTIME_PROJECTION count=tasks stage=28
RUNTIME_PROJECTION count=longest stage=28
RUNTIME_PROJECTION count=tasks stage=29
RUNTIME_PROJECTION count=longest stage=29
RUNTIME_PROJECTION count=tasks stage=30
RUNTIME_PROJECTION count=longest stage=30
RUNTIME_PROJECTION count=tasks stage=31
RUNTIME_PROJECTION count=longest stage=31
RUNTIME_PROJECTION count=tasks stage=32
RUNTIME_PROJECTION count=longest stage=32
RUNTIME_PROJECTION count=tasks stage=33
RUNTIME_PROJECTION count=longest stage=33
RUNTIME_PROJECTION count=tasks stage=34
RUNTIME_PROJECTION count=longest stage=34
RUNTIME_PROJECTION count=tasks stage=35
RUNTIME_PROJECTION count=longest stage=35
RUNTIME_PROJECTION count=tasks stage=36
RUNTIME_PROJECTION count=longest stage=36
RUNTIME_PROJECTION count=tasks stage=37
RUNTIME_PROJECTION count=longest stage=37
RUNTIME_PROJECTION count=tasks stage=38
RUNTIME_PROJECTION count=longest stage=38
RUNTIME_PROJECTION count=tasks stage=39
RUNTIME_PROJECTION count=longest stage=39
RUNTIME_PROJECTION count=tasks stage=40
RUNTIME_PROJECTION count=longest stage=40
RUNTIME_PROJECTION count=tasks stage=41
RUNTIME_PROJECTION count=longest stage=41
RUNTIME_PROJECTION count=tasks stage=42
RUNTIME_PROJECTION count=longest stage=42
RUNTIME_PROJECTION count=tasks stage=43
RUNTIME_PROJECTION count=longest stage=43
RUNTIME_PROJECTION count=tasks stage=44
RUNTIME_PROJECTION count=longest stage=44
RUNTIME_PROJECTION count=tasks stage=45
RUNTIME_PROJECTION count=longest stage=45
RUNTIME_PROJECTION count=tasks stage=46
RUNTIME_PROJECTION count=longest stage=46
RUNTIME_PROJECTION count=tasks stage=47
RUNTIME_PROJECTION count=longest stage=47
RUNTIME_PROJECTION count=tasks stage=48
RUNTIME_PROJECTION count=longest stage=48
RUNTIME_PROJECTION count=tasks stage=49
RUNTIME_PROJECTION count=longest stage=49
RUNTIME_PROJECTION count=tasks stage=50
RUNTIME_PROJECTION count=longest stage=50
RUNTIME_PROJECTION count=tasks stage=51
RUNTIME_PROJECTION count=longest stage=51
RUNTIME_PROJECTION count=tasks stage=52
RUNTIME_PROJECTION count=longest stage=52
RUNTIME_PROJECTION count=tasks stage=53
RUNTIME_PROJECTION count=longest stage=53
RUNTIME_PROJECTION count=tasks stage=54
RUNTIME_PROJECTION count=longest stage=54
RUNTIME_PROJECTION count=tasks stage=55
RUNTIME_PROJECTION count=longest stage=55
RUNTIME_PROJECTION count=tasks stage=56
RUNTIME_PROJECTION count=longest stage=56
RUNTIME_PROJECTION count=tasks stage=57
RUNTIME_PROJECTION count=longest stage=57
RUNTIME_PROJECTION count=tasks stage=58
RUNTIME_PROJECTION count=longest stage=58
RUNTIME_PROJECTION count=tasks stage=59
RUNTIME_PROJECTION count=longest stage=59
RUNTIME_PROJECTION count=waits stage=0
RUNTIME_PROJECTION count=waits stage=0
RUNTIME_PROJECTION count=waits stage=0
RUNTIME_PROJECTION count=waits stage=0
RUNTIME_PROJECTION count=local_waits stage=0
RUNTIME_PROJECTION count=local_waits stage=0
RUNTIME_PROJECTION count=local_waits stage=0
RUNTIME_PROJECTION count=local_waits stage=0
RUNTIME_PROJECTION count=local_waits stage=0
RUNTIME_PROJECTION count=local_waits stage=0
RUNTIME_PROJECTION count=local_waits stage=0
RUNTIME_PROJECTION count=local_waits stage=0
RUNTIME_PROJECTION count=local_waits stage=0
RUNTIME_PROJECTION count=local_waits stage=0
RUNTIME_PROJECTION count=local_waits stage=0
RUNTIME_PROJECTION count=local_waits stage=0
RUNTIME_PROJECTION count=local_waits stage=0
RUNTIME_PROJECTION count=local_waits stage=0
RUNTIME_PROJECTION count=local_waits stage=0
RUNTIME_PROJECTION count=local_waits stage=0
RUNTIME_PROJECTION count=local_waits stage=0
RUNTIME_PROJECTION count=local_waits stage=0
RUNTIME_PROJECTION count=local_waits stage=0
RUNTIME_PROJECTION count=local_waits stage=0
RUNTIME_PROJECTION count=local_waits stage=0
RUNTIME_PROJECTION count=local_waits stage=0
RUNTIME_PROJECTION count=local_waits stage=0
RUNTIME_PROJECTION count=local_waits stage=0
RUNTIME_PROJECTION count=local_waits stage=0
RUNTIME_PROJECTION count=local_waits stage=0
RUNTIME_PROJECTION count=local_waits stage=0
RUNTIME_PROJECTION count=local_waits stage=0
RUNTIME_PROJECTION count=local_waits stage=0
RUNTIME_PROJECTION count=local_waits stage=0
RUNTIME_PROJECTION count=local_waits stage=0
RUNTIME_PROJECTION count=local_waits stage=0
RUNTIME_PROJECTION count=local_waits stage=0
RUNTIME_PROJECTION count=local_waits stage=0
RUNTIME_PROJECTION count=local_waits stage=0
RUNTIME_PROJECTION count=local_waits stage=0
RUNTIME_PROJECTION count=local_waits stage=0
RUNTIME_PROJECTION count=local_waits stage=0
RUNTIME_PROJECTION count=local_waits stage=0
RUNTIME_PROJECTION count=local_waits stage=0
RUNTIME_PROJECTION count=local_waits stage=0
RUNTIME_PROJECTION count=local_waits stage=0
RUNTIME_PROJECTION count=local_waits stage=0
RUNTIME_PROJECTION count=local_waits stage=0
RUNTIME_PROJECTION count=local_waits stage=0
RUNTIME_PROJECTION count=local_waits stage=0
RUNTIME_PROJECTION count=local_waits stage=0
RUNTIME_PROJECTION count=local_waits stage=0
RUNTIME_PROJECTION count=local_waits stage=0
RUNTIME_PROJECTION count=local_waits stage=0
RUNTIME_PROJECTION count=local_waits stage=0
RUNTIME_PROJECTION count=local_waits stage=0
RUNTIME_PROJECTION count=local_waits stage=0
RUNTIME_PROJECTION count=local_waits stage=0
RUNTIME_PROJECTION count=local_waits stage=0
RUNTIME_PROJECTION count=local_waits stage=0
RUNTIME_PROJECTION count=local_waits stage=0
RUNTIME_PROJECTION count=local_waits stage=0
RUNTIME_PROJECTION count=local_waits stage=0
RUNTIME_PROJECTION count=local_waits stage=0
RUNTIME_PROJECTION count=local_waits stage=0
RUNTIME_PROJECTION count=local_waits stage=0
RUNTIME_PROJECTION count=local_waits stage=0
RUNTIME_PROJECTION count=local_waits stage=0
RUNTIME_PROJECTION count=local_waits stage=0
RUNTIME_PROJECTION count=local_waits stage=0
RUNTIME_PROJECTION count=local_waits stage=0
RUNTIME_PROJECTION count=local_waits stage=0
RUNTIME_PROJECTION count=local_waits stage=0
RUNTIME_PROJECTION count=local_waits stage=0
RUNTIME_PROJECTION count=local_waits stage=0
RUNTIME_PROJECTION count=local_waits stage=0
RUNTIME_PROJECTION count=local_waits stage=0
RUNTIME_PROJECTION count=local_waits stage=0
RUNTIME_PROJECTION count=local_waits stage=0
RUNTIME_PROJECTION count=local_waits stage=0
RUNTIME_PROJECTION count=local_waits stage=0
RUNTIME_PROJECTION count=local_waits stage=0
RUNTIME_PROJECTION count=local_waits stage=0
RUNTIME_PROJECTION count=local_waits stage=0
RUNTIME_PROJECTION count=local_waits stage=0
RUNTIME_PROJECTION count=local_waits stage=0
RUNTIME_PROJECTION count=local_waits stage=0
RUNTIME_PROJECTION count=local_waits stage=0
RUNTIME_PROJECTION count=local_waits stage=0
RUNTIME_PROJECTION count=local_waits stage=0
RUNTIME_PROJECTION count=local_waits stage=0
RUNTIME_PROJECTION count=local_waits stage=0
RUNTIME_PROJECTION count=local_waits stage=0
RUNTIME_PROJECTION count=local_waits stage=0
RUNTIME_PROJECTION count=local_waits stage=0
RUNTIME_PROJECTION count=local_waits stage=0
RUNTIME_PROJECTION count=local_waits stage=0
RUNTIME_PROJECTION count=local_waits stage=0
RUNTIME_PROJECTION count=local_waits stage=0
RUNTIME_PROJECTION count=local_waits stage=0
RUNTIME_PROJECTION count=local_waits stage=0
RUNTIME_PROJECTION count=local_waits stage=0
RUNTIME_PROJECTION count=local_waits stage=0
RUNTIME_PROJECTION count=local_waits stage=0
RUNTIME_PROJECTION count=local_waits stage=0
RUNTIME_PROJECTION count=local_waits stage=0
RUNTIME_PROJECTION count=local_waits stage=0
RUNTIME_PROJECTION count=local_waits stage=0
RUNTIME_PROJECTION count=local_waits stage=0
RUNTIME_PROJECTION count=local_waits stage=0
RUNTIME_PROJECTION count=local_waits stage=0
RUNTIME_PROJECTION count=local_waits stage=0
RUNTIME_PROJECTION count=local_waits stage=0
RUNTIME_PROJECTION count=local_waits stage=0
RUNTIME_PROJECTION count=local_waits stage=0
RUNTIME_PROJECTION count=local_waits stage=0
RUNTIME_PROJECTION count=local_waits stage=0
RUNTIME_PROJECTION count=local_waits stage=0
RUNTIME_PROJECTION count=local_waits stage=0
RUNTIME_PROJECTION count=local_waits stage=0
RUNTIME_PROJECTION count=local_waits stage=0
RUNTIME_PROJECTION count=local_waits stage=0
RUNTIME_PROJECTION count=local_waits stage=0
RUNTIME_PROJECTION count=local_waits stage=0
RUNTIME_PROJECTION count=local_waits stage=0
RUNTIME_PROJECTION count=local_waits stage=0
RUNTIME_PROJECTION count=local_waits stage=0
RUNTIME_PROJECTION count=local_waits stage=0
RUNTIME_PROJECTION count=local_waits stage=0
RUNTIME_PROJECTION count=local_waits stage=0
RUNTIME_PROJECTION count=local_waits stage=0
RUNTIME_PROJECTION count=local_waits stage=0
RUNTIME_PROJECTION count=waits stage=1
RUNTIME_PROJECTION count=waits stage=4
RUNTIME_PROJECTION count=waits stage=4
RUNTIME_PROJECTION count=waits stage=4
RUNTIME_PROJECTION count=waits stage=4
RUNTIME_PROJECTION count=waits stage=4
RUNTIME_PROJECTION count=waits stage=4
RUNTIME_PROJECTION count=waits stage=4
RUNTIME_PROJECTION count=waits stage=4
RUNTIME_PROJECTION count=waits stage=4
RUNTIME_PROJECTION count=waits stage=4
RUNTIME_PROJECTION count=waits stage=4
RUNTIME_PROJECTION count=waits stage=4
RUNTIME_PROJECTION count=waits stage=4
RUNTIME_PROJECTION count=waits stage=4
RUNTIME_PROJECTION count=waits stage=4
RUNTIME_PROJECTION count=waits stage=4
RUNTIME_PROJECTION count=waits stage=4
RUNTIME_PROJECTION count=waits stage=4
RUNTIME_PROJECTION count=waits stage=4
RUNTIME_PROJECTION count=waits stage=4
RUNTIME_PROJECTION count=waits stage=4
RUNTIME_PROJECTION count=waits stage=4
RUNTIME_PROJECTION count=waits stage=4
RUNTIME_PROJECTION count=waits stage=4
RUNTIME_PROJECTION count=waits stage=4
RUNTIME_PROJECTION count=waits stage=4
RUNTIME_PROJECTION count=waits stage=4
RUNTIME_PROJECTION count=waits stage=4
RUNTIME_PROJECTION count=waits stage=4
RUNTIME_PROJECTION count=waits stage=4
RUNTIME_PROJECTION count=waits stage=4
RUNTIME_PROJECTION count=waits stage=4
RUNTIME_PROJECTION count=waits stage=4
RUNTIME_PROJECTION count=waits stage=4
RUNTIME_PROJECTION count=waits stage=4
RUNTIME_PROJECTION count=waits stage=4
RUNTIME_PROJECTION count=waits stage=4
RUNTIME_PROJECTION count=waits stage=4
RUNTIME_PROJECTION count=waits stage=4
RUNTIME_PROJECTION count=waits stage=4
RUNTIME_PROJECTION count=waits stage=4
RUNTIME_PROJECTION count=waits stage=4
RUNTIME_PROJECTION count=waits stage=4
RUNTIME_PROJECTION count=waits stage=4
RUNTIME_PROJECTION count=waits stage=4
RUNTIME_PROJECTION count=waits stage=4
RUNTIME_PROJECTION count=waits stage=4
RUNTIME_PROJECTION count=waits stage=4
RUNTIME_PROJECTION count=waits stage=4
RUNTIME_PROJECTION count=waits stage=4
RUNTIME_PROJECTION count=waits stage=4
RUNTIME_PROJECTION count=waits stage=4
RUNTIME_PROJECTION count=waits stage=4
RUNTIME_PROJECTION count=waits stage=4
RUNTIME_PROJECTION count=waits stage=4
RUNTIME_PROJECTION count=waits stage=4
RUNTIME_PROJECTION count=waits stage=4
RUNTIME_PROJECTION count=waits stage=4
RUNTIME_PROJECTION count=waits stage=4
RUNTIME_PROJECTION count=waits stage=4
RUNTIME_PROJECTION count=waits stage=4
RUNTIME_PROJECTION count=waits stage=4
RUNTIME_PROJECTION count=waits stage=4
RUNTIME_PROJECTION count=waits stage=4
RUNTIME_PROJECTION count=waits stage=4
RUNTIME_PROJECTION count=waits stage=4
RUNTIME_PROJECTION count=waits stage=4
RUNTIME_PROJECTION count=waits stage=4
RUNTIME_PROJECTION count=waits stage=4
RUNTIME_PROJECTION count=waits stage=4
RUNTIME_PROJECTION count=waits stage=4
RUNTIME_PROJECTION count=waits stage=4
RUNTIME_PROJECTION count=waits stage=4
RUNTIME_PROJECTION count=waits stage=4
RUNTIME_PROJECTION count=waits stage=4
RUNTIME_PROJECTION count=waits stage=4
RUNTIME_PROJECTION count=waits stage=4
RUNTIME_PROJECTION count=waits stage=4
RUNTIME_PROJECTION count=waits stage=4
RUNTIME_PROJECTION count=waits stage=4
RUNTIME_PROJECTION count=waits stage=4
RUNTIME_PROJECTION count=waits stage=4
RUNTIME_PROJECTION count=waits stage=4
RUNTIME_PROJECTION count=waits stage=4
RUNTIME_PROJECTION count=waits stage=4
RUNTIME_PROJECTION count=waits stage=4
RUNTIME_PROJECTION count=waits stage=4
RUNTIME_PROJECTION count=waits stage=4
RUNTIME_PROJECTION count=waits stage=4
RUNTIME_PROJECTION count=waits stage=4
RUNTIME_PROJECTION count=waits stage=4
RUNTIME_PROJECTION count=waits stage=4
RUNTIME_PROJECTION count=waits stage=4
RUNTIME_PROJECTION count=waits stage=4
RUNTIME_PROJECTION count=waits stage=4
RUNTIME_PROJECTION count=waits stage=4
RUNTIME_PROJECTION count=waits stage=4
RUNTIME_PROJECTION count=waits stage=4
RUNTIME_PROJECTION count=waits stage=4
RUNTIME_PROJECTION count=waits stage=4
RUNTIME_PROJECTION count=waits stage=4
RUNTIME_PROJECTION count=waits stage=4
RUNTIME_PROJECTION count=waits stage=4
RUNTIME_PROJECTION count=waits stage=4
RUNTIME_PROJECTION count=waits stage=4
RUNTIME_PROJECTION count=waits stage=4
RUNTIME_PROJECTION count=waits stage=4
RUNTIME_PROJECTION count=waits stage=4
RUNTIME_PROJECTION count=waits stage=4
RUNTIME_PROJECTION count=waits stage=4
RUNTIME_PROJECTION count=waits stage=4
RUNTIME_PROJECTION count=waits stage=4
RUNTIME_PROJECTION count=waits stage=4
RUNTIME_PROJECTION count=waits stage=4
RUNTIME_PROJECTION count=waits stage=4
RUNTIME_PROJECTION count=waits stage=4
RUNTIME_PROJECTION count=waits stage=4
RUNTIME_PROJECTION count=waits stage=4
RUNTIME_PROJECTION count=waits stage=4
RUNTIME_PROJECTION count=waits stage=4
RUNTIME_PROJECTION count=waits stage=4
RUNTIME_PROJECTION count=waits stage=4
RUNTIME_PROJECTION count=waits stage=4
RUNTIME_PROJECTION count=waits stage=4
RUNTIME_PROJECTION count=waits stage=4
RUNTIME_PROJECTION count=waits stage=4
RUNTIME_PROJECTION count=waits stage=4
RUNTIME_PROJECTION count=waits stage=4
RUNTIME_PROJECTION count=waits stage=8
RUNTIME_PROJECTION count=waits stage=8
RUNTIME_PROJECTION count=waits stage=8
RUNTIME_PROJECTION count=waits stage=8
RUNTIME_PROJECTION count=local_waits stage=8
RUNTIME_PROJECTION count=local_waits stage=8
RUNTIME_PROJECTION count=local_waits stage=8
RUNTIME_PROJECTION count=local_waits stage=8
RUNTIME_PROJECTION count=local_waits stage=8
RUNTIME_PROJECTION count=local_waits stage=8
RUNTIME_PROJECTION count=local_waits stage=8
RUNTIME_PROJECTION count=local_waits stage=8
RUNTIME_PROJECTION count=local_waits stage=8
RUNTIME_PROJECTION count=local_waits stage=8
RUNTIME_PROJECTION count=local_waits stage=8
RUNTIME_PROJECTION count=local_waits stage=8
RUNTIME_PROJECTION count=local_waits stage=8
RUNTIME_PROJECTION count=local_waits stage=8
RUNTIME_PROJECTION count=local_waits stage=8
RUNTIME_PROJECTION count=local_waits stage=8
RUNTIME_PROJECTION count=local_waits stage=8
RUNTIME_PROJECTION count=local_waits stage=8
RUNTIME_PROJECTION count=local_waits stage=8
RUNTIME_PROJECTION count=local_waits stage=8
RUNTIME_PROJECTION count=local_waits stage=8
RUNTIME_PROJECTION count=local_waits stage=8
RUNTIME_PROJECTION count=local_waits stage=8
RUNTIME_PROJECTION count=local_waits stage=8
RUNTIME_PROJECTION count=local_waits stage=8
RUNTIME_PROJECTION count=local_waits stage=8
RUNTIME_PROJECTION count=local_waits stage=8
RUNTIME_PROJECTION count=local_waits stage=8
RUNTIME_PROJECTION count=local_waits stage=8
RUNTIME_PROJECTION count=local_waits stage=8
RUNTIME_PROJECTION count=local_waits stage=8
RUNTIME_PROJECTION count=local_waits stage=8
RUNTIME_PROJECTION count=local_waits stage=8
RUNTIME_PROJECTION count=local_waits stage=8
RUNTIME_PROJECTION count=local_waits stage=8
RUNTIME_PROJECTION count=local_waits stage=8
RUNTIME_PROJECTION count=local_waits stage=8
RUNTIME_PROJECTION count=local_waits stage=8
RUNTIME_PROJECTION count=local_waits stage=8
RUNTIME_PROJECTION count=local_waits stage=8
RUNTIME_PROJECTION count=local_waits stage=8
RUNTIME_PROJECTION count=local_waits stage=8
RUNTIME_PROJECTION count=local_waits stage=8
RUNTIME_PROJECTION count=local_waits stage=8
RUNTIME_PROJECTION count=local_waits stage=8
RUNTIME_PROJECTION count=local_waits stage=8
RUNTIME_PROJECTION count=local_waits stage=8
RUNTIME_PROJECTION count=local_waits stage=8
RUNTIME_PROJECTION count=local_waits stage=8
RUNTIME_PROJECTION count=local_waits stage=8
RUNTIME_PROJECTION count=local_waits stage=8
RUNTIME_PROJECTION count=local_waits stage=8
RUNTIME_PROJECTION count=local_waits stage=8
RUNTIME_PROJECTION count=local_waits stage=8
RUNTIME_PROJECTION count=local_waits stage=8
RUNTIME_PROJECTION count=local_waits stage=8
RUNTIME_PROJECTION count=local_waits stage=8
RUNTIME_PROJECTION count=local_waits stage=8
RUNTIME_PROJECTION count=local_waits stage=8
RUNTIME_PROJECTION count=local_waits stage=8
RUNTIME_PROJECTION count=local_waits stage=8
RUNTIME_PROJECTION count=local_waits stage=8
RUNTIME_PROJECTION count=local_waits stage=8
RUNTIME_PROJECTION count=local_waits stage=8
RUNTIME_PROJECTION count=local_waits stage=8
RUNTIME_PROJECTION count=local_waits stage=8
RUNTIME_PROJECTION count=local_waits stage=8
RUNTIME_PROJECTION count=local_waits stage=8
RUNTIME_PROJECTION count=local_waits stage=8
RUNTIME_PROJECTION count=local_waits stage=8
RUNTIME_PROJECTION count=local_waits stage=8
RUNTIME_PROJECTION count=local_waits stage=8
RUNTIME_PROJECTION count=local_waits stage=8
RUNTIME_PROJECTION count=local_waits stage=8
RUNTIME_PROJECTION count=local_waits stage=8
RUNTIME_PROJECTION count=local_waits stage=8
RUNTIME_PROJECTION count=local_waits stage=8
RUNTIME_PROJECTION count=local_waits stage=8
RUNTIME_PROJECTION count=local_waits stage=8
RUNTIME_PROJECTION count=local_waits stage=8
RUNTIME_PROJECTION count=local_waits stage=8
RUNTIME_PROJECTION count=local_waits stage=8
RUNTIME_PROJECTION count=local_waits stage=8
RUNTIME_PROJECTION count=local_waits stage=8
RUNTIME_PROJECTION count=local_waits stage=8
RUNTIME_PROJECTION count=local_waits stage=8
RUNTIME_PROJECTION count=local_waits stage=8
RUNTIME_PROJECTION count=local_waits stage=8
RUNTIME_PROJECTION count=local_waits stage=8
RUNTIME_PROJECTION count=local_waits stage=8
RUNTIME_PROJECTION count=local_waits stage=8
RUNTIME_PROJECTION count=local_waits stage=8
RUNTIME_PROJECTION count=local_waits stage=8
RUNTIME_PROJECTION count=local_waits stage=8
RUNTIME_PROJECTION count=local_waits stage=8
RUNTIME_PROJECTION count=local_waits stage=8
RUNTIME_PROJECTION count=local_waits stage=8
RUNTIME_PROJECTION count=local_waits stage=8
RUNTIME_PROJECTION count=local_waits stage=8
RUNTIME_PROJECTION count=local_waits stage=8
RUNTIME_PROJECTION count=local_waits stage=8
RUNTIME_PROJECTION count=local_waits stage=8
RUNTIME_PROJECTION count=local_waits stage=8
RUNTIME_PROJECTION count=local_waits stage=8
RUNTIME_PROJECTION count=local_waits stage=8
RUNTIME_PROJECTION count=local_waits stage=8
RUNTIME_PROJECTION count=local_waits stage=8
RUNTIME_PROJECTION count=local_waits stage=8
RUNTIME_PROJECTION count=local_waits stage=8
RUNTIME_PROJECTION count=local_waits stage=8
RUNTIME_PROJECTION count=local_waits stage=8
RUNTIME_PROJECTION count=local_waits stage=8
RUNTIME_PROJECTION count=local_waits stage=8
RUNTIME_PROJECTION count=local_waits stage=8
RUNTIME_PROJECTION count=local_waits stage=8
RUNTIME_PROJECTION count=local_waits stage=8
RUNTIME_PROJECTION count=local_waits stage=8
RUNTIME_PROJECTION count=local_waits stage=8
RUNTIME_PROJECTION count=local_waits stage=8
RUNTIME_PROJECTION count=local_waits stage=8
RUNTIME_PROJECTION count=local_waits stage=8
RUNTIME_PROJECTION count=local_waits stage=8
RUNTIME_PROJECTION count=local_waits stage=8
RUNTIME_PROJECTION count=local_waits stage=8
RUNTIME_PROJECTION count=local_waits stage=8
RUNTIME_PROJECTION count=local_waits stage=8
RUNTIME_PROJECTION count=local_waits stage=8
RUNTIME_PROJECTION count=local_waits stage=8
RUNTIME_PROJECTION count=waits stage=9
RUNTIME_PROJECTION count=waits stage=9
RUNTIME_PROJECTION count=waits stage=9
RUNTIME_PROJECTION count=waits stage=9
RUNTIME_PROJECTION count=waits stage=9
RUNTIME_PROJECTION count=waits stage=9
RUNTIME_PROJECTION count=waits stage=9
RUNTIME_PROJECTION count=waits stage=9
RUNTIME_PROJECTION count=waits stage=9
RUNTIME_PROJECTION count=waits stage=9
RUNTIME_PROJECTION count=waits stage=9
RUNTIME_PROJECTION count=waits stage=9
RUNTIME_PROJECTION count=waits stage=9
RUNTIME_PROJECTION count=waits stage=9
RUNTIME_PROJECTION count=waits stage=9
RUNTIME_PROJECTION count=waits stage=9
RUNTIME_PROJECTION count=waits stage=9
RUNTIME_PROJECTION count=waits stage=9
RUNTIME_PROJECTION count=waits stage=9
RUNTIME_PROJECTION count=waits stage=9
RUNTIME_PROJECTION count=waits stage=9
RUNTIME_PROJECTION count=waits stage=9
RUNTIME_PROJECTION count=waits stage=9
RUNTIME_PROJECTION count=waits stage=9
RUNTIME_PROJECTION count=waits stage=9
RUNTIME_PROJECTION count=waits stage=9
RUNTIME_PROJECTION count=waits stage=9
RUNTIME_PROJECTION count=waits stage=9
RUNTIME_PROJECTION count=waits stage=9
RUNTIME_PROJECTION count=waits stage=9
RUNTIME_PROJECTION count=waits stage=9
RUNTIME_PROJECTION count=waits stage=9
RUNTIME_PROJECTION count=local_waits stage=9
RUNTIME_PROJECTION count=local_waits stage=9
RUNTIME_PROJECTION count=local_waits stage=9
RUNTIME_PROJECTION count=local_waits stage=9
RUNTIME_PROJECTION count=local_waits stage=9
RUNTIME_PROJECTION count=local_waits stage=9
RUNTIME_PROJECTION count=local_waits stage=9
RUNTIME_PROJECTION count=local_waits stage=9
RUNTIME_PROJECTION count=local_waits stage=9
RUNTIME_PROJECTION count=local_waits stage=9
RUNTIME_PROJECTION count=local_waits stage=9
RUNTIME_PROJECTION count=local_waits stage=9
RUNTIME_PROJECTION count=local_waits stage=9
RUNTIME_PROJECTION count=local_waits stage=9
RUNTIME_PROJECTION count=local_waits stage=9
RUNTIME_PROJECTION count=local_waits stage=9
RUNTIME_PROJECTION count=local_waits stage=9
RUNTIME_PROJECTION count=local_waits stage=9
RUNTIME_PROJECTION count=local_waits stage=9
RUNTIME_PROJECTION count=local_waits stage=9
RUNTIME_PROJECTION count=local_waits stage=9
RUNTIME_PROJECTION count=local_waits stage=9
RUNTIME_PROJECTION count=local_waits stage=9
RUNTIME_PROJECTION count=local_waits stage=9
RUNTIME_PROJECTION count=local_waits stage=9
RUNTIME_PROJECTION count=local_waits stage=9
RUNTIME_PROJECTION count=local_waits stage=9
RUNTIME_PROJECTION count=local_waits stage=9
RUNTIME_PROJECTION count=local_waits stage=9
RUNTIME_PROJECTION count=local_waits stage=9
RUNTIME_PROJECTION count=local_waits stage=9
RUNTIME_PROJECTION count=local_waits stage=9
RUNTIME_PROJECTION count=local_waits stage=9
RUNTIME_PROJECTION count=local_waits stage=9
RUNTIME_PROJECTION count=local_waits stage=9
RUNTIME_PROJECTION count=local_waits stage=9
RUNTIME_PROJECTION count=local_waits stage=9
RUNTIME_PROJECTION count=local_waits stage=9
RUNTIME_PROJECTION count=local_waits stage=9
RUNTIME_PROJECTION count=local_waits stage=9
RUNTIME_PROJECTION count=local_waits stage=9
RUNTIME_PROJECTION count=local_waits stage=9
RUNTIME_PROJECTION count=local_waits stage=9
RUNTIME_PROJECTION count=local_waits stage=9
RUNTIME_PROJECTION count=local_waits stage=9
RUNTIME_PROJECTION count=local_waits stage=9
RUNTIME_PROJECTION count=local_waits stage=9
RUNTIME_PROJECTION count=local_waits stage=9
RUNTIME_PROJECTION count=local_waits stage=9
RUNTIME_PROJECTION count=local_waits stage=9
RUNTIME_PROJECTION count=local_waits stage=9
RUNTIME_PROJECTION count=local_waits stage=9
RUNTIME_PROJECTION count=local_waits stage=9
RUNTIME_PROJECTION count=local_waits stage=9
RUNTIME_PROJECTION count=local_waits stage=9
RUNTIME_PROJECTION count=local_waits stage=9
RUNTIME_PROJECTION count=local_waits stage=9
RUNTIME_PROJECTION count=local_waits stage=9
RUNTIME_PROJECTION count=local_waits stage=9
RUNTIME_PROJECTION count=local_waits stage=9
RUNTIME_PROJECTION count=local_waits stage=9
RUNTIME_PROJECTION count=local_waits stage=9
RUNTIME_PROJECTION count=local_waits stage=9
RUNTIME_PROJECTION count=local_waits stage=9
RUNTIME_PROJECTION count=local_waits stage=9
RUNTIME_PROJECTION count=local_waits stage=9
RUNTIME_PROJECTION count=local_waits stage=9
RUNTIME_PROJECTION count=local_waits stage=9
RUNTIME_PROJECTION count=local_waits stage=9
RUNTIME_PROJECTION count=local_waits stage=9
RUNTIME_PROJECTION count=local_waits stage=9
RUNTIME_PROJECTION count=local_waits stage=9
RUNTIME_PROJECTION count=local_waits stage=9
RUNTIME_PROJECTION count=local_waits stage=9
RUNTIME_PROJECTION count=local_waits stage=9
RUNTIME_PROJECTION count=local_waits stage=9
RUNTIME_PROJECTION count=local_waits stage=9
RUNTIME_PROJECTION count=local_waits stage=9
RUNTIME_PROJECTION count=local_waits stage=9
RUNTIME_PROJECTION count=local_waits stage=9
RUNTIME_PROJECTION count=local_waits stage=9
RUNTIME_PROJECTION count=local_waits stage=9
RUNTIME_PROJECTION count=local_waits stage=9
RUNTIME_PROJECTION count=local_waits stage=9
RUNTIME_PROJECTION count=local_waits stage=9
RUNTIME_PROJECTION count=local_waits stage=9
RUNTIME_PROJECTION count=local_waits stage=9
RUNTIME_PROJECTION count=local_waits stage=9
RUNTIME_PROJECTION count=local_waits stage=9
RUNTIME_PROJECTION count=local_waits stage=9
RUNTIME_PROJECTION count=local_waits stage=9
RUNTIME_PROJECTION count=local_waits stage=9
RUNTIME_PROJECTION count=local_waits stage=9
RUNTIME_PROJECTION count=local_waits stage=9
RUNTIME_PROJECTION count=local_waits stage=9
RUNTIME_PROJECTION count=local_waits stage=9
RUNTIME_PROJECTION count=local_waits stage=9
RUNTIME_PROJECTION count=local_waits stage=9
RUNTIME_PROJECTION count=local_waits stage=9
RUNTIME_PROJECTION count=local_waits stage=9
RUNTIME_PROJECTION count=local_waits stage=9
RUNTIME_PROJECTION count=local_waits stage=9
RUNTIME_PROJECTION count=local_waits stage=9
RUNTIME_PROJECTION count=local_waits stage=9
RUNTIME_PROJECTION count=local_waits stage=9
RUNTIME_PROJECTION count=local_waits stage=9
RUNTIME_PROJECTION count=local_waits stage=9
RUNTIME_PROJECTION count=local_waits stage=9
RUNTIME_PROJECTION count=local_waits stage=9
RUNTIME_PROJECTION count=local_waits stage=9
RUNTIME_PROJECTION count=local_waits stage=9
RUNTIME_PROJECTION count=local_waits stage=9
RUNTIME_PROJECTION count=local_waits stage=9
RUNTIME_PROJECTION count=local_waits stage=9
RUNTIME_PROJECTION count=local_waits stage=9
RUNTIME_PROJECTION count=local_waits stage=9
RUNTIME_PROJECTION count=local_waits stage=9
RUNTIME_PROJECTION count=local_waits stage=9
RUNTIME_PROJECTION count=local_waits stage=9
RUNTIME_PROJECTION count=local_waits stage=9
RUNTIME_PROJECTION count=local_waits stage=9
RUNTIME_PROJECTION count=local_waits stage=9
RUNTIME_PROJECTION count=local_waits stage=9
RUNTIME_PROJECTION count=local_waits stage=9
RUNTIME_PROJECTION count=local_waits stage=9
RUNTIME_PROJECTION count=local_waits stage=9
RUNTIME_PROJECTION count=local_waits stage=9
RUNTIME_PROJECTION count=local_waits stage=9
RUNTIME_PROJECTION count=waits stage=10
RUNTIME_PROJECTION count=waits stage=10
RUNTIME_PROJECTION count=local_waits stage=10
RUNTIME_PROJECTION count=local_waits stage=10
RUNTIME_PROJECTION count=local_waits stage=10
RUNTIME_PROJECTION count=local_waits stage=10
RUNTIME_PROJECTION count=local_waits stage=10
RUNTIME_PROJECTION count=local_waits stage=10
RUNTIME_PROJECTION count=local_waits stage=10
RUNTIME_PROJECTION count=local_waits stage=10
RUNTIME_PROJECTION count=local_waits stage=10
RUNTIME_PROJECTION count=local_waits stage=10
RUNTIME_PROJECTION count=local_waits stage=10
RUNTIME_PROJECTION count=local_waits stage=10
RUNTIME_PROJECTION count=local_waits stage=10
RUNTIME_PROJECTION count=local_waits stage=10
RUNTIME_PROJECTION count=local_waits stage=10
RUNTIME_PROJECTION count=local_waits stage=10
RUNTIME_PROJECTION count=local_waits stage=10
RUNTIME_PROJECTION count=local_waits stage=10
RUNTIME_PROJECTION count=local_waits stage=10
RUNTIME_PROJECTION count=local_waits stage=10
RUNTIME_PROJECTION count=local_waits stage=10
RUNTIME_PROJECTION count=local_waits stage=10
RUNTIME_PROJECTION count=local_waits stage=10
RUNTIME_PROJECTION count=local_waits stage=10
RUNTIME_PROJECTION count=local_waits stage=10
RUNTIME_PROJECTION count=local_waits stage=10
RUNTIME_PROJECTION count=local_waits stage=10
RUNTIME_PROJECTION count=local_waits stage=10
RUNTIME_PROJECTION count=local_waits stage=10
RUNTIME_PROJECTION count=local_waits stage=10
RUNTIME_PROJECTION count=local_waits stage=10
RUNTIME_PROJECTION count=local_waits stage=10
RUNTIME_PROJECTION count=local_waits stage=10
RUNTIME_PROJECTION count=local_waits stage=10
RUNTIME_PROJECTION count=local_waits stage=10
RUNTIME_PROJECTION count=local_waits stage=10
RUNTIME_PROJECTION count=local_waits stage=10
RUNTIME_PROJECTION count=local_waits stage=10
RUNTIME_PROJECTION count=local_waits stage=10
RUNTIME_PROJECTION count=local_waits stage=10
RUNTIME_PROJECTION count=local_waits stage=10
RUNTIME_PROJECTION count=local_waits stage=10
RUNTIME_PROJECTION count=local_waits stage=10
RUNTIME_PROJECTION count=local_waits stage=10
RUNTIME_PROJECTION count=local_waits stage=10
RUNTIME_PROJECTION count=local_waits stage=10
RUNTIME_PROJECTION count=local_waits stage=10
RUNTIME_PROJECTION count=local_waits stage=10
RUNTIME_PROJECTION count=local_waits stage=10
RUNTIME_PROJECTION count=local_waits stage=10
RUNTIME_PROJECTION count=local_waits stage=10
RUNTIME_PROJECTION count=local_waits stage=10
RUNTIME_PROJECTION count=local_waits stage=10
RUNTIME_PROJECTION count=local_waits stage=10
RUNTIME_PROJECTION count=local_waits stage=10
RUNTIME_PROJECTION count=local_waits stage=10
RUNTIME_PROJECTION count=local_waits stage=10
RUNTIME_PROJECTION count=local_waits stage=10
RUNTIME_PROJECTION count=local_waits stage=10
RUNTIME_PROJECTION count=local_waits stage=10
RUNTIME_PROJECTION count=local_waits stage=10
RUNTIME_PROJECTION count=local_waits stage=10
RUNTIME_PROJECTION count=local_waits stage=10
RUNTIME_PROJECTION count=local_waits stage=10
RUNTIME_PROJECTION count=local_waits stage=10
RUNTIME_PROJECTION count=waits stage=11
RUNTIME_PROJECTION count=waits stage=11
RUNTIME_PROJECTION count=waits stage=11
RUNTIME_PROJECTION count=waits stage=11
RUNTIME_PROJECTION count=local_waits stage=11
RUNTIME_PROJECTION count=local_waits stage=11
RUNTIME_PROJECTION count=local_waits stage=11
RUNTIME_PROJECTION count=local_waits stage=11
RUNTIME_PROJECTION count=local_waits stage=11
RUNTIME_PROJECTION count=local_waits stage=11
RUNTIME_PROJECTION count=local_waits stage=11
RUNTIME_PROJECTION count=local_waits stage=11
RUNTIME_PROJECTION count=local_waits stage=11
RUNTIME_PROJECTION count=local_waits stage=11
RUNTIME_PROJECTION count=local_waits stage=11
RUNTIME_PROJECTION count=local_waits stage=11
RUNTIME_PROJECTION count=local_waits stage=11
RUNTIME_PROJECTION count=local_waits stage=11
RUNTIME_PROJECTION count=local_waits stage=11
RUNTIME_PROJECTION count=local_waits stage=11
RUNTIME_PROJECTION count=local_waits stage=11
RUNTIME_PROJECTION count=local_waits stage=11
RUNTIME_PROJECTION count=local_waits stage=11
RUNTIME_PROJECTION count=local_waits stage=11
RUNTIME_PROJECTION count=local_waits stage=11
RUNTIME_PROJECTION count=local_waits stage=11
RUNTIME_PROJECTION count=local_waits stage=11
RUNTIME_PROJECTION count=local_waits stage=11
RUNTIME_PROJECTION count=local_waits stage=11
RUNTIME_PROJECTION count=local_waits stage=11
RUNTIME_PROJECTION count=local_waits stage=11
RUNTIME_PROJECTION count=local_waits stage=11
RUNTIME_PROJECTION count=local_waits stage=11
RUNTIME_PROJECTION count=local_waits stage=11
RUNTIME_PROJECTION count=local_waits stage=11
RUNTIME_PROJECTION count=local_waits stage=11
RUNTIME_PROJECTION count=local_waits stage=11
RUNTIME_PROJECTION count=local_waits stage=11
RUNTIME_PROJECTION count=local_waits stage=11
RUNTIME_PROJECTION count=local_waits stage=11
RUNTIME_PROJECTION count=local_waits stage=11
RUNTIME_PROJECTION count=local_waits stage=11
RUNTIME_PROJECTION count=local_waits stage=11
RUNTIME_PROJECTION count=local_waits stage=11
RUNTIME_PROJECTION count=local_waits stage=11
RUNTIME_PROJECTION count=local_waits stage=11
RUNTIME_PROJECTION count=local_waits stage=11
RUNTIME_PROJECTION count=local_waits stage=11
RUNTIME_PROJECTION count=local_waits stage=11
RUNTIME_PROJECTION count=local_waits stage=11
RUNTIME_PROJECTION count=local_waits stage=11
RUNTIME_PROJECTION count=local_waits stage=11
RUNTIME_PROJECTION count=local_waits stage=11
RUNTIME_PROJECTION count=local_waits stage=11
RUNTIME_PROJECTION count=local_waits stage=11
RUNTIME_PROJECTION count=local_waits stage=11
RUNTIME_PROJECTION count=local_waits stage=11
RUNTIME_PROJECTION count=local_waits stage=11
RUNTIME_PROJECTION count=local_waits stage=11
RUNTIME_PROJECTION count=local_waits stage=11
RUNTIME_PROJECTION count=local_waits stage=11
RUNTIME_PROJECTION count=local_waits stage=11
RUNTIME_PROJECTION count=local_waits stage=11
RUNTIME_PROJECTION count=local_waits stage=11
RUNTIME_PROJECTION count=local_waits stage=11
RUNTIME_PROJECTION count=local_waits stage=11
RUNTIME_PROJECTION count=local_waits stage=11
RUNTIME_PROJECTION count=local_waits stage=11
