IMPORT_DEGRADED aten.embedding.default
IMPORT_DEGRADED aten.embedding.default
IMPORT_DEGRADED aten.embedding.default
IMPORT_DEGRADED aten.embedding.default
IMPORT_DEGRADED aten.embedding.default
IMPORT_DEGRADED aten.embedding.default
IMPORT_DEGRADED aten.embedding.default
IMPORT_DEGRADED aten.embedding.default
IMPORT_DEGRADED aten.embedding.default
IMPORT_DEGRADED aten.embedding.default
IMPORT_DEGRADED aten.embedding.default
IMPORT_DEGRADED aten.embedding.default
IMPORT_DEGRADED aten.embedding.default
IMPORT_DEGRADED aten.embedding.default
IMPORT_DEGRADED aten.embedding.default
IMPORT_DEGRADED aten.embedding.default
IMPORT_DEGRADED aten.embedding.default
IMPORT_DEGRADED aten.embedding.default
IMPORT_DEGRADED aten.embedding.default
IMPORT_DEGRADED aten.embedding.default
IMPORT_DEGRADED aten.embedding.default
IMPORT_DEGRADED aten.embedding.default
IMPORT_DEGRADED aten.embedding.default
IMPORT_DEGRADED aten.embedding.default
IMPORT_DEGRADED aten.embedding.default
IMPORT_DEGRADED aten.embedding.default
IMPORT_DEGRADED aten.embedding.default
IMPORT_DEGRADED aten.embedding.default
IMPORT_DEGRADED aten.embedding.default
IMPORT_DEGRADED aten.embedding.default
IMPORT_DEGRADED aten.embedding.default
IMPORT_DEGRADED aten.embedding.default
DISK NEED_MIB=8192 FREE_MIB=1331994
RESOURCE_QUERY directory="/root/TileMega/docs/experiments/SOLVER_V2/legacy_r8_domain/llama_s4/selected.cu.resources/1790235241391043097/0" resident=5
IMPORT_DEGRADED aten.embedding.default
DISK NEED_MIB=8192 FREE_MIB=1331581
RESOURCE_QUERY directory="/root/TileMega/docs/experiments/SOLVER_V2/legacy_r8_domain/llama_s4/selected.cu.resources/1790235241391043097/1" resident=5
IMPORT_DEGRADED aten.embedding.default
DISK NEED_MIB=8192 FREE_MIB=1331584
RESOURCE_QUERY directory="/root/TileMega/docs/experiments/SOLVER_V2/legacy_r8_domain/llama_s4/selected.cu.resources/1790235241391043097/2" resident=5
IMPORT_DEGRADED aten.embedding.default
DISK NEED_MIB=8192 FREE_MIB=1331568
RESOURCE_QUERY directory="/root/TileMega/docs/experiments/SOLVER_V2/legacy_r8_domain/llama_s4/selected.cu.resources/1790235241391043097/3" resident=5
IMPORT_DEGRADED aten.embedding.default
DISK NEED_MIB=8192 FREE_MIB=1331423
RESOURCE_QUERY directory="/root/TileMega/docs/experiments/SOLVER_V2/legacy_r8_domain/llama_s4/selected.cu.resources/1790235241391043097/4" resident=5
IMPORT_DEGRADED aten.embedding.default
DISK NEED_MIB=8192 FREE_MIB=1331174
RESOURCE_QUERY directory="/root/TileMega/docs/experiments/SOLVER_V2/legacy_r8_domain/llama_s4/selected.cu.resources/1790235241391043097/5" resident=5
IMPORT_DEGRADED aten.embedding.default
DISK NEED_MIB=8192 FREE_MIB=1331168
RESOURCE_QUERY directory="/root/TileMega/docs/experiments/SOLVER_V2/legacy_r8_domain/llama_s4/selected.cu.resources/1790235241391043097/6" resident=5
IMPORT_DEGRADED aten.embedding.default
DISK NEED_MIB=8192 FREE_MIB=1331288
RESOURCE_QUERY directory="/root/TileMega/docs/experiments/SOLVER_V2/legacy_r8_domain/llama_s4/selected.cu.resources/1790235241391043097/7" resident=5
IMPORT_DEGRADED aten.embedding.default
DISK NEED_MIB=8192 FREE_MIB=1331181
RESOURCE_QUERY directory="/root/TileMega/docs/experiments/SOLVER_V2/legacy_r8_domain/llama_s4/selected.cu.resources/1790235241391043097/8" resident=5
IMPORT_DEGRADED aten.embedding.default
DISK NEED_MIB=8192 FREE_MIB=1331267
RESOURCE_QUERY directory="/root/TileMega/docs/experiments/SOLVER_V2/legacy_r8_domain/llama_s4/selected.cu.resources/1790235241391043097/9" resident=5
IMPORT_DEGRADED aten.embedding.default
DISK NEED_MIB=8192 FREE_MIB=1331232
RESOURCE_QUERY directory="/root/TileMega/docs/experiments/SOLVER_V2/legacy_r8_domain/llama_s4/selected.cu.resources/1790235241391043097/10" resident=5
IMPORT_DEGRADED aten.embedding.default
DISK NEED_MIB=8192 FREE_MIB=1331204
RESOURCE_QUERY directory="/root/TileMega/docs/experiments/SOLVER_V2/legacy_r8_domain/llama_s4/selected.cu.resources/1790235241391043097/11" resident=5
SOLVE_SUMMARY evaluated=12 deferred=69 residency_scope=compiled hop_calibrated=1
CODEGEN_SUMMARY tasks=388 couplings=467 stages=243 symbolic_windows=467 fallback_windows=0 output=/root/TileMega/docs/experiments/SOLVER_V2/legacy_r8_domain/llama_s4/selected.cu
