ptxas info    : 184 bytes gmem, 96 bytes cmem[4]
ptxas info    : Compiling entry function '_ZN8tilemega7codegen28tilemega_wait_profile_kernelEPKNS0_6ParamsEi' for 'sm_89'
ptxas info    : Function properties for _ZN8tilemega7codegen28tilemega_wait_profile_kernelEPKNS0_6ParamsEi
    72 bytes stack frame, 0 bytes spill stores, 0 bytes spill loads
ptxas info    : Used 62 registers, used 0 barriers, 72 bytes cumulative stack size, 364 bytes cmem[0], 48 bytes cmem[2]
ptxas info    : Compile time = 105.229 ms
ptxas info    : Compiling entry function '_ZN8tilemega7codegen18tilemega_l2_kernelEPKNS0_6ParamsEPNS0_12EventCounterEy' for 'sm_89'
ptxas info    : Function properties for _ZN8tilemega7codegen18tilemega_l2_kernelEPKNS0_6ParamsEPNS0_12EventCounterEy
    48 bytes stack frame, 0 bytes spill stores, 0 bytes spill loads
ptxas info    : Used 186 registers, used 1 barriers, 48 bytes cumulative stack size, 376 bytes cmem[0], 368 bytes cmem[2]
ptxas info    : Compile time = 8112.620 ms
ptxas info    : Compiling entry function '_ZN8tilemega7codegen18tilemega_l1_kernelEPKNS0_6ParamsEPNS0_12EventCounterEy' for 'sm_89'
ptxas info    : Function properties for _ZN8tilemega7codegen18tilemega_l1_kernelEPKNS0_6ParamsEPNS0_12EventCounterEy
    48 bytes stack frame, 0 bytes spill stores, 0 bytes spill loads
ptxas info    : Used 202 registers, used 1 barriers, 48 bytes cumulative stack size, 376 bytes cmem[0], 372 bytes cmem[2]
ptxas info    : Compile time = 20205.832 ms
ptxas info    : Function properties for _ZNK8tilemega7codegen19GemmCombineTaskBodyIN7cutlass4arch4Sm89ENS0_8TaskSmemELi128EEclERKNS0_6ParamsERKNS0_9StageDescERS5_
    0 bytes stack frame, 0 bytes spill stores, 0 bytes spill loads
ptxas info    : Compiling entry function '_ZN8tilemega7codegen21tilemega_stage_kernelEPKNS0_6ParamsEj' for 'sm_89'
ptxas info    : Function properties for _ZN8tilemega7codegen21tilemega_stage_kernelEPKNS0_6ParamsEj
    48 bytes stack frame, 0 bytes spill stores, 0 bytes spill loads
ptxas info    : Used 154 registers, used 1 barriers, 48 bytes cumulative stack size, 364 bytes cmem[0], 316 bytes cmem[2]
ptxas info    : Compile time = 16214.143 ms
ptxas info    : Function properties for _ZNK8tilemega7codegen19GemmCombineTaskBodyIN7cutlass4arch4Sm89ENS0_8TaskSmemELi128EEclERKNS0_6ParamsERKNS0_9StageDescERS5_
    0 bytes stack frame, 0 bytes spill stores, 0 bytes spill loads
ptxas info    : 0 bytes gmem
ptxas info    : 0 bytes gmem
ptxas info    : 0 bytes gmem
ptxas info    : 0 bytes gmem
ptxas info    : 0 bytes gmem
ptxas info    : 0 bytes gmem
ptxas info    : 0 bytes gmem
