E2E_PARTIALS fp32=1 element_bytes=4 total_bytes=37748736
E2E_PLACE_STATS placement=0 max_queue=85 same_worker_edges=15109 cross_worker_edges=4558971 base_rotation=0 plan=eft
E2E_TIMING cold=0 warmup=5 repeat=11 statistic=median reset=outside_timing
E2E_RESOURCE block=128 reg=96 smem=16384 task_smem=16384 occupancy_smem=16384 static_smem=0 regs_per_sm=65536 smem_per_sm=102400 threads_per_sm=1536 gemm_union=12288 variant_count=1 ctas_per_sm=4 num_sms=128 grid=512 l1_reg=94 l05_reg=80 l1_ctas=5 l2_ctas=5 min_blocks=1 warp_size=32 resident_formula=ctas_per_sm*num_sms
E2E_SCHEDULE workers=512 variant_stages=60 task_refs=34816 task_ref_bytes=974848 waits=385143 wait_bytes=3081144 raw_polls=646983 lifted_polls=261840 waiting_tasks=24048 normalization_dummies_lb=361095 max_span=13 generated_max_span=10 max_worker_span=511 resident_limit=512 global_fanin=1 i3_current=pass i3_overresident=reject max_worker_task_refs=85
E2E_TIME l05_ms=12.761088 l1_ms=12.816384 ratio=1.004333 l2_ms=9.587584 l2_over_l1=0.748072
E2E_DIFF l05_vs_l0_mismatch=0 max_abs=0.0390625 max_rel=3906.25 l1_vs_l05_mismatch=0 max_abs=0 max_rel=0 l2_vs_l1_mismatch=0 max_abs=0 max_rel=0
E2E_OUTPUT_DIFF index=0 buffer=73 mismatch=0 max_abs=0.0390625 max_rel=3906.25
E2E_OUTPUT_DIFF index=1 buffer=23 mismatch=0 max_abs=0.00048828125 max_rel=0.028571429
E2E_OUTPUT_DIFF index=2 buffer=24 mismatch=0 max_abs=3.0517578e-05 max_rel=0.005076142
E2E_OUTPUT_DIFF index=3 buffer=47 mismatch=0 max_abs=0.015625 max_rel=1953.125
E2E_OUTPUT_DIFF index=4 buffer=48 mismatch=0 max_abs=0.015625 max_rel=22.614973
E2E_OUTPUT_DIFF index=5 buffer=71 mismatch=0 max_abs=0.015625 max_rel=3906.25
E2E_OUTPUT_DIFF index=6 buffer=72 mismatch=0 max_abs=0.015625 max_rel=88.608887
E2E_OUTPUT_DIFF index=7 buffer=95 mismatch=0 max_abs=0.015625 max_rel=3906.25
E2E_OUTPUT_DIFF index=8 buffer=96 mismatch=0 max_abs=0.015625 max_rel=140.42857
E2E_HASH l05=0d2c098ca67f92e5 l1=0d2c098ca67f92e5 l2=0d2c098ca67f92e5
E2E_ITER l2_iter1_ms=9.583616 l2_iter1_vs_iter0_mismatch=0 max_abs=0
E2E_KAPPA event_kappa=1 dependency_table=variant_exact
E2E_VARIANT index=0 seq_begin=1 seq_end=128
RESULT status=PASS
