E2E_PARTIALS fp32=1 element_bytes=4 total_bytes=1179648
E2E_PLACE_BASE pos=0 stage=0 active=4 base=0
E2E_PLACE_BASE pos=1 stage=3 active=128 base=4
E2E_PLACE_BASE pos=2 stage=4 active=16 base=132
E2E_PLACE_BASE pos=3 stage=1 active=256 base=148
E2E_PLACE_BASE pos=4 stage=2 active=32 base=404
E2E_PLACE_BASE pos=5 stage=5 active=128 base=436
E2E_PLACE_BASE pos=6 stage=6 active=16 base=52
E2E_PLACE_BASE pos=7 stage=8 active=8 base=68
E2E_PLACE_BASE pos=8 stage=7 active=16 base=76
E2E_PLACE_BASE pos=9 stage=10 active=8 base=92
E2E_PLACE_BASE pos=10 stage=9 active=8 base=100
E2E_PLACE_BASE pos=11 stage=11 active=16 base=108
E2E_PLACE_BASE pos=12 stage=12 active=256 base=124
E2E_PLACE_BASE pos=13 stage=13 active=32 base=380
E2E_PLACE_BASE pos=14 stage=14 active=4 base=412
E2E_PLACE_BASE pos=15 stage=15 active=512 base=416
E2E_PLACE_BASE pos=16 stage=16 active=64 base=416
E2E_PLACE_BASE pos=17 stage=17 active=512 base=480
E2E_PLACE_BASE pos=18 stage=18 active=64 base=480
E2E_PLACE_BASE pos=19 stage=19 active=4 base=32
E2E_PLACE_BASE pos=20 stage=20 active=512 base=36
E2E_PLACE_BASE pos=21 stage=21 active=32 base=36
E2E_PLACE_BASE pos=22 stage=22 active=4 base=68
E2E_PLACE_BASE pos=23 stage=25 active=128 base=72
E2E_PLACE_BASE pos=24 stage=26 active=16 base=200
E2E_PLACE_BASE pos=25 stage=23 active=256 base=216
E2E_PLACE_BASE pos=26 stage=24 active=32 base=472
E2E_PLACE_BASE pos=27 stage=27 active=128 base=504
E2E_PLACE_BASE pos=28 stage=28 active=16 base=120
E2E_PLACE_BASE pos=29 stage=30 active=8 base=136
E2E_PLACE_BASE pos=30 stage=29 active=16 base=144
E2E_PLACE_BASE pos=31 stage=32 active=8 base=160
E2E_PLACE_BASE pos=32 stage=31 active=8 base=168
E2E_PLACE_BASE pos=33 stage=33 active=16 base=176
E2E_PLACE_BASE pos=34 stage=34 active=256 base=192
E2E_PLACE_BASE pos=35 stage=35 active=32 base=448
E2E_PLACE_BASE pos=36 stage=36 active=4 base=480
E2E_PLACE_BASE pos=37 stage=37 active=512 base=484
E2E_PLACE_BASE pos=38 stage=38 active=64 base=484
E2E_PLACE_BASE pos=39 stage=39 active=512 base=36
E2E_PLACE_BASE pos=40 stage=40 active=64 base=36
E2E_PLACE_BASE pos=41 stage=41 active=4 base=100
E2E_PLACE_BASE pos=42 stage=42 active=512 base=104
E2E_PLACE_BASE pos=43 stage=43 active=32 base=104
E2E_PLACE_STATS placement=0 max_queue=11 same_worker_edges=38 cross_worker_edges=32746 base_rotation=1 plan=rotate
E2E_TIMING cold=0 warmup=5 repeat=11 statistic=median reset=outside_timing
E2E_TRACE_V2 slots=5256 events=1314 traced_launch=l2_forward_last_timed_sample out=/root/TileMega/docs/experiments/REBASE/bounded_raw/gqa2_s4/trace/rotate__full/dump
E2E_RESOURCE block=128 reg=94 smem=16384 task_smem=16384 occupancy_smem=16384 static_smem=0 regs_per_sm=65536 smem_per_sm=102400 threads_per_sm=1536 gemm_union=12288 variant_count=1 ctas_per_sm=4 num_sms=128 grid=512 l1_reg=90 l05_reg=72 l1_ctas=5 l2_ctas=5 min_blocks=1 warp_size=32 resident_formula=ctas_per_sm*num_sms
E2E_SCHEDULE workers=512 variant_stages=30 task_refs=5256 task_ref_bytes=147168 waits=5264 wait_bytes=42112 raw_polls=6384 lifted_polls=1120 waiting_tasks=4132 normalization_dummies_lb=1132 max_span=13 generated_max_span=10 max_worker_span=483 resident_limit=512 global_fanin=1 i3_current=pass i3_overresident=reject max_worker_task_refs=11
E2E_TIME l05_ms=0.183296 l1_ms=0.198816 ratio=1.084672 l2_ms=0.149504 l2_over_l1=0.751972
E2E_DIFF l05_vs_l0_mismatch=0 max_abs=0.015625 max_rel=15.3 l1_vs_l05_mismatch=0 max_abs=0 max_rel=0 l2_vs_l1_mismatch=0 max_abs=0 max_rel=0
E2E_OUTPUT_DIFF index=0 buffer=25 mismatch=0 max_abs=0.015625 max_rel=9
E2E_OUTPUT_DIFF index=1 buffer=23 mismatch=0 max_abs=0 max_rel=0
E2E_OUTPUT_DIFF index=2 buffer=24 mismatch=0 max_abs=0 max_rel=0
E2E_OUTPUT_DIFF index=3 buffer=47 mismatch=0 max_abs=0.0078125 max_rel=15.3
E2E_OUTPUT_DIFF index=4 buffer=48 mismatch=0 max_abs=0.0078125 max_rel=1.6826347
E2E_HASH l05=50f243d42e025b16 l1=50f243d42e025b16 l2=50f243d42e025b16
E2E_ITER l2_iter1_ms=0.153600 l2_iter1_vs_iter0_mismatch=0 max_abs=0
E2E_KAPPA event_kappa=4 dependency_table=variant_exact
E2E_VARIANT index=0 seq_begin=1 seq_end=4
RESULT status=PASS
