[2026-09-13T12:04:35+08:00] START SELF_CHECK
SELF_CHECK simulator sm120 ok
SELF_CHECK place_eft sm120 ok
[2026-09-13T12:04:43+08:00] START SIMULATOR
disk ok: 16668 MiB free under /root/TileMega/docs/experiments/SIMULATOR, need about 256 MiB
CONTENTION mode=rmw backoff=64 consumers=1 rows=1 per_row=1 hop_mean_ns=407.1 se=2.01 hop_trim_ns=406.8 last_mean_ns=407.1 inversions=0
CONTENTION mode=rmw backoff=64 consumers=2 rows=1 per_row=2 hop_mean_ns=435.3 se=1.42 hop_trim_ns=435.0 last_mean_ns=471.5 inversions=0
CONTENTION mode=rmw backoff=64 consumers=4 rows=1 per_row=4 hop_mean_ns=443.8 se=0.89 hop_trim_ns=443.5 last_mean_ns=463.2 inversions=0
CONTENTION mode=rmw backoff=64 consumers=8 rows=1 per_row=8 hop_mean_ns=466.0 se=0.71 hop_trim_ns=465.7 last_mean_ns=532.0 inversions=0
CONTENTION mode=rmw backoff=64 consumers=16 rows=1 per_row=16 hop_mean_ns=454.9 se=0.45 hop_trim_ns=454.6 last_mean_ns=495.8 inversions=0
CONTENTION mode=rmw backoff=64 consumers=32 rows=1 per_row=32 hop_mean_ns=461.4 se=0.35 hop_trim_ns=461.1 last_mean_ns=537.0 inversions=0
CONTENTION mode=rmw backoff=64 consumers=64 rows=1 per_row=64 hop_mean_ns=443.4 se=0.27 hop_trim_ns=443.0 last_mean_ns=532.9 inversions=0
CONTENTION mode=rmw backoff=64 consumers=128 rows=1 per_row=128 hop_mean_ns=442.6 se=0.19 hop_trim_ns=442.2 last_mean_ns=547.5 inversions=0
CONTENTION mode=rmw backoff=64 consumers=256 rows=1 per_row=256 hop_mean_ns=470.7 se=0.13 hop_trim_ns=470.4 last_mean_ns=585.2 inversions=0
CONTENTION mode=rmw backoff=64 consumers=4 rows=4 per_row=1 hop_mean_ns=469.7 se=1.03 hop_trim_ns=469.4 last_mean_ns=469.7 inversions=0
CONTENTION mode=rmw backoff=64 consumers=8 rows=4 per_row=2 hop_mean_ns=470.5 se=0.74 hop_trim_ns=470.2 last_mean_ns=485.1 inversions=0
CONTENTION mode=rmw backoff=64 consumers=16 rows=4 per_row=4 hop_mean_ns=472.8 se=0.52 hop_trim_ns=472.5 last_mean_ns=515.6 inversions=0
CONTENTION mode=rmw backoff=64 consumers=32 rows=4 per_row=8 hop_mean_ns=461.6 se=0.37 hop_trim_ns=461.3 last_mean_ns=522.8 inversions=0
CONTENTION mode=rmw backoff=64 consumers=64 rows=4 per_row=16 hop_mean_ns=445.5 se=0.26 hop_trim_ns=445.2 last_mean_ns=523.1 inversions=0
CONTENTION mode=rmw backoff=64 consumers=128 rows=4 per_row=32 hop_mean_ns=445.5 se=0.19 hop_trim_ns=445.2 last_mean_ns=529.6 inversions=0
CONTENTION mode=rmw backoff=64 consumers=256 rows=4 per_row=64 hop_mean_ns=455.7 se=0.13 hop_trim_ns=455.4 last_mean_ns=555.3 inversions=0
CONTENTION mode=rmw backoff=64 consumers=16 rows=16 per_row=1 hop_mean_ns=470.8 se=0.52 hop_trim_ns=470.5 last_mean_ns=470.8 inversions=0
CONTENTION mode=rmw backoff=64 consumers=32 rows=16 per_row=2 hop_mean_ns=459.2 se=0.37 hop_trim_ns=458.9 last_mean_ns=494.3 inversions=0
CONTENTION mode=rmw backoff=64 consumers=64 rows=16 per_row=4 hop_mean_ns=446.6 se=0.27 hop_trim_ns=446.3 last_mean_ns=491.3 inversions=0
CONTENTION mode=rmw backoff=64 consumers=128 rows=16 per_row=8 hop_mean_ns=440.7 se=0.19 hop_trim_ns=440.4 last_mean_ns=504.1 inversions=0
CONTENTION mode=rmw backoff=64 consumers=256 rows=16 per_row=16 hop_mean_ns=440.9 se=0.13 hop_trim_ns=440.5 last_mean_ns=523.4 inversions=0
CONTENTION mode=rmw backoff=64 consumers=64 rows=64 per_row=1 hop_mean_ns=447.9 se=0.27 hop_trim_ns=447.6 last_mean_ns=447.9 inversions=0
CONTENTION mode=rmw backoff=64 consumers=128 rows=64 per_row=2 hop_mean_ns=453.9 se=0.19 hop_trim_ns=453.6 last_mean_ns=477.8 inversions=0
CONTENTION mode=rmw backoff=64 consumers=256 rows=64 per_row=4 hop_mean_ns=454.5 se=0.13 hop_trim_ns=454.2 last_mean_ns=507.9 inversions=0
CONTENTION mode=rmw backoff=0 consumers=1 rows=1 per_row=1 hop_mean_ns=406.9 se=1.97 hop_trim_ns=406.8 last_mean_ns=406.9 inversions=0
CONTENTION mode=rmw backoff=0 consumers=2 rows=1 per_row=2 hop_mean_ns=403.0 se=1.40 hop_trim_ns=402.9 last_mean_ns=427.2 inversions=0
CONTENTION mode=rmw backoff=0 consumers=4 rows=1 per_row=4 hop_mean_ns=407.0 se=0.98 hop_trim_ns=406.9 last_mean_ns=445.3 inversions=0
CONTENTION mode=rmw backoff=0 consumers=8 rows=1 per_row=8 hop_mean_ns=422.4 se=0.67 hop_trim_ns=422.4 last_mean_ns=474.9 inversions=0
CONTENTION mode=rmw backoff=0 consumers=16 rows=1 per_row=16 hop_mean_ns=410.8 se=0.49 hop_trim_ns=410.7 last_mean_ns=470.5 inversions=0
CONTENTION mode=rmw backoff=0 consumers=32 rows=1 per_row=32 hop_mean_ns=415.8 se=0.34 hop_trim_ns=415.7 last_mean_ns=486.3 inversions=0
CONTENTION mode=rmw backoff=0 consumers=64 rows=1 per_row=64 hop_mean_ns=406.0 se=0.25 hop_trim_ns=405.9 last_mean_ns=481.6 inversions=0
CONTENTION mode=rmw backoff=0 consumers=128 rows=1 per_row=128 hop_mean_ns=403.9 se=0.17 hop_trim_ns=403.8 last_mean_ns=482.2 inversions=0
CONTENTION mode=rmw backoff=0 consumers=256 rows=1 per_row=256 hop_mean_ns=405.0 se=0.12 hop_trim_ns=404.9 last_mean_ns=488.1 inversions=0
CONTENTION mode=rmw backoff=0 consumers=4 rows=4 per_row=1 hop_mean_ns=422.3 se=0.95 hop_trim_ns=422.2 last_mean_ns=422.3 inversions=0
CONTENTION mode=rmw backoff=0 consumers=8 rows=4 per_row=2 hop_mean_ns=425.1 se=0.67 hop_trim_ns=425.0 last_mean_ns=450.7 inversions=0
CONTENTION mode=rmw backoff=0 consumers=16 rows=4 per_row=4 hop_mean_ns=422.9 se=0.48 hop_trim_ns=422.8 last_mean_ns=464.6 inversions=0
CONTENTION mode=rmw backoff=0 consumers=32 rows=4 per_row=8 hop_mean_ns=408.3 se=0.35 hop_trim_ns=408.2 last_mean_ns=466.5 inversions=0
CONTENTION mode=rmw backoff=0 consumers=64 rows=4 per_row=16 hop_mean_ns=405.3 se=0.25 hop_trim_ns=405.2 last_mean_ns=471.1 inversions=0
CONTENTION mode=rmw backoff=0 consumers=128 rows=4 per_row=32 hop_mean_ns=405.3 se=0.17 hop_trim_ns=405.2 last_mean_ns=477.2 inversions=0
CONTENTION mode=rmw backoff=0 consumers=256 rows=4 per_row=64 hop_mean_ns=406.0 se=0.12 hop_trim_ns=405.9 last_mean_ns=485.4 inversions=0
CONTENTION mode=rmw backoff=0 consumers=16 rows=16 per_row=1 hop_mean_ns=421.8 se=0.48 hop_trim_ns=421.6 last_mean_ns=421.8 inversions=0
CONTENTION mode=rmw backoff=0 consumers=32 rows=16 per_row=2 hop_mean_ns=414.6 se=0.34 hop_trim_ns=414.4 last_mean_ns=439.1 inversions=0
CONTENTION mode=rmw backoff=0 consumers=64 rows=16 per_row=4 hop_mean_ns=406.9 se=0.25 hop_trim_ns=406.8 last_mean_ns=451.3 inversions=0
CONTENTION mode=rmw backoff=0 consumers=128 rows=16 per_row=8 hop_mean_ns=397.3 se=0.18 hop_trim_ns=397.1 last_mean_ns=454.8 inversions=0
CONTENTION mode=rmw backoff=0 consumers=256 rows=16 per_row=16 hop_mean_ns=403.3 se=0.12 hop_trim_ns=403.2 last_mean_ns=471.6 inversions=0
CONTENTION mode=rmw backoff=0 consumers=64 rows=64 per_row=1 hop_mean_ns=415.1 se=0.24 hop_trim_ns=414.9 last_mean_ns=415.1 inversions=0
CONTENTION mode=rmw backoff=0 consumers=128 rows=64 per_row=2 hop_mean_ns=412.6 se=0.17 hop_trim_ns=412.3 last_mean_ns=435.7 inversions=0
CONTENTION mode=rmw backoff=0 consumers=256 rows=64 per_row=4 hop_mean_ns=418.0 se=0.12 hop_trim_ns=417.8 last_mean_ns=462.1 inversions=0
CONTENTION_DONE device=NVIDIA GeForce RTX 5090 sms=170 resident_ctas=4080 rounds=4096 poll_mode=rmw tsv=/root/TileMega/docs/experiments/SIMULATOR/raw_sm120/contention.tsv
CONTENTION mode=load backoff=64 consumers=1 rows=1 per_row=1 hop_mean_ns=402.2 se=2.03 hop_trim_ns=401.8 last_mean_ns=402.2 inversions=0
CONTENTION mode=load backoff=64 consumers=2 rows=1 per_row=2 hop_mean_ns=411.4 se=1.48 hop_trim_ns=411.1 last_mean_ns=447.1 inversions=0
CONTENTION mode=load backoff=64 consumers=4 rows=1 per_row=4 hop_mean_ns=434.2 se=1.05 hop_trim_ns=433.9 last_mean_ns=497.0 inversions=0
CONTENTION mode=load backoff=64 consumers=8 rows=1 per_row=8 hop_mean_ns=462.4 se=0.74 hop_trim_ns=462.1 last_mean_ns=536.6 inversions=0
CONTENTION mode=load backoff=64 consumers=16 rows=1 per_row=16 hop_mean_ns=452.5 se=0.52 hop_trim_ns=452.1 last_mean_ns=524.7 inversions=0
CONTENTION mode=load backoff=64 consumers=32 rows=1 per_row=32 hop_mean_ns=448.1 se=0.37 hop_trim_ns=447.8 last_mean_ns=538.7 inversions=0
CONTENTION mode=load backoff=64 consumers=64 rows=1 per_row=64 hop_mean_ns=433.5 se=0.27 hop_trim_ns=433.2 last_mean_ns=532.2 inversions=0
CONTENTION mode=load backoff=64 consumers=128 rows=1 per_row=128 hop_mean_ns=433.8 se=0.18 hop_trim_ns=433.5 last_mean_ns=534.4 inversions=0
CONTENTION mode=load backoff=64 consumers=256 rows=1 per_row=256 hop_mean_ns=453.9 se=0.13 hop_trim_ns=453.6 last_mean_ns=564.4 inversions=0
CONTENTION mode=load backoff=64 consumers=4 rows=4 per_row=1 hop_mean_ns=474.2 se=1.01 hop_trim_ns=473.9 last_mean_ns=474.2 inversions=0
CONTENTION mode=load backoff=64 consumers=8 rows=4 per_row=2 hop_mean_ns=461.8 se=0.73 hop_trim_ns=461.5 last_mean_ns=489.0 inversions=0
CONTENTION mode=load backoff=64 consumers=16 rows=4 per_row=4 hop_mean_ns=465.3 se=0.53 hop_trim_ns=465.0 last_mean_ns=515.7 inversions=0
CONTENTION mode=load backoff=64 consumers=32 rows=4 per_row=8 hop_mean_ns=444.2 se=0.37 hop_trim_ns=443.8 last_mean_ns=519.6 inversions=0
CONTENTION mode=load backoff=64 consumers=64 rows=4 per_row=16 hop_mean_ns=431.2 se=0.26 hop_trim_ns=430.9 last_mean_ns=518.5 inversions=0
CONTENTION mode=load backoff=64 consumers=128 rows=4 per_row=32 hop_mean_ns=431.4 se=0.19 hop_trim_ns=431.0 last_mean_ns=527.5 inversions=0
CONTENTION mode=load backoff=64 consumers=256 rows=4 per_row=64 hop_mean_ns=440.5 se=0.13 hop_trim_ns=440.1 last_mean_ns=539.9 inversions=0
CONTENTION mode=load backoff=64 consumers=16 rows=16 per_row=1 hop_mean_ns=449.9 se=0.52 hop_trim_ns=449.5 last_mean_ns=449.9 inversions=0
CONTENTION mode=load backoff=64 consumers=32 rows=16 per_row=2 hop_mean_ns=448.1 se=0.37 hop_trim_ns=447.7 last_mean_ns=481.1 inversions=0
CONTENTION mode=load backoff=64 consumers=64 rows=16 per_row=4 hop_mean_ns=426.1 se=0.27 hop_trim_ns=425.7 last_mean_ns=486.5 inversions=0
CONTENTION mode=load backoff=64 consumers=128 rows=16 per_row=8 hop_mean_ns=420.5 se=0.19 hop_trim_ns=420.1 last_mean_ns=505.0 inversions=0
CONTENTION mode=load backoff=64 consumers=256 rows=16 per_row=16 hop_mean_ns=423.7 se=0.13 hop_trim_ns=423.4 last_mean_ns=521.5 inversions=0
CONTENTION mode=load backoff=64 consumers=64 rows=64 per_row=1 hop_mean_ns=435.6 se=0.27 hop_trim_ns=435.2 last_mean_ns=435.6 inversions=0
CONTENTION mode=load backoff=64 consumers=128 rows=64 per_row=2 hop_mean_ns=435.3 se=0.19 hop_trim_ns=435.0 last_mean_ns=460.7 inversions=0
CONTENTION mode=load backoff=64 consumers=256 rows=64 per_row=4 hop_mean_ns=436.4 se=0.13 hop_trim_ns=436.1 last_mean_ns=492.1 inversions=0
CONTENTION mode=load backoff=0 consumers=1 rows=1 per_row=1 hop_mean_ns=385.8 se=2.00 hop_trim_ns=385.6 last_mean_ns=385.8 inversions=0
CONTENTION mode=load backoff=0 consumers=2 rows=1 per_row=2 hop_mean_ns=385.5 se=1.41 hop_trim_ns=385.3 last_mean_ns=404.6 inversions=0
CONTENTION mode=load backoff=0 consumers=4 rows=1 per_row=4 hop_mean_ns=394.6 se=1.00 hop_trim_ns=394.5 last_mean_ns=425.6 inversions=0
CONTENTION mode=load backoff=0 consumers=8 rows=1 per_row=8 hop_mean_ns=404.3 se=0.70 hop_trim_ns=404.2 last_mean_ns=455.5 inversions=0
CONTENTION mode=load backoff=0 consumers=16 rows=1 per_row=16 hop_mean_ns=393.8 se=0.50 hop_trim_ns=393.7 last_mean_ns=449.4 inversions=0
CONTENTION mode=load backoff=0 consumers=32 rows=1 per_row=32 hop_mean_ns=406.5 se=0.35 hop_trim_ns=406.4 last_mean_ns=464.2 inversions=0
CONTENTION mode=load backoff=0 consumers=64 rows=1 per_row=64 hop_mean_ns=393.4 se=0.25 hop_trim_ns=393.3 last_mean_ns=457.5 inversions=0
CONTENTION mode=load backoff=0 consumers=128 rows=1 per_row=128 hop_mean_ns=396.7 se=0.18 hop_trim_ns=396.6 last_mean_ns=464.9 inversions=0
CONTENTION mode=load backoff=0 consumers=256 rows=1 per_row=256 hop_mean_ns=403.9 se=0.12 hop_trim_ns=403.8 last_mean_ns=471.5 inversions=0
CONTENTION mode=load backoff=0 consumers=4 rows=4 per_row=1 hop_mean_ns=406.2 se=0.98 hop_trim_ns=406.1 last_mean_ns=406.2 inversions=0
CONTENTION mode=load backoff=0 consumers=8 rows=4 per_row=2 hop_mean_ns=401.2 se=0.70 hop_trim_ns=401.1 last_mean_ns=421.5 inversions=0
CONTENTION mode=load backoff=0 consumers=16 rows=4 per_row=4 hop_mean_ns=406.3 se=0.49 hop_trim_ns=406.2 last_mean_ns=443.3 inversions=0
CONTENTION mode=load backoff=0 consumers=32 rows=4 per_row=8 hop_mean_ns=390.4 se=0.35 hop_trim_ns=390.3 last_mean_ns=440.8 inversions=0
CONTENTION mode=load backoff=0 consumers=64 rows=4 per_row=16 hop_mean_ns=390.4 se=0.25 hop_trim_ns=390.3 last_mean_ns=448.4 inversions=0
CONTENTION mode=load backoff=0 consumers=128 rows=4 per_row=32 hop_mean_ns=388.7 se=0.18 hop_trim_ns=388.6 last_mean_ns=448.9 inversions=0
CONTENTION mode=load backoff=0 consumers=256 rows=4 per_row=64 hop_mean_ns=399.8 se=0.12 hop_trim_ns=399.6 last_mean_ns=462.7 inversions=0
CONTENTION mode=load backoff=0 consumers=16 rows=16 per_row=1 hop_mean_ns=403.5 se=0.49 hop_trim_ns=403.4 last_mean_ns=403.5 inversions=0
CONTENTION mode=load backoff=0 consumers=32 rows=16 per_row=2 hop_mean_ns=397.4 se=0.35 hop_trim_ns=397.3 last_mean_ns=418.1 inversions=0
CONTENTION mode=load backoff=0 consumers=64 rows=16 per_row=4 hop_mean_ns=385.6 se=0.25 hop_trim_ns=385.5 last_mean_ns=423.3 inversions=0
CONTENTION mode=load backoff=0 consumers=128 rows=16 per_row=8 hop_mean_ns=381.6 se=0.18 hop_trim_ns=381.4 last_mean_ns=430.2 inversions=0
CONTENTION mode=load backoff=0 consumers=256 rows=16 per_row=16 hop_mean_ns=389.5 se=0.12 hop_trim_ns=389.4 last_mean_ns=445.9 inversions=0
CONTENTION mode=load backoff=0 consumers=64 rows=64 per_row=1 hop_mean_ns=395.5 se=0.25 hop_trim_ns=395.4 last_mean_ns=395.5 inversions=0
CONTENTION mode=load backoff=0 consumers=128 rows=64 per_row=2 hop_mean_ns=397.3 se=0.18 hop_trim_ns=397.2 last_mean_ns=417.4 inversions=0
CONTENTION mode=load backoff=0 consumers=256 rows=64 per_row=4 hop_mean_ns=401.3 se=0.12 hop_trim_ns=401.2 last_mean_ns=439.8 inversions=0
CONTENTION_DONE device=NVIDIA GeForce RTX 5090 sms=170 resident_ctas=4080 rounds=4096 poll_mode=load tsv=/root/TileMega/docs/experiments/SIMULATOR/raw_sm120/contention_load.tsv
FIT mode=rmw backoff=64 column=hop_trim_mean_ns cells=24 c0=448.3+-13.9 c1=1.13+-1.96 c2=-0.44+-1.91 resid_rms_ns=15.0 resid_max_ns=42.6 chi2_red=1936.5
FIT mode=rmw backoff=64 column=hop_mean_ns  cells=24 c0=448.6+-13.9 c1=1.14+-1.95 c2=-0.43+-1.90 resid_rms_ns=15.0 resid_max_ns=42.6 chi2_red=1925.2
FIT mode=rmw backoff=64 column=last_trim_mean_ns cells=24 c0=436.0+-14.4 c1=18.08+-2.02 c2=3.55+-1.97 resid_rms_ns=17.8 resid_max_ns=47.2 chi2_red=2062.6
FIT mode=rmw backoff=64 column=last_mean_ns cells=24 c0=436.3+-14.3 c1=18.05+-2.02 c2=3.54+-1.96 resid_rms_ns=17.7 resid_max_ns=47.3 chi2_red=2057.2
SPREAD mode=rmw backoff=64 hop_min_ns=406.8 hop_max_ns=472.5 range_over_c0=14.7%
FIT mode=rmw backoff=0 column=hop_trim_mean_ns cells=24 c0=416.2+-7.7 c1=-1.74+-1.07 c2=-0.22+-1.05 resid_rms_ns=6.7 resid_max_ns=12.7 chi2_red=645.3
FIT mode=rmw backoff=0 column=hop_mean_ns  cells=24 c0=416.3+-7.7 c1=-1.74+-1.07 c2=-0.20+-1.05 resid_rms_ns=6.7 resid_max_ns=12.7 chi2_red=646.8
FIT mode=rmw backoff=0 column=last_trim_mean_ns cells=24 c0=427.6+-13.2 c1=8.55+-1.85 c2=0.99+-1.81 resid_rms_ns=12.8 resid_max_ns=29.3 chi2_red=1915.5
FIT mode=rmw backoff=0 column=last_mean_ns cells=24 c0=427.5+-13.2 c1=8.56+-1.85 c2=1.05+-1.81 resid_rms_ns=12.8 resid_max_ns=29.1 chi2_red=1922.5
SPREAD mode=rmw backoff=0 hop_min_ns=397.1 hop_max_ns=425.0 range_over_c0=6.7%
FIT mode=load backoff=64 column=hop_trim_mean_ns cells=24 c0=443.9+-14.1 c1=-0.17+-1.97 c2=-2.36+-1.93 resid_rms_ns=17.2 resid_max_ns=41.9 chi2_red=1874.4
FIT mode=load backoff=64 column=hop_mean_ns  cells=24 c0=444.3+-14.1 c1=-0.18+-1.97 c2=-2.37+-1.93 resid_rms_ns=17.2 resid_max_ns=41.9 chi2_red=1871.7
FIT mode=load backoff=64 column=last_trim_mean_ns cells=24 c0=458.9+-16.8 c1=13.31+-2.35 c2=-0.52+-2.30 resid_rms_ns=21.7 resid_max_ns=70.4 chi2_red=2669.2
FIT mode=load backoff=64 column=last_mean_ns cells=24 c0=459.2+-16.8 c1=13.30+-2.35 c2=-0.52+-2.30 resid_rms_ns=21.6 resid_max_ns=70.3 chi2_red=2662.4
SPREAD mode=load backoff=64 hop_min_ns=401.8 hop_max_ns=473.9 range_over_c0=16.2%
FIT mode=load backoff=0 column=hop_trim_mean_ns cells=24 c0=386.4+-9.6 c1=1.62+-1.34 c2=0.74+-1.31 resid_rms_ns=8.1 resid_max_ns=16.6 chi2_red=974.9
FIT mode=load backoff=0 column=hop_mean_ns  cells=24 c0=386.5+-9.6 c1=1.63+-1.34 c2=0.75+-1.31 resid_rms_ns=8.1 resid_max_ns=16.6 chi2_red=972.4
FIT mode=load backoff=0 column=last_trim_mean_ns cells=24 c0=402.0+-10.8 c1=9.22+-1.51 c2=1.21+-1.48 resid_rms_ns=11.4 resid_max_ns=25.6 chi2_red=1244.7
FIT mode=load backoff=0 column=last_mean_ns cells=24 c0=402.1+-10.8 c1=9.21+-1.51 c2=1.21+-1.48 resid_rms_ns=11.4 resid_max_ns=25.5 chi2_red=1244.0
SPREAD mode=load backoff=0 hop_min_ns=381.4 hop_max_ns=406.4 range_over_c0=6.5%
EMIT /root/TileMega/docs/experiments/SIMULATOR/raw_sm120/hop_ns.tsv
HOP_NS_DEFAULT c0=448.277 c1=1.134 c2=-0.436
23e9b9cf89638200012a3fbcfb274044b5621fb6fd570c6c41e1e3062c080530  docs/experiments/SIMULATOR/raw_sm120/contention.tsv
94d37176f8fbbcfa3adcfbf29b6bc34ec0ab9157fed6fd8421f9139c54b11dbb  docs/experiments/SIMULATOR/raw_sm120/contention_load.tsv
ae09ddc16d7e915c96ae08e36a382c74a3043c43c26c43d448a948361514289e  docs/experiments/SIMULATOR/raw_sm120/hop_ns.tsv
[2026-09-13T12:04:56+08:00] START PLACE_EFT REALWIDTH=0
disk ok: 16666 MiB free under /root/TileMega/docs/experiments/PLACE_EFT, need about 4096 MiB
model	seq	bytes	identical
gqa2	4	14219	1
mha4	4	26449	1
gqa2	128	14219	1
mha4	128	26449	1
