E2E_PARTIALS fp32=1 element_bytes=4 total_bytes=5505024
E2E_PLACE_STATS placement=0 max_queue=60 same_worker_edges=924 cross_worker_edges=100804 base_rotation=0 plan=eft
E2E_TIMING cold=0 warmup=0 repeat=1 statistic=median reset=outside_timing
E2E_RESOURCE block=128 reg=248 smem=40960 task_smem=40960 occupancy_smem=40960 static_smem=0 regs_per_sm=65536 smem_per_sm=102400 threads_per_sm=1536 gemm_union=40960 variant_count=1 ctas_per_sm=2 num_sms=128 grid=256 l1_reg=254 l05_reg=255 l1_ctas=2 l2_ctas=2 min_blocks=1 warp_size=32 resident_formula=ctas_per_sm*num_sms
E2E_SCHEDULE workers=256 variant_stages=60 task_refs=5488 task_ref_bytes=153664 waits=16276 wait_bytes=130208 raw_polls=19332 lifted_polls=3056 waiting_tasks=4588 normalization_dummies_lb=11688 max_span=13 generated_max_span=10 max_worker_span=223 resident_limit=256 global_fanin=1 i3_current=pass i3_overresident=reject max_worker_task_refs=60
E2E_TIME l05_ms=3.743776 l1_ms=3.647488 ratio=0.974281 l2_ms=5.150720 l2_over_l1=1.412128
E2E_DIFF l05_vs_l0_mismatch=0 max_abs=0.03125 max_rel=4882.8125 l1_vs_l05_mismatch=0 max_abs=0 max_rel=0 l2_vs_l1_mismatch=0 max_abs=0 max_rel=0
E2E_OUTPUT_DIFF index=0 buffer=73 mismatch=0 max_abs=0.03125 max_rel=4882.8125
E2E_OUTPUT_DIFF index=1 buffer=23 mismatch=0 max_abs=0.0078125 max_rel=0.0058479533
E2E_OUTPUT_DIFF index=2 buffer=24 mismatch=0 max_abs=0.001953125 max_rel=0.0070921984
E2E_OUTPUT_DIFF index=3 buffer=47 mismatch=0 max_abs=0.01171875 max_rel=1953.125
E2E_OUTPUT_DIFF index=4 buffer=48 mismatch=0 max_abs=0.015625 max_rel=3.1222708
E2E_OUTPUT_DIFF index=5 buffer=71 mismatch=0 max_abs=0.015625 max_rel=2929.6875
E2E_OUTPUT_DIFF index=6 buffer=72 mismatch=0 max_abs=0.0078125 max_rel=53.857143
E2E_OUTPUT_DIFF index=7 buffer=95 mismatch=0 max_abs=0.0078125 max_rel=7.75
E2E_OUTPUT_DIFF index=8 buffer=96 mismatch=0 max_abs=0.01171875 max_rel=30.278196
E2E_HASH l05=6aa8debfb784b10d l1=6aa8debfb784b10d l2=6aa8debfb784b10d
E2E_ITER l2_iter1_ms=3.188736 l2_iter1_vs_iter0_mismatch=0 max_abs=0
E2E_KAPPA event_kappa=1 dependency_table=variant_exact
E2E_VARIANT index=0 seq_begin=1 seq_end=2048
RESULT status=PASS
