E2E_PARTIALS fp32=1 element_bytes=4 total_bytes=44040192
E2E_PLACE_STATS placement=0 max_queue=66 same_worker_edges=1660 cross_worker_edges=416356 base_rotation=0 plan=eft
E2E_TIMING cold=0 warmup=5 repeat=11 statistic=median reset=outside_timing
E2E_RESOURCE block=128 reg=144 smem=16384 task_smem=16384 occupancy_smem=16384 static_smem=0 regs_per_sm=65536 smem_per_sm=102400 threads_per_sm=1536 gemm_union=12288 variant_count=1 ctas_per_sm=3 num_sms=128 grid=384 l1_reg=140 l05_reg=146 l1_ctas=3 l2_ctas=3 min_blocks=1 warp_size=32 resident_formula=ctas_per_sm*num_sms
E2E_SCHEDULE workers=384 variant_stages=60 task_refs=24304 task_ref_bytes=680512 waits=15158 wait_bytes=121264 raw_polls=30656 lifted_polls=15498 waiting_tasks=8818 normalization_dummies_lb=6340 max_span=13 generated_max_span=10 max_worker_span=375 resident_limit=384 global_fanin=1 i3_current=pass i3_overresident=reject max_worker_task_refs=66
E2E_TIME l05_ms=2.858944 l1_ms=2.834432 ratio=0.991426 l2_ms=2.168800 l2_over_l1=0.765162
E2E_DIFF l05_vs_l0_mismatch=0 max_abs=0.0390625 max_rel=5859.375 l1_vs_l05_mismatch=0 max_abs=0 max_rel=0 l2_vs_l1_mismatch=47700 max_abs=4.1601562 max_rel=119628.91
E2E_OUTPUT_DIFF index=0 buffer=73 mismatch=0 max_abs=0.0390625 max_rel=5859.375
E2E_OUTPUT_DIFF index=1 buffer=23 mismatch=0 max_abs=0 max_rel=0
E2E_OUTPUT_DIFF index=2 buffer=24 mismatch=0 max_abs=3.8146973e-06 max_rel=0.0069444445
E2E_OUTPUT_DIFF index=3 buffer=47 mismatch=0 max_abs=0.0078125 max_rel=27.153847
E2E_OUTPUT_DIFF index=4 buffer=48 mismatch=0 max_abs=0.0078125 max_rel=4.1091704
E2E_OUTPUT_DIFF index=5 buffer=71 mismatch=0 max_abs=0.015625 max_rel=1953.125
E2E_OUTPUT_DIFF index=6 buffer=72 mismatch=0 max_abs=0.0078125 max_rel=378.013
E2E_OUTPUT_DIFF index=7 buffer=95 mismatch=0 max_abs=0.009765625 max_rel=5.75
E2E_OUTPUT_DIFF index=8 buffer=96 mismatch=0 max_abs=0.0078125 max_rel=51.766918
E2E_HASH l05=c46e6d9d4a274da1 l1=c46e6d9d4a274da1 l2=c4e87975f1f44997
E2E_ITER l2_iter1_ms=2.172832 l2_iter1_vs_iter0_mismatch=13565 max_abs=1.6328125
E2E_KAPPA event_kappa=4 dependency_table=variant_exact
E2E_VARIANT index=0 seq_begin=1 seq_end=4
RESULT status=MISMATCH
