E2E_PARTIALS fp32=1 element_bytes=4 total_bytes=88080384
E2E_PLACE_STATS placement=0 max_queue=208 same_worker_edges=3428 cross_worker_edges=776060 base_rotation=0 plan=eft
E2E_TIMING cold=0 warmup=0 repeat=1 statistic=median reset=outside_timing
E2E_RESOURCE block=128 reg=248 smem=40960 task_smem=40960 occupancy_smem=40960 static_smem=0 regs_per_sm=65536 smem_per_sm=102400 threads_per_sm=1536 gemm_union=40960 variant_count=1 ctas_per_sm=2 num_sms=128 grid=256 l1_reg=254 l05_reg=255 l1_ctas=2 l2_ctas=2 min_blocks=1 warp_size=32 resident_formula=ctas_per_sm*num_sms
E2E_SCHEDULE workers=256 variant_stages=60 task_refs=45808 task_ref_bytes=1282624 waits=62844 wait_bytes=502752 raw_polls=208716 lifted_polls=145872 waiting_tasks=6764 normalization_dummies_lb=56080 max_span=13 generated_max_span=10 max_worker_span=248 resident_limit=256 global_fanin=1 i3_current=pass i3_overresident=reject max_worker_task_refs=208
E2E_TIME l05_ms=3.271584 l1_ms=3.378176 ratio=1.032581 l2_ms=3.247104 l2_over_l1=0.961200
E2E_DIFF l05_vs_l0_mismatch=0 max_abs=0.03125 max_rel=4394.5312 l1_vs_l05_mismatch=0 max_abs=0 max_rel=0 l2_vs_l1_mismatch=0 max_abs=0 max_rel=0
E2E_OUTPUT_DIFF index=0 buffer=73 mismatch=0 max_abs=0.03125 max_rel=4394.5312
E2E_OUTPUT_DIFF index=1 buffer=23 mismatch=0 max_abs=0 max_rel=0
E2E_OUTPUT_DIFF index=2 buffer=24 mismatch=0 max_abs=3.8146973e-06 max_rel=0.0069444445
E2E_OUTPUT_DIFF index=3 buffer=47 mismatch=0 max_abs=0.0078125 max_rel=27.153847
E2E_OUTPUT_DIFF index=4 buffer=48 mismatch=0 max_abs=0.0078125 max_rel=4.1091704
E2E_OUTPUT_DIFF index=5 buffer=71 mismatch=0 max_abs=0.015625 max_rel=1953.125
E2E_OUTPUT_DIFF index=6 buffer=72 mismatch=0 max_abs=0.0078125 max_rel=384.66232
E2E_OUTPUT_DIFF index=7 buffer=95 mismatch=0 max_abs=0.015625 max_rel=7.25
E2E_OUTPUT_DIFF index=8 buffer=96 mismatch=0 max_abs=0.0090332031 max_rel=57.06015
E2E_HASH l05=8309a1e735850c8b l1=8309a1e735850c8b l2=8309a1e735850c8b
E2E_ITER l2_iter1_ms=5.026816 l2_iter1_vs_iter0_mismatch=0 max_abs=0
E2E_KAPPA event_kappa=1 dependency_table=variant_exact
E2E_VARIANT index=0 seq_begin=1 seq_end=2048
RESULT status=PASS
