module {
  cuda_tile.module @cuda_tile_module {
    entry @spin_wait_test(%arg0: tile<ptr<f32>>, %arg1: tile<ptr<i32>>, %arg2: tile<ptr<f32>>) {
      %blockId_x, %blockId_y, %blockId_z = get_tile_block_id : tile<i32>
      %cst_0_i32 = constant <i32: 0> : tile<i32>
      %0 = cmpi equal %blockId_x, %cst_0_i32, signed : tile<i32> -> tile<i1>
      if %0 {
        %tview = make_tensor_view %arg0, shape = [262144], strides = [1] : tensor_view<262144xf32, strides=[1]>
        %pview = make_partition_view %tview : partition_view<tile=(1024), tensor_view<262144xf32, strides=[1]>>
        %cst_256_i32 = constant <i32: 256> : tile<i32>
        %cst_1_i32 = constant <i32: 1> : tile<i32>
        %cst_1024_i32 = constant <i32: 1024> : tile<i32>
        for %loopIdx in (%cst_0_i32 to %cst_256_i32, step %cst_1_i32) : tile<i32> {
          %1 = muli %loopIdx, %cst_1024_i32 : tile<i32>
          %2 = iota : tile<1024xi32>
          %reshape_1 = reshape %1 : tile<i32> -> tile<1xi32>
          %bcast = broadcast %reshape_1 : tile<1xi32> -> tile<1024xi32>
          %3 = addi %2, %bcast : tile<1024xi32>
          %4 = itof %3 signed  : tile<1024xi32> -> tile<1024xf32>
          %5 = store_view_tko weak %4, %pview[%loopIdx] : tile<1024xf32>, partition_view<tile=(1024), tensor_view<262144xf32, strides=[1]>>, tile<i32> -> token
        }
        %reshape = reshape %arg1 : tile<ptr<i32>> -> tile<1xptr<i32>>
        %cst_1_i32_0 = constant <i32: 1> : tile<1xi32>
        %result, %result_token = atomic_rmw_tko release device %reshape, xchg, %cst_1_i32_0 : tile<1xptr<i32>>, tile<1xi32> -> tile<1xi32>, token
      } else {
        %reshape = reshape %arg1 : tile<ptr<i32>> -> tile<1xptr<i32>>
        loop {
          %result, %result_token = load_ptr_tko acquire device %reshape : tile<1xptr<i32>> -> tile<1xi32>, token
          %reshape_3 = reshape %result : tile<1xi32> -> tile<i32>
          %cst_1_i32_4 = constant <i32: 1> : tile<i32>
          %2 = cmpi equal %reshape_3, %cst_1_i32_4, signed : tile<i32> -> tile<i1>
          if %2 {
            break
          }
        }
        %tview = make_tensor_view %arg0, shape = [262144], strides = [1] : tensor_view<262144xf32, strides=[1]>
        %pview = make_partition_view %tview : partition_view<tile=(1024), tensor_view<262144xf32, strides=[1]>>
        %cst_256_i32 = constant <i32: 256> : tile<i32>
        %cst_1_i32 = constant <i32: 1> : tile<i32>
        %cst_0_f32 = constant <f32: 0.000000e+00> : tile<f32>
        %for = for %loopIdx in (%cst_0_i32 to %cst_256_i32, step %cst_1_i32) : tile<i32> iter_values(%iterArg0 = %cst_0_f32) -> (tile<f32>) {
          %tile, %result_token = load_view_tko acquire device %pview[%loopIdx] : partition_view<tile=(1024), tensor_view<262144xf32, strides=[1]>>, tile<i32> -> tile<1024xf32>, token
          %reduce = reduce %tile dim=0 identities=[0.000000e+00 : f32] : tile<1024xf32> -> tile<f32> 
          (%reduce_lhs: tile<f32>, %reduce_rhs: tile<f32>) {
            %3 = addf %reduce_lhs, %reduce_rhs  : tile<f32>
            yield %3 : tile<f32>
          }
          %2 = addf %iterArg0, %reduce  : tile<f32>
          continue %2 : tile<f32>
        }
        %reshape_0 = reshape %for : tile<f32> -> tile<1xf32>
        %tview_1 = make_tensor_view %arg2, shape = [1], strides = [1] : tensor_view<1xf32, strides=[1]>
        %pview_2 = make_partition_view %tview_1 : partition_view<tile=(1), tensor_view<1xf32, strides=[1]>>
        %1 = store_view_tko weak %reshape_0, %pview_2[%cst_0_i32] : tile<1xf32>, partition_view<tile=(1), tensor_view<1xf32, strides=[1]>>, tile<i32> -> token
      }
      return
    }
  }
}

