SKELETON_RESIDENCY key=32x16x32s2k4;32x16x32s2k4;32x16x32s2k4;32x16x32s2k4; residency=1 nodes=34816 level2_ms=3507.77 requeues=521830 score_ns=705678
SKELETON_RESIDENCY key=32x16x32s2k4;32x16x32s2k4;32x16x32s2k4;32x16x32s2k4; residency=2 nodes=34816 level2_ms=3468.28 requeues=194328 score_ns=418886
SKELETON_RESIDENCY key=32x16x32s2k4;32x16x32s2k4;32x16x32s2k4;32x16x32s2k4; residency=3 nodes=34816 level2_ms=3484.47 requeues=110803 score_ns=340800
SKELETON_RESIDENCY key=32x16x32s2k4;32x16x32s2k4;32x16x32s2k4;32x16x32s2k4; residency=4 nodes=34816 level2_ms=3261.03 requeues=61132 score_ns=310546
SKELETON_RESIDENCY key=32x16x32s2k4;32x16x32s2k4;32x16x32s2k4;32x16x32s2k4; residency=5 nodes=34816 level2_ms=3287.25 requeues=53760 score_ns=315001
SKELETON_RESIDENCY key=32x16x32s2k4;32x16x32s2k4;32x16x32s2k4;32x16x32s2k4; residency=6 nodes=34816 level2_ms=3269.52 requeues=45096 score_ns=316756
SKELETON_RESIDENCY key=32x16x32s2k1;32x16x32s2k4;32x16x32s2k4;32x16x32s2k4; residency=1 nodes=28672 level2_ms=2819.82 requeues=396289 score_ns=614918
SKELETON_RESIDENCY key=32x16x32s2k1;32x16x32s2k4;32x16x32s2k4;32x16x32s2k4; residency=2 nodes=28672 level2_ms=2361.77 requeues=141642 score_ns=387755
SKELETON_RESIDENCY key=32x16x32s2k1;32x16x32s2k4;32x16x32s2k4;32x16x32s2k4; residency=3 nodes=28672 level2_ms=2085.81 requeues=85297 score_ns=322384
SKELETON_RESIDENCY key=32x16x32s2k1;32x16x32s2k4;32x16x32s2k4;32x16x32s2k4; residency=4 nodes=28672 level2_ms=2071.11 requeues=50572 score_ns=300643
SKELETON_RESIDENCY key=32x16x32s2k1;32x16x32s2k4;32x16x32s2k4;32x16x32s2k4; residency=5 nodes=28672 level2_ms=2076.12 requeues=44199 score_ns=308648
SKELETON_RESIDENCY key=32x16x32s2k1;32x16x32s2k4;32x16x32s2k4;32x16x32s2k4; residency=6 nodes=28672 level2_ms=2087.12 requeues=39140 score_ns=313087
SKELETON_RESIDENCY key=32x16x32s2k2;32x16x32s2k4;32x16x32s2k4;32x16x32s2k4; residency=1 nodes=31744 level2_ms=2341.59 requeues=444859 score_ns=653071
SKELETON_RESIDENCY key=32x16x32s2k2;32x16x32s2k4;32x16x32s2k4;32x16x32s2k4; residency=2 nodes=31744 level2_ms=2251.89 requeues=175184 score_ns=391705
SKELETON_RESIDENCY key=32x16x32s2k2;32x16x32s2k4;32x16x32s2k4;32x16x32s2k4; residency=3 nodes=31744 level2_ms=2223.1 requeues=90678 score_ns=333469
SKELETON_RESIDENCY key=32x16x32s2k2;32x16x32s2k4;32x16x32s2k4;32x16x32s2k4; residency=4 nodes=31744 level2_ms=2298.86 requeues=59577 score_ns=314482
SKELETON_RESIDENCY key=32x16x32s2k2;32x16x32s2k4;32x16x32s2k4;32x16x32s2k4; residency=5 nodes=31744 level2_ms=2218.84 requeues=46547 score_ns=323223
SKELETON_RESIDENCY key=32x16x32s2k2;32x16x32s2k4;32x16x32s2k4;32x16x32s2k4; residency=6 nodes=31744 level2_ms=2204.41 requeues=39228 score_ns=316270
SKELETON_RESIDENCY key=32x16x32s2k8;32x16x32s2k4;32x16x32s2k4;32x16x32s2k4; residency=1 nodes=40960 level2_ms=3517.72 requeues=842239 score_ns=811095
SKELETON_RESIDENCY key=32x16x32s2k8;32x16x32s2k4;32x16x32s2k4;32x16x32s2k4; residency=2 nodes=40960 level2_ms=3305.36 requeues=333347 score_ns=468945
SKELETON_RESIDENCY key=32x16x32s2k8;32x16x32s2k4;32x16x32s2k4;32x16x32s2k4; residency=3 nodes=40960 level2_ms=3253.93 requeues=188867 score_ns=375341
SKELETON_RESIDENCY key=32x16x32s2k8;32x16x32s2k4;32x16x32s2k4;32x16x32s2k4; residency=4 nodes=40960 level2_ms=3170.38 requeues=125227 score_ns=346444
SKELETON_RESIDENCY key=32x16x32s2k8;32x16x32s2k4;32x16x32s2k4;32x16x32s2k4; residency=5 nodes=40960 level2_ms=3173.4 requeues=88388 score_ns=331165
SKELETON_RESIDENCY key=32x16x32s2k8;32x16x32s2k4;32x16x32s2k4;32x16x32s2k4; residency=6 nodes=40960 level2_ms=3313.63 requeues=74047 score_ns=334617
SKELETON_RESIDENCY key=32x16x32s2k16;32x16x32s2k4;32x16x32s2k4;32x16x32s2k4; residency=1 nodes=53248 level2_ms=5736.31 requeues=1973662 score_ns=1.02276e+06
SKELETON_RESIDENCY key=32x16x32s2k16;32x16x32s2k4;32x16x32s2k4;32x16x32s2k4; residency=2 nodes=53248 level2_ms=5335.72 requeues=1299623 score_ns=577694
SKELETON_RESIDENCY key=32x16x32s2k16;32x16x32s2k4;32x16x32s2k4;32x16x32s2k4; residency=3 nodes=53248 level2_ms=4799.11 requeues=542903 score_ns=447085
SKELETON_RESIDENCY key=32x16x32s2k16;32x16x32s2k4;32x16x32s2k4;32x16x32s2k4; residency=4 nodes=53248 level2_ms=4674.89 requeues=391263 score_ns=396140
SKELETON_RESIDENCY key=32x16x32s2k16;32x16x32s2k4;32x16x32s2k4;32x16x32s2k4; residency=5 nodes=53248 level2_ms=4597.71 requeues=266177 score_ns=376839
SKELETON_RESIDENCY key=32x16x32s2k16;32x16x32s2k4;32x16x32s2k4;32x16x32s2k4; residency=6 nodes=53248 level2_ms=5180.98 requeues=213671 score_ns=377698
SKELETON_RESIDENCY key=32x16x32s2k32;32x16x32s2k4;32x16x32s2k4;32x16x32s2k4; residency=1 nodes=53248 level2_ms=6511.7 requeues=1973662 score_ns=1.02276e+06
SKELETON_RESIDENCY key=32x16x32s2k32;32x16x32s2k4;32x16x32s2k4;32x16x32s2k4; residency=2 nodes=53248 level2_ms=5443.64 requeues=1299623 score_ns=577694
SKELETON_RESIDENCY key=32x16x32s2k32;32x16x32s2k4;32x16x32s2k4;32x16x32s2k4; residency=3 nodes=53248 level2_ms=4889.83 requeues=542903 score_ns=447085
SKELETON_RESIDENCY key=32x16x32s2k32;32x16x32s2k4;32x16x32s2k4;32x16x32s2k4; residency=4 nodes=53248 level2_ms=4747.55 requeues=391263 score_ns=396140
SKELETON_RESIDENCY key=32x16x32s2k32;32x16x32s2k4;32x16x32s2k4;32x16x32s2k4; residency=5 nodes=53248 level2_ms=4647.44 requeues=266177 score_ns=376839
SKELETON_RESIDENCY key=32x16x32s2k32;32x16x32s2k4;32x16x32s2k4;32x16x32s2k4; residency=6 nodes=53248 level2_ms=5382.69 requeues=213671 score_ns=377698
SKELETON_RESIDENCY key=32x16x32s2k1;32x16x32s2k1;32x16x32s2k4;32x16x32s2k4; residency=1 nodes=26624 level2_ms=3097.93 requeues=338612 score_ns=576445
SKELETON_RESIDENCY key=32x16x32s2k1;32x16x32s2k1;32x16x32s2k4;32x16x32s2k4; residency=2 nodes=26624 level2_ms=3034.47 requeues=170510 score_ns=372883
SKELETON_RESIDENCY key=32x16x32s2k1;32x16x32s2k1;32x16x32s2k4;32x16x32s2k4; residency=3 nodes=26624 level2_ms=3000.3 requeues=92068 score_ns=302953
SKELETON_RESIDENCY key=32x16x32s2k1;32x16x32s2k1;32x16x32s2k4;32x16x32s2k4; residency=4 nodes=26624 level2_ms=3216.83 requeues=65144 score_ns=296251
SKELETON_RESIDENCY key=32x16x32s2k1;32x16x32s2k1;32x16x32s2k4;32x16x32s2k4; residency=5 nodes=26624 level2_ms=3018.08 requeues=52439 score_ns=306021
SKELETON_RESIDENCY key=32x16x32s2k1;32x16x32s2k1;32x16x32s2k4;32x16x32s2k4; residency=6 nodes=26624 level2_ms=3018.98 requeues=43515 score_ns=314357
SKELETON_RESIDENCY key=32x16x32s2k1;32x16x32s2k2;32x16x32s2k4;32x16x32s2k4; residency=1 nodes=27648 level2_ms=2802.99 requeues=376495 score_ns=603489
SKELETON_RESIDENCY key=32x16x32s2k1;32x16x32s2k2;32x16x32s2k4;32x16x32s2k4; residency=2 nodes=27648 level2_ms=2670.97 requeues=107965 score_ns=367799
SKELETON_RESIDENCY key=32x16x32s2k1;32x16x32s2k2;32x16x32s2k4;32x16x32s2k4; residency=3 nodes=27648 level2_ms=2649.88 requeues=67954 score_ns=336752
SKELETON_RESIDENCY key=32x16x32s2k1;32x16x32s2k2;32x16x32s2k4;32x16x32s2k4; residency=4 nodes=27648 level2_ms=2641.47 requeues=49564 score_ns=305503
SKELETON_RESIDENCY key=32x16x32s2k1;32x16x32s2k2;32x16x32s2k4;32x16x32s2k4; residency=5 nodes=27648 level2_ms=2013.45 requeues=43179 score_ns=314329
SKELETON_RESIDENCY key=32x16x32s2k1;32x16x32s2k2;32x16x32s2k4;32x16x32s2k4; residency=6 nodes=27648 level2_ms=2063.83 requeues=38096 score_ns=319884
SKELETON_RESIDENCY key=32x16x32s2k1;32x16x32s2k8;32x16x32s2k4;32x16x32s2k4; residency=1 nodes=30720 level2_ms=2151 requeues=343640 score_ns=649653
SKELETON_RESIDENCY key=32x16x32s2k1;32x16x32s2k8;32x16x32s2k4;32x16x32s2k4; residency=2 nodes=30720 level2_ms=2019.59 requeues=145265 score_ns=394924
SKELETON_RESIDENCY key=32x16x32s2k1;32x16x32s2k8;32x16x32s2k4;32x16x32s2k4; residency=3 nodes=30720 level2_ms=2016.38 requeues=94296 score_ns=328518
SKELETON_RESIDENCY key=32x16x32s2k1;32x16x32s2k8;32x16x32s2k4;32x16x32s2k4; residency=4 nodes=30720 level2_ms=2091.47 requeues=62892 score_ns=307207
SKELETON_RESIDENCY key=32x16x32s2k1;32x16x32s2k8;32x16x32s2k4;32x16x32s2k4; residency=5 nodes=30720 level2_ms=2092.04 requeues=53020 score_ns=308884
SKELETON_RESIDENCY key=32x16x32s2k1;32x16x32s2k8;32x16x32s2k4;32x16x32s2k4; residency=6 nodes=30720 level2_ms=2053.11 requeues=45888 score_ns=313823
SKELETON_RESIDENCY key=32x16x32s2k1;32x16x32s2k16;32x16x32s2k4;32x16x32s2k4; residency=1 nodes=34816 level2_ms=2224.9 requeues=396856 score_ns=720208
SKELETON_RESIDENCY key=32x16x32s2k1;32x16x32s2k16;32x16x32s2k4;32x16x32s2k4; residency=2 nodes=34816 level2_ms=2140.64 requeues=172849 score_ns=432662
SKELETON_RESIDENCY key=32x16x32s2k1;32x16x32s2k16;32x16x32s2k4;32x16x32s2k4; residency=3 nodes=34816 level2_ms=2154.96 requeues=99577 score_ns=364034
SKELETON_RESIDENCY key=32x16x32s2k1;32x16x32s2k16;32x16x32s2k4;32x16x32s2k4; residency=4 nodes=34816 level2_ms=2103.53 requeues=79564 score_ns=331389
SKELETON_RESIDENCY key=32x16x32s2k1;32x16x32s2k16;32x16x32s2k4;32x16x32s2k4; residency=5 nodes=34816 level2_ms=2095.9 requeues=62608 score_ns=331309
SKELETON_RESIDENCY key=32x16x32s2k1;32x16x32s2k16;32x16x32s2k4;32x16x32s2k4; residency=6 nodes=34816 level2_ms=2465.66 requeues=60490 score_ns=331986
SKELETON_RESIDENCY key=32x16x32s2k1;32x16x32s2k32;32x16x32s2k4;32x16x32s2k4; residency=1 nodes=34816 level2_ms=2214.39 requeues=396856 score_ns=720208
SKELETON_RESIDENCY key=32x16x32s2k1;32x16x32s2k32;32x16x32s2k4;32x16x32s2k4; residency=2 nodes=34816 level2_ms=2127.82 requeues=172849 score_ns=432662
SKELETON_RESIDENCY key=32x16x32s2k1;32x16x32s2k32;32x16x32s2k4;32x16x32s2k4; residency=3 nodes=34816 level2_ms=2098.25 requeues=99577 score_ns=364034
SKELETON_RESIDENCY key=32x16x32s2k1;32x16x32s2k32;32x16x32s2k4;32x16x32s2k4; residency=4 nodes=34816 level2_ms=2093.64 requeues=79564 score_ns=331389
SKELETON_RESIDENCY key=32x16x32s2k1;32x16x32s2k32;32x16x32s2k4;32x16x32s2k4; residency=5 nodes=34816 level2_ms=2024.88 requeues=62608 score_ns=331309
SKELETON_RESIDENCY key=32x16x32s2k1;32x16x32s2k32;32x16x32s2k4;32x16x32s2k4; residency=6 nodes=34816 level2_ms=2046.26 requeues=60490 score_ns=331986
SKELETON_RESIDENCY key=32x16x32s2k1;32x16x32s2k1;32x16x32s2k1;32x16x32s2k4; residency=1 nodes=18432 level2_ms=1697.2 requeues=160471 score_ns=455154
SKELETON_RESIDENCY key=32x16x32s2k1;32x16x32s2k1;32x16x32s2k1;32x16x32s2k4; residency=2 nodes=18432 level2_ms=1646.76 requeues=55848 score_ns=317609
SKELETON_RESIDENCY key=32x16x32s2k1;32x16x32s2k1;32x16x32s2k1;32x16x32s2k4; residency=3 nodes=18432 level2_ms=1629.73 requeues=36978 score_ns=274182
SKELETON_RESIDENCY key=32x16x32s2k1;32x16x32s2k1;32x16x32s2k1;32x16x32s2k4; residency=4 nodes=18432 level2_ms=1647.07 requeues=26512 score_ns=277828
SKELETON_RESIDENCY key=32x16x32s2k1;32x16x32s2k1;32x16x32s2k1;32x16x32s2k4; residency=5 nodes=18432 level2_ms=1635.13 requeues=23955 score_ns=279484
SKELETON_RESIDENCY key=32x16x32s2k1;32x16x32s2k1;32x16x32s2k1;32x16x32s2k4; residency=6 nodes=18432 level2_ms=1654.84 requeues=21950 score_ns=303538
SKELETON_RESIDENCY key=32x16x32s2k1;32x16x32s2k1;32x16x32s2k2;32x16x32s2k4; residency=1 nodes=22528 level2_ms=1897.16 requeues=202070 score_ns=524459
SKELETON_RESIDENCY key=32x16x32s2k1;32x16x32s2k1;32x16x32s2k2;32x16x32s2k4; residency=2 nodes=22528 level2_ms=1888.6 requeues=84501 score_ns=325087
SKELETON_RESIDENCY key=32x16x32s2k1;32x16x32s2k1;32x16x32s2k2;32x16x32s2k4; residency=3 nodes=22528 level2_ms=1852.25 requeues=51876 score_ns=282054
SKELETON_RESIDENCY key=32x16x32s2k1;32x16x32s2k1;32x16x32s2k2;32x16x32s2k4; residency=4 nodes=22528 level2_ms=1857.3 requeues=34604 score_ns=283882
SKELETON_RESIDENCY key=32x16x32s2k1;32x16x32s2k1;32x16x32s2k2;32x16x32s2k4; residency=5 nodes=22528 level2_ms=1852.22 requeues=30630 score_ns=290845
SKELETON_RESIDENCY key=32x16x32s2k1;32x16x32s2k1;32x16x32s2k2;32x16x32s2k4; residency=6 nodes=22528 level2_ms=1854.28 requeues=27545 score_ns=313475
SKELETON_RESIDENCY key=32x16x32s2k1;32x16x32s2k1;32x16x32s2k8;32x16x32s2k4; residency=1 nodes=34816 level2_ms=3695.47 requeues=878421 score_ns=726395
SKELETON_RESIDENCY key=32x16x32s2k1;32x16x32s2k1;32x16x32s2k8;32x16x32s2k4; residency=2 nodes=34816 level2_ms=3518.15 requeues=480707 score_ns=437359
SKELETON_RESIDENCY key=32x16x32s2k1;32x16x32s2k1;32x16x32s2k8;32x16x32s2k4; residency=3 nodes=34816 level2_ms=3370.02 requeues=311102 score_ns=353204
SKELETON_RESIDENCY key=32x16x32s2k1;32x16x32s2k1;32x16x32s2k8;32x16x32s2k4; residency=4 nodes=34816 level2_ms=3276.48 requeues=206720 score_ns=346492
SKELETON_RESIDENCY key=32x16x32s2k1;32x16x32s2k1;32x16x32s2k8;32x16x32s2k4; residency=5 nodes=34816 level2_ms=3257.53 requeues=157783 score_ns=332100
SKELETON_RESIDENCY key=32x16x32s2k1;32x16x32s2k1;32x16x32s2k8;32x16x32s2k4; residency=6 nodes=34816 level2_ms=3206.01 requeues=127015 score_ns=341429
SKELETON_RESIDENCY key=32x16x32s2k1;32x16x32s2k1;32x16x32s2k16;32x16x32s2k4; residency=1 nodes=51200 level2_ms=6898.96 requeues=2404535 score_ns=999358
SKELETON_RESIDENCY key=32x16x32s2k1;32x16x32s2k1;32x16x32s2k16;32x16x32s2k4; residency=2 nodes=51200 level2_ms=6366.15 requeues=1679782 score_ns=579602
SKELETON_RESIDENCY key=32x16x32s2k1;32x16x32s2k1;32x16x32s2k16;32x16x32s2k4; residency=3 nodes=51200 level2_ms=6004.92 requeues=1132799 score_ns=454401
SKELETON_RESIDENCY key=32x16x32s2k1;32x16x32s2k1;32x16x32s2k16;32x16x32s2k4; residency=4 nodes=51200 level2_ms=5426.17 requeues=776528 score_ns=422632
SKELETON_RESIDENCY key=32x16x32s2k1;32x16x32s2k1;32x16x32s2k16;32x16x32s2k4; residency=5 nodes=51200 level2_ms=5183.87 requeues=614387 score_ns=390057
SKELETON_RESIDENCY key=32x16x32s2k1;32x16x32s2k1;32x16x32s2k16;32x16x32s2k4; residency=6 nodes=51200 level2_ms=5105.25 requeues=500061 score_ns=391218
SKELETON_RESIDENCY key=32x16x32s2k1;32x16x32s2k1;32x16x32s2k32;32x16x32s2k4; residency=1 nodes=51200 level2_ms=6905.44 requeues=2404535 score_ns=999358
SKELETON_RESIDENCY key=32x16x32s2k1;32x16x32s2k1;32x16x32s2k32;32x16x32s2k4; residency=2 nodes=51200 level2_ms=6217.14 requeues=1679782 score_ns=579602
SKELETON_RESIDENCY key=32x16x32s2k1;32x16x32s2k1;32x16x32s2k32;32x16x32s2k4; residency=3 nodes=51200 level2_ms=5519.34 requeues=1132799 score_ns=454401
SKELETON_RESIDENCY key=32x16x32s2k1;32x16x32s2k1;32x16x32s2k32;32x16x32s2k4; residency=4 nodes=51200 level2_ms=5192.91 requeues=776528 score_ns=422632
SKELETON_RESIDENCY key=32x16x32s2k1;32x16x32s2k1;32x16x32s2k32;32x16x32s2k4; residency=5 nodes=51200 level2_ms=5101.37 requeues=614387 score_ns=390057
SKELETON_RESIDENCY key=32x16x32s2k1;32x16x32s2k1;32x16x32s2k32;32x16x32s2k4; residency=6 nodes=51200 level2_ms=4986 requeues=500061 score_ns=391218
SKELETON_RESIDENCY key=32x16x32s2k1;32x16x32s2k1;32x16x32s2k1;32x16x32s2k1; residency=1 nodes=16384 level2_ms=1505.16 requeues=148460 score_ns=427414
SKELETON_RESIDENCY key=32x16x32s2k1;32x16x32s2k1;32x16x32s2k1;32x16x32s2k1; residency=2 nodes=16384 level2_ms=1543.35 requeues=55585 score_ns=319586
SKELETON_RESIDENCY key=32x16x32s2k1;32x16x32s2k1;32x16x32s2k1;32x16x32s2k1; residency=3 nodes=16384 level2_ms=1548.85 requeues=32976 score_ns=285429
SKELETON_RESIDENCY key=32x16x32s2k1;32x16x32s2k1;32x16x32s2k1;32x16x32s2k1; residency=4 nodes=16384 level2_ms=1504.82 requeues=24448 score_ns=279571
SKELETON_RESIDENCY key=32x16x32s2k1;32x16x32s2k1;32x16x32s2k1;32x16x32s2k1; residency=5 nodes=16384 level2_ms=1560.4 requeues=22396 score_ns=312369
SKELETON_RESIDENCY key=32x16x32s2k1;32x16x32s2k1;32x16x32s2k1;32x16x32s2k1; residency=6 nodes=16384 level2_ms=1508.18 requeues=19328 score_ns=341583
SKELETON_RESIDENCY key=32x16x32s2k1;32x16x32s2k1;32x16x32s2k1;32x16x32s2k2; residency=1 nodes=17408 level2_ms=1592.74 requeues=189506 score_ns=438142
SKELETON_RESIDENCY key=32x16x32s2k1;32x16x32s2k1;32x16x32s2k1;32x16x32s2k2; residency=2 nodes=17408 level2_ms=1570.75 requeues=54087 score_ns=316951
SKELETON_RESIDENCY key=32x16x32s2k1;32x16x32s2k1;32x16x32s2k1;32x16x32s2k2; residency=3 nodes=17408 level2_ms=1573.04 requeues=35376 score_ns=284820
SKELETON_RESIDENCY key=32x16x32s2k1;32x16x32s2k1;32x16x32s2k1;32x16x32s2k2; residency=4 nodes=17408 level2_ms=1564.61 requeues=25586 score_ns=290978
SKELETON_RESIDENCY key=32x16x32s2k1;32x16x32s2k1;32x16x32s2k1;32x16x32s2k2; residency=5 nodes=17408 level2_ms=1572.13 requeues=22936 score_ns=292895
SKELETON_RESIDENCY key=32x16x32s2k1;32x16x32s2k1;32x16x32s2k1;32x16x32s2k2; residency=6 nodes=17408 level2_ms=1558.01 requeues=20680 score_ns=319310
SKELETON_RESIDENCY key=32x16x32s2k1;32x16x32s2k1;32x16x32s2k1;32x16x32s2k8; residency=1 nodes=20480 level2_ms=1939.3 requeues=204317 score_ns=490431
SKELETON_RESIDENCY key=32x16x32s2k1;32x16x32s2k1;32x16x32s2k1;32x16x32s2k8; residency=2 nodes=20480 level2_ms=1855.57 requeues=67173 score_ns=327542
SKELETON_RESIDENCY key=32x16x32s2k1;32x16x32s2k1;32x16x32s2k1;32x16x32s2k8; residency=3 nodes=20480 level2_ms=1879.88 requeues=41635 score_ns=283609
SKELETON_RESIDENCY key=32x16x32s2k1;32x16x32s2k1;32x16x32s2k1;32x16x32s2k8; residency=4 nodes=20480 level2_ms=1832.04 requeues=29632 score_ns=274609
SKELETON_RESIDENCY key=32x16x32s2k1;32x16x32s2k1;32x16x32s2k1;32x16x32s2k8; residency=5 nodes=20480 level2_ms=1877.54 requeues=28040 score_ns=283994
SKELETON_RESIDENCY key=32x16x32s2k1;32x16x32s2k1;32x16x32s2k1;32x16x32s2k8; residency=6 nodes=20480 level2_ms=1875.69 requeues=24781 score_ns=305075
SKELETON_RESIDENCY key=32x16x32s2k1;32x16x32s2k1;32x16x32s2k1;32x16x32s2k16; residency=1 nodes=24576 level2_ms=2421.35 requeues=339764 score_ns=560986
SKELETON_RESIDENCY key=32x16x32s2k1;32x16x32s2k1;32x16x32s2k1;32x16x32s2k16; residency=2 nodes=24576 level2_ms=2362.8 requeues=136610 score_ns=364660
SKELETON_RESIDENCY key=32x16x32s2k1;32x16x32s2k1;32x16x32s2k1;32x16x32s2k16; residency=3 nodes=24576 level2_ms=2348.13 requeues=85651 score_ns=299700
SKELETON_RESIDENCY key=32x16x32s2k1;32x16x32s2k1;32x16x32s2k1;32x16x32s2k16; residency=4 nodes=24576 level2_ms=2327.04 requeues=41878 score_ns=292395
SKELETON_RESIDENCY key=32x16x32s2k1;32x16x32s2k1;32x16x32s2k1;32x16x32s2k16; residency=5 nodes=24576 level2_ms=2310.12 requeues=45849 score_ns=306975
SKELETON_RESIDENCY key=32x16x32s2k1;32x16x32s2k1;32x16x32s2k1;32x16x32s2k16; residency=6 nodes=24576 level2_ms=2312.73 requeues=32863 score_ns=321205
SKELETON_RESIDENCY key=32x16x32s2k1;32x16x32s2k1;32x16x32s2k1;32x16x32s2k32; residency=1 nodes=32768 level2_ms=3889.76 requeues=944747 score_ns=702097
SKELETON_RESIDENCY key=32x16x32s2k1;32x16x32s2k1;32x16x32s2k1;32x16x32s2k32; residency=2 nodes=32768 level2_ms=3540.13 requeues=526769 score_ns=440697
SKELETON_RESIDENCY key=32x16x32s2k1;32x16x32s2k1;32x16x32s2k1;32x16x32s2k32; residency=3 nodes=32768 level2_ms=3331.11 requeues=356357 score_ns=351996
SKELETON_RESIDENCY key=32x16x32s2k1;32x16x32s2k1;32x16x32s2k1;32x16x32s2k32; residency=4 nodes=32768 level2_ms=3145.35 requeues=147933 score_ns=338355
SKELETON_RESIDENCY key=32x16x32s2k1;32x16x32s2k1;32x16x32s2k1;32x16x32s2k32; residency=5 nodes=32768 level2_ms=3179.03 requeues=141474 score_ns=347327
SKELETON_RESIDENCY key=32x16x32s2k1;32x16x32s2k1;32x16x32s2k1;32x16x32s2k32; residency=6 nodes=32768 level2_ms=3185.33 requeues=100256 score_ns=360633
SKELETON_RESIDENCY key=32x16x32s2k1;32x16x32s2k1;32x16x32s2k1;32x16x32s2k4; residency=1 nodes=18432 level2_ms=1673.72 requeues=160471 score_ns=455154
SKELETON_RESIDENCY key=32x16x32s2k1;32x16x32s2k1;32x16x32s2k1;32x16x32s2k4; residency=2 nodes=18432 level2_ms=1691.31 requeues=55848 score_ns=317609
SKELETON_RESIDENCY key=32x16x32s2k1;32x16x32s2k1;32x16x32s2k1;32x16x32s2k4; residency=3 nodes=18432 level2_ms=1680.13 requeues=36978 score_ns=274182
SKELETON_RESIDENCY key=32x16x32s2k1;32x16x32s2k1;32x16x32s2k1;32x16x32s2k4; residency=4 nodes=18432 level2_ms=1667.52 requeues=26512 score_ns=277828
SKELETON_RESIDENCY key=32x16x32s2k1;32x16x32s2k1;32x16x32s2k1;32x16x32s2k4; residency=5 nodes=18432 level2_ms=1668.42 requeues=23955 score_ns=279484
SKELETON_RESIDENCY key=32x16x32s2k1;32x16x32s2k1;32x16x32s2k1;32x16x32s2k4; residency=6 nodes=18432 level2_ms=1649.59 requeues=21950 score_ns=303538
DISK NEED_MIB=8192 FREE_MIB=1298877
RESOURCE_QUERY directory="/root/TileMega/docs/experiments/SOLVER_V2/reference/mha4_s128/selected.cu.resources/1790258231299209541/0" resident=5
SKELETON_RESIDENCY key=32x16x32s2k1;32x16x32s2k1;32x16x32s2k1;32x16x32s2k4; residency=1 nodes=18432 level2_ms=1746.76 requeues=160471 score_ns=455154
SKELETON_RESIDENCY key=32x16x32s2k1;32x16x32s2k1;32x16x32s2k1;32x16x32s2k4; residency=2 nodes=18432 level2_ms=1697.75 requeues=55848 score_ns=317609
SKELETON_RESIDENCY key=32x16x32s2k1;32x16x32s2k1;32x16x32s2k1;32x16x32s2k4; residency=3 nodes=18432 level2_ms=1676.52 requeues=36978 score_ns=274182
SKELETON_RESIDENCY key=32x16x32s2k1;32x16x32s2k1;32x16x32s2k1;32x16x32s2k4; residency=4 nodes=18432 level2_ms=1651.7 requeues=26512 score_ns=277828
SKELETON_RESIDENCY key=32x16x32s2k1;32x16x32s2k1;32x16x32s2k1;32x16x32s2k4; residency=5 nodes=18432 level2_ms=1658.35 requeues=23955 score_ns=279484
SKELETON_RESIDENCY key=32x16x32s2k1;32x16x32s2k1;32x16x32s2k1;32x16x32s2k8; residency=1 nodes=20480 level2_ms=1925.41 requeues=204317 score_ns=490431
SKELETON_RESIDENCY key=32x16x32s2k1;32x16x32s2k1;32x16x32s2k1;32x16x32s2k8; residency=2 nodes=20480 level2_ms=1901.3 requeues=67173 score_ns=327542
SKELETON_RESIDENCY key=32x16x32s2k1;32x16x32s2k1;32x16x32s2k1;32x16x32s2k8; residency=3 nodes=20480 level2_ms=1888.88 requeues=41635 score_ns=283609
SKELETON_RESIDENCY key=32x16x32s2k1;32x16x32s2k1;32x16x32s2k1;32x16x32s2k8; residency=4 nodes=20480 level2_ms=1877.64 requeues=29632 score_ns=274609
SKELETON_RESIDENCY key=32x16x32s2k1;32x16x32s2k1;32x16x32s2k1;32x16x32s2k8; residency=5 nodes=20480 level2_ms=1889.44 requeues=28040 score_ns=283994
SKELETON_RESIDENCY key=32x16x32s2k1;32x16x32s2k1;32x16x32s2k1;32x16x32s2k8; residency=6 nodes=20480 level2_ms=1887.23 requeues=24781 score_ns=305075
DISK NEED_MIB=8192 FREE_MIB=1298743
RESOURCE_QUERY directory="/root/TileMega/docs/experiments/SOLVER_V2/reference/mha4_s128/selected.cu.resources/1790258231299209541/1" resident=5
SKELETON_RESIDENCY key=32x16x32s2k1;32x16x32s2k1;32x16x32s2k1;32x16x32s2k8; residency=1 nodes=20480 level2_ms=2497.82 requeues=204317 score_ns=490431
SKELETON_RESIDENCY key=32x16x32s2k1;32x16x32s2k1;32x16x32s2k1;32x16x32s2k8; residency=2 nodes=20480 level2_ms=2819.73 requeues=67173 score_ns=327542
SKELETON_RESIDENCY key=32x16x32s2k1;32x16x32s2k1;32x16x32s2k1;32x16x32s2k8; residency=3 nodes=20480 level2_ms=2447.63 requeues=41635 score_ns=283609
SKELETON_RESIDENCY key=32x16x32s2k1;32x16x32s2k1;32x16x32s2k1;32x16x32s2k8; residency=4 nodes=20480 level2_ms=2452.87 requeues=29632 score_ns=274609
SKELETON_RESIDENCY key=32x16x32s2k1;32x16x32s2k1;32x16x32s2k1;32x16x32s2k8; residency=5 nodes=20480 level2_ms=2448.82 requeues=28040 score_ns=283994
SKELETON_RESIDENCY key=32x16x32s2k1;32x16x32s2k1;32x16x32s2k1;32x16x32s2k1; residency=1 nodes=16384 level2_ms=1972.26 requeues=148460 score_ns=427414
SKELETON_RESIDENCY key=32x16x32s2k1;32x16x32s2k1;32x16x32s2k1;32x16x32s2k1; residency=2 nodes=16384 level2_ms=1981.4 requeues=55585 score_ns=319586
SKELETON_RESIDENCY key=32x16x32s2k1;32x16x32s2k1;32x16x32s2k1;32x16x32s2k1; residency=3 nodes=16384 level2_ms=1971.37 requeues=32976 score_ns=285429
SKELETON_RESIDENCY key=32x16x32s2k1;32x16x32s2k1;32x16x32s2k1;32x16x32s2k1; residency=4 nodes=16384 level2_ms=1957.56 requeues=24448 score_ns=279571
SKELETON_RESIDENCY key=32x16x32s2k1;32x16x32s2k1;32x16x32s2k1;32x16x32s2k1; residency=5 nodes=16384 level2_ms=1858.43 requeues=22396 score_ns=312369
SKELETON_RESIDENCY key=32x16x32s2k1;32x16x32s2k1;32x16x32s2k1;32x16x32s2k1; residency=6 nodes=16384 level2_ms=1518.48 requeues=19328 score_ns=341583
DISK NEED_MIB=8192 FREE_MIB=1298560
RESOURCE_QUERY directory="/root/TileMega/docs/experiments/SOLVER_V2/reference/mha4_s128/selected.cu.resources/1790258231299209541/2" resident=5
SKELETON_RESIDENCY key=32x16x32s2k1;32x16x32s2k1;32x16x32s2k1;32x16x32s2k1; residency=1 nodes=16384 level2_ms=1665.44 requeues=148460 score_ns=427414
SKELETON_RESIDENCY key=32x16x32s2k1;32x16x32s2k1;32x16x32s2k1;32x16x32s2k1; residency=2 nodes=16384 level2_ms=1680.85 requeues=55585 score_ns=319586
SKELETON_RESIDENCY key=32x16x32s2k1;32x16x32s2k1;32x16x32s2k1;32x16x32s2k1; residency=3 nodes=16384 level2_ms=1917.03 requeues=32976 score_ns=285429
SKELETON_RESIDENCY key=32x16x32s2k1;32x16x32s2k1;32x16x32s2k1;32x16x32s2k1; residency=4 nodes=16384 level2_ms=1954.87 requeues=24448 score_ns=279571
SKELETON_RESIDENCY key=32x16x32s2k1;32x16x32s2k1;32x16x32s2k1;32x16x32s2k1; residency=5 nodes=16384 level2_ms=1942.56 requeues=22396 score_ns=312369
SKELETON_RESIDENCY key=32x16x32s2k1;32x16x32s2k1;32x16x32s2k2;32x16x32s2k4; residency=1 nodes=22528 level2_ms=2475.35 requeues=202070 score_ns=524459
SKELETON_RESIDENCY key=32x16x32s2k1;32x16x32s2k1;32x16x32s2k2;32x16x32s2k4; residency=2 nodes=22528 level2_ms=2458.78 requeues=84501 score_ns=325087
SKELETON_RESIDENCY key=32x16x32s2k1;32x16x32s2k1;32x16x32s2k2;32x16x32s2k4; residency=3 nodes=22528 level2_ms=2428.93 requeues=51876 score_ns=282054
SKELETON_RESIDENCY key=32x16x32s2k1;32x16x32s2k1;32x16x32s2k2;32x16x32s2k4; residency=4 nodes=22528 level2_ms=2440.03 requeues=34604 score_ns=283882
SKELETON_RESIDENCY key=32x16x32s2k1;32x16x32s2k1;32x16x32s2k2;32x16x32s2k4; residency=5 nodes=22528 level2_ms=2433.52 requeues=30630 score_ns=290845
SKELETON_RESIDENCY key=32x16x32s2k1;32x16x32s2k1;32x16x32s2k2;32x16x32s2k4; residency=6 nodes=22528 level2_ms=2424.45 requeues=27545 score_ns=313475
DISK NEED_MIB=8192 FREE_MIB=1298400
RESOURCE_QUERY directory="/root/TileMega/docs/experiments/SOLVER_V2/reference/mha4_s128/selected.cu.resources/1790258231299209541/3" resident=5
SKELETON_RESIDENCY key=32x16x32s2k1;32x16x32s2k1;32x16x32s2k2;32x16x32s2k4; residency=1 nodes=22528 level2_ms=2576.77 requeues=202070 score_ns=524459
SKELETON_RESIDENCY key=32x16x32s2k1;32x16x32s2k1;32x16x32s2k2;32x16x32s2k4; residency=2 nodes=22528 level2_ms=2549.19 requeues=84501 score_ns=325087
SKELETON_RESIDENCY key=32x16x32s2k1;32x16x32s2k1;32x16x32s2k2;32x16x32s2k4; residency=3 nodes=22528 level2_ms=2546.61 requeues=51876 score_ns=282054
SKELETON_RESIDENCY key=32x16x32s2k1;32x16x32s2k1;32x16x32s2k2;32x16x32s2k4; residency=4 nodes=22528 level2_ms=2434.6 requeues=34604 score_ns=283882
SKELETON_RESIDENCY key=32x16x32s2k1;32x16x32s2k1;32x16x32s2k2;32x16x32s2k4; residency=5 nodes=22528 level2_ms=2425.41 requeues=30630 score_ns=290845
SKELETON_RESIDENCY key=32x16x32s2k1;32x16x32s2k1;32x16x32s2k1;32x16x32s2k2; residency=1 nodes=17408 level2_ms=2091.22 requeues=189506 score_ns=438142
SKELETON_RESIDENCY key=32x16x32s2k1;32x16x32s2k1;32x16x32s2k1;32x16x32s2k2; residency=2 nodes=17408 level2_ms=1606.93 requeues=54087 score_ns=316951
SKELETON_RESIDENCY key=32x16x32s2k1;32x16x32s2k1;32x16x32s2k1;32x16x32s2k2; residency=3 nodes=17408 level2_ms=1567.98 requeues=35376 score_ns=284820
SKELETON_RESIDENCY key=32x16x32s2k1;32x16x32s2k1;32x16x32s2k1;32x16x32s2k2; residency=4 nodes=17408 level2_ms=1642.92 requeues=25586 score_ns=290978
SKELETON_RESIDENCY key=32x16x32s2k1;32x16x32s2k1;32x16x32s2k1;32x16x32s2k2; residency=5 nodes=17408 level2_ms=1562.52 requeues=22936 score_ns=292895
SKELETON_RESIDENCY key=32x16x32s2k1;32x16x32s2k1;32x16x32s2k1;32x16x32s2k2; residency=6 nodes=17408 level2_ms=1586.48 requeues=20680 score_ns=319310
DISK NEED_MIB=8192 FREE_MIB=1298470
RESOURCE_QUERY directory="/root/TileMega/docs/experiments/SOLVER_V2/reference/mha4_s128/selected.cu.resources/1790258231299209541/4" resident=5
SKELETON_RESIDENCY key=32x16x32s2k1;32x16x32s2k1;32x16x32s2k1;32x16x32s2k2; residency=1 nodes=17408 level2_ms=1606.68 requeues=189506 score_ns=438142
SKELETON_RESIDENCY key=32x16x32s2k1;32x16x32s2k1;32x16x32s2k1;32x16x32s2k2; residency=2 nodes=17408 level2_ms=1573.11 requeues=54087 score_ns=316951
SKELETON_RESIDENCY key=32x16x32s2k1;32x16x32s2k1;32x16x32s2k1;32x16x32s2k2; residency=3 nodes=17408 level2_ms=1615.54 requeues=35376 score_ns=284820
SKELETON_RESIDENCY key=32x16x32s2k1;32x16x32s2k1;32x16x32s2k1;32x16x32s2k2; residency=4 nodes=17408 level2_ms=1558.7 requeues=25586 score_ns=290978
SKELETON_RESIDENCY key=32x16x32s2k1;32x16x32s2k1;32x16x32s2k1;32x16x32s2k2; residency=5 nodes=17408 level2_ms=1585.73 requeues=22936 score_ns=292895
SOLVE_SUMMARY evaluated=21 deferred=0 residency_scope=compiled hop_calibrated=1
CODEGEN_SUMMARY tasks=68 couplings=86 stages=60 symbolic_windows=0 fallback_windows=0 output=/root/TileMega/docs/experiments/SOLVER_V2/reference/mha4_s128/selected.cu
