ABLATION baseline/gqa2/s4/p0 l2_ms=0.422912 nofence_ms=0.408576 nowait_ms=0.389120 neither_ms=0.353280 l1nosync_ms=0.364544 fence_ms=0.015168 wait_ms=0.034816 notify_ms=0.034816 barrier_ms=0.026784 protocol_over_barrier=2.576923 l2_over_l1=1.081008 evidence=/root/TileMega/docs/experiments/SYNC_V3/ablation/baseline/paired/gqa2_s4_p0
ABLATION baseline/gqa2/s4/p5 l2_ms=0.284576 nofence_ms=0.270336 nowait_ms=0.062464 neither_ms=0.059392 l1nosync_ms=0.365568 fence_ms=0.014272 wait_ms=0.222208 notify_ms=0.003072 barrier_ms=0.026688 protocol_over_barrier=8.441247 l2_over_l1=0.723998 evidence=/root/TileMega/docs/experiments/SYNC_V3/ablation/baseline/paired/gqa2_s4_p5
ABLATION baseline/gqa2/s128/p0 l2_ms=0.596896 nofence_ms=0.574272 nowait_ms=0.551936 neither_ms=0.518944 l1nosync_ms=0.526336 fence_ms=0.022528 wait_ms=0.044032 notify_ms=0.033792 barrier_ms=0.032608 protocol_over_barrier=2.404810 l2_over_l1=1.067766 evidence=/root/TileMega/docs/experiments/SYNC_V3/ablation/baseline/paired/gqa2_s128_p0
ABLATION baseline/gqa2/s128/p5 l2_ms=0.444416 nofence_ms=0.427808 nowait_ms=0.172192 neither_ms=0.156672 l1nosync_ms=0.526336 fence_ms=0.017248 wait_ms=0.272288 notify_ms=0.015360 barrier_ms=0.031744 protocol_over_barrier=9.062500 l2_over_l1=0.796330 evidence=/root/TileMega/docs/experiments/SYNC_V3/ablation/baseline/paired/gqa2_s128_p5
ABLATION baseline/mha4/s4/p0 l2_ms=0.844800 nofence_ms=0.816096 nowait_ms=0.779264 neither_ms=0.710656 l1nosync_ms=0.728064 fence_ms=0.029920 wait_ms=0.066560 notify_ms=0.067552 barrier_ms=0.053504 protocol_over_barrier=2.479742 l2_over_l1=1.081258 evidence=/root/TileMega/docs/experiments/SYNC_V3/ablation/baseline/paired/mha4_s4_p0
ABLATION baseline/mha4/s4/p5 l2_ms=0.562176 nofence_ms=0.537600 nowait_ms=0.142144 neither_ms=0.135168 l1nosync_ms=0.728064 fence_ms=0.024576 wait_ms=0.420096 notify_ms=0.006880 barrier_ms=0.053440 protocol_over_barrier=7.859835 l2_over_l1=0.718984 evidence=/root/TileMega/docs/experiments/SYNC_V3/ablation/baseline/paired/mha4_s4_p5
ABLATION baseline/mha4/s128/p0 l2_ms=1.211392 nofence_ms=1.139712 nowait_ms=1.065984 neither_ms=0.997088 l1nosync_ms=1.038336 fence_ms=0.055296 wait_ms=0.135040 notify_ms=0.073536 barrier_ms=0.062656 protocol_over_barrier=2.247934 l2_over_l1=1.083257 evidence=/root/TileMega/docs/experiments/SYNC_V3/ablation/baseline/paired/mha4_s128_p0
ABLATION baseline/mha4/s128/p5 l2_ms=0.870400 nofence_ms=0.861184 nowait_ms=0.328768 neither_ms=0.288768 l1nosync_ms=1.056768 fence_ms=0.045056 wait_ms=0.541408 notify_ms=0.039936 barrier_ms=0.009184 protocol_over_barrier=9.882864 l2_over_l1=0.815143 evidence=/root/TileMega/docs/experiments/SYNC_V3/ablation/baseline/paired/mha4_s128_p5
ABLATION c1/gqa2/s4/p0 l2_ms=0.427008 nofence_ms=0.408576 nowait_ms=0.390144 neither_ms=0.354176 l1nosync_ms=0.364544 fence_ms=0.018112 wait_ms=0.035936 notify_ms=0.036864 barrier_ms=0.026464 protocol_over_barrier=2.784764 l2_over_l1=1.089507 evidence=/root/TileMega/docs/experiments/SYNC_V3/ablation/c1/paired/gqa2_s4_p0
ABLATION c1/gqa2/s4/p5 l2_ms=0.283648 nofence_ms=0.270272 nowait_ms=0.061536 neither_ms=0.059360 l1nosync_ms=0.365568 fence_ms=0.013472 wait_ms=0.221568 notify_ms=0.003072 barrier_ms=0.026784 protocol_over_barrier=8.384615 l2_over_l1=0.723238 evidence=/root/TileMega/docs/experiments/SYNC_V3/ablation/c1/paired/gqa2_s4_p5
ABLATION c1/gqa2/s128/p0 l2_ms=0.599008 nofence_ms=0.573504 nowait_ms=0.553984 neither_ms=0.519072 l1nosync_ms=0.526336 fence_ms=0.024576 wait_ms=0.045056 notify_ms=0.034848 barrier_ms=0.031744 protocol_over_barrier=2.530531 l2_over_l1=1.072934 evidence=/root/TileMega/docs/experiments/SYNC_V3/ablation/c1/paired/gqa2_s128_p0
ABLATION c1/gqa2/s128/p5 l2_ms=0.444576 nofence_ms=0.428000 nowait_ms=0.173056 neither_ms=0.156672 l1nosync_ms=0.526336 fence_ms=0.017408 wait_ms=0.271552 notify_ms=0.016160 barrier_ms=0.031840 protocol_over_barrier=9.049000 l2_over_l1=0.797473 evidence=/root/TileMega/docs/experiments/SYNC_V3/ablation/c1/paired/gqa2_s128_p5
ABLATION c1/mha4/s4/p0 l2_ms=0.849952 nofence_ms=0.815104 nowait_ms=0.779264 neither_ms=0.710656 l1nosync_ms=0.729088 fence_ms=0.033792 wait_ms=0.069664 notify_ms=0.069632 barrier_ms=0.052416 protocol_over_barrier=2.627451 l2_over_l1=1.087685 evidence=/root/TileMega/docs/experiments/SYNC_V3/ablation/c1/paired/mha4_s4_p0
ABLATION c1/mha4/s4/p5 l2_ms=0.561152 nofence_ms=0.537568 nowait_ms=0.142208 neither_ms=0.135040 l1nosync_ms=0.729024 fence_ms=0.023552 wait_ms=0.418816 notify_ms=0.007072 barrier_ms=0.053184 protocol_over_barrier=8.004207 l2_over_l1=0.717589 evidence=/root/TileMega/docs/experiments/SYNC_V3/ablation/c1/paired/mha4_s4_p5
ABLATION c1/mha4/s128/p0 l2_ms=1.218560 nofence_ms=1.130496 nowait_ms=1.090560 neither_ms=1.014784 l1nosync_ms=1.032032 fence_ms=0.063296 wait_ms=0.107904 notify_ms=0.076800 barrier_ms=0.078016 protocol_over_barrier=2.360456 l2_over_l1=1.089591 evidence=/root/TileMega/docs/experiments/SYNC_V3/ablation/c1/paired/mha4_s128_p0
ABLATION c1/mha4/s128/p5 l2_ms=0.889856 nofence_ms=0.846784 nowait_ms=0.328704 neither_ms=0.288768 l1nosync_ms=1.055744 fence_ms=0.050176 wait_ms=0.576512 notify_ms=0.038912 barrier_ms=0.052416 protocol_over_barrier=9.918033 l2_over_l1=0.812244 evidence=/root/TileMega/docs/experiments/SYNC_V3/ablation/c1/paired/mha4_s128_p5
ABLATION c2/gqa2/s4/p0 l2_ms=0.427008 nofence_ms=0.408544 nowait_ms=0.389120 neither_ms=0.354304 l1nosync_ms=0.364544 fence_ms=0.018176 wait_ms=0.036704 notify_ms=0.035232 barrier_ms=0.026816 protocol_over_barrier=2.705602 l2_over_l1=1.089865 evidence=/root/TileMega/docs/experiments/SYNC_V3/ablation/c2/paired/gqa2_s4_p0
ABLATION c2/gqa2/s4/p5 l2_ms=0.285600 nofence_ms=0.270336 nowait_ms=0.062208 neither_ms=0.059392 l1nosync_ms=0.365472 fence_ms=0.015232 wait_ms=0.223424 notify_ms=0.003040 barrier_ms=0.026720 protocol_over_barrier=8.474251 l2_over_l1=0.727749 evidence=/root/TileMega/docs/experiments/SYNC_V3/ablation/c2/paired/gqa2_s4_p5
ABLATION c2/gqa2/s128/p0 l2_ms=0.599040 nofence_ms=0.573568 nowait_ms=0.553984 neither_ms=0.518336 l1nosync_ms=0.526336 fence_ms=0.025472 wait_ms=0.045056 notify_ms=0.034848 barrier_ms=0.032896 protocol_over_barrier=2.454369 l2_over_l1=1.071952 evidence=/root/TileMega/docs/experiments/SYNC_V3/ablation/c2/paired/gqa2_s128_p0
ABLATION c2/gqa2/s128/p5 l2_ms=0.445312 nofence_ms=0.428032 nowait_ms=0.172960 neither_ms=0.156704 l1nosync_ms=0.526336 fence_ms=0.017216 wait_ms=0.272416 notify_ms=0.015360 barrier_ms=0.031936 protocol_over_barrier=9.006012 l2_over_l1=0.797794 evidence=/root/TileMega/docs/experiments/SYNC_V3/ablation/c2/paired/gqa2_s128_p5
ABLATION c2/mha4/s4/p0 l2_ms=0.851968 nofence_ms=0.815296 nowait_ms=0.782336 neither_ms=0.711680 l1nosync_ms=0.728064 fence_ms=0.036864 wait_ms=0.070656 notify_ms=0.072704 barrier_ms=0.052448 protocol_over_barrier=2.660377 l2_over_l1=1.091623 evidence=/root/TileMega/docs/experiments/SYNC_V3/ablation/c2/paired/mha4_s4_p0
ABLATION c2/mha4/s4/p5 l2_ms=0.561088 nofence_ms=0.537504 nowait_ms=0.142208 neither_ms=0.135168 l1nosync_ms=0.728064 fence_ms=0.023552 wait_ms=0.418816 notify_ms=0.007104 barrier_ms=0.054272 protocol_over_barrier=7.872866 l2_over_l1=0.718136 evidence=/root/TileMega/docs/experiments/SYNC_V3/ablation/c2/paired/mha4_s4_p5
ABLATION c2/mha4/s128/p0 l2_ms=1.219616 nofence_ms=1.156960 nowait_ms=1.097728 neither_ms=1.008640 l1nosync_ms=1.054720 fence_ms=0.063488 wait_ms=0.101376 notify_ms=0.079072 barrier_ms=0.067584 protocol_over_barrier=2.594223 l2_over_l1=1.090494 evidence=/root/TileMega/docs/experiments/SYNC_V3/ablation/c2/paired/mha4_s128_p0
ABLATION c2/mha4/s128/p5 l2_ms=0.884736 nofence_ms=0.844672 nowait_ms=0.326912 neither_ms=0.288768 l1nosync_ms=1.056768 fence_ms=0.050176 wait_ms=0.567552 notify_ms=0.039936 barrier_ms=0.029856 protocol_over_barrier=9.918033 l2_over_l1=0.814306 evidence=/root/TileMega/docs/experiments/SYNC_V3/ablation/c2/paired/mha4_s128_p5
ABLATION window2/gqa2/s4/p0 l2_ms=0.449536 nofence_ms=0.436064 nowait_ms=0.427008 neither_ms=0.374784 l1nosync_ms=0.364704 fence_ms=0.014336 wait_ms=0.022528 notify_ms=0.052224 barrier_ms=0.027456 protocol_over_barrier=2.764423 l2_over_l1=1.146417 evidence=/root/TileMega/docs/experiments/SYNC_V3/ablation/window2/paired/gqa2_s4_p0
ABLATION window2/gqa2/s4/p5 l2_ms=0.294048 nofence_ms=0.280576 nowait_ms=0.064512 neither_ms=0.061440 l1nosync_ms=0.365568 fence_ms=0.013312 wait_ms=0.229376 notify_ms=0.002944 barrier_ms=0.026752 protocol_over_barrier=8.668258 l2_over_l1=0.749634 evidence=/root/TileMega/docs/experiments/SYNC_V3/ablation/window2/paired/gqa2_s4_p5
ABLATION window2/gqa2/s128/p0 l2_ms=0.634880 nofence_ms=0.615360 nowait_ms=0.594944 neither_ms=0.539648 l1nosync_ms=0.526336 fence_ms=0.020256 wait_ms=0.040000 notify_ms=0.055296 barrier_ms=0.031808 protocol_over_barrier=3.000000 l2_over_l1=1.137876 evidence=/root/TileMega/docs/experiments/SYNC_V3/ablation/window2/paired/gqa2_s128_p0
ABLATION window2/gqa2/s128/p5 l2_ms=0.466944 nofence_ms=0.451584 nowait_ms=0.185344 neither_ms=0.169984 l1nosync_ms=0.526208 fence_ms=0.014560 wait_ms=0.281536 notify_ms=0.016160 barrier_ms=0.031904 protocol_over_barrier=9.322581 l2_over_l1=0.836409 evidence=/root/TileMega/docs/experiments/SYNC_V3/ablation/window2/paired/gqa2_s128_p5
ABLATION window2/mha4/s4/p0 l2_ms=0.893824 nofence_ms=0.866240 nowait_ms=0.849920 neither_ms=0.749568 l1nosync_ms=0.728064 fence_ms=0.027648 wait_ms=0.044000 notify_ms=0.101376 barrier_ms=0.053248 protocol_over_barrier=2.705882 l2_over_l1=1.144004 evidence=/root/TileMega/docs/experiments/SYNC_V3/ablation/window2/paired/mha4_s4_p0
ABLATION window2/mha4/s4/p5 l2_ms=0.587776 nofence_ms=0.561984 nowait_ms=0.147456 neither_ms=0.147456 l1nosync_ms=0.729088 fence_ms=0.024768 wait_ms=0.440320 notify_ms=0.000000 barrier_ms=0.053696 protocol_over_barrier=8.051613 l2_over_l1=0.749494 evidence=/root/TileMega/docs/experiments/SYNC_V3/ablation/window2/paired/mha4_s4_p5
ABLATION window2/mha4/s128/p0 l2_ms=1.304576 nofence_ms=1.222656 nowait_ms=1.171456 neither_ms=1.035264 l1nosync_ms=1.055904 fence_ms=0.058368 wait_ms=0.130048 notify_ms=0.117760 barrier_ms=0.065408 protocol_over_barrier=3.267267 l2_over_l1=1.165064 evidence=/root/TileMega/docs/experiments/SYNC_V3/ablation/window2/paired/mha4_s128_p0
ABLATION window2/mha4/s128/p5 l2_ms=0.956416 nofence_ms=0.905152 nowait_ms=0.361472 neither_ms=0.325632 l1nosync_ms=1.057792 fence_ms=0.038912 wait_ms=0.591872 notify_ms=0.035840 barrier_ms=0.057344 protocol_over_barrier=10.403917 l2_over_l1=0.859361 evidence=/root/TileMega/docs/experiments/SYNC_V3/ablation/window2/paired/mha4_s128_p5
ABLATION local2/gqa2/s4/p0 l2_ms=0.433152 nofence_ms=0.416768 nowait_ms=0.414688 neither_ms=0.397312 l1nosync_ms=0.364416 fence_ms=0.017280 wait_ms=0.019296 notify_ms=0.017664 barrier_ms=0.027552 protocol_over_barrier=1.362530 l2_over_l1=1.104706 evidence=/root/TileMega/docs/experiments/SYNC_V3/ablation/local2/paired/gqa2_s4_p0
ABLATION local2/gqa2/s4/p5 l2_ms=0.280576 nofence_ms=0.270336 nowait_ms=0.063488 neither_ms=0.063232 l1nosync_ms=0.364544 fence_ms=0.010240 wait_ms=0.217088 notify_ms=0.000160 barrier_ms=0.027456 protocol_over_barrier=7.944056 l2_over_l1=0.714996 evidence=/root/TileMega/docs/experiments/SYNC_V3/ablation/local2/paired/gqa2_s4_p5
ABLATION local2/gqa2/s128/p0 l2_ms=0.619520 nofence_ms=0.596992 nowait_ms=0.579584 neither_ms=0.561152 l1nosync_ms=0.525408 fence_ms=0.022528 wait_ms=0.039936 notify_ms=0.018496 barrier_ms=0.031968 protocol_over_barrier=1.806452 l2_over_l1=1.110092 evidence=/root/TileMega/docs/experiments/SYNC_V3/ablation/local2/paired/gqa2_s128_p0
ABLATION local2/gqa2/s128/p5 l2_ms=0.456576 nofence_ms=0.441344 nowait_ms=0.185600 neither_ms=0.173824 l1nosync_ms=0.526336 fence_ms=0.014464 wait_ms=0.270432 notify_ms=0.012128 barrier_ms=0.031744 protocol_over_barrier=8.903226 l2_over_l1=0.818177 evidence=/root/TileMega/docs/experiments/SYNC_V3/ablation/local2/paired/gqa2_s128_p5
ABLATION local2/mha4/s4/p0 l2_ms=0.862208 nofence_ms=0.830464 nowait_ms=0.825344 neither_ms=0.792576 l1nosync_ms=0.728064 fence_ms=0.030784 wait_ms=0.036608 notify_ms=0.034656 barrier_ms=0.054272 protocol_over_barrier=1.278399 l2_over_l1=1.102046 evidence=/root/TileMega/docs/experiments/SYNC_V3/ablation/local2/paired/mha4_s4_p0
ABLATION local2/mha4/s4/p5 l2_ms=0.560064 nofence_ms=0.540672 nowait_ms=0.144384 neither_ms=0.142592 l1nosync_ms=0.729088 fence_ms=0.018432 wait_ms=0.415744 notify_ms=0.001088 barrier_ms=0.055296 protocol_over_barrier=7.553819 l2_over_l1=0.714735 evidence=/root/TileMega/docs/experiments/SYNC_V3/ablation/local2/paired/mha4_s4_p5
ABLATION local2/mha4/s128/p0 l2_ms=1.272832 nofence_ms=1.197056 nowait_ms=1.159168 neither_ms=1.104896 l1nosync_ms=1.034240 fence_ms=0.062432 wait_ms=0.103648 notify_ms=0.048128 barrier_ms=0.078848 protocol_over_barrier=1.796076 l2_over_l1=1.135160 evidence=/root/TileMega/docs/experiments/SYNC_V3/ablation/local2/paired/mha4_s128_p0
ABLATION local2/mha4/s128/p5 l2_ms=0.919552 nofence_ms=0.878592 nowait_ms=0.360704 neither_ms=0.335648 l1nosync_ms=1.057792 fence_ms=0.042720 wait_ms=0.570368 notify_ms=0.025056 barrier_ms=0.044960 protocol_over_barrier=9.737705 l2_over_l1=0.842922 evidence=/root/TileMega/docs/experiments/SYNC_V3/ablation/local2/paired/mha4_s128_p5
ABLATION window4/gqa2/s4/p0 l2_ms=0.451584 nofence_ms=0.438272 nowait_ms=0.427872 neither_ms=0.374784 l1nosync_ms=0.364544 fence_ms=0.013184 wait_ms=0.024672 notify_ms=0.052896 barrier_ms=0.027648 protocol_over_barrier=2.790509 l2_over_l1=1.150873 evidence=/root/TileMega/docs/experiments/SYNC_V3/ablation/window4/paired/gqa2_s4_p0
ABLATION window4/gqa2/s4/p5 l2_ms=0.294112 nofence_ms=0.281440 nowait_ms=0.064544 neither_ms=0.062464 l1nosync_ms=0.364544 fence_ms=0.013088 wait_ms=0.229376 notify_ms=0.003040 barrier_ms=0.027616 protocol_over_barrier=8.451912 l2_over_l1=0.750082 evidence=/root/TileMega/docs/experiments/SYNC_V3/ablation/window4/paired/gqa2_s4_p5
ABLATION window4/gqa2/s128/p0 l2_ms=0.636704 nofence_ms=0.616448 nowait_ms=0.594944 neither_ms=0.539648 l1nosync_ms=0.526336 fence_ms=0.020256 wait_ms=0.041984 notify_ms=0.055296 barrier_ms=0.031904 protocol_over_barrier=3.023116 l2_over_l1=1.141007 evidence=/root/TileMega/docs/experiments/SYNC_V3/ablation/window4/paired/gqa2_s128_p0
ABLATION window4/gqa2/s128/p5 l2_ms=0.470016 nofence_ms=0.453632 nowait_ms=0.185472 neither_ms=0.169984 l1nosync_ms=0.525312 fence_ms=0.016384 wait_ms=0.283648 notify_ms=0.015712 barrier_ms=0.031744 protocol_over_barrier=9.419355 l2_over_l1=0.841960 evidence=/root/TileMega/docs/experiments/SYNC_V3/ablation/window4/paired/gqa2_s128_p5
ABLATION window4/mha4/s4/p0 l2_ms=0.897024 nofence_ms=0.871424 nowait_ms=0.850944 neither_ms=0.748448 l1nosync_ms=0.728064 fence_ms=0.026624 wait_ms=0.047040 notify_ms=0.103424 barrier_ms=0.054432 protocol_over_barrier=2.773585 l2_over_l1=1.149010 evidence=/root/TileMega/docs/experiments/SYNC_V3/ablation/window4/paired/mha4_s4_p0
ABLATION window4/mha4/s4/p5 l2_ms=0.587776 nofence_ms=0.562176 nowait_ms=0.147456 neither_ms=0.147456 l1nosync_ms=0.729088 fence_ms=0.025504 wait_ms=0.440256 notify_ms=0.000000 barrier_ms=0.054304 protocol_over_barrier=8.111373 l2_over_l1=0.750143 evidence=/root/TileMega/docs/experiments/SYNC_V3/ablation/window4/paired/mha4_s4_p5
ABLATION window4/mha4/s128/p0 l2_ms=1.302528 nofence_ms=1.218560 nowait_ms=1.173504 neither_ms=1.054720 l1nosync_ms=1.056768 fence_ms=0.053344 wait_ms=0.126976 notify_ms=0.112800 barrier_ms=0.063456 protocol_over_barrier=3.351746 l2_over_l1=1.165246 evidence=/root/TileMega/docs/experiments/SYNC_V3/ablation/window4/paired/mha4_s128_p0
ABLATION window4/mha4/s128/p5 l2_ms=0.923648 nofence_ms=0.880640 nowait_ms=0.360448 neither_ms=0.324608 l1nosync_ms=1.057792 fence_ms=0.044032 wait_ms=0.577536 notify_ms=0.035840 barrier_ms=0.033056 protocol_over_barrier=10.185129 l2_over_l1=0.864611 evidence=/root/TileMega/docs/experiments/SYNC_V3/ablation/window4/paired/mha4_s128_p5
ABLATION local4/gqa2/s4/p0 l2_ms=0.435200 nofence_ms=0.419840 nowait_ms=0.414720 neither_ms=0.396288 l1nosync_ms=0.365568 fence_ms=0.016160 wait_ms=0.020480 notify_ms=0.018432 barrier_ms=0.026784 protocol_over_barrier=1.462772 l2_over_l1=1.109130 evidence=/root/TileMega/docs/experiments/SYNC_V3/ablation/local4/paired/gqa2_s4_p0
ABLATION local4/gqa2/s4/p5 l2_ms=0.280576 nofence_ms=0.270336 nowait_ms=0.063488 neither_ms=0.062464 l1nosync_ms=0.365568 fence_ms=0.010240 wait_ms=0.217088 notify_ms=0.000320 barrier_ms=0.027456 protocol_over_barrier=7.935897 l2_over_l1=0.715405 evidence=/root/TileMega/docs/experiments/SYNC_V3/ablation/local4/paired/gqa2_s4_p5
ABLATION local4/gqa2/s128/p0 l2_ms=0.620544 nofence_ms=0.599008 nowait_ms=0.579584 neither_ms=0.561152 l1nosync_ms=0.526176 fence_ms=0.021504 wait_ms=0.040960 notify_ms=0.018400 barrier_ms=0.031968 protocol_over_barrier=1.838710 l2_over_l1=1.111788 evidence=/root/TileMega/docs/experiments/SYNC_V3/ablation/local4/paired/gqa2_s128_p0
ABLATION local4/gqa2/s128/p5 l2_ms=0.458752 nofence_ms=0.443392 nowait_ms=0.185344 neither_ms=0.174080 l1nosync_ms=0.525376 fence_ms=0.016096 wait_ms=0.273408 notify_ms=0.011264 barrier_ms=0.031872 protocol_over_barrier=8.944556 l2_over_l1=0.823198 evidence=/root/TileMega/docs/experiments/SYNC_V3/ablation/local4/paired/gqa2_s128_p5
ABLATION local4/mha4/s4/p0 l2_ms=0.864256 nofence_ms=0.834368 nowait_ms=0.826304 neither_ms=0.791552 l1nosync_ms=0.728032 fence_ms=0.030080 wait_ms=0.037152 notify_ms=0.034816 barrier_ms=0.054496 protocol_over_barrier=1.306122 l2_over_l1=1.104578 evidence=/root/TileMega/docs/experiments/SYNC_V3/ablation/local4/paired/mha4_s4_p0
ABLATION local4/mha4/s4/p5 l2_ms=0.560128 nofence_ms=0.540672 nowait_ms=0.144384 neither_ms=0.142336 l1nosync_ms=0.729088 fence_ms=0.019392 wait_ms=0.415776 notify_ms=0.001664 barrier_ms=0.054432 protocol_over_barrier=7.666471 l2_over_l1=0.714858 evidence=/root/TileMega/docs/experiments/SYNC_V3/ablation/local4/paired/mha4_s4_p5
ABLATION local4/mha4/s128/p0 l2_ms=1.274880 nofence_ms=1.193984 nowait_ms=1.143808 neither_ms=1.098592 l1nosync_ms=1.027072 fence_ms=0.057344 wait_ms=0.119936 notify_ms=0.047200 barrier_ms=0.083040 protocol_over_barrier=1.751493 l2_over_l1=1.137705 evidence=/root/TileMega/docs/experiments/SYNC_V3/ablation/local4/paired/mha4_s128_p0
ABLATION local4/mha4/s128/p5 l2_ms=0.914432 nofence_ms=0.866304 nowait_ms=0.361472 neither_ms=0.336640 l1nosync_ms=1.057792 fence_ms=0.041984 wait_ms=0.551968 notify_ms=0.025600 barrier_ms=0.020640 protocol_over_barrier=9.342714 l2_over_l1=0.846910 evidence=/root/TileMega/docs/experiments/SYNC_V3/ablation/local4/paired/mha4_s128_p5
REFERENCE_MATRIX 7 configurations x 8 cells x 5 arms x 25 paired fresh processes
TARGET_POSITION legacy_grid_stride/gqa2/s4: configuration=baseline L2=0.422912 target=0.410048 delta=0.012864 ms
TARGET_POSITION balanced/gqa2/s4: configuration=baseline L2=0.584896 target=0.462848 delta=0.122048 ms
TARGET_POSITION rotate/gqa2/s4: configuration=c1 L2=0.283648 target=0.267264 delta=0.016384 ms
TARGET_POSITION eft/gqa2/s4: configuration=baseline L2=0.279552 target=0.273008 delta=0.006544 ms
TARGET_POSITION wavefront/gqa2/s4: configuration=baseline L2=0.281600 target=0.271872 delta=0.009728 ms
TARGET_POSITION chain/gqa2/s4: configuration=baseline L2=0.279200 target=0.271872 delta=0.007328 ms
TARGET_POSITION legacy_grid_stride/gqa2/s128: configuration=baseline L2=0.596896 target=0.578048 delta=0.018848 ms
TARGET_POSITION balanced/gqa2/s128: configuration=baseline L2=0.906240 target=0.694272 delta=0.211968 ms
TARGET_POSITION rotate/gqa2/s128: configuration=baseline L2=0.444416 target=0.406496 delta=0.037920 ms
TARGET_POSITION eft/gqa2/s128: configuration=baseline L2=0.439264 target=0.425472 delta=0.013792 ms
TARGET_POSITION wavefront/gqa2/s128: configuration=baseline L2=0.439296 target=0.424352 delta=0.014944 ms
TARGET_POSITION chain/gqa2/s128: configuration=baseline L2=0.493440 target=0.438784 delta=0.054656 ms
TARGET_POSITION legacy_grid_stride/mha4/s4: configuration=baseline L2=0.844800 target=0.823216 delta=0.021584 ms
TARGET_POSITION balanced/mha4/s4: configuration=baseline L2=1.014816 target=0.864256 delta=0.150560 ms
TARGET_POSITION rotate/mha4/s4: configuration=c2 L2=0.561088 target=0.534528 delta=0.026560 ms
TARGET_POSITION eft/mha4/s4: configuration=baseline L2=0.509888 target=0.543232 delta=-0.033344 ms
TARGET_POSITION wavefront/mha4/s4: configuration=baseline L2=0.512832 target=0.545344 delta=-0.032512 ms
TARGET_POSITION chain/mha4/s4: configuration=baseline L2=0.507968 target=0.545312 delta=-0.037344 ms
TARGET_POSITION legacy_grid_stride/mha4/s128: configuration=baseline L2=1.211392 target=1.175552 delta=0.035840 ms
TARGET_POSITION balanced/mha4/s128: configuration=baseline L2=3.286016 target=2.498512 delta=0.787504 ms
TARGET_POSITION rotate/mha4/s128: configuration=baseline L2=0.870400 target=0.746496 delta=0.123904 ms
TARGET_POSITION eft/mha4/s128: configuration=baseline L2=0.836576 target=0.806400 delta=0.030176 ms
TARGET_POSITION wavefront/mha4/s128: configuration=baseline L2=0.820224 target=0.845824 delta=-0.025600 ms
TARGET_POSITION chain/mha4/s128: configuration=baseline L2=1.033216 target=0.888832 delta=0.144384 ms
TARGET_POSITIONS 24 fixed candidate/cells measured: 16 additional x 3 W=1 configurations x 25; legacy/rotate from protocol matrix
WINDOW_GAIN gqa2_s4_p0/W2: smem/control=0.96364 [0.96347,0.96568]; gqa2_s4_p0/W4: smem/control=0.96373 [0.96136,0.96593]; gqa2_s4_p5/W2: smem/control=0.95449 [0.95139,0.95486]; gqa2_s4_p5/W4: smem/control=0.95444 [0.95163,0.95486]; gqa2_s128_p0/W2: smem/control=0.97577 [0.97433,0.97581]; gqa2_s128_p0/W4: smem/control=0.97428 [0.97393,0.97585]; gqa2_s128_p5/W2: smem/control=0.97807 [0.97780,0.97992]; gqa2_s128_p5/W4: smem/control=0.97817 [0.97598,0.97821]; mha4_s4_p0/W2: smem/control=0.96453 [0.96233,0.96577]; mha4_s4_p0/W4: smem/control=0.96343 [0.96130,0.96465]; mha4_s4_p5/W2: smem/control=0.95288 [0.95280,0.95455]; mha4_s4_p5/W4: smem/control=0.95288 [0.95132,0.95459]; mha4_s128_p0/W2: smem/control=0.97488 [0.97261,0.97951]; mha4_s128_p0/W4: smem/control=0.97715 [0.97418,0.98341]; mha4_s128_p5/W2: smem/control=0.97864 [0.95036,1.00335]; mha4_s128_p5/W4: smem/control=0.97362 [0.95005,1.02558]; all window/shared full logs retain grid=256, 2 CTA/SM and TaskSmem=24576 B; registers 218 -> 220, static shared 0 -> 16 B
RESEARCH_CONFIGURATION baseline: achieved=0/4 protocol_ratio_geomean=2.424337 full_L2_geomean_ms=0.712930
RESEARCH_CONFIGURATION c1: achieved=0/4 protocol_ratio_geomean=2.571181 full_L2_geomean_ms=0.717427
RESEARCH_CONFIGURATION c2: achieved=0/4 protocol_ratio_geomean=2.601888 full_L2_geomean_ms=0.718017
RESEARCH_CONFIGURATION window2: achieved=0/4 protocol_ratio_geomean=2.926206 full_L2_geomean_ms=0.759529
RESEARCH_CONFIGURATION local2: achieved=0/4 protocol_ratio_geomean=1.541846 full_L2_geomean_ms=0.736664
RESEARCH_CONFIGURATION window4: achieved=0/4 protocol_ratio_geomean=2.975861 full_L2_geomean_ms=0.761319
RESEARCH_CONFIGURATION local4: achieved=0/4 protocol_ratio_geomean=1.574964 full_L2_geomean_ms=0.738573
wait+notify<=barrier	research	FAIL	local2: 0/4 median gates; gqa2/s4=1.3625 [1.3136,1.3732], historical excess gap closed=70.53%; gqa2/s128=1.8065 [1.7865,1.8332], historical excess gap closed=45.88%; mha4/s4=1.2784 [1.1873,1.3463], historical excess gap closed=74.69%; mha4/s128=1.7961 [1.5702,2.3186], historical excess gap closed=58.32%
  evidence: /root/TileMega/docs/experiments/SYNC_V3/ablation
REFERENCE_AUDIT_COMPLETE
