E2E_ARCH plan=sm_89 plan_id=890 device=sm_89 device_id=890
E2E_PARTIALS fp32=1 element_bytes=4 total_bytes=32325632
E2E_PLACE_STATS placement=0 max_queue=428 same_worker_edges=11587 cross_worker_edges=2150529 base_rotation=0 plan=eft
E2E_TIMING cold=0 warmup=2 repeat=10 statistic=median reset=outside_timing
E2E_RESOURCE block=128 reg=96 smem=16384 task_smem=16384 occupancy_smem=16384 static_smem=0 regs_per_sm=65536 smem_per_sm=102400 threads_per_sm=1536 gemm_union=12288 variant_count=1 ctas_per_sm=4 num_sms=128 grid=512 l1_reg=90 l05_reg=80 l1_ctas=5 l2_ctas=5 min_blocks=1 warp_size=32 resident_formula=ctas_per_sm*num_sms
E2E_SCHEDULE workers=512 variant_stages=243 task_refs=163672 task_ref_bytes=4582816 waits=323705 wait_bytes=2589640 raw_polls=694913 lifted_polls=371208 waiting_tasks=70160 normalization_dummies_lb=253545 max_span=13 generated_max_span=10 max_worker_span=511 resident_limit=512 global_fanin=1 i3_current=pass i3_overresident=reject max_worker_task_refs=428
E2E_TIME l05_ms=6.314496 l1_ms=6.455296 ratio=1.022298 l2_ms=6.450544 l2_over_l1=0.999264
E2E_DIFF l05_vs_l0_mismatch=311 max_abs=0.02734375 max_rel=12695.871 l1_vs_l05_mismatch=0 max_abs=0 max_rel=0 l2_vs_l1_mismatch=0 max_abs=0 max_rel=0
E2E_OUTPUT_DIFF index=0 buffer=374 mismatch=310 max_abs=0.02734375 max_rel=12695.871
E2E_OUTPUT_DIFF index=1 buffer=25 mismatch=0 max_abs=0 max_rel=0
E2E_OUTPUT_DIFF index=2 buffer=26 mismatch=0 max_abs=1.9073486e-06 max_rel=0.007751938
E2E_OUTPUT_DIFF index=3 buffer=48 mismatch=0 max_abs=0.0078125 max_rel=0.016666668
E2E_OUTPUT_DIFF index=4 buffer=49 mismatch=0 max_abs=0.00390625 max_rel=2.7117116
E2E_OUTPUT_DIFF index=5 buffer=71 mismatch=0 max_abs=0.0078125 max_rel=0.27118644
E2E_OUTPUT_DIFF index=6 buffer=72 mismatch=0 max_abs=0.0078125 max_rel=0.67741936
E2E_OUTPUT_DIFF index=7 buffer=94 mismatch=0 max_abs=0.015625 max_rel=2.7969544
E2E_OUTPUT_DIFF index=8 buffer=95 mismatch=0 max_abs=0.0078125 max_rel=1.8471074
E2E_OUTPUT_DIFF index=9 buffer=117 mismatch=0 max_abs=0.015625 max_rel=2929.6875
E2E_OUTPUT_DIFF index=10 buffer=118 mismatch=0 max_abs=0.0078125 max_rel=7.537931
E2E_OUTPUT_DIFF index=11 buffer=140 mismatch=0 max_abs=0.01171875 max_rel=4.3333335
E2E_OUTPUT_DIFF index=12 buffer=141 mismatch=0 max_abs=0.0078125 max_rel=4.0596027
E2E_OUTPUT_DIFF index=13 buffer=163 mismatch=0 max_abs=0.01953125 max_rel=6.9039998
E2E_OUTPUT_DIFF index=14 buffer=164 mismatch=0 max_abs=0.015625 max_rel=2.5
E2E_OUTPUT_DIFF index=15 buffer=186 mismatch=0 max_abs=0.015625 max_rel=6.2857141
E2E_OUTPUT_DIFF index=16 buffer=187 mismatch=0 max_abs=0.01171875 max_rel=7.4258065
E2E_OUTPUT_DIFF index=17 buffer=209 mismatch=0 max_abs=0.015625 max_rel=976.5625
E2E_OUTPUT_DIFF index=18 buffer=210 mismatch=0 max_abs=0.015625 max_rel=14.646018
E2E_OUTPUT_DIFF index=19 buffer=232 mismatch=0 max_abs=0.015625 max_rel=2929.6875
E2E_OUTPUT_DIFF index=20 buffer=233 mismatch=0 max_abs=0.015625 max_rel=9.39604
E2E_OUTPUT_DIFF index=21 buffer=255 mismatch=0 max_abs=0.015625 max_rel=1953.125
E2E_OUTPUT_DIFF index=22 buffer=256 mismatch=0 max_abs=0.015625 max_rel=11.642201
E2E_OUTPUT_DIFF index=23 buffer=278 mismatch=0 max_abs=0.015625 max_rel=50.215191
E2E_OUTPUT_DIFF index=24 buffer=279 mismatch=0 max_abs=0.015625 max_rel=51.076336
E2E_OUTPUT_DIFF index=25 buffer=301 mismatch=0 max_abs=0.017578125 max_rel=5.1803923
E2E_OUTPUT_DIFF index=26 buffer=302 mismatch=0 max_abs=0.015625 max_rel=9.6335402
E2E_OUTPUT_DIFF index=27 buffer=324 mismatch=0 max_abs=0.017578125 max_rel=2.881423
E2E_OUTPUT_DIFF index=28 buffer=325 mismatch=0 max_abs=0.018554688 max_rel=16.346535
E2E_OUTPUT_DIFF index=29 buffer=347 mismatch=0 max_abs=0.017578125 max_rel=13.030769
E2E_OUTPUT_DIFF index=30 buffer=348 mismatch=0 max_abs=0.01953125 max_rel=4.9300699
E2E_OUTPUT_DIFF index=31 buffer=370 mismatch=1 max_abs=0.01953125 max_rel=76.44371
E2E_OUTPUT_DIFF index=32 buffer=371 mismatch=0 max_abs=0.0234375 max_rel=71.878502
E2E_HASH l05=e211a4d5cabc04bc l1=e211a4d5cabc04bc l2=e211a4d5cabc04bc
E2E_ITER l2_iter1_ms=6.455296 l2_iter1_vs_iter0_mismatch=0 max_abs=0
E2E_KAPPA event_kappa=1 dependency_table=variant_exact
E2E_VARIANT index=0 seq_begin=1 seq_end=4
RESULT status=MISMATCH
