DOMAIN { O12[x0 = 0]; O2[x0 = 0, x1] : 0 <= x1 <= 1; O9[x0, x1] : 0 <= x0 <= 3 and 0 <= x1 <= 3; O0[x0 = 0]; O7[x0, x1] : 0 <= x0 <= 3 and 0 <= x1 <= 1; O6[x0, x1] : 0 <= x0 <= 3 and 0 <= x1 <= 1; O8[x0, x1, x2 = 0] : 0 <= x0 <= 3 and 0 <= x1 <= 3; O11[x0 = 0, x1] : 0 <= x1 <= 3; O4[x0 = 0, x1] : 0 <= x1 <= 3; O17[x0 = 0, x1] : 0 <= x1 <= 3; O16[x0 = 0, x1] : 0 <= x1 <= 3; O3[x0 = 0, x1] : 0 <= x1 <= 1; O13[x0 = 0, x1] : 0 <= x1 <= 7; O15[x0 = 0, x1] : 0 <= x1 <= 7; O14[x0 = 0, x1] : 0 <= x1 <= 7; O1[x0 = 0, x1] : 0 <= x1 <= 3; O5[x0 = 0, x1] : 0 <= x1 <= 1; O10[x0 = 0, x1] : 0 <= x1 <= 3 }
VALIDITY_PRODUCER_TO_CONSUMER { O3[p0 = 0, p1] -> O7[row, hh = p1] : 0 <= p1 <= 1 and 0 <= row <= 3; O11[p0 = 0, p1] -> O12[i = 0] : 0 <= p1 <= 3; O8[p0, p1, p2 = 0] -> O9[s = p0, h = p1] : 0 <= p0 <= 3 and 0 <= p1 <= 3; O13[p0 = 0, p1] -> O15[m = 0, n = p1] : 0 <= p1 <= 7; O2[p0 = 0, p1] -> O5[m = 0, hh = p1] : 0 <= p1 <= 1; O0[p0 = 0] -> O1[m = 0, n] : 0 <= n <= 3; O6[p0, p1] -> O8[s, h, j = 0] : 0 <= p0 <= 3 and 0 <= p1 <= 1 and 0 <= s <= 3 and h >= 2p1 and 0 <= h <= 3 and h <= 1 + 2p1; O7[p0, p1] -> O8[s, h, j = 0] : 0 <= p0 <= 3 and 0 <= p1 <= 1 and 0 <= s <= 3 and h >= 2p1 and 0 <= h <= 3 and h <= 1 + 2p1; O9[p0, p1] -> O10[m = 0, n] : 0 <= p0 <= 3 and 0 <= p1 <= 3 and 0 <= n <= 3; O11[p0 = 0, p1] -> O17[m = 0, n = p1] : 0 <= p1 <= 3; O16[p0 = 0, p1] -> O17[m = 0, n = p1] : 0 <= p1 <= 3; O0[p0 = 0] -> O2[m = 0, n] : 0 <= n <= 1; O0[p0 = 0] -> O3[m = 0, n] : 0 <= n <= 1; O12[p0 = 0] -> O13[m = 0, n] : 0 <= n <= 7; O10[p0 = 0, p1] -> O11[m = 0, n = p1] : 0 <= p1 <= 3; O1[p0 = 0, p1] -> O4[m = 0, hh = p1] : 0 <= p1 <= 3; O5[p0 = 0, p1] -> O6[row, hh = p1] : 0 <= p1 <= 1 and 0 <= row <= 3; O14[p0 = 0, p1] -> O15[m = 0, n = p1] : 0 <= p1 <= 7; O4[p0 = 0, p1] -> O8[s, h = p1, j = 0] : 0 <= p1 <= 3 and 0 <= s <= 3; O12[p0 = 0] -> O14[m = 0, n] : 0 <= n <= 7; O15[p0 = 0, p1] -> O16[m = 0, n] : 0 <= p1 <= 7 and 0 <= n <= 3 }
SCHEDULE { domain: "{ O12[x0 = 0]; O2[x0 = 0, x1] : 0 <= x1 <= 1; O9[x0, x1] : 0 <= x0 <= 3 and 0 <= x1 <= 3; O0[x0 = 0]; O7[x0, x1] : 0 <= x0 <= 3 and 0 <= x1 <= 1; O6[x0, x1] : 0 <= x0 <= 3 and 0 <= x1 <= 1; O8[x0, x1, x2 = 0] : 0 <= x0 <= 3 and 0 <= x1 <= 3; O11[x0 = 0, x1] : 0 <= x1 <= 3; O4[x0 = 0, x1] : 0 <= x1 <= 3; O17[x0 = 0, x1] : 0 <= x1 <= 3; O16[x0 = 0, x1] : 0 <= x1 <= 3; O3[x0 = 0, x1] : 0 <= x1 <= 1; O13[x0 = 0, x1] : 0 <= x1 <= 7; O15[x0 = 0, x1] : 0 <= x1 <= 7; O14[x0 = 0, x1] : 0 <= x1 <= 7; O1[x0 = 0, x1] : 0 <= x1 <= 3; O5[x0 = 0, x1] : 0 <= x1 <= 1; O10[x0 = 0, x1] : 0 <= x1 <= 3 }", child: { sequence: [ { filter: "{ O2[x0, x1]; O0[x0]; O7[x0, x1]; O6[x0, x1]; O3[x0, x1]; O5[x0, x1] }", child: { schedule: "[{ O2[x0, x1] -> [(0)]; O0[x0] -> [(0)]; O7[x0, x1] -> [(x0)]; O6[x0, x1] -> [(x0)]; O3[x0, x1] -> [(0)]; O5[x0, x1] -> [(0)] }, { O2[x0, x1] -> [(x1)]; O0[x0] -> [(0)]; O7[x0, x1] -> [(x1)]; O6[x0, x1] -> [(x1)]; O3[x0, x1] -> [(x1)]; O5[x0, x1] -> [(x1)] }]", permutable: 1, coincident: [ 1, 1 ], child: { sequence: [ { filter: "{ O0[x0] }" }, { filter: "{ O2[x0, x1]; O7[x0, x1]; O6[x0, x1]; O3[x0, x1]; O5[x0, x1] }", child: { set: [ { filter: "{ O2[x0, x1]; O6[x0, x1]; O5[x0, x1] }", child: { sequence: [ { filter: "{ O2[x0, x1] }" }, { filter: "{ O5[x0, x1] }" }, { filter: "{ O6[x0, x1] }" } ] } }, { filter: "{ O7[x0, x1]; O3[x0, x1] }", child: { sequence: [ { filter: "{ O3[x0, x1] }" }, { filter: "{ O7[x0, x1] }" } ] } } ] } } ] } } }, { filter: "{ O9[x0, x1]; O8[x0, x1, x2]; O4[x0, x1]; O1[x0, x1] }", child: { schedule: "[{ O9[x0, x1] -> [(x1)]; O8[x0, x1, x2] -> [(x1)]; O4[x0, x1] -> [(x1)]; O1[x0, x1] -> [(x1)] }, { O9[x0, x1] -> [(x0)]; O8[x0, x1, x2] -> [(x0)]; O4[x0, x1] -> [(0)]; O1[x0, x1] -> [(0)] }]", permutable: 1, coincident: [ 1, 1 ], child: { sequence: [ { filter: "{ O1[x0, x1] }" }, { filter: "{ O4[x0, x1] }" }, { filter: "{ O8[x0, x1, x2] }" }, { filter: "{ O9[x0, x1] }" } ] } } }, { filter: "{ O11[x0, x1]; O13[x0, x1]; O15[x0, x1]; O14[x0, x1]; O12[x0]; O10[x0, x1] }", child: { schedule: "[{ O11[x0, x1] -> [(x1)]; O13[x0, x1] -> [(3 + x1)]; O15[x0, x1] -> [(3 + x1)]; O14[x0, x1] -> [(3 + x1)]; O12[x0] -> [(3)]; O10[x0, x1] -> [(x1)] }]", permutable: 1, coincident: [ 1 ], child: { sequence: [ { filter: "{ O10[x0, x1] }" }, { filter: "{ O11[x0, x1] }" }, { filter: "{ O12[x0] }" }, { filter: "{ O13[x0, x1]; O14[x0, x1] }", child: { set: [ { filter: "{ O14[x0, x1] }" }, { filter: "{ O13[x0, x1] }" } ] } }, { filter: "{ O15[x0, x1] }" } ] } } }, { filter: "{ O17[x0, x1]; O16[x0, x1] }", child: { schedule: "[{ O17[x0, x1] -> [(x1)]; O16[x0, x1] -> [(x1)] }]", permutable: 1, coincident: [ 1 ], child: { sequence: [ { filter: "{ O16[x0, x1] }" }, { filter: "{ O17[x0, x1] }" } ] } } } ] } }
BAND depth=0 members=2 permutable=1
BAND depth=0 members=2 permutable=1
BAND depth=0 members=1 permutable=1
BAND depth=0 members=1 permutable=1
SCHEDULE_MAP { O0[x0 = 0] -> [0, 0, 0, 0, 0, 0]; O11[x0 = 0, x1] -> [2, x1, 1, 0, 0, 0] : 0 <= x1 <= 3; O3[x0 = 0, x1] -> [0, 0, x1, 1, 1, 0] : 0 <= x1 <= 1; O8[x0, x1, x2 = 0] -> [1, x1, x0, 2, 0, 0] : 0 <= x0 <= 3 and 0 <= x1 <= 3; O4[x0 = 0, x1] -> [1, x1, 0, 1, 0, 0] : 0 <= x1 <= 3; O7[x0, x1] -> [0, x0, x1, 1, 1, 1] : 0 <= x0 <= 3 and 0 <= x1 <= 1; O15[x0 = 0, x1] -> [2, 3 + x1, 4, 0, 0, 0] : 0 <= x1 <= 7; O1[x0 = 0, x1] -> [1, x1, 0, 0, 0, 0] : 0 <= x1 <= 3; O13[x0 = 0, x1] -> [2, 3 + x1, 3, 1, 0, 0] : 0 <= x1 <= 7; O17[x0 = 0, x1] -> [3, x1, 1, 0, 0, 0] : 0 <= x1 <= 3; O16[x0 = 0, x1] -> [3, x1, 0, 0, 0, 0] : 0 <= x1 <= 3; O5[x0 = 0, x1] -> [0, 0, x1, 1, 0, 1] : 0 <= x1 <= 1; O14[x0 = 0, x1] -> [2, 3 + x1, 3, 0, 0, 0] : 0 <= x1 <= 7; O12[x0 = 0] -> [2, 3, 2, 0, 0, 0]; O10[x0 = 0, x1] -> [2, x1, 0, 0, 0, 0] : 0 <= x1 <= 3; O2[x0 = 0, x1] -> [0, 0, x1, 1, 0, 0] : 0 <= x1 <= 1; O9[x0, x1] -> [1, x1, x0, 3, 0, 0] : 0 <= x0 <= 3 and 0 <= x1 <= 3; O6[x0, x1] -> [0, x0, x1, 1, 0, 2] : 0 <= x0 <= 3 and 0 <= x1 <= 1 }
DIMENSIONS 6
SPAN mode=stage_major seq=4 workers=16 resident_limit=256 tasks=104 edges=334 same_worker_edges=80 cross_worker_fraction=0.760479 same_worker_fraction=0.239521 used_workers=16 max_queue=18 queue_cap=0 min=-8 p50=1 p95=8 max=10 forward_worker_span=15 slot_span_below_limit=1 resident_grid_safe=1 queue_cycle=0 overresident_proven=0
HIST mode=stage_major slot_span=-8 edges=4
HIST mode=stage_major slot_span=-7 edges=8
HIST mode=stage_major slot_span=-6 edges=8
HIST mode=stage_major slot_span=-5 edges=8
HIST mode=stage_major slot_span=-4 edges=10
HIST mode=stage_major slot_span=-3 edges=19
HIST mode=stage_major slot_span=-2 edges=19
HIST mode=stage_major slot_span=-1 edges=30
HIST mode=stage_major slot_span=0 edges=28
HIST mode=stage_major slot_span=1 edges=64
HIST mode=stage_major slot_span=2 edges=24
HIST mode=stage_major slot_span=3 edges=26
HIST mode=stage_major slot_span=4 edges=9
HIST mode=stage_major slot_span=5 edges=33
HIST mode=stage_major slot_span=6 edges=10
HIST mode=stage_major slot_span=7 edges=8
HIST mode=stage_major slot_span=8 edges=14
HIST mode=stage_major slot_span=9 edges=8
HIST mode=stage_major slot_span=10 edges=4
SPAN mode=affine seq=4 workers=16 resident_limit=256 tasks=104 edges=334 same_worker_edges=12 cross_worker_fraction=0.964072 same_worker_fraction=0.0359281 used_workers=16 max_queue=7 queue_cap=0 min=0 p50=1 p95=3 max=3 forward_worker_span=15 slot_span_below_limit=1 resident_grid_safe=1 queue_cycle=0 overresident_proven=0
HIST mode=affine slot_span=0 edges=97
HIST mode=affine slot_span=1 edges=116
HIST mode=affine slot_span=2 edges=87
HIST mode=affine slot_span=3 edges=34
SPAN mode=band_tiling seq=4 workers=16 resident_limit=256 tasks=104 edges=334 same_worker_edges=127 cross_worker_fraction=0.61976 same_worker_fraction=0.38024 used_workers=11 max_queue=25 queue_cap=0 min=-16 p50=5 p95=18 max=21 forward_worker_span=10 slot_span_below_limit=1 resident_grid_safe=1 queue_cycle=0 overresident_proven=0
HIST mode=band_tiling slot_span=-16 edges=7
HIST mode=band_tiling slot_span=-15 edges=7
HIST mode=band_tiling slot_span=-6 edges=7
HIST mode=band_tiling slot_span=-5 edges=3
HIST mode=band_tiling slot_span=-4 edges=5
HIST mode=band_tiling slot_span=-3 edges=5
HIST mode=band_tiling slot_span=-2 edges=10
HIST mode=band_tiling slot_span=0 edges=7
HIST mode=band_tiling slot_span=1 edges=63
HIST mode=band_tiling slot_span=2 edges=16
HIST mode=band_tiling slot_span=3 edges=22
HIST mode=band_tiling slot_span=4 edges=13
HIST mode=band_tiling slot_span=5 edges=25
HIST mode=band_tiling slot_span=6 edges=11
HIST mode=band_tiling slot_span=7 edges=25
HIST mode=band_tiling slot_span=8 edges=13
HIST mode=band_tiling slot_span=9 edges=11
HIST mode=band_tiling slot_span=10 edges=14
HIST mode=band_tiling slot_span=11 edges=4
HIST mode=band_tiling slot_span=12 edges=11
HIST mode=band_tiling slot_span=13 edges=3
HIST mode=band_tiling slot_span=14 edges=22
HIST mode=band_tiling slot_span=15 edges=3
HIST mode=band_tiling slot_span=16 edges=4
HIST mode=band_tiling slot_span=17 edges=3
HIST mode=band_tiling slot_span=18 edges=10
HIST mode=band_tiling slot_span=19 edges=3
HIST mode=band_tiling slot_span=21 edges=7
SPAN mode=wavefront seq=4 workers=16 resident_limit=256 tasks=104 edges=334 same_worker_edges=127 cross_worker_fraction=0.61976 same_worker_fraction=0.38024 used_workers=11 max_queue=25 queue_cap=0 min=-16 p50=5 p95=18 max=21 forward_worker_span=10 slot_span_below_limit=1 resident_grid_safe=1 queue_cycle=0 overresident_proven=0
HIST mode=wavefront slot_span=-16 edges=7
HIST mode=wavefront slot_span=-15 edges=7
HIST mode=wavefront slot_span=-6 edges=7
HIST mode=wavefront slot_span=-5 edges=3
HIST mode=wavefront slot_span=-4 edges=5
HIST mode=wavefront slot_span=-3 edges=5
HIST mode=wavefront slot_span=-2 edges=10
HIST mode=wavefront slot_span=0 edges=7
HIST mode=wavefront slot_span=1 edges=63
HIST mode=wavefront slot_span=2 edges=16
HIST mode=wavefront slot_span=3 edges=22
HIST mode=wavefront slot_span=4 edges=13
HIST mode=wavefront slot_span=5 edges=25
HIST mode=wavefront slot_span=6 edges=11
HIST mode=wavefront slot_span=7 edges=25
HIST mode=wavefront slot_span=8 edges=13
HIST mode=wavefront slot_span=9 edges=11
HIST mode=wavefront slot_span=10 edges=14
HIST mode=wavefront slot_span=11 edges=4
HIST mode=wavefront slot_span=12 edges=11
HIST mode=wavefront slot_span=13 edges=3
HIST mode=wavefront slot_span=14 edges=22
HIST mode=wavefront slot_span=15 edges=3
HIST mode=wavefront slot_span=16 edges=4
HIST mode=wavefront slot_span=17 edges=3
HIST mode=wavefront slot_span=18 edges=10
HIST mode=wavefront slot_span=19 edges=3
HIST mode=wavefront slot_span=21 edges=7
SPAN mode=affine_balanced_100 seq=4 workers=16 resident_limit=256 tasks=104 edges=334 same_worker_edges=94 cross_worker_fraction=0.718563 same_worker_fraction=0.281437 used_workers=16 max_queue=18 queue_cap=18 min=-17 p50=1 p95=9 max=13 forward_worker_span=9 slot_span_below_limit=1 resident_grid_safe=1 queue_cycle=0 overresident_proven=0
HIST mode=affine_balanced_100 slot_span=-17 edges=1
HIST mode=affine_balanced_100 slot_span=-16 edges=4
HIST mode=affine_balanced_100 slot_span=-15 edges=9
HIST mode=affine_balanced_100 slot_span=-14 edges=10
HIST mode=affine_balanced_100 slot_span=-13 edges=12
HIST mode=affine_balanced_100 slot_span=-12 edges=9
HIST mode=affine_balanced_100 slot_span=-11 edges=9
HIST mode=affine_balanced_100 slot_span=-10 edges=8
HIST mode=affine_balanced_100 slot_span=-9 edges=9
HIST mode=affine_balanced_100 slot_span=-8 edges=5
HIST mode=affine_balanced_100 slot_span=-7 edges=10
HIST mode=affine_balanced_100 slot_span=-6 edges=3
HIST mode=affine_balanced_100 slot_span=-5 edges=5
HIST mode=affine_balanced_100 slot_span=-4 edges=3
HIST mode=affine_balanced_100 slot_span=-3 edges=3
HIST mode=affine_balanced_100 slot_span=-2 edges=5
HIST mode=affine_balanced_100 slot_span=-1 edges=3
HIST mode=affine_balanced_100 slot_span=0 edges=14
HIST mode=affine_balanced_100 slot_span=1 edges=74
HIST mode=affine_balanced_100 slot_span=2 edges=20
HIST mode=affine_balanced_100 slot_span=3 edges=33
HIST mode=affine_balanced_100 slot_span=4 edges=13
HIST mode=affine_balanced_100 slot_span=5 edges=21
HIST mode=affine_balanced_100 slot_span=6 edges=9
HIST mode=affine_balanced_100 slot_span=7 edges=12
HIST mode=affine_balanced_100 slot_span=8 edges=6
HIST mode=affine_balanced_100 slot_span=9 edges=12
HIST mode=affine_balanced_100 slot_span=10 edges=5
HIST mode=affine_balanced_100 slot_span=11 edges=5
HIST mode=affine_balanced_100 slot_span=12 edges=1
HIST mode=affine_balanced_100 slot_span=13 edges=1
SPAN mode=affine_balanced_110 seq=4 workers=16 resident_limit=256 tasks=104 edges=334 same_worker_edges=96 cross_worker_fraction=0.712575 same_worker_fraction=0.287425 used_workers=16 max_queue=19 queue_cap=19 min=-17 p50=1 p95=6 max=13 forward_worker_span=8 slot_span_below_limit=1 resident_grid_safe=1 queue_cycle=0 overresident_proven=0
HIST mode=affine_balanced_110 slot_span=-17 edges=3
HIST mode=affine_balanced_110 slot_span=-16 edges=4
HIST mode=affine_balanced_110 slot_span=-15 edges=10
HIST mode=affine_balanced_110 slot_span=-14 edges=7
HIST mode=affine_balanced_110 slot_span=-13 edges=8
HIST mode=affine_balanced_110 slot_span=-12 edges=12
HIST mode=affine_balanced_110 slot_span=-11 edges=15
HIST mode=affine_balanced_110 slot_span=-10 edges=11
HIST mode=affine_balanced_110 slot_span=-9 edges=10
HIST mode=affine_balanced_110 slot_span=-8 edges=6
HIST mode=affine_balanced_110 slot_span=-7 edges=9
HIST mode=affine_balanced_110 slot_span=-6 edges=4
HIST mode=affine_balanced_110 slot_span=-5 edges=5
HIST mode=affine_balanced_110 slot_span=-4 edges=4
HIST mode=affine_balanced_110 slot_span=-3 edges=3
HIST mode=affine_balanced_110 slot_span=-2 edges=5
HIST mode=affine_balanced_110 slot_span=-1 edges=7
HIST mode=affine_balanced_110 slot_span=0 edges=15
HIST mode=affine_balanced_110 slot_span=1 edges=83
HIST mode=affine_balanced_110 slot_span=2 edges=21
HIST mode=affine_balanced_110 slot_span=3 edges=24
HIST mode=affine_balanced_110 slot_span=4 edges=20
HIST mode=affine_balanced_110 slot_span=5 edges=22
HIST mode=affine_balanced_110 slot_span=6 edges=10
HIST mode=affine_balanced_110 slot_span=7 edges=9
HIST mode=affine_balanced_110 slot_span=8 edges=1
HIST mode=affine_balanced_110 slot_span=9 edges=3
HIST mode=affine_balanced_110 slot_span=10 edges=1
HIST mode=affine_balanced_110 slot_span=12 edges=1
HIST mode=affine_balanced_110 slot_span=13 edges=1
SPAN mode=affine_balanced_120 seq=4 workers=16 resident_limit=256 tasks=104 edges=334 same_worker_edges=100 cross_worker_fraction=0.700599 same_worker_fraction=0.299401 used_workers=16 max_queue=21 queue_cap=21 min=-18 p50=1 p95=9 max=17 forward_worker_span=11 slot_span_below_limit=1 resident_grid_safe=1 queue_cycle=0 overresident_proven=0
HIST mode=affine_balanced_120 slot_span=-18 edges=6
HIST mode=affine_balanced_120 slot_span=-17 edges=4
HIST mode=affine_balanced_120 slot_span=-16 edges=6
HIST mode=affine_balanced_120 slot_span=-15 edges=10
HIST mode=affine_balanced_120 slot_span=-14 edges=16
HIST mode=affine_balanced_120 slot_span=-13 edges=11
HIST mode=affine_balanced_120 slot_span=-12 edges=9
HIST mode=affine_balanced_120 slot_span=-11 edges=8
HIST mode=affine_balanced_120 slot_span=-10 edges=9
HIST mode=affine_balanced_120 slot_span=-9 edges=9
HIST mode=affine_balanced_120 slot_span=-8 edges=9
HIST mode=affine_balanced_120 slot_span=-7 edges=9
HIST mode=affine_balanced_120 slot_span=-6 edges=5
HIST mode=affine_balanced_120 slot_span=-5 edges=5
HIST mode=affine_balanced_120 slot_span=-4 edges=3
HIST mode=affine_balanced_120 slot_span=-3 edges=5
HIST mode=affine_balanced_120 slot_span=-1 edges=4
HIST mode=affine_balanced_120 slot_span=0 edges=11
HIST mode=affine_balanced_120 slot_span=1 edges=87
HIST mode=affine_balanced_120 slot_span=2 edges=9
HIST mode=affine_balanced_120 slot_span=3 edges=21
HIST mode=affine_balanced_120 slot_span=4 edges=7
HIST mode=affine_balanced_120 slot_span=5 edges=18
HIST mode=affine_balanced_120 slot_span=6 edges=8
HIST mode=affine_balanced_120 slot_span=7 edges=16
HIST mode=affine_balanced_120 slot_span=8 edges=9
HIST mode=affine_balanced_120 slot_span=9 edges=11
HIST mode=affine_balanced_120 slot_span=10 edges=5
HIST mode=affine_balanced_120 slot_span=12 edges=1
HIST mode=affine_balanced_120 slot_span=13 edges=1
HIST mode=affine_balanced_120 slot_span=16 edges=1
HIST mode=affine_balanced_120 slot_span=17 edges=1
SPAN mode=band_tiling_balanced_100 seq=4 workers=16 resident_limit=256 tasks=104 edges=334 same_worker_edges=94 cross_worker_fraction=0.718563 same_worker_fraction=0.281437 used_workers=16 max_queue=18 queue_cap=18 min=-17 p50=1 p95=9 max=13 forward_worker_span=8 slot_span_below_limit=1 resident_grid_safe=1 queue_cycle=0 overresident_proven=0
HIST mode=band_tiling_balanced_100 slot_span=-17 edges=1
HIST mode=band_tiling_balanced_100 slot_span=-16 edges=4
HIST mode=band_tiling_balanced_100 slot_span=-15 edges=9
HIST mode=band_tiling_balanced_100 slot_span=-14 edges=10
HIST mode=band_tiling_balanced_100 slot_span=-13 edges=12
HIST mode=band_tiling_balanced_100 slot_span=-12 edges=9
HIST mode=band_tiling_balanced_100 slot_span=-11 edges=9
HIST mode=band_tiling_balanced_100 slot_span=-10 edges=8
HIST mode=band_tiling_balanced_100 slot_span=-9 edges=9
HIST mode=band_tiling_balanced_100 slot_span=-8 edges=5
HIST mode=band_tiling_balanced_100 slot_span=-7 edges=11
HIST mode=band_tiling_balanced_100 slot_span=-6 edges=3
HIST mode=band_tiling_balanced_100 slot_span=-5 edges=4
HIST mode=band_tiling_balanced_100 slot_span=-4 edges=3
HIST mode=band_tiling_balanced_100 slot_span=-3 edges=3
HIST mode=band_tiling_balanced_100 slot_span=-2 edges=5
HIST mode=band_tiling_balanced_100 slot_span=-1 edges=3
HIST mode=band_tiling_balanced_100 slot_span=0 edges=14
HIST mode=band_tiling_balanced_100 slot_span=1 edges=77
HIST mode=band_tiling_balanced_100 slot_span=2 edges=21
HIST mode=band_tiling_balanced_100 slot_span=3 edges=33
HIST mode=band_tiling_balanced_100 slot_span=4 edges=13
HIST mode=band_tiling_balanced_100 slot_span=5 edges=18
HIST mode=band_tiling_balanced_100 slot_span=6 edges=8
HIST mode=band_tiling_balanced_100 slot_span=7 edges=12
HIST mode=band_tiling_balanced_100 slot_span=8 edges=6
HIST mode=band_tiling_balanced_100 slot_span=9 edges=12
HIST mode=band_tiling_balanced_100 slot_span=10 edges=5
HIST mode=band_tiling_balanced_100 slot_span=11 edges=5
HIST mode=band_tiling_balanced_100 slot_span=12 edges=1
HIST mode=band_tiling_balanced_100 slot_span=13 edges=1
SPAN mode=band_tiling_balanced_110 seq=4 workers=16 resident_limit=256 tasks=104 edges=334 same_worker_edges=95 cross_worker_fraction=0.715569 same_worker_fraction=0.284431 used_workers=16 max_queue=19 queue_cap=19 min=-17 p50=1 p95=6 max=13 forward_worker_span=7 slot_span_below_limit=1 resident_grid_safe=1 queue_cycle=0 overresident_proven=0
HIST mode=band_tiling_balanced_110 slot_span=-17 edges=3
HIST mode=band_tiling_balanced_110 slot_span=-16 edges=4
HIST mode=band_tiling_balanced_110 slot_span=-15 edges=9
HIST mode=band_tiling_balanced_110 slot_span=-14 edges=8
HIST mode=band_tiling_balanced_110 slot_span=-13 edges=8
HIST mode=band_tiling_balanced_110 slot_span=-12 edges=11
HIST mode=band_tiling_balanced_110 slot_span=-11 edges=16
HIST mode=band_tiling_balanced_110 slot_span=-10 edges=11
HIST mode=band_tiling_balanced_110 slot_span=-9 edges=10
HIST mode=band_tiling_balanced_110 slot_span=-8 edges=6
HIST mode=band_tiling_balanced_110 slot_span=-7 edges=8
HIST mode=band_tiling_balanced_110 slot_span=-6 edges=5
HIST mode=band_tiling_balanced_110 slot_span=-5 edges=5
HIST mode=band_tiling_balanced_110 slot_span=-4 edges=4
HIST mode=band_tiling_balanced_110 slot_span=-3 edges=3
HIST mode=band_tiling_balanced_110 slot_span=-2 edges=5
HIST mode=band_tiling_balanced_110 slot_span=-1 edges=3
HIST mode=band_tiling_balanced_110 slot_span=0 edges=18
HIST mode=band_tiling_balanced_110 slot_span=1 edges=81
HIST mode=band_tiling_balanced_110 slot_span=2 edges=24
HIST mode=band_tiling_balanced_110 slot_span=3 edges=24
HIST mode=band_tiling_balanced_110 slot_span=4 edges=20
HIST mode=band_tiling_balanced_110 slot_span=5 edges=22
HIST mode=band_tiling_balanced_110 slot_span=6 edges=10
HIST mode=band_tiling_balanced_110 slot_span=7 edges=9
HIST mode=band_tiling_balanced_110 slot_span=8 edges=1
HIST mode=band_tiling_balanced_110 slot_span=9 edges=3
HIST mode=band_tiling_balanced_110 slot_span=10 edges=1
HIST mode=band_tiling_balanced_110 slot_span=12 edges=1
HIST mode=band_tiling_balanced_110 slot_span=13 edges=1
SPAN mode=band_tiling_balanced_120 seq=4 workers=16 resident_limit=256 tasks=104 edges=334 same_worker_edges=100 cross_worker_fraction=0.700599 same_worker_fraction=0.299401 used_workers=16 max_queue=21 queue_cap=21 min=-18 p50=1 p95=9 max=17 forward_worker_span=8 slot_span_below_limit=1 resident_grid_safe=1 queue_cycle=0 overresident_proven=0
HIST mode=band_tiling_balanced_120 slot_span=-18 edges=6
HIST mode=band_tiling_balanced_120 slot_span=-17 edges=4
HIST mode=band_tiling_balanced_120 slot_span=-16 edges=6
HIST mode=band_tiling_balanced_120 slot_span=-15 edges=10
HIST mode=band_tiling_balanced_120 slot_span=-14 edges=16
HIST mode=band_tiling_balanced_120 slot_span=-13 edges=11
HIST mode=band_tiling_balanced_120 slot_span=-12 edges=9
HIST mode=band_tiling_balanced_120 slot_span=-11 edges=8
HIST mode=band_tiling_balanced_120 slot_span=-10 edges=9
HIST mode=band_tiling_balanced_120 slot_span=-9 edges=9
HIST mode=band_tiling_balanced_120 slot_span=-8 edges=9
HIST mode=band_tiling_balanced_120 slot_span=-7 edges=9
HIST mode=band_tiling_balanced_120 slot_span=-6 edges=5
HIST mode=band_tiling_balanced_120 slot_span=-5 edges=5
HIST mode=band_tiling_balanced_120 slot_span=-4 edges=3
HIST mode=band_tiling_balanced_120 slot_span=-3 edges=5
HIST mode=band_tiling_balanced_120 slot_span=-1 edges=4
HIST mode=band_tiling_balanced_120 slot_span=0 edges=11
HIST mode=band_tiling_balanced_120 slot_span=1 edges=87
HIST mode=band_tiling_balanced_120 slot_span=2 edges=9
HIST mode=band_tiling_balanced_120 slot_span=3 edges=21
HIST mode=band_tiling_balanced_120 slot_span=4 edges=7
HIST mode=band_tiling_balanced_120 slot_span=5 edges=18
HIST mode=band_tiling_balanced_120 slot_span=6 edges=8
HIST mode=band_tiling_balanced_120 slot_span=7 edges=16
HIST mode=band_tiling_balanced_120 slot_span=8 edges=9
HIST mode=band_tiling_balanced_120 slot_span=9 edges=11
HIST mode=band_tiling_balanced_120 slot_span=10 edges=5
HIST mode=band_tiling_balanced_120 slot_span=12 edges=1
HIST mode=band_tiling_balanced_120 slot_span=13 edges=1
HIST mode=band_tiling_balanced_120 slot_span=16 edges=1
HIST mode=band_tiling_balanced_120 slot_span=17 edges=1
SPAN mode=wavefront_balanced_100 seq=4 workers=16 resident_limit=256 tasks=104 edges=334 same_worker_edges=94 cross_worker_fraction=0.718563 same_worker_fraction=0.281437 used_workers=16 max_queue=18 queue_cap=18 min=-17 p50=1 p95=9 max=13 forward_worker_span=8 slot_span_below_limit=1 resident_grid_safe=1 queue_cycle=0 overresident_proven=0
HIST mode=wavefront_balanced_100 slot_span=-17 edges=1
HIST mode=wavefront_balanced_100 slot_span=-16 edges=4
HIST mode=wavefront_balanced_100 slot_span=-15 edges=9
HIST mode=wavefront_balanced_100 slot_span=-14 edges=10
HIST mode=wavefront_balanced_100 slot_span=-13 edges=12
HIST mode=wavefront_balanced_100 slot_span=-12 edges=9
HIST mode=wavefront_balanced_100 slot_span=-11 edges=9
HIST mode=wavefront_balanced_100 slot_span=-10 edges=8
HIST mode=wavefront_balanced_100 slot_span=-9 edges=9
HIST mode=wavefront_balanced_100 slot_span=-8 edges=5
HIST mode=wavefront_balanced_100 slot_span=-7 edges=11
HIST mode=wavefront_balanced_100 slot_span=-6 edges=3
HIST mode=wavefront_balanced_100 slot_span=-5 edges=4
HIST mode=wavefront_balanced_100 slot_span=-4 edges=3
HIST mode=wavefront_balanced_100 slot_span=-3 edges=3
HIST mode=wavefront_balanced_100 slot_span=-2 edges=5
HIST mode=wavefront_balanced_100 slot_span=-1 edges=3
HIST mode=wavefront_balanced_100 slot_span=0 edges=14
HIST mode=wavefront_balanced_100 slot_span=1 edges=77
HIST mode=wavefront_balanced_100 slot_span=2 edges=21
HIST mode=wavefront_balanced_100 slot_span=3 edges=33
HIST mode=wavefront_balanced_100 slot_span=4 edges=13
HIST mode=wavefront_balanced_100 slot_span=5 edges=18
HIST mode=wavefront_balanced_100 slot_span=6 edges=8
HIST mode=wavefront_balanced_100 slot_span=7 edges=12
HIST mode=wavefront_balanced_100 slot_span=8 edges=6
HIST mode=wavefront_balanced_100 slot_span=9 edges=12
HIST mode=wavefront_balanced_100 slot_span=10 edges=5
HIST mode=wavefront_balanced_100 slot_span=11 edges=5
HIST mode=wavefront_balanced_100 slot_span=12 edges=1
HIST mode=wavefront_balanced_100 slot_span=13 edges=1
SPAN mode=wavefront_balanced_110 seq=4 workers=16 resident_limit=256 tasks=104 edges=334 same_worker_edges=95 cross_worker_fraction=0.715569 same_worker_fraction=0.284431 used_workers=16 max_queue=19 queue_cap=19 min=-17 p50=1 p95=6 max=13 forward_worker_span=7 slot_span_below_limit=1 resident_grid_safe=1 queue_cycle=0 overresident_proven=0
HIST mode=wavefront_balanced_110 slot_span=-17 edges=3
HIST mode=wavefront_balanced_110 slot_span=-16 edges=4
HIST mode=wavefront_balanced_110 slot_span=-15 edges=9
HIST mode=wavefront_balanced_110 slot_span=-14 edges=8
HIST mode=wavefront_balanced_110 slot_span=-13 edges=8
HIST mode=wavefront_balanced_110 slot_span=-12 edges=11
HIST mode=wavefront_balanced_110 slot_span=-11 edges=16
HIST mode=wavefront_balanced_110 slot_span=-10 edges=11
HIST mode=wavefront_balanced_110 slot_span=-9 edges=10
HIST mode=wavefront_balanced_110 slot_span=-8 edges=6
HIST mode=wavefront_balanced_110 slot_span=-7 edges=8
HIST mode=wavefront_balanced_110 slot_span=-6 edges=5
HIST mode=wavefront_balanced_110 slot_span=-5 edges=5
HIST mode=wavefront_balanced_110 slot_span=-4 edges=4
HIST mode=wavefront_balanced_110 slot_span=-3 edges=3
HIST mode=wavefront_balanced_110 slot_span=-2 edges=5
HIST mode=wavefront_balanced_110 slot_span=-1 edges=3
HIST mode=wavefront_balanced_110 slot_span=0 edges=18
HIST mode=wavefront_balanced_110 slot_span=1 edges=81
HIST mode=wavefront_balanced_110 slot_span=2 edges=24
HIST mode=wavefront_balanced_110 slot_span=3 edges=24
HIST mode=wavefront_balanced_110 slot_span=4 edges=20
HIST mode=wavefront_balanced_110 slot_span=5 edges=22
HIST mode=wavefront_balanced_110 slot_span=6 edges=10
HIST mode=wavefront_balanced_110 slot_span=7 edges=9
HIST mode=wavefront_balanced_110 slot_span=8 edges=1
HIST mode=wavefront_balanced_110 slot_span=9 edges=3
HIST mode=wavefront_balanced_110 slot_span=10 edges=1
HIST mode=wavefront_balanced_110 slot_span=12 edges=1
HIST mode=wavefront_balanced_110 slot_span=13 edges=1
SPAN mode=wavefront_balanced_120 seq=4 workers=16 resident_limit=256 tasks=104 edges=334 same_worker_edges=100 cross_worker_fraction=0.700599 same_worker_fraction=0.299401 used_workers=16 max_queue=21 queue_cap=21 min=-18 p50=1 p95=9 max=17 forward_worker_span=8 slot_span_below_limit=1 resident_grid_safe=1 queue_cycle=0 overresident_proven=0
HIST mode=wavefront_balanced_120 slot_span=-18 edges=6
HIST mode=wavefront_balanced_120 slot_span=-17 edges=4
HIST mode=wavefront_balanced_120 slot_span=-16 edges=6
HIST mode=wavefront_balanced_120 slot_span=-15 edges=10
HIST mode=wavefront_balanced_120 slot_span=-14 edges=16
HIST mode=wavefront_balanced_120 slot_span=-13 edges=11
HIST mode=wavefront_balanced_120 slot_span=-12 edges=9
HIST mode=wavefront_balanced_120 slot_span=-11 edges=8
HIST mode=wavefront_balanced_120 slot_span=-10 edges=9
HIST mode=wavefront_balanced_120 slot_span=-9 edges=9
HIST mode=wavefront_balanced_120 slot_span=-8 edges=9
HIST mode=wavefront_balanced_120 slot_span=-7 edges=9
HIST mode=wavefront_balanced_120 slot_span=-6 edges=5
HIST mode=wavefront_balanced_120 slot_span=-5 edges=5
HIST mode=wavefront_balanced_120 slot_span=-4 edges=3
HIST mode=wavefront_balanced_120 slot_span=-3 edges=5
HIST mode=wavefront_balanced_120 slot_span=-1 edges=4
HIST mode=wavefront_balanced_120 slot_span=0 edges=11
HIST mode=wavefront_balanced_120 slot_span=1 edges=87
HIST mode=wavefront_balanced_120 slot_span=2 edges=9
HIST mode=wavefront_balanced_120 slot_span=3 edges=21
HIST mode=wavefront_balanced_120 slot_span=4 edges=7
HIST mode=wavefront_balanced_120 slot_span=5 edges=18
HIST mode=wavefront_balanced_120 slot_span=6 edges=8
HIST mode=wavefront_balanced_120 slot_span=7 edges=16
HIST mode=wavefront_balanced_120 slot_span=8 edges=9
HIST mode=wavefront_balanced_120 slot_span=9 edges=11
HIST mode=wavefront_balanced_120 slot_span=10 edges=5
HIST mode=wavefront_balanced_120 slot_span=12 edges=1
HIST mode=wavefront_balanced_120 slot_span=13 edges=1
HIST mode=wavefront_balanced_120 slot_span=16 edges=1
HIST mode=wavefront_balanced_120 slot_span=17 edges=1
RESULT legal=1 bands=4 bounded_at_fixed_parameters=1
ISL_CONTEXT remaining=0
