[1/222] Building CXX object CMakeFiles/tilemega-import.dir/tools/tilemega-import.cpp.o
[2/222] Linking CXX executable tools/tilemega-import
[3/222] Building CXX object CMakeFiles/tilemega-skeleton-audit.dir/tools/tilemega-skeleton-audit.cpp.o
[4/222] Linking CXX executable tools/tilemega-skeleton-audit
[5/222] Building CXX object CMakeFiles/tilemega-flow-audit.dir/tools/tilemega-flow-audit.cpp.o
[6/222] Building CXX object CMakeFiles/tilemega-opt.dir/tools/tilemega-opt.cpp.o
[7/222] Linking CXX executable tools/tilemega-flow-audit
[8/222] Linking CXX executable tools/tilemega-opt
[9/222] Building CXX object CMakeFiles/tilemega-flow-validation.dir/tools/tilemega-flow-validation.cpp.o
[10/222] Linking CXX executable tools/tilemega-flow-validation
[11/222] Building CXX object CMakeFiles/tilemega-dram-floor.dir/tools/tilemega-dram-floor.cpp.o
[12/222] Building CXX object CMakeFiles/tilemega-flow-grid.dir/tools/tilemega-flow-grid.cpp.o
[13/222] Linking CXX executable tools/tilemega-dram-floor
[14/222] Linking CXX executable tools/tilemega-flow-grid
[15/222] Building CXX object CMakeFiles/tilemega-flow-point.dir/tools/tilemega-flow-point.cpp.o
[16/222] Linking CXX executable tools/tilemega-flow-point
[17/222] Building CXX object CMakeFiles/eft_placement_test.dir/test/unit/eft_placement_test.cpp.o
[18/222] Building CXX object CMakeFiles/tilemega-shape-probe.dir/tools/tilemega-shape-probe.cpp.o
[19/222] Building CXX object CMakeFiles/event_synthesis_test.dir/test/unit/event_synthesis_test.cpp.o
[20/222] Building CXX object CMakeFiles/tilemega-derive.dir/tools/tilemega-derive.cpp.o
[21/222] Linking CXX executable tools/tilemega-derive
[22/222] Linking CXX executable tools/tilemega-shape-probe
[23/222] Building CXX object CMakeFiles/tilemega-wiring.dir/tools/tilemega-wiring.cpp.o
[24/222] Building CXX object CMakeFiles/tilemega-symbolic-probe.dir/tools/tilemega-symbolic-probe.cpp.o
[25/222] Linking CXX executable tools/tilemega-wiring
[26/222] Building CXX object CMakeFiles/tilemega-identity-probe.dir/tools/tilemega-identity-probe.cpp.o
[27/222] Linking CXX executable tools/tilemega-symbolic-probe
[28/222] Linking CXX executable tools/tilemega-identity-probe
[29/222] Building CXX object CMakeFiles/tilemega-affine-probe.dir/tools/tilemega-affine-probe.cpp.o
[30/222] Linking CXX executable tools/tilemega-affine-probe
[31/222] Building CXX object CMakeFiles/tilemega-event-cost.dir/tools/tilemega-event-cost.cpp.o
[32/222] Linking CXX executable tools/tilemega-event-cost
[33/222] Building CXX object CMakeFiles/tilemega-r9-early.dir/docs/experiments/SOLVER_R9B/early_signal.cpp.o
[34/222] Linking CXX executable tools/tilemega-r9-early
[35/222] Building CXX object CMakeFiles/tilemega-event-price.dir/tools/tilemega-event-price.cpp.o
[36/222] Linking CXX executable tools/tilemega-event-price
[37/222] Building CXX object CMakeFiles/tilemega-parametric.dir/tools/tilemega-parametric.cpp.o
[38/222] Building CXX object CMakeFiles/tilemega-op-audit.dir/tools/tilemega-op-audit.cpp.o
[39/222] Linking CXX executable tools/tilemega-parametric
[40/222] Linking CXX executable tools/tilemega-op-audit
[41/222] Building CXX object CMakeFiles/tilemega-fusion-events.dir/tools/tilemega-fusion-events.cpp.o
[42/222] Linking CXX executable tools/tilemega-fusion-events
[43/222] Building CXX object CMakeFiles/tilemega-task-work-gate.dir/tools/tilemega-task-work-gate.cpp.o
[44/222] Building CXX object CMakeFiles/tilemega-task-work-probe.dir/tools/tilemega-task-work-probe.cpp.o
[45/222] Building CXX object CMakeFiles/tilemega-fusion-chain.dir/tools/tilemega-fusion-chain.cpp.o
[46/222] Linking CXX executable tools/tilemega-task-work-probe
[47/222] Linking CXX executable tools/tilemega-fusion-chain
[48/222] Linking CXX executable tools/tilemega-task-work-gate
[49/222] Building CXX object CMakeFiles/tilemega-fusion-dp.dir/tools/tilemega-fusion-dp.cpp.o
[50/222] Linking CXX executable tools/tilemega-fusion-dp
[51/222] Building CXX object CMakeFiles/tilemega-task-cost-gate.dir/tools/tilemega-task-cost-gate.cpp.o
[52/222] Linking CXX executable tools/tilemega-task-cost-gate
[53/222] Building CXX object CMakeFiles/tilemega-interface-probe.dir/tools/tilemega-interface-probe.cpp.o
[54/222] Building CXX object CMakeFiles/tilemega-simulate.dir/docs/experiments/SIMULATOR/simulate.cpp.o
[55/222] Linking CXX executable tools/tilemega-interface-probe
[56/222] Linking CXX executable tools/tilemega-simulate
[57/222] Building CXX object CMakeFiles/tilemega-place-eft.dir/docs/experiments/PLACE_EFT/place_eft.cpp.o
[58/222] Linking CXX executable tools/tilemega-place-eft
[59/222] Building CXX object CMakeFiles/tilemega-scalar-cost-probe.dir/tools/tilemega-scalar-cost-probe.cpp.o
[60/222] Linking CXX executable tools/tilemega-scalar-cost-probe
[61/222] Building CXX object CMakeFiles/tilemega-runtime-projection.dir/tools/tilemega-runtime-projection.cpp.o
[62/222] Linking CXX executable tools/tilemega-runtime-projection
[63/222] Building CXX object CMakeFiles/tilemega-scalar-error-probe.dir/tools/tilemega-scalar-error-probe.cpp.o
[64/222] Linking CXX executable tools/tilemega-scalar-error-probe
[65/222] Building CXX object CMakeFiles/tilemega-fusion-probe.dir/tools/tilemega-fusion-probe.cpp.o
[66/222] Linking CXX executable tools/tilemega-fusion-probe
[67/222] Building CXX object CMakeFiles/tilemega-place-chain.dir/docs/experiments/CHAIN/place_chain.cpp.o
[68/222] Linking CXX executable tools/tilemega-place-chain
[69/222] Building CXX object CMakeFiles/tilemega-fusion-cost.dir/tools/tilemega-fusion-cost.cpp.o
[70/222] Linking CXX executable tools/tilemega-fusion-cost
[71/222] Building CXX object CMakeFiles/tilemega-symbolic-task-price.dir/tools/tilemega-symbolic-task-price.cpp.o
[72/222] Linking CXX executable tools/tilemega-symbolic-task-price
[73/222] Building CXX object CMakeFiles/tilemega-attention-work.dir/tools/tilemega-attention-work.cpp.o
[74/222] Linking CXX executable tools/tilemega-attention-work
[75/222] Building CXX object CMakeFiles/tilemega-attention-plan-price.dir/tools/tilemega-attention-plan-price.cpp.o
[76/222] Linking CXX executable tools/tilemega-attention-plan-price
[77/222] Building CXX object CMakeFiles/tilemega-attention-dp.dir/tools/tilemega-attention-dp.cpp.o
[78/222] Linking CXX executable tools/tilemega-attention-dp
[79/222] Building CXX object CMakeFiles/tilemega-wait-policy.dir/tools/tilemega-wait-policy.cpp.o
[80/222] Linking CXX executable tools/tilemega-wait-policy
[81/222] Building CXX object CMakeFiles/tilemega-costmodel.dir/tools/tilemega-costmodel.cpp.o
[82/222] Linking CXX executable tools/tilemega-costmodel
[83/222] Building CXX object CMakeFiles/tilemega-target-audit.dir/tools/tilemega-target-audit.cpp.o
[84/222] Building CXX object CMakeFiles/tilemega-migrate.dir/tools/tilemega-migrate.cpp.o
[85/222] Linking CXX executable tools/tilemega-target-audit
[86/222] Linking CXX executable tools/tilemega-migrate
[87/222] Building CXX object CMakeFiles/coupling_types_test.dir/test/unit/coupling_types_test.cpp.o
[88/222] Building CXX object CMakeFiles/target_spec_test.dir/test/unit/target_spec_test.cpp.o
[89/222] Linking CXX executable coupling_types_test
[90/222] Linking CXX executable target_spec_test
[91/222] Building CXX object CMakeFiles/semantics_test.dir/test/unit/semantics_test.cpp.o
[92/222] Linking CXX executable semantics_test
[93/222] Building CXX object CMakeFiles/dram_floor_test.dir/test/unit/dram_floor_test.cpp.o
[94/222] Building CXX object CMakeFiles/table27_test.dir/test/unit/table27_test.cpp.o
[95/222] Linking CXX executable dram_floor_test
[96/222] Linking CXX executable table27_test
[97/222] Building CXX object CMakeFiles/tilemega-solve.dir/tools/tilemega-solve.cpp.o
[98/222] Linking CXX executable tools/tilemega-solve
[99/222] Building CXX object CMakeFiles/stage_flow_test.dir/test/unit/stage_flow_test.cpp.o
[100/222] Building CXX object CMakeFiles/incidence_test.dir/test/unit/incidence_test.cpp.o
[101/222] Linking CXX executable stage_flow_test
[102/222] Building CXX object CMakeFiles/regime_a_price_test.dir/test/unit/regime_a_price_test.cpp.o
[103/222] Linking CXX executable incidence_test
[104/222] Building CXX object CMakeFiles/containment_test.dir/test/unit/containment_test.cpp.o
[105/222] Linking CXX executable regime_a_price_test
[106/222] Linking CXX executable containment_test
[107/222] Linking CXX executable event_synthesis_test
[108/222] Building CXX object CMakeFiles/isl_relation_test.dir/test/unit/isl_relation_test.cpp.o
[109/222] Building CXX object CMakeFiles/flow_runtime_release_test.dir/test/unit/flow_runtime_release_test.cpp.o
[110/222] Linking CXX executable isl_relation_test
[111/222] Linking CXX executable flow_runtime_release_test
[112/222] Building CXX object CMakeFiles/relation_bounds_test.dir/test/unit/relation_bounds_test.cpp.o
[113/222] Linking CXX executable relation_bounds_test
[114/222] Building CXX object CMakeFiles/runtime_projection_test.dir/test/unit/runtime_projection_test.cpp.o
[115/222] Building CXX object CMakeFiles/graph_pattern_test.dir/test/unit/graph_pattern_test.cpp.o
[116/222] Linking CXX executable runtime_projection_test
[117/222] Linking CXX executable graph_pattern_test
[118/222] Building CXX object CMakeFiles/layout_bridge_test.dir/test/unit/layout_bridge_test.cpp.o
[119/222] Linking CXX executable layout_bridge_test
[120/222] Building CXX object CMakeFiles/model_plan_order_test.dir/test/unit/model_plan_order_test.cpp.o
[121/222] Linking CXX executable model_plan_order_test
[122/222] Building CXX object CMakeFiles/backend_query_test.dir/test/unit/backend_query_test.cpp.o
[123/222] Linking CXX executable backend_query_test
[124/222] Building CXX object CMakeFiles/cg_attr_test.dir/test/unit/cg_attr_test.cpp.o
[125/222] Building CXX object CMakeFiles/cache_service_curve_test.dir/test/unit/cache_service_curve_test.cpp.o
[126/222] Linking CXX executable cg_attr_test
[127/222] Building CXX object CMakeFiles/task_element_work_test.dir/test/unit/task_element_work_test.cpp.o
[128/222] Linking CXX executable cache_service_curve_test
[129/222] Linking CXX executable task_element_work_test
[130/222] Building CXX object CMakeFiles/fusion_access_test.dir/test/unit/fusion_access_test.cpp.o
[131/222] Building CXX object CMakeFiles/chain_dp_test.dir/test/unit/chain_dp_test.cpp.o
[132/222] Building CXX object CMakeFiles/lane_intersections_test.dir/test/unit/lane_intersections_test.cpp.o
[133/222] Linking CXX executable lane_intersections_test
[134/222] Linking CXX executable fusion_access_test
[135/222] Linking CXX executable chain_dp_test
[136/222] Building CXX object CMakeFiles/fusion_rewrite_test.dir/test/unit/fusion_rewrite_test.cpp.o
[137/222] Linking CXX executable fusion_rewrite_test
[138/222] Building CXX object CMakeFiles/fusion_written_price_test.dir/test/unit/fusion_written_price_test.cpp.o
[139/222] Linking CXX executable fusion_written_price_test
[140/222] Building CXX object CMakeFiles/stage_kappa_test.dir/test/unit/stage_kappa_test.cpp.o
[141/222] Building CXX object CMakeFiles/exact_runtime_task_graph_test.dir/test/unit/exact_runtime_task_graph_test.cpp.o
[142/222] Linking CXX executable stage_kappa_test
[143/222] Building CXX object CMakeFiles/fused_runtime_projection_test.dir/test/unit/fused_runtime_projection_test.cpp.o
[144/222] Building CXX object CMakeFiles/pipeline_sigma_test.dir/test/unit/pipeline_sigma_test.cpp.o
[145/222] Linking CXX executable exact_runtime_task_graph_test
[146/222] Linking CXX executable fused_runtime_projection_test
[147/222] Linking CXX executable pipeline_sigma_test
[148/222] Building CXX object CMakeFiles/fiber_sum_test.dir/test/unit/fiber_sum_test.cpp.o
[149/222] Linking CXX executable fiber_sum_test
[150/222] Building CXX object CMakeFiles/list_scheduler_test.dir/test/unit/list_scheduler_test.cpp.o
[151/222] Building CXX object CMakeFiles/plan_contract_test.dir/test/unit/plan_contract_test.cpp.o
[152/222] Linking CXX executable list_scheduler_test
[153/222] Linking CXX executable plan_contract_test
[154/222] Linking CXX executable eft_placement_test
[155/222] Building CXX object CMakeFiles/chain_placement_test.dir/test/unit/chain_placement_test.cpp.o
[156/222] Linking CXX executable chain_placement_test
[157/222] Building CXX object CMakeFiles/cluster_labeling_test.dir/test/unit/cluster_labeling_test.cpp.o
[158/222] Building CXX object CMakeFiles/execution_simulator_test.dir/test/unit/execution_simulator_test.cpp.o
[159/222] Linking CXX executable execution_simulator_test
[160/222] Building CXX object CMakeFiles/fusion_batch_rewrite_test.dir/test/unit/fusion_batch_rewrite_test.cpp.o
[161/222] Linking CXX executable cluster_labeling_test
[162/222] Building CXX object CMakeFiles/alignment_propagation_test.dir/test/unit/alignment_propagation_test.cpp.o
[163/222] Linking CXX executable fusion_batch_rewrite_test
[164/222] Building CXX object CMakeFiles/plan_table_test.dir/test/unit/plan_table_test.cpp.o
[165/222] Linking CXX executable alignment_propagation_test
[166/222] Linking CXX executable plan_table_test
[167/222] Building CXX object CMakeFiles/serving_task_index_test.dir/test/unit/serving_task_index_test.cpp.o
[168/222] Linking CXX executable serving_task_index_test
[169/222] Building CXX object CMakeFiles/impl_contract_test.dir/test/unit/impl_contract_test.cpp.o
[170/222] Linking CXX executable impl_contract_test
[171/222] Building CXX object CMakeFiles/serving_model_plan_test.dir/test/unit/serving_model_plan_test.cpp.o
[172/222] Building CXX object CMakeFiles/serving_token_sets_test.dir/test/unit/serving_token_sets_test.cpp.o
[173/222] Linking CXX executable serving_model_plan_test
[174/222] Building CUDA object CMakeFiles/task_body_contract_test.dir/test/unit/task_body_contract_test.cu.o
nvcc warning : Support for offline compilation for architectures prior to '<compute/sm/lto>_75' will be removed in a future release (Use -Wno-deprecated-gpu-targets to suppress warning).
[175/222] Linking CXX executable task_body_contract_test
[176/222] Linking CXX executable serving_token_sets_test
[177/222] Building CXX object CMakeFiles/serving_import_test.dir/test/unit/serving_import_test.cpp.o
[178/222] Linking CXX executable serving_import_test
[179/222] Building CUDA object CMakeFiles/serving_gemm_task_body_test.dir/test/unit/serving_gemm_task_body_test.cu.o
[180/222] Linking CXX executable serving_gemm_task_body_test
[181/222] Building CUDA object CMakeFiles/bf16_task_body_compile_test.dir/test/unit/bf16_task_body_compile_test.cu.o
/root/r10_work/implementation_completion/include/tilemega/Codegen/tasks/ModelHarness.cuh(2368): warning #177-D: variable "past_valid" was declared but never referenced
      bool const past_valid=plan_table.eft_past_hi>=plan_table.eft_past_lo &&
                 ^

Remark: The warnings can be suppressed with "-diag-suppress <warning-number>"

[182/222] Linking CXX executable bf16_task_body_compile_test
[183/222] Building CUDA object CMakeFiles/serving_fused_attention_test.dir/test/unit/serving_fused_attention_test.cu.o
[184/222] Linking CXX executable serving_fused_attention_test
[185/222] Building CUDA object CMakeFiles/attention_phase_test.dir/test/unit/attention_phase_test.cu.o
nvcc warning : Support for offline compilation for architectures prior to '<compute/sm/lto>_75' will be removed in a future release (Use -Wno-deprecated-gpu-targets to suppress warning).
[186/222] Linking CXX executable attention_phase_test
[187/222] Building CUDA object CMakeFiles/serving_attention_mma_test.dir/test/unit/serving_attention_mma_test.cu.o
[188/222] Linking CXX executable serving_attention_mma_test
[189/222] Building CXX object CMakeFiles/frontend_import_test.dir/test/unit/frontend_import_test.cpp.o
[190/222] Building CXX object CMakeFiles/skeleton_placement_test.dir/test/unit/skeleton_placement_test.cpp.o
[191/222] Linking CXX executable frontend_import_test
[192/222] Linking CXX executable skeleton_placement_test
[193/222] Building CXX object CMakeFiles/isolated_evaluation_test.dir/test/unit/isolated_evaluation_test.cpp.o
[194/222] Building CUDA object CMakeFiles/fused_gemm_task_body_test.dir/test/unit/fused_gemm_task_body_test.cu.o
[195/222] Linking CXX executable fused_gemm_task_body_test
[196/222] Linking CXX executable isolated_evaluation_test
[197/222] Building CXX object CMakeFiles/skeleton_search_isolation_test.dir/test/unit/skeleton_search_isolation_test.cpp.o
[198/222] Linking CXX executable skeleton_search_isolation_test
[199/222] Building CXX object CMakeFiles/plan_skeleton_test.dir/test/unit/plan_skeleton_test.cpp.o
[200/222] Linking CXX executable plan_skeleton_test
[201/222] Building CXX object CMakeFiles/symbolic_oracle_test.dir/test/unit/symbolic_oracle_test.cpp.o
[202/222] Building CUDA object CMakeFiles/serving_harness_compile_test.dir/test/unit/serving_harness_compile_test.cu.o
[203/222] Linking CXX executable serving_harness_compile_test
[204/222] Linking CXX executable symbolic_oracle_test
[205/222] Building CXX object CMakeFiles/variant_resource_test.dir/test/unit/variant_resource_test.cpp.o
[206/222] Linking CXX executable variant_resource_test
[207/222] Building CUDA object CMakeFiles/fused_harness_compile_test.dir/test/unit/bf16_task_body_compile_test.cu.o
/root/r10_work/implementation_completion/include/tilemega/Codegen/tasks/ModelHarness.cuh(2368): warning #177-D: variable "past_valid" was declared but never referenced
      bool const past_valid=plan_table.eft_past_hi>=plan_table.eft_past_lo &&
                 ^

Remark: The warnings can be suppressed with "-diag-suppress <warning-number>"

[208/222] Linking CXX executable fused_harness_compile_test
[209/222] Building CXX object CMakeFiles/coupling_cache_test.dir/test/unit/coupling_cache_test.cpp.o
[210/222] Building CXX object CMakeFiles/embedding_plan_test.dir/test/unit/embedding_plan_test.cpp.o
[211/222] Linking CXX executable coupling_cache_test
[212/222] Linking CXX executable embedding_plan_test
[213/222] Building CXX object CMakeFiles/semantic_lifting_test.dir/test/unit/semantic_lifting_test.cpp.o
[214/222] Building CXX object CMakeFiles/operator_classes_test.dir/test/unit/operator_classes_test.cpp.o
[215/222] Linking CXX executable semantic_lifting_test
[216/222] Building CXX object CMakeFiles/wiring_coupling_test.dir/test/unit/wiring_coupling_test.cpp.o
[217/222] Linking CXX executable operator_classes_test
[218/222] Linking CXX executable wiring_coupling_test
[219/222] Building CXX object CMakeFiles/isl_crosslink_test.dir/docs/experiments/P3_ISL/crosslink_probe.cpp.o
[220/222] Linking CXX executable isl_crosslink_test
[221/222] Building CXX object CMakeFiles/degradation_test.dir/test/unit/degradation_test.cpp.o
[222/222] Linking CXX executable degradation_test
