ptxas info    : 184 bytes gmem
ptxas info    : Compiling entry function '_ZN8tilemega7codegen28tilemega_wait_profile_kernelEPKNS0_6ParamsEi' for 'sm_90'
ptxas info    : Function properties for _ZN8tilemega7codegen28tilemega_wait_profile_kernelEPKNS0_6ParamsEi
    72 bytes stack frame, 0 bytes spill stores, 0 bytes spill loads
ptxas info    : Used 62 registers, used 0 barriers, 72 bytes cumulative stack size
ptxas info    : Compile time = 51.666 ms
ptxas info    : Compiling entry function '_ZN8tilemega7codegen18tilemega_l2_kernelEPKNS0_6ParamsEPNS0_12EventCounterEy' for 'sm_90'
ptxas info    : Function properties for _ZN8tilemega7codegen18tilemega_l2_kernelEPKNS0_6ParamsEPNS0_12EventCounterEy
    48 bytes stack frame, 0 bytes spill stores, 0 bytes spill loads
ptxas info    : Used 204 registers, used 1 barriers, 48 bytes cumulative stack size
ptxas info    : Compile time = 1352.070 ms
ptxas info    : Compiling entry function '_ZN8tilemega7codegen18tilemega_l1_kernelEPKNS0_6ParamsEPNS0_12EventCounterEy' for 'sm_90'
ptxas info    : Function properties for _ZN8tilemega7codegen18tilemega_l1_kernelEPKNS0_6ParamsEPNS0_12EventCounterEy
    48 bytes stack frame, 0 bytes spill stores, 0 bytes spill loads
ptxas info    : Used 208 registers, used 1 barriers, 48 bytes cumulative stack size
ptxas info    : Compile time = 2530.294 ms
ptxas info    : Compiling entry function '_ZN8tilemega7codegen21tilemega_stage_kernelEPKNS0_6ParamsEj' for 'sm_90'
ptxas info    : Function properties for _ZN8tilemega7codegen21tilemega_stage_kernelEPKNS0_6ParamsEj
    48 bytes stack frame, 0 bytes spill stores, 0 bytes spill loads
ptxas info    : Used 220 registers, used 1 barriers, 48 bytes cumulative stack size
ptxas info    : Compile time = 2444.407 ms
