E2E_ARCH plan=sm_89 plan_id=890 device=sm_89 device_id=890
E2E_PARTIALS fp32=1 element_bytes=4 total_bytes=92848128
E2E_PLACE_STATS placement=0 max_queue=776 same_worker_edges=3980 cross_worker_edges=597493 base_rotation=0 plan=eft
E2E_TIMING cold=0 warmup=2 repeat=10 statistic=median reset=outside_timing
E2E_RESOURCE block=128 reg=146 smem=16384 task_smem=16384 occupancy_smem=16384 static_smem=0 regs_per_sm=65536 smem_per_sm=102400 threads_per_sm=1536 gemm_union=12288 variant_count=1 ctas_per_sm=3 num_sms=128 grid=384 l1_reg=140 l05_reg=146 l1_ctas=3 l2_ctas=3 min_blocks=1 warp_size=32 resident_formula=ctas_per_sm*num_sms
E2E_SCHEDULE workers=384 variant_stages=479 task_refs=189337 task_ref_bytes=5301436 waits=238328 wait_bytes=1906624 raw_polls=375957 lifted_polls=137629 waiting_tasks=50402 normalization_dummies_lb=187926 max_span=15 generated_max_span=12 max_worker_span=372 resident_limit=384 global_fanin=1 i3_current=pass i3_overresident=reject max_worker_task_refs=776
E2E_TIME l05_ms=8.794497 l1_ms=8.946177 ratio=1.017247 l2_ms=8.244736 l2_over_l1=0.921593
E2E_DIFF l05_vs_l0_mismatch=3577 max_abs=0.060546875 max_rel=7812.5 l1_vs_l05_mismatch=0 max_abs=0 max_rel=0 l2_vs_l1_mismatch=0 max_abs=0 max_rel=0
E2E_OUTPUT_DIFF index=0 buffer=762 mismatch=2431 max_abs=0.04296875 max_rel=639.1449
E2E_OUTPUT_DIFF index=1 buffer=25 mismatch=0 max_abs=0 max_rel=0
E2E_OUTPUT_DIFF index=2 buffer=26 mismatch=0 max_abs=0 max_rel=0
E2E_OUTPUT_DIFF index=3 buffer=52 mismatch=0 max_abs=0.015625 max_rel=2.0872483
E2E_OUTPUT_DIFF index=4 buffer=53 mismatch=0 max_abs=0.0078125 max_rel=14.176471
E2E_OUTPUT_DIFF index=5 buffer=79 mismatch=0 max_abs=0.0234375 max_rel=1
E2E_OUTPUT_DIFF index=6 buffer=80 mismatch=0 max_abs=0.0078125 max_rel=5.6220098
E2E_OUTPUT_DIFF index=7 buffer=106 mismatch=0 max_abs=0.03125 max_rel=3906.25
E2E_OUTPUT_DIFF index=8 buffer=107 mismatch=0 max_abs=0.009765625 max_rel=2.4848485
E2E_OUTPUT_DIFF index=9 buffer=133 mismatch=0 max_abs=0.0234375 max_rel=17.701195
E2E_OUTPUT_DIFF index=10 buffer=134 mismatch=0 max_abs=0.01171875 max_rel=10.92638
E2E_OUTPUT_DIFF index=11 buffer=160 mismatch=1 max_abs=0.03125 max_rel=3906.25
E2E_OUTPUT_DIFF index=12 buffer=161 mismatch=0 max_abs=0.014648438 max_rel=226.13725
E2E_OUTPUT_DIFF index=13 buffer=187 mismatch=5 max_abs=0.0234375 max_rel=7812.5
E2E_OUTPUT_DIFF index=14 buffer=188 mismatch=0 max_abs=0.015625 max_rel=9.4780874
E2E_OUTPUT_DIFF index=15 buffer=214 mismatch=3 max_abs=0.03125 max_rel=4.3333335
E2E_OUTPUT_DIFF index=16 buffer=215 mismatch=0 max_abs=0.015625 max_rel=55.740425
E2E_OUTPUT_DIFF index=17 buffer=241 mismatch=10 max_abs=0.033203125 max_rel=3.2906976
E2E_OUTPUT_DIFF index=18 buffer=242 mismatch=0 max_abs=0.015625 max_rel=9.9176474
E2E_OUTPUT_DIFF index=19 buffer=268 mismatch=11 max_abs=0.03125 max_rel=6.9914894
E2E_OUTPUT_DIFF index=20 buffer=269 mismatch=0 max_abs=0.015625 max_rel=32.087379
E2E_OUTPUT_DIFF index=21 buffer=295 mismatch=5 max_abs=0.03125 max_rel=7
E2E_OUTPUT_DIFF index=22 buffer=296 mismatch=0 max_abs=0.017578125 max_rel=10.303483
E2E_OUTPUT_DIFF index=23 buffer=322 mismatch=16 max_abs=0.0390625 max_rel=11.898679
E2E_OUTPUT_DIFF index=24 buffer=323 mismatch=0 max_abs=0.016601562 max_rel=20.034483
E2E_OUTPUT_DIFF index=25 buffer=349 mismatch=25 max_abs=0.03515625 max_rel=6.5180721
E2E_OUTPUT_DIFF index=26 buffer=350 mismatch=2 max_abs=0.01953125 max_rel=26.789474
E2E_OUTPUT_DIFF index=27 buffer=376 mismatch=31 max_abs=0.041015625 max_rel=4.891892
E2E_OUTPUT_DIFF index=28 buffer=377 mismatch=0 max_abs=0.01953125 max_rel=41.586468
E2E_OUTPUT_DIFF index=29 buffer=403 mismatch=32 max_abs=0.042480469 max_rel=13.75
E2E_OUTPUT_DIFF index=30 buffer=404 mismatch=3 max_abs=0.0234375 max_rel=24.686274
E2E_OUTPUT_DIFF index=31 buffer=430 mismatch=55 max_abs=0.0390625 max_rel=5.4444447
E2E_OUTPUT_DIFF index=32 buffer=431 mismatch=3 max_abs=0.022460938 max_rel=7.8965516
E2E_OUTPUT_DIFF index=33 buffer=457 mismatch=41 max_abs=0.046875 max_rel=4.5876288
E2E_OUTPUT_DIFF index=34 buffer=458 mismatch=3 max_abs=0.0234375 max_rel=17.680628
E2E_OUTPUT_DIFF index=35 buffer=484 mismatch=58 max_abs=0.046875 max_rel=7.7213116
E2E_OUTPUT_DIFF index=36 buffer=485 mismatch=4 max_abs=0.033203125 max_rel=164.78494
E2E_OUTPUT_DIFF index=37 buffer=511 mismatch=47 max_abs=0.046875 max_rel=2.9240506
E2E_OUTPUT_DIFF index=38 buffer=512 mismatch=5 max_abs=0.024902344 max_rel=45.293335
E2E_OUTPUT_DIFF index=39 buffer=538 mismatch=54 max_abs=0.049072266 max_rel=9.5925922
E2E_OUTPUT_DIFF index=40 buffer=539 mismatch=5 max_abs=0.0234375 max_rel=7.6799998
E2E_OUTPUT_DIFF index=41 buffer=565 mismatch=58 max_abs=0.046875 max_rel=105.90909
E2E_OUTPUT_DIFF index=42 buffer=566 mismatch=4 max_abs=0.028320312 max_rel=70.599998
E2E_OUTPUT_DIFF index=43 buffer=592 mismatch=78 max_abs=0.0546875 max_rel=10
E2E_OUTPUT_DIFF index=44 buffer=593 mismatch=7 max_abs=0.029296875 max_rel=14.191011
E2E_OUTPUT_DIFF index=45 buffer=619 mismatch=83 max_abs=0.0546875 max_rel=4.7818184
E2E_OUTPUT_DIFF index=46 buffer=620 mismatch=5 max_abs=0.028320312 max_rel=12.729084
E2E_OUTPUT_DIFF index=47 buffer=646 mismatch=76 max_abs=0.049804688 max_rel=5.5135136
E2E_OUTPUT_DIFF index=48 buffer=647 mismatch=9 max_abs=0.0234375 max_rel=3.251121
E2E_OUTPUT_DIFF index=49 buffer=673 mismatch=74 max_abs=0.046875 max_rel=10.46087
E2E_OUTPUT_DIFF index=50 buffer=674 mismatch=15 max_abs=0.02734375 max_rel=128.0229
E2E_OUTPUT_DIFF index=51 buffer=700 mismatch=94 max_abs=0.045166016 max_rel=7
E2E_OUTPUT_DIFF index=52 buffer=701 mismatch=10 max_abs=0.02734375 max_rel=9.0363636
E2E_OUTPUT_DIFF index=53 buffer=727 mismatch=90 max_abs=0.05078125 max_rel=8.1150446
E2E_OUTPUT_DIFF index=54 buffer=728 mismatch=12 max_abs=0.0234375 max_rel=3.4019139
E2E_OUTPUT_DIFF index=55 buffer=754 mismatch=95 max_abs=0.060546875 max_rel=11.366198
E2E_OUTPUT_DIFF index=56 buffer=755 mismatch=17 max_abs=0.03125 max_rel=6.296
E2E_HASH l05=e93acaf8d78be4dc l1=e93acaf8d78be4dc l2=e93acaf8d78be4dc
E2E_ITER l2_iter1_ms=8.239104 l2_iter1_vs_iter0_mismatch=0 max_abs=0
E2E_KAPPA event_kappa=1 dependency_table=variant_exact
E2E_VARIANT index=0 seq_begin=1 seq_end=1
RESULT status=MISMATCH
