E2E_PARTIALS fp32=1 element_bytes=4 total_bytes=129302528
E2E_PLACE_STATS placement=0 max_queue=430 same_worker_edges=34702 cross_worker_edges=9795906 base_rotation=0 plan=eft
E2E_TIMING cold=0 warmup=5 repeat=11 statistic=median reset=outside_timing
E2E_RESOURCE block=128 reg=96 smem=16384 task_smem=16384 occupancy_smem=16384 static_smem=0 regs_per_sm=65536 smem_per_sm=102400 threads_per_sm=1536 gemm_union=12288 variant_count=1 ctas_per_sm=4 num_sms=128 grid=512 l1_reg=90 l05_reg=80 l1_ctas=5 l2_ctas=5 min_blocks=1 warp_size=32 resident_formula=ctas_per_sm*num_sms
E2E_SCHEDULE workers=512 variant_stages=243 task_refs=181168 task_ref_bytes=5072704 waits=892194 wait_bytes=7137552 raw_polls=2377026 lifted_polls=1484832 waiting_tasks=86096 normalization_dummies_lb=806098 max_span=13 generated_max_span=10 max_worker_span=511 resident_limit=512 global_fanin=1 i3_current=pass i3_overresident=reject max_worker_task_refs=430
E2E_TIME l05_ms=6.016000 l1_ms=6.062784 ratio=1.007777 l2_ms=6.677888 l2_over_l1=1.101456
E2E_DIFF l05_vs_l0_mismatch=1234 max_abs=0.03125 max_rel=9398.6133 l1_vs_l05_mismatch=0 max_abs=0 max_rel=0 l2_vs_l1_mismatch=0 max_abs=0 max_rel=0
E2E_OUTPUT_DIFF index=0 buffer=374 mismatch=1224 max_abs=0.03125 max_rel=9398.6133
E2E_OUTPUT_DIFF index=1 buffer=25 mismatch=0 max_abs=0.00024414062 max_rel=0.005076142
E2E_OUTPUT_DIFF index=2 buffer=26 mismatch=0 max_abs=0.0009765625 max_rel=0.040650405
E2E_OUTPUT_DIFF index=3 buffer=48 mismatch=0 max_abs=0.0078125 max_rel=1
E2E_OUTPUT_DIFF index=4 buffer=49 mismatch=0 max_abs=0.0078125 max_rel=1.3050314
E2E_OUTPUT_DIFF index=5 buffer=71 mismatch=0 max_abs=0.015625 max_rel=3906.25
E2E_OUTPUT_DIFF index=6 buffer=72 mismatch=0 max_abs=0.015625 max_rel=136.31429
E2E_OUTPUT_DIFF index=7 buffer=94 mismatch=0 max_abs=0.015625 max_rel=4394.5312
E2E_OUTPUT_DIFF index=8 buffer=95 mismatch=0 max_abs=0.0078125 max_rel=35.597702
E2E_OUTPUT_DIFF index=9 buffer=117 mismatch=0 max_abs=0.015625 max_rel=488.28125
E2E_OUTPUT_DIFF index=10 buffer=118 mismatch=0 max_abs=0.015625 max_rel=12.811519
E2E_OUTPUT_DIFF index=11 buffer=140 mismatch=0 max_abs=0.015625 max_rel=4882.8125
E2E_OUTPUT_DIFF index=12 buffer=141 mismatch=0 max_abs=0.015625 max_rel=41.170544
E2E_OUTPUT_DIFF index=13 buffer=163 mismatch=0 max_abs=0.01953125 max_rel=5859.375
E2E_OUTPUT_DIFF index=14 buffer=164 mismatch=0 max_abs=0.015625 max_rel=30.350319
E2E_OUTPUT_DIFF index=15 buffer=186 mismatch=0 max_abs=0.015625 max_rel=3906.25
E2E_OUTPUT_DIFF index=16 buffer=187 mismatch=0 max_abs=0.015625 max_rel=40.460121
E2E_OUTPUT_DIFF index=17 buffer=209 mismatch=0 max_abs=0.015625 max_rel=3906.25
E2E_OUTPUT_DIFF index=18 buffer=210 mismatch=0 max_abs=0.015625 max_rel=208.54074
E2E_OUTPUT_DIFF index=19 buffer=232 mismatch=0 max_abs=0.015625 max_rel=3906.25
E2E_OUTPUT_DIFF index=20 buffer=233 mismatch=0 max_abs=0.015625 max_rel=58.248909
E2E_OUTPUT_DIFF index=21 buffer=255 mismatch=0 max_abs=0.01953125 max_rel=2441.4062
E2E_OUTPUT_DIFF index=22 buffer=256 mismatch=0 max_abs=0.015625 max_rel=33.560001
E2E_OUTPUT_DIFF index=23 buffer=278 mismatch=0 max_abs=0.0234375 max_rel=3906.25
E2E_OUTPUT_DIFF index=24 buffer=279 mismatch=0 max_abs=0.01953125 max_rel=142.29871
E2E_OUTPUT_DIFF index=25 buffer=301 mismatch=0 max_abs=0.021484375 max_rel=7812.5
E2E_OUTPUT_DIFF index=26 buffer=302 mismatch=0 max_abs=0.01953125 max_rel=14.647058
E2E_OUTPUT_DIFF index=27 buffer=324 mismatch=2 max_abs=0.0234375 max_rel=7812.5
E2E_OUTPUT_DIFF index=28 buffer=325 mismatch=1 max_abs=0.021484375 max_rel=73.757896
E2E_OUTPUT_DIFF index=29 buffer=347 mismatch=0 max_abs=0.0234375 max_rel=33.973911
E2E_OUTPUT_DIFF index=30 buffer=348 mismatch=1 max_abs=0.021484375 max_rel=62.405407
E2E_OUTPUT_DIFF index=31 buffer=370 mismatch=5 max_abs=0.01953125 max_rel=5859.375
E2E_OUTPUT_DIFF index=32 buffer=371 mismatch=1 max_abs=0.02734375 max_rel=61.852016
E2E_HASH l05=6e142282dc49e4b4 l1=6e142282dc49e4b4 l2=6e142282dc49e4b4
E2E_ITER l2_iter1_ms=6.675456 l2_iter1_vs_iter0_mismatch=0 max_abs=0
E2E_KAPPA event_kappa=1 dependency_table=variant_exact
E2E_VARIANT index=0 seq_begin=1 seq_end=16
RESULT status=MISMATCH
