E2E_PARTIALS fp32=1 element_bytes=4 total_bytes=2621440
E2E_PLACE_STATS placement=0 max_queue=64 same_worker_edges=628 cross_worker_edges=74348 base_rotation=0 plan=template
E2E_TIMING cold=0 warmup=0 repeat=1 statistic=median reset=outside_timing
E2E_RESOURCE block=128 reg=94 smem=16384 task_smem=16384 occupancy_smem=16384 static_smem=0 regs_per_sm=65536 smem_per_sm=102400 threads_per_sm=1536 gemm_union=12288 variant_count=1 ctas_per_sm=4 num_sms=128 grid=512 l1_reg=90 l05_reg=80 l1_ctas=5 l2_ctas=5 min_blocks=1 warp_size=32 resident_formula=ctas_per_sm*num_sms
E2E_SCHEDULE workers=512 variant_stages=60 task_refs=11760 task_ref_bytes=329280 waits=39052 wait_bytes=312416 raw_polls=51308 lifted_polls=12256 waiting_tasks=8684 normalization_dummies_lb=30368 max_span=13 generated_max_span=10 max_worker_span=480 resident_limit=512 global_fanin=1 i3_current=pass i3_overresident=reject max_worker_task_refs=64
E2E_TIME l05_ms=2.336992 l1_ms=2.345984 ratio=1.003848 l2_ms=1.550336 l2_over_l1=0.660847
E2E_DIFF l05_vs_l0_mismatch=0 max_abs=0.03125 max_rel=2929.6875 l1_vs_l05_mismatch=0 max_abs=0 max_rel=0 l2_vs_l1_mismatch=0 max_abs=0 max_rel=0
E2E_OUTPUT_DIFF index=0 buffer=73 mismatch=0 max_abs=0.03125 max_rel=2929.6875
E2E_OUTPUT_DIFF index=1 buffer=23 mismatch=0 max_abs=0.00048828125 max_rel=0.028571429
E2E_OUTPUT_DIFF index=2 buffer=24 mismatch=0 max_abs=0 max_rel=0
E2E_OUTPUT_DIFF index=3 buffer=47 mismatch=0 max_abs=0.0078125 max_rel=244.14062
E2E_OUTPUT_DIFF index=4 buffer=48 mismatch=0 max_abs=0.0078125 max_rel=1.6325758
E2E_OUTPUT_DIFF index=5 buffer=71 mismatch=0 max_abs=0.0078125 max_rel=0.90909094
E2E_OUTPUT_DIFF index=6 buffer=72 mismatch=0 max_abs=0.0078125 max_rel=4.0352941
E2E_OUTPUT_DIFF index=7 buffer=95 mismatch=0 max_abs=0.01171875 max_rel=3.3333333
E2E_OUTPUT_DIFF index=8 buffer=96 mismatch=0 max_abs=0.01171875 max_rel=4.4333334
E2E_HASH l05=33796d8496efa698 l1=33796d8496efa698 l2=33796d8496efa698
E2E_ITER l2_iter1_ms=1.553440 l2_iter1_vs_iter0_mismatch=0 max_abs=0
E2E_KAPPA event_kappa=1 dependency_table=variant_exact
E2E_VARIANT index=0 seq_begin=1 seq_end=4
RESULT status=PASS
