E2E_PARTIALS fp32=1 element_bytes=4 total_bytes=32325632
E2E_PLACE_STATS placement=0 max_queue=74 same_worker_edges=3804 cross_worker_edges=289468 base_rotation=0 plan=eft
E2E_TIMING cold=0 warmup=0 repeat=1 statistic=median reset=outside_timing
E2E_DIFF_ELEM pair=l05_vs_l0 tensor=0 index=389 actual=-0.41796875 expected=-0.44921875 delta=0.03125 tolerance=0.0231875014
E2E_RESOURCE block=128 reg=144 smem=16384 task_smem=16384 occupancy_smem=16384 static_smem=0 regs_per_sm=65536 smem_per_sm=102400 threads_per_sm=1536 gemm_union=12288 variant_count=1 ctas_per_sm=3 num_sms=128 grid=384 l1_reg=140 l05_reg=146 l1_ctas=3 l2_ctas=3 min_blocks=1 warp_size=32 resident_formula=ctas_per_sm*num_sms
E2E_SCHEDULE workers=384 variant_stages=209 task_refs=23378 task_ref_bytes=654584 waits=32404 wait_bytes=259232 raw_polls=34296 lifted_polls=1892 waiting_tasks=8142 normalization_dummies_lb=24262 max_span=208 generated_max_span=128 max_worker_span=383 resident_limit=384 global_fanin=1 i3_current=pass i3_overresident=reject max_worker_task_refs=74
E2E_TIME l05_ms=7.001088 l1_ms=6.906880 ratio=0.986544 l2_ms=3.018752 l2_over_l1=0.437064
E2E_DIFF l05_vs_l0_mismatch=1 max_abs=0.03125 max_rel=1 l1_vs_l05_mismatch=0 max_abs=0 max_rel=0 l2_vs_l1_mismatch=0 max_abs=0 max_rel=0
E2E_OUTPUT_DIFF index=0 buffer=416 mismatch=1 max_abs=0.03125 max_rel=1
E2E_OUTPUT_DIFF index=1 buffer=419 mismatch=0 max_abs=0.0078125 max_rel=0.11330049
E2E_OUTPUT_DIFF index=2 buffer=2 mismatch=0 max_abs=0.0078125 max_rel=0.0070921984
E2E_OUTPUT_DIFF index=3 buffer=4 mismatch=0 max_abs=1.1920929e-07 max_rel=0.0054644807
E2E_OUTPUT_DIFF index=4 buffer=9 mismatch=0 max_abs=0 max_rel=0
E2E_OUTPUT_DIFF index=5 buffer=11 mismatch=0 max_abs=0.001953125 max_rel=0.0043290043
E2E_OUTPUT_DIFF index=6 buffer=29 mismatch=0 max_abs=0.00012207031 max_rel=0.030303031
E2E_OUTPUT_DIFF index=7 buffer=31 mismatch=0 max_abs=0 max_rel=0
E2E_OUTPUT_DIFF index=8 buffer=36 mismatch=0 max_abs=0 max_rel=0
E2E_OUTPUT_DIFF index=9 buffer=38 mismatch=0 max_abs=0.00012207031 max_rel=0.004255319
E2E_OUTPUT_DIFF index=10 buffer=55 mismatch=0 max_abs=0.001953125 max_rel=0.0042194091
E2E_OUTPUT_DIFF index=11 buffer=57 mismatch=0 max_abs=0 max_rel=0
E2E_OUTPUT_DIFF index=12 buffer=62 mismatch=0 max_abs=0 max_rel=0
E2E_OUTPUT_DIFF index=13 buffer=64 mismatch=0 max_abs=0 max_rel=0
E2E_OUTPUT_DIFF index=14 buffer=81 mismatch=0 max_abs=7.6293945e-06 max_rel=0.0065359478
E2E_OUTPUT_DIFF index=15 buffer=83 mismatch=0 max_abs=0 max_rel=0
E2E_OUTPUT_DIFF index=16 buffer=88 mismatch=0 max_abs=0 max_rel=0
E2E_OUTPUT_DIFF index=17 buffer=90 mismatch=0 max_abs=0 max_rel=0
E2E_OUTPUT_DIFF index=18 buffer=107 mismatch=0 max_abs=0.00390625 max_rel=0.0076335878
E2E_OUTPUT_DIFF index=19 buffer=109 mismatch=0 max_abs=0 max_rel=0
E2E_OUTPUT_DIFF index=20 buffer=114 mismatch=0 max_abs=0 max_rel=0
E2E_OUTPUT_DIFF index=21 buffer=116 mismatch=0 max_abs=3.0517578e-05 max_rel=0.0062500001
E2E_OUTPUT_DIFF index=22 buffer=133 mismatch=0 max_abs=3.8146973e-06 max_rel=0.0070921984
E2E_OUTPUT_DIFF index=23 buffer=135 mismatch=0 max_abs=0 max_rel=0
E2E_OUTPUT_DIFF index=24 buffer=140 mismatch=0 max_abs=0 max_rel=0
E2E_OUTPUT_DIFF index=25 buffer=142 mismatch=0 max_abs=0 max_rel=0
E2E_OUTPUT_DIFF index=26 buffer=159 mismatch=0 max_abs=0.001953125 max_rel=0.0046948357
E2E_OUTPUT_DIFF index=27 buffer=161 mismatch=0 max_abs=0 max_rel=0
E2E_OUTPUT_DIFF index=28 buffer=166 mismatch=0 max_abs=0 max_rel=0
E2E_OUTPUT_DIFF index=29 buffer=168 mismatch=0 max_abs=0.00048828125 max_rel=0.0059171598
E2E_OUTPUT_DIFF index=30 buffer=185 mismatch=0 max_abs=0.00390625 max_rel=0.005586592
E2E_OUTPUT_DIFF index=31 buffer=187 mismatch=0 max_abs=1.5258789e-05 max_rel=0.0042372881
E2E_OUTPUT_DIFF index=32 buffer=192 mismatch=0 max_abs=0 max_rel=0
E2E_OUTPUT_DIFF index=33 buffer=194 mismatch=0 max_abs=0 max_rel=0
E2E_OUTPUT_DIFF index=34 buffer=211 mismatch=0 max_abs=0.00390625 max_rel=0.0075187972
E2E_OUTPUT_DIFF index=35 buffer=213 mismatch=0 max_abs=2.3841858e-07 max_rel=0.0039840639
E2E_OUTPUT_DIFF index=36 buffer=218 mismatch=0 max_abs=0 max_rel=0
E2E_OUTPUT_DIFF index=37 buffer=220 mismatch=0 max_abs=0 max_rel=0
E2E_OUTPUT_DIFF index=38 buffer=237 mismatch=0 max_abs=0.0009765625 max_rel=0.052238807
E2E_OUTPUT_DIFF index=39 buffer=239 mismatch=0 max_abs=0.0009765625 max_rel=0.0053763441
E2E_OUTPUT_DIFF index=40 buffer=244 mismatch=0 max_abs=0 max_rel=0
E2E_OUTPUT_DIFF index=41 buffer=246 mismatch=0 max_abs=0 max_rel=0
E2E_OUTPUT_DIFF index=42 buffer=263 mismatch=0 max_abs=0.001953125 max_rel=0.017621145
E2E_OUTPUT_DIFF index=43 buffer=265 mismatch=0 max_abs=1.1920929e-07 max_rel=0.0043103448
E2E_OUTPUT_DIFF index=44 buffer=270 mismatch=0 max_abs=0 max_rel=0
E2E_OUTPUT_DIFF index=45 buffer=272 mismatch=0 max_abs=0 max_rel=0
E2E_OUTPUT_DIFF index=46 buffer=289 mismatch=0 max_abs=4.7683716e-07 max_rel=0.010695187
E2E_OUTPUT_DIFF index=47 buffer=291 mismatch=0 max_abs=0 max_rel=0
E2E_OUTPUT_DIFF index=48 buffer=296 mismatch=0 max_abs=0 max_rel=0
E2E_OUTPUT_DIFF index=49 buffer=298 mismatch=0 max_abs=0.00048828125 max_rel=0.0054347827
E2E_OUTPUT_DIFF index=50 buffer=315 mismatch=0 max_abs=3.0517578e-05 max_rel=0.0048076925
E2E_OUTPUT_DIFF index=51 buffer=317 mismatch=0 max_abs=0.00012207031 max_rel=0.0064102565
E2E_OUTPUT_DIFF index=52 buffer=322 mismatch=0 max_abs=0 max_rel=0
E2E_OUTPUT_DIFF index=53 buffer=324 mismatch=0 max_abs=0 max_rel=0
E2E_OUTPUT_DIFF index=54 buffer=341 mismatch=0 max_abs=0.0009765625 max_rel=0.011299435
E2E_OUTPUT_DIFF index=55 buffer=343 mismatch=0 max_abs=0.00390625 max_rel=0.0058139535
E2E_OUTPUT_DIFF index=56 buffer=348 mismatch=0 max_abs=0 max_rel=0
E2E_OUTPUT_DIFF index=57 buffer=350 mismatch=0 max_abs=0 max_rel=0
E2E_OUTPUT_DIFF index=58 buffer=367 mismatch=0 max_abs=0.00024414062 max_rel=0.0054347827
E2E_OUTPUT_DIFF index=59 buffer=369 mismatch=0 max_abs=0 max_rel=0
E2E_OUTPUT_DIFF index=60 buffer=374 mismatch=0 max_abs=0 max_rel=0
E2E_OUTPUT_DIFF index=61 buffer=376 mismatch=0 max_abs=0 max_rel=0
E2E_OUTPUT_DIFF index=62 buffer=393 mismatch=0 max_abs=0.00012207031 max_rel=0.0057142857
E2E_OUTPUT_DIFF index=63 buffer=395 mismatch=0 max_abs=0 max_rel=0
E2E_OUTPUT_DIFF index=64 buffer=400 mismatch=0 max_abs=0 max_rel=0
E2E_OUTPUT_DIFF index=65 buffer=402 mismatch=0 max_abs=0.00390625 max_rel=0.014901161
E2E_HASH l05=17c97a182c65d9ce l1=17c97a182c65d9ce l2=17c97a182c65d9ce
E2E_ITER l2_iter1_ms=3.012352 l2_iter1_vs_iter0_mismatch=0 max_abs=0
E2E_KAPPA event_kappa=1 dependency_table=variant_exact
E2E_VARIANT index=0 seq_begin=1 seq_end=4
RESULT status=MISMATCH
