E2E_ARCH plan=sm_89 plan_id=890 device=sm_89 device_id=890
E2E_PARTIALS fp32=1 element_bytes=4 total_bytes=258605056
E2E_PLACE_STATS placement=0 max_queue=600 same_worker_edges=143660 cross_worker_edges=64897876 base_rotation=0 plan=eft
E2E_TIMING cold=0 warmup=1 repeat=1 statistic=median reset=outside_timing
E2E_TRACE_V2 slots=282720 events=211844 traced_launch=l2_forward_last_timed_sample out=/root/TileMega/docs/experiments/SOLVER_R9B/trace/llama_s64/correctness_dump_07
E2E_RESOURCE block=128 reg=96 smem=16384 task_smem=16384 occupancy_smem=16384 static_smem=0 regs_per_sm=65536 smem_per_sm=102400 threads_per_sm=1536 gemm_union=12288 variant_count=1 ctas_per_sm=4 num_sms=128 grid=512 l1_reg=90 l05_reg=80 l1_ctas=5 l2_ctas=5 min_blocks=1 warp_size=32 resident_formula=ctas_per_sm*num_sms
E2E_SCHEDULE workers=512 variant_stages=243 task_refs=282720 task_ref_bytes=7916160 waits=2692532 wait_bytes=21540256 raw_polls=5367764 lifted_polls=2675232 waiting_tasks=166976 normalization_dummies_lb=2525556 max_span=13 generated_max_span=10 max_worker_span=511 resident_limit=512 global_fanin=1 i3_current=pass i3_overresident=reject max_worker_task_refs=600
E2E_TIME l05_ms=11.830304 l1_ms=10.954720 ratio=0.925988 l2_ms=11.910144 l2_over_l1=1.087216
E2E_DIFF l05_vs_l0_mismatch=2267 max_abs=0.03125 max_rel=9764.7461 l1_vs_l05_mismatch=0 max_abs=0 max_rel=0 l2_vs_l1_mismatch=0 max_abs=0 max_rel=0
E2E_OUTPUT_DIFF index=0 buffer=374 mismatch=2237 max_abs=0.03125 max_rel=9764.7461
E2E_OUTPUT_DIFF index=1 buffer=25 mismatch=0 max_abs=0.00390625 max_rel=0.0086580086
E2E_OUTPUT_DIFF index=2 buffer=26 mismatch=0 max_abs=0.001953125 max_rel=0.044176705
E2E_OUTPUT_DIFF index=3 buffer=48 mismatch=0 max_abs=0.015625 max_rel=305.17578
E2E_OUTPUT_DIFF index=4 buffer=49 mismatch=0 max_abs=0.0078125 max_rel=8.2266665
E2E_OUTPUT_DIFF index=5 buffer=71 mismatch=0 max_abs=0.015625 max_rel=1953.125
E2E_OUTPUT_DIFF index=6 buffer=72 mismatch=0 max_abs=0.015625 max_rel=1839.5781
E2E_OUTPUT_DIFF index=7 buffer=94 mismatch=0 max_abs=0.015625 max_rel=2929.6875
E2E_OUTPUT_DIFF index=8 buffer=95 mismatch=0 max_abs=0.015625 max_rel=17.797203
E2E_OUTPUT_DIFF index=9 buffer=117 mismatch=0 max_abs=0.015625 max_rel=5859.375
E2E_OUTPUT_DIFF index=10 buffer=118 mismatch=0 max_abs=0.0078125 max_rel=35.331127
E2E_OUTPUT_DIFF index=11 buffer=140 mismatch=0 max_abs=0.015625 max_rel=4150.3906
E2E_OUTPUT_DIFF index=12 buffer=141 mismatch=0 max_abs=0.015625 max_rel=114.09244
E2E_OUTPUT_DIFF index=13 buffer=163 mismatch=0 max_abs=0.015625 max_rel=4882.8125
E2E_OUTPUT_DIFF index=14 buffer=164 mismatch=0 max_abs=0.015625 max_rel=292.98663
E2E_OUTPUT_DIFF index=15 buffer=186 mismatch=0 max_abs=0.015625 max_rel=7812.5
E2E_OUTPUT_DIFF index=16 buffer=187 mismatch=0 max_abs=0.015625 max_rel=42.990952
E2E_OUTPUT_DIFF index=17 buffer=209 mismatch=0 max_abs=0.015625 max_rel=5859.375
E2E_OUTPUT_DIFF index=18 buffer=210 mismatch=0 max_abs=0.015625 max_rel=1655.3402
E2E_OUTPUT_DIFF index=19 buffer=232 mismatch=0 max_abs=0.015625 max_rel=7812.5
E2E_OUTPUT_DIFF index=20 buffer=233 mismatch=0 max_abs=0.015625 max_rel=98.278046
E2E_OUTPUT_DIFF index=21 buffer=255 mismatch=0 max_abs=0.0234375 max_rel=4882.8125
E2E_OUTPUT_DIFF index=22 buffer=256 mismatch=0 max_abs=0.016601562 max_rel=1265.64
E2E_OUTPUT_DIFF index=23 buffer=278 mismatch=1 max_abs=0.017089844 max_rel=7812.5
E2E_OUTPUT_DIFF index=24 buffer=279 mismatch=0 max_abs=0.016601562 max_rel=4791.8931
E2E_OUTPUT_DIFF index=25 buffer=301 mismatch=2 max_abs=0.01953125 max_rel=7812.5
E2E_OUTPUT_DIFF index=26 buffer=302 mismatch=0 max_abs=0.017578125 max_rel=51.860928
E2E_OUTPUT_DIFF index=27 buffer=324 mismatch=0 max_abs=0.0234375 max_rel=7812.5
E2E_OUTPUT_DIFF index=28 buffer=325 mismatch=0 max_abs=0.01953125 max_rel=567.57867
E2E_OUTPUT_DIFF index=29 buffer=347 mismatch=4 max_abs=0.03125 max_rel=8789.0625
E2E_OUTPUT_DIFF index=30 buffer=348 mismatch=6 max_abs=0.01953125 max_rel=1270.4667
E2E_OUTPUT_DIFF index=31 buffer=370 mismatch=7 max_abs=0.0234375 max_rel=5859.375
E2E_OUTPUT_DIFF index=32 buffer=371 mismatch=10 max_abs=0.0234375 max_rel=459.51398
E2E_HASH l05=fc50b55a36cdfb9c l1=fc50b55a36cdfb9c l2=fc50b55a36cdfb9c
E2E_ITER l2_iter1_ms=11.909120 l2_iter1_vs_iter0_mismatch=0 max_abs=0
E2E_KAPPA event_kappa=1 dependency_table=variant_exact
E2E_VARIANT index=0 seq_begin=1 seq_end=64
RESULT status=MISMATCH
