REPLAY docs/experiments/PLACE_EFT2/raw/final/trace_a_gqa2_s128_chain
REPLAY docs/experiments/PLACE_EFT2/raw/final/trace_a_gqa2_s128_rotate
REPLAY docs/experiments/PLACE_EFT2/raw/final/trace_a_gqa2_s4_chain
REPLAY docs/experiments/PLACE_EFT2/raw/final/trace_a_gqa2_s4_rotate
REPLAY docs/experiments/PLACE_EFT2/raw/final/trace_a_mha4_s128_chain
REPLAY docs/experiments/PLACE_EFT2/raw/final/trace_a_mha4_s128_rotate
REPLAY docs/experiments/PLACE_EFT2/raw/final/trace_a_mha4_s4_chain
REPLAY docs/experiments/PLACE_EFT2/raw/final/trace_a_mha4_s4_rotate
REPLAY docs/experiments/PLACE_EFT2/raw/final/trace_b_gqa2_s128_chain
REPLAY docs/experiments/PLACE_EFT2/raw/final/trace_b_gqa2_s128_rotate
REPLAY docs/experiments/PLACE_EFT2/raw/final/trace_b_gqa2_s4_chain
REPLAY docs/experiments/PLACE_EFT2/raw/final/trace_b_gqa2_s4_rotate
REPLAY docs/experiments/PLACE_EFT2/raw/final/trace_b_mha4_s128_chain
REPLAY docs/experiments/PLACE_EFT2/raw/final/trace_b_mha4_s128_rotate
REPLAY docs/experiments/PLACE_EFT2/raw/final/trace_b_mha4_s4_chain
REPLAY docs/experiments/PLACE_EFT2/raw/final/trace_b_mha4_s4_rotate
REPLAY docs/experiments/PLACE_EFT2/raw/final/trace_d_gqa2_s128_chain
REPLAY docs/experiments/PLACE_EFT2/raw/final/trace_d_gqa2_s128_rotate
REPLAY docs/experiments/PLACE_EFT2/raw/final/trace_d_gqa2_s4_chain
REPLAY docs/experiments/PLACE_EFT2/raw/final/trace_d_gqa2_s4_rotate
REPLAY docs/experiments/PLACE_EFT2/raw/final/trace_d_mha4_s128_chain
REPLAY docs/experiments/PLACE_EFT2/raw/final/trace_d_mha4_s128_rotate
REPLAY docs/experiments/PLACE_EFT2/raw/final/trace_d_mha4_s4_chain
REPLAY docs/experiments/PLACE_EFT2/raw/final/trace_d_mha4_s4_rotate
REPLAY docs/experiments/PLACE_EFT2/raw/final/trace_w_gqa2_s128_chain
REPLAY docs/experiments/PLACE_EFT2/raw/final/trace_w_gqa2_s128_rotate
REPLAY docs/experiments/PLACE_EFT2/raw/final/trace_w_gqa2_s4_chain
REPLAY docs/experiments/PLACE_EFT2/raw/final/trace_w_gqa2_s4_rotate
REPLAY docs/experiments/PLACE_EFT2/raw/final/trace_w_mha4_s128_chain
REPLAY docs/experiments/PLACE_EFT2/raw/final/trace_w_mha4_s128_rotate
REPLAY docs/experiments/PLACE_EFT2/raw/final/trace_w_mha4_s4_chain
REPLAY docs/experiments/PLACE_EFT2/raw/final/trace_w_mha4_s4_rotate
REPLAY docs/experiments/WINDOW/raw/final/trace_w1_gqa2_s128
REPLAY docs/experiments/WINDOW/raw/final/trace_w1_gqa2_s4
REPLAY docs/experiments/WINDOW/raw/final/trace_w1_mha4_s128
REPLAY docs/experiments/WINDOW/raw/final/trace_w1_mha4_s4
REPLAY docs/experiments/WINDOW/raw/final/trace_w2_gqa2_s128
REPLAY docs/experiments/WINDOW/raw/final/trace_w2_gqa2_s4
REPLAY docs/experiments/WINDOW/raw/final/trace_w2_mha4_s128
REPLAY docs/experiments/WINDOW/raw/final/trace_w2_mha4_s4
REPLAY docs/experiments/WINDOW/raw/final/trace_w4_gqa2_s128
REPLAY docs/experiments/WINDOW/raw/final/trace_w4_gqa2_s4
REPLAY docs/experiments/WINDOW/raw/final/trace_w4_mha4_s128
REPLAY docs/experiments/WINDOW/raw/final/trace_w4_mha4_s4
REPLAY docs/experiments/SYNC_V3/targets_raw/dump/gqa2_s128_balanced
REPLAY docs/experiments/SYNC_V3/targets_raw/dump/gqa2_s128_chain
REPLAY docs/experiments/SYNC_V3/targets_raw/dump/gqa2_s128_eft
REPLAY docs/experiments/SYNC_V3/targets_raw/dump/gqa2_s128_legacy_grid_stride
REPLAY docs/experiments/SYNC_V3/targets_raw/dump/gqa2_s128_rotate
REPLAY docs/experiments/SYNC_V3/targets_raw/dump/gqa2_s128_wavefront
REPLAY docs/experiments/SYNC_V3/targets_raw/dump/gqa2_s4_balanced
REPLAY docs/experiments/SYNC_V3/targets_raw/dump/gqa2_s4_chain
REPLAY docs/experiments/SYNC_V3/targets_raw/dump/gqa2_s4_eft
REPLAY docs/experiments/SYNC_V3/targets_raw/dump/gqa2_s4_legacy_grid_stride
REPLAY docs/experiments/SYNC_V3/targets_raw/dump/gqa2_s4_rotate
REPLAY docs/experiments/SYNC_V3/targets_raw/dump/gqa2_s4_wavefront
REPLAY docs/experiments/SYNC_V3/targets_raw/dump/mha4_s128_balanced
REPLAY docs/experiments/SYNC_V3/targets_raw/dump/mha4_s128_chain
REPLAY docs/experiments/SYNC_V3/targets_raw/dump/mha4_s128_eft
REPLAY docs/experiments/SYNC_V3/targets_raw/dump/mha4_s128_legacy_grid_stride
REPLAY docs/experiments/SYNC_V3/targets_raw/dump/mha4_s128_rotate
REPLAY docs/experiments/SYNC_V3/targets_raw/dump/mha4_s128_wavefront
REPLAY docs/experiments/SYNC_V3/targets_raw/dump/mha4_s4_balanced
REPLAY docs/experiments/SYNC_V3/targets_raw/dump/mha4_s4_chain
REPLAY docs/experiments/SYNC_V3/targets_raw/dump/mha4_s4_eft
REPLAY docs/experiments/SYNC_V3/targets_raw/dump/mha4_s4_legacy_grid_stride
REPLAY docs/experiments/SYNC_V3/targets_raw/dump/mha4_s4_rotate
REPLAY docs/experiments/SYNC_V3/targets_raw/dump/mha4_s4_wavefront
