PROVE wavefront_g256 S=81..81
ISL_CHECK total
ISL_CHECK bijective
ISL_CHECK dense
ISL_CHECK resident
ISL_CHECK queue_edges
ISL_CHECK ranked_edges
ISL_CHECK acyclic
PROVE wavefront_g256 S=82..82
ISL_CHECK total
ISL_CHECK bijective
ISL_CHECK dense
ISL_CHECK resident
ISL_CHECK queue_edges
ISL_CHECK ranked_edges
ISL_CHECK acyclic
PROVE wavefront_g256 S=83..83
ISL_CHECK total
ISL_CHECK bijective
ISL_CHECK dense
ISL_CHECK resident
ISL_CHECK queue_edges
ISL_CHECK ranked_edges
ISL_CHECK acyclic
PROVE wavefront_g256 S=84..84
ISL_CHECK total
ISL_CHECK bijective
ISL_CHECK dense
ISL_CHECK resident
ISL_CHECK queue_edges
ISL_CHECK ranked_edges
ISL_CHECK acyclic
PROVE wavefront_g256 S=85..85
ISL_CHECK total
ISL_CHECK bijective
ISL_CHECK dense
ISL_CHECK resident
ISL_CHECK queue_edges
ISL_CHECK ranked_edges
ISL_CHECK acyclic
PROVE wavefront_g256 S=86..86
ISL_CHECK total
ISL_CHECK bijective
ISL_CHECK dense
ISL_CHECK resident
ISL_CHECK queue_edges
ISL_CHECK ranked_edges
ISL_CHECK acyclic
PROVE wavefront_g256 S=87..87
ISL_CHECK total
ISL_CHECK bijective
ISL_CHECK dense
ISL_CHECK resident
ISL_CHECK queue_edges
ISL_CHECK ranked_edges
ISL_CHECK acyclic
PROVE wavefront_g256 S=88..88
ISL_CHECK total
ISL_CHECK bijective
ISL_CHECK dense
ISL_CHECK resident
ISL_CHECK queue_edges
ISL_CHECK ranked_edges
ISL_CHECK acyclic
PROVE wavefront_g256 S=89..89
ISL_CHECK total
ISL_CHECK bijective
ISL_CHECK dense
ISL_CHECK resident
ISL_CHECK queue_edges
ISL_CHECK ranked_edges
ISL_CHECK acyclic
PROVE wavefront_g256 S=90..90
ISL_CHECK total
ISL_CHECK bijective
ISL_CHECK dense
ISL_CHECK resident
ISL_CHECK queue_edges
ISL_CHECK ranked_edges
ISL_CHECK acyclic
PROVE wavefront_g256 S=91..91
ISL_CHECK total
ISL_CHECK bijective
ISL_CHECK dense
ISL_CHECK resident
ISL_CHECK queue_edges
ISL_CHECK ranked_edges
ISL_CHECK acyclic
PROVE wavefront_g256 S=92..92
ISL_CHECK total
ISL_CHECK bijective
ISL_CHECK dense
ISL_CHECK resident
ISL_CHECK queue_edges
ISL_CHECK ranked_edges
ISL_CHECK acyclic
PROVE wavefront_g256 S=93..93
ISL_CHECK total
ISL_CHECK bijective
ISL_CHECK dense
ISL_CHECK resident
ISL_CHECK queue_edges
ISL_CHECK ranked_edges
ISL_CHECK acyclic
PROVE wavefront_g256 S=94..94
ISL_CHECK total
ISL_CHECK bijective
ISL_CHECK dense
ISL_CHECK resident
ISL_CHECK queue_edges
ISL_CHECK ranked_edges
ISL_CHECK acyclic
PROVE wavefront_g256 S=95..95
ISL_CHECK total
ISL_CHECK bijective
ISL_CHECK dense
ISL_CHECK resident
ISL_CHECK queue_edges
ISL_CHECK ranked_edges
ISL_CHECK acyclic
PROVE wavefront_g256 S=96..96
ISL_CHECK total
ISL_CHECK bijective
ISL_CHECK dense
ISL_CHECK resident
ISL_CHECK queue_edges
ISL_CHECK ranked_edges
ISL_CHECK acyclic
SYMBOLIC_TEMPLATE wavefront_g256 done
