RELATIONS ms=16991.4
INDIRECT tensor=p_embed_weight tokens=4 unique_rows=4 width=2048
FLOOR ms=17323
PREPARE ms=36810.877267999997 spaces=356 edges=435 price_hits=0 price_misses=21 varying=16
STRUCTURE ms=893.77426000000003 counts_exact=1 releases_exact=1 makespan_exact=1
PREPARE_WARM ms=14.886096999999999 space_hits=1047 space_misses=21
FLOW ns=4578557.6604325231 floor_ns=2519298.8244356406 delivered=2474944544.0000257 mean_ms=2.6743667999999996 max_ms=2.7637860000000001
DECOMPOSE sync=1170797.3966739639 fixed=754668.85519461986 contention=1974.8265154124238 chain=131817.75761288637 pg=1360063.5181931411
VARYING l0.s09.attn
VARYING l0.s24.attn
VARYING l0.s39.attn
VARYING l0.s54.attn
VARYING l0.s69.attn
VARYING l0.s84.attn
VARYING l0.s99.attn
VARYING l0.s114.attn
VARYING l0.s129.attn
VARYING l0.s144.attn
VARYING l0.s159.attn
VARYING l0.s174.attn
VARYING l0.s189.attn
VARYING l0.s204.attn
VARYING l0.s219.attn
VARYING l0.s234.attn
