RELATIONS ms=42080.3
INDIRECT tensor=p_embed_weight tokens=64 unique_rows=64 width=2048
FLOOR ms=42506
PREPARE ms=49251.021123999999 spaces=676 edges=815 price_hits=0 price_misses=23 varying=28
STRUCTURE ms=1174.8569199999999 counts_exact=1 releases_exact=1 makespan_exact=1
PREPARE_WARM ms=34.804353999999996 space_hits=2005 space_misses=23
FLOW ns=11878367.563103845 floor_ns=3533623.65901714 delivered=6984352255.9980917 mean_ms=22.676211000000002 max_ms=23.398264999999999
DECOMPOSE sync=2926804.8951236457 fixed=1454295.5009138929 contention=256098.42918966804 chain=3707545.0788594987 pg=2063361.4525786545
VARYING l0.s11.attn
VARYING l0.s28.attn
VARYING l0.s45.attn
VARYING l0.s62.attn
VARYING l0.s79.attn
VARYING l0.s96.attn
VARYING l0.s113.attn
VARYING l0.s130.attn
VARYING l0.s147.attn
VARYING l0.s164.attn
VARYING l0.s181.attn
VARYING l0.s198.attn
VARYING l0.s215.attn
VARYING l0.s232.attn
VARYING l0.s249.attn
VARYING l0.s266.attn
VARYING l0.s283.attn
VARYING l0.s300.attn
VARYING l0.s317.attn
VARYING l0.s334.attn
VARYING l0.s351.attn
VARYING l0.s368.attn
VARYING l0.s385.attn
VARYING l0.s402.attn
VARYING l0.s419.attn
VARYING l0.s436.attn
VARYING l0.s453.attn
VARYING l0.s470.attn
