E2E_PARTIALS fp32=1 element_bytes=4 total_bytes=44040192
E2E_PLACE_STATS placement=0 max_queue=104 same_worker_edges=1772 cross_worker_edges=416244 base_rotation=0 plan=eft
E2E_TIMING cold=0 warmup=5 repeat=11 statistic=median reset=outside_timing
E2E_RESOURCE block=128 reg=140 smem=16384 task_smem=16384 occupancy_smem=16384 static_smem=0 regs_per_sm=65536 smem_per_sm=102400 threads_per_sm=1536 gemm_union=12288 variant_count=1 ctas_per_sm=3 num_sms=128 grid=384 l1_reg=140 l05_reg=146 l1_ctas=3 l2_ctas=3 min_blocks=1 warp_size=32 resident_formula=ctas_per_sm*num_sms
E2E_SCHEDULE workers=384 variant_stages=60 task_refs=24304 task_ref_bytes=680512 waits=15268 wait_bytes=122144 raw_polls=30656 lifted_polls=15388 waiting_tasks=8940 normalization_dummies_lb=6328 max_span=13 generated_max_span=10 max_worker_span=336 resident_limit=384 global_fanin=1 i3_current=pass i3_overresident=reject max_worker_task_refs=104
E2E_TIME l05_ms=2.768896 l1_ms=2.741024 ratio=0.989934 l2_ms=2.556928 l2_over_l1=0.932837
E2E_DIFF l05_vs_l0_mismatch=0 max_abs=0.0390625 max_rel=5859.375 l1_vs_l05_mismatch=0 max_abs=0 max_rel=0 l2_vs_l1_mismatch=47769 max_abs=2.21875 max_rel=181640.62
E2E_OUTPUT_DIFF index=0 buffer=73 mismatch=0 max_abs=0.0390625 max_rel=5859.375
E2E_OUTPUT_DIFF index=1 buffer=23 mismatch=0 max_abs=0 max_rel=0
E2E_OUTPUT_DIFF index=2 buffer=24 mismatch=0 max_abs=3.8146973e-06 max_rel=0.0069444445
E2E_OUTPUT_DIFF index=3 buffer=47 mismatch=0 max_abs=0.0078125 max_rel=27.153847
E2E_OUTPUT_DIFF index=4 buffer=48 mismatch=0 max_abs=0.0078125 max_rel=4.1091704
E2E_OUTPUT_DIFF index=5 buffer=71 mismatch=0 max_abs=0.015625 max_rel=1953.125
E2E_OUTPUT_DIFF index=6 buffer=72 mismatch=0 max_abs=0.0078125 max_rel=378.013
E2E_OUTPUT_DIFF index=7 buffer=95 mismatch=0 max_abs=0.009765625 max_rel=5.75
E2E_OUTPUT_DIFF index=8 buffer=96 mismatch=0 max_abs=0.0078125 max_rel=51.766918
E2E_HASH l05=c46e6d9d4a274da1 l1=c46e6d9d4a274da1 l2=1578ee5cf95bcdab
E2E_ITER l2_iter1_ms=2.553856 l2_iter1_vs_iter0_mismatch=12811 max_abs=2.046875
E2E_KAPPA event_kappa=4 dependency_table=variant_exact
E2E_VARIANT index=0 seq_begin=1 seq_end=4
RESULT status=MISMATCH
