ninja: Entering directory `build-portable'
[1/111] Linking CXX executable tools/tilemega-calibrate
[2/111] Linking CXX executable tools/tilemega-derive
[3/111] Linking CXX executable tools/tilemega-shape-probe
[4/111] Linking CXX executable tools/tilemega-import
[5/111] Linking CXX executable tools/tilemega-wiring
[6/111] Linking CXX executable tools/tilemega-identity-probe
[7/111] Linking CXX executable tools/tilemega-symbolic-probe
[8/111] Linking CXX executable tools/tilemega-affine-probe
[9/111] Linking CXX executable tools/tilemega-event-cost
[10/111] Building CXX object CMakeFiles/tilemega-op-audit.dir/tools/tilemega-op-audit.cpp.o
[11/111] Linking CXX executable tools/tilemega-op-audit
[12/111] Building CXX object CMakeFiles/tilemega-event-price.dir/tools/tilemega-event-price.cpp.o
[13/111] Building CXX object CMakeFiles/tilemega-fusion-events.dir/tools/tilemega-fusion-events.cpp.o
[14/111] Linking CXX executable tools/tilemega-fusion-chain
[15/111] Linking CXX executable tools/tilemega-event-price
[16/111] Linking CXX executable tools/tilemega-fusion-events
[17/111] Linking CXX executable tools/tilemega-task-work-probe
[18/111] Linking CXX executable tools/tilemega-task-work-gate
[19/111] Building CXX object CMakeFiles/tilemega-fusion-dp.dir/tools/tilemega-fusion-dp.cpp.o
[20/111] Linking CXX executable tools/tilemega-fusion-dp
[21/111] Building CXX object CMakeFiles/tilemega-parametric.dir/tools/tilemega-parametric.cpp.o
[22/111] Linking CXX executable tools/tilemega-parametric
[23/111] Building CXX object CMakeFiles/tilemega-task-cost-gate.dir/tools/tilemega-task-cost-gate.cpp.o
[24/111] Linking CXX executable tools/tilemega-task-cost-gate
[25/111] Building CXX object CMakeFiles/tilemega-interface-probe.dir/tools/tilemega-interface-probe.cpp.o
[26/111] Building CXX object CMakeFiles/tilemega-scalar-cost-probe.dir/tools/tilemega-scalar-cost-probe.cpp.o
[27/111] Building CXX object CMakeFiles/tilemega-compile.dir/tools/tilemega-compile.cpp.o
[28/111] Linking CXX executable tools/tilemega-interface-probe
[29/111] Linking CXX executable tools/tilemega-scalar-cost-probe
[30/111] Linking CXX executable tools/tilemega-compile
[31/111] Building CXX object CMakeFiles/tilemega-scalar-error-probe.dir/tools/tilemega-scalar-error-probe.cpp.o
[32/111] Linking CXX executable tools/tilemega-scalar-error-probe
[33/111] Building CXX object CMakeFiles/tilemega-simulate.dir/docs/experiments/SIMULATOR/simulate.cpp.o
[34/111] Linking CXX executable tools/tilemega-simulate
[35/111] Building CXX object CMakeFiles/tilemega-runtime-projection.dir/tools/tilemega-runtime-projection.cpp.o
[36/111] Building CXX object CMakeFiles/tilemega-fusion-probe.dir/tools/tilemega-fusion-probe.cpp.o
[37/111] Linking CXX executable tools/tilemega-runtime-projection
[38/111] Linking CXX executable tools/tilemega-fusion-probe
[39/111] Building CXX object CMakeFiles/tilemega-place-eft.dir/docs/experiments/PLACE_EFT/place_eft.cpp.o
[40/111] Linking CXX executable tools/tilemega-place-eft
[41/111] Building CXX object CMakeFiles/tilemega-attention-work.dir/tools/tilemega-attention-work.cpp.o
[42/111] Linking CXX executable tools/tilemega-attention-work
[43/111] Building CXX object CMakeFiles/tilemega-place-chain.dir/docs/experiments/CHAIN/place_chain.cpp.o
[44/111] Linking CXX executable tools/tilemega-place-chain
[45/111] Building CXX object CMakeFiles/tilemega-attention-plan-price.dir/tools/tilemega-attention-plan-price.cpp.o
[46/111] Linking CXX executable tools/tilemega-attention-plan-price
[47/111] Building CXX object CMakeFiles/tilemega-fusion-cost.dir/tools/tilemega-fusion-cost.cpp.o
[48/111] Linking CXX executable tools/tilemega-fusion-cost
[49/111] Building CXX object CMakeFiles/tilemega-symbolic-task-price.dir/tools/tilemega-symbolic-task-price.cpp.o
[50/111] Building CXX object CMakeFiles/tilemega-attention-dp.dir/tools/tilemega-attention-dp.cpp.o
[51/111] Linking CXX executable tools/tilemega-symbolic-task-price
[52/111] Linking CXX executable tools/tilemega-wait-policy
[53/111] Linking CXX executable target_spec_test
[54/111] Linking CXX executable tools/tilemega-attention-dp
[55/111] Linking CXX executable table27_test
[56/111] Linking CXX executable coupling_types_test
[57/111] Linking CXX executable semantics_test
[58/111] Linking CXX executable incidence_test
[59/111] Linking CXX executable containment_test
[60/111] Linking CXX executable event_synthesis_test
[61/111] Linking CXX executable isl_relation_test
[62/111] Building CXX object CMakeFiles/tilemega-migrate.dir/tools/tilemega-migrate.cpp.o
[63/111] Linking CXX executable runtime_projection_test
[64/111] Linking CXX executable layout_bridge_test
[65/111] Linking CXX executable tools/tilemega-migrate
[66/111] Building CXX object CMakeFiles/tilemega-costmodel.dir/tools/tilemega-costmodel.cpp.o
[67/111] Linking CXX executable backend_query_test
[68/111] Linking CXX executable cg_attr_test
[69/111] Linking CXX executable tools/tilemega-costmodel
[70/111] Building CXX object CMakeFiles/tilemega-target-audit.dir/tools/tilemega-target-audit.cpp.o
[71/111] Building CXX object CMakeFiles/cache_service_curve_test.dir/test/unit/cache_service_curve_test.cpp.o
[72/111] Linking CXX executable tools/tilemega-target-audit
[73/111] Linking CXX executable cache_service_curve_test
[74/111] Linking CXX executable lane_intersections_test
[75/111] Building CXX object CMakeFiles/fusion_access_test.dir/test/unit/fusion_access_test.cpp.o
[76/111] Building CXX object CMakeFiles/tilemega-solve.dir/tools/tilemega-solve.cpp.o
[77/111] Linking CXX executable fusion_access_test
[78/111] Building CXX object CMakeFiles/task_element_work_test.dir/test/unit/task_element_work_test.cpp.o
[79/111] Linking CXX executable tools/tilemega-solve
[80/111] Linking CXX executable fused_runtime_projection_test
[81/111] Linking CXX executable task_element_work_test
[82/111] Linking CXX executable exact_runtime_task_graph_test
[83/111] Linking CXX executable fiber_sum_test
[84/111] Linking CXX executable list_scheduler_test
[85/111] Linking CXX executable plan_contract_test
[86/111] Building CXX object CMakeFiles/chain_dp_test.dir/test/unit/chain_dp_test.cpp.o
[87/111] Linking CXX executable chain_dp_test
[88/111] Linking CXX executable chain_placement_test
[89/111] Building CXX object CMakeFiles/eft_placement_test.dir/test/unit/eft_placement_test.cpp.o
[90/111] Linking CXX executable plan_table_test
[91/111] Linking CXX executable cluster_labeling_test
[92/111] Linking CXX executable eft_placement_test
[93/111] Building CXX object CMakeFiles/execution_simulator_test.dir/test/unit/execution_simulator_test.cpp.o
[94/111] Linking CXX executable alignment_propagation_test
[95/111] Building CXX object CMakeFiles/fusion_rewrite_test.dir/test/unit/fusion_rewrite_test.cpp.o
[96/111] Linking CXX executable task_body_contract_test
[97/111] Linking CXX executable impl_contract_test
[98/111] Linking CXX executable bf16_task_body_compile_test
[99/111] Linking CXX executable attention_phase_test
[100/111] Linking CXX executable execution_simulator_test
[101/111] Linking CXX executable fused_gemm_task_body_test
[102/111] Linking CXX executable fused_harness_compile_test
[103/111] Linking CXX executable fusion_rewrite_test
[104/111] Building CXX object CMakeFiles/fusion_written_price_test.dir/test/unit/fusion_written_price_test.cpp.o
[105/111] Linking CXX executable semantic_lifting_test
[106/111] Linking CXX executable wiring_coupling_test
[107/111] Linking CXX executable frontend_import_test
[108/111] Building CXX object CMakeFiles/fusion_batch_rewrite_test.dir/test/unit/fusion_batch_rewrite_test.cpp.o
[109/111] Linking CXX executable degradation_test
[110/111] Linking CXX executable fusion_written_price_test
[111/111] Linking CXX executable fusion_batch_rewrite_test
