SKELETON_RESIDENCY key=32x16x32s2k16;32x16x32s2k16;32x16x32s2k16;32x16x32s2k16;32x16x32s2k16; residency=1 nodes=8840 level2_ms=178.432 requeues=51892 score_ns=213864
SKELETON_RESIDENCY key=32x16x32s2k16;32x16x32s2k16;32x16x32s2k16;32x16x32s2k16;32x16x32s2k16; residency=2 nodes=8840 level2_ms=88.9709 requeues=28041 score_ns=137964
SKELETON_RESIDENCY key=32x16x32s2k16;32x16x32s2k16;32x16x32s2k16;32x16x32s2k16;32x16x32s2k16; residency=3 nodes=8840 level2_ms=93.79 requeues=20372 score_ns=123010
SKELETON_RESIDENCY key=32x16x32s2k16;32x16x32s2k16;32x16x32s2k16;32x16x32s2k16;32x16x32s2k16; residency=4 nodes=8840 level2_ms=96.8438 requeues=16284 score_ns=110023
SKELETON_RESIDENCY key=32x16x32s2k16;32x16x32s2k16;32x16x32s2k16;32x16x32s2k16;32x16x32s2k16; residency=5 nodes=8840 level2_ms=85.8532 requeues=14275 score_ns=103702
SKELETON_RESIDENCY key=32x16x32s2k16;32x16x32s2k16;32x16x32s2k16;32x16x32s2k16;32x16x32s2k16; residency=6 nodes=8840 level2_ms=79.1109 requeues=12916 score_ns=101364
SKELETON_RESIDENCY key=32x16x32s2k1;32x16x32s2k16;32x16x32s2k16;32x16x32s2k16;32x16x32s2k16; residency=1 nodes=7816 level2_ms=72.3498 requeues=46178 score_ns=199084
SKELETON_RESIDENCY key=32x16x32s2k1;32x16x32s2k16;32x16x32s2k16;32x16x32s2k16;32x16x32s2k16; residency=2 nodes=7816 level2_ms=78.3756 requeues=24532 score_ns=130575
SKELETON_RESIDENCY key=32x16x32s2k1;32x16x32s2k16;32x16x32s2k16;32x16x32s2k16;32x16x32s2k16; residency=3 nodes=7816 level2_ms=84.5511 requeues=17876 score_ns=118045
SKELETON_RESIDENCY key=32x16x32s2k1;32x16x32s2k16;32x16x32s2k16;32x16x32s2k16;32x16x32s2k16; residency=4 nodes=7816 level2_ms=89.1233 requeues=14276 score_ns=106139
SKELETON_RESIDENCY key=32x16x32s2k1;32x16x32s2k16;32x16x32s2k16;32x16x32s2k16;32x16x32s2k16; residency=5 nodes=7816 level2_ms=60.8441 requeues=12452 score_ns=105280
SKELETON_RESIDENCY key=32x16x32s2k1;32x16x32s2k16;32x16x32s2k16;32x16x32s2k16;32x16x32s2k16; residency=6 nodes=7816 level2_ms=56.9103 requeues=11348 score_ns=104891
SKELETON_RESIDENCY key=32x16x32s2k2;32x16x32s2k16;32x16x32s2k16;32x16x32s2k16;32x16x32s2k16; residency=1 nodes=7944 level2_ms=53.4845 requeues=45988 score_ns=199084
SKELETON_RESIDENCY key=32x16x32s2k2;32x16x32s2k16;32x16x32s2k16;32x16x32s2k16;32x16x32s2k16; residency=2 nodes=7944 level2_ms=1671.77 requeues=24795 score_ns=130574
SKELETON_RESIDENCY key=32x16x32s2k2;32x16x32s2k16;32x16x32s2k16;32x16x32s2k16;32x16x32s2k16; residency=3 nodes=7944 level2_ms=68.4938 requeues=18068 score_ns=118045
SKELETON_RESIDENCY key=32x16x32s2k2;32x16x32s2k16;32x16x32s2k16;32x16x32s2k16;32x16x32s2k16; residency=4 nodes=7944 level2_ms=70.2624 requeues=14475 score_ns=105732
SKELETON_RESIDENCY key=32x16x32s2k2;32x16x32s2k16;32x16x32s2k16;32x16x32s2k16;32x16x32s2k16; residency=5 nodes=7944 level2_ms=92.3932 requeues=12580 score_ns=101860
SKELETON_RESIDENCY key=32x16x32s2k2;32x16x32s2k16;32x16x32s2k16;32x16x32s2k16;32x16x32s2k16; residency=6 nodes=7944 level2_ms=85.2346 requeues=11476 score_ns=100272
SKELETON_RESIDENCY key=32x16x32s2k4;32x16x32s2k16;32x16x32s2k16;32x16x32s2k16;32x16x32s2k16; residency=1 nodes=8072 level2_ms=72.6423 requeues=46324 score_ns=200943
SKELETON_RESIDENCY key=32x16x32s2k4;32x16x32s2k16;32x16x32s2k16;32x16x32s2k16;32x16x32s2k16; residency=2 nodes=8072 level2_ms=79.7128 requeues=25266 score_ns=130574
SKELETON_RESIDENCY key=32x16x32s2k4;32x16x32s2k16;32x16x32s2k16;32x16x32s2k16;32x16x32s2k16; residency=3 nodes=8072 level2_ms=90.8335 requeues=18323 score_ns=118045
SKELETON_RESIDENCY key=32x16x32s2k4;32x16x32s2k16;32x16x32s2k16;32x16x32s2k16;32x16x32s2k16; residency=4 nodes=8072 level2_ms=91.2868 requeues=14669 score_ns=103172
SKELETON_RESIDENCY key=32x16x32s2k4;32x16x32s2k16;32x16x32s2k16;32x16x32s2k16;32x16x32s2k16; residency=5 nodes=8072 level2_ms=90.5101 requeues=12764 score_ns=102467
SKELETON_RESIDENCY key=32x16x32s2k4;32x16x32s2k16;32x16x32s2k16;32x16x32s2k16;32x16x32s2k16; residency=6 nodes=8072 level2_ms=84.1643 requeues=11636 score_ns=97815.9
SKELETON_RESIDENCY key=32x16x32s2k8;32x16x32s2k16;32x16x32s2k16;32x16x32s2k16;32x16x32s2k16; residency=1 nodes=8328 level2_ms=75.4599 requeues=47924 score_ns=205250
SKELETON_RESIDENCY key=32x16x32s2k8;32x16x32s2k16;32x16x32s2k16;32x16x32s2k16;32x16x32s2k16; residency=2 nodes=8328 level2_ms=83.3005 requeues=26875 score_ns=133967
SKELETON_RESIDENCY key=32x16x32s2k8;32x16x32s2k16;32x16x32s2k16;32x16x32s2k16;32x16x32s2k16; residency=3 nodes=8328 level2_ms=88.7886 requeues=19159 score_ns=120857
SKELETON_RESIDENCY key=32x16x32s2k8;32x16x32s2k16;32x16x32s2k16;32x16x32s2k16;32x16x32s2k16; residency=4 nodes=8328 level2_ms=93.1599 requeues=15268 score_ns=106951
SKELETON_RESIDENCY key=32x16x32s2k8;32x16x32s2k16;32x16x32s2k16;32x16x32s2k16;32x16x32s2k16; residency=5 nodes=8328 level2_ms=69.5843 requeues=13252 score_ns=103702
SKELETON_RESIDENCY key=32x16x32s2k8;32x16x32s2k16;32x16x32s2k16;32x16x32s2k16;32x16x32s2k16; residency=6 nodes=8328 level2_ms=64.0165 requeues=11905 score_ns=100129
SKELETON_RESIDENCY key=32x16x32s2k32;32x16x32s2k16;32x16x32s2k16;32x16x32s2k16;32x16x32s2k16; residency=1 nodes=8840 level2_ms=63.3518 requeues=51892 score_ns=213864
SKELETON_RESIDENCY key=32x16x32s2k32;32x16x32s2k16;32x16x32s2k16;32x16x32s2k16;32x16x32s2k16; residency=2 nodes=8840 level2_ms=69.3594 requeues=28041 score_ns=137964
SKELETON_RESIDENCY key=32x16x32s2k32;32x16x32s2k16;32x16x32s2k16;32x16x32s2k16;32x16x32s2k16; residency=3 nodes=8840 level2_ms=74.3353 requeues=20372 score_ns=123010
SKELETON_RESIDENCY key=32x16x32s2k32;32x16x32s2k16;32x16x32s2k16;32x16x32s2k16;32x16x32s2k16; residency=4 nodes=8840 level2_ms=75.7899 requeues=16284 score_ns=110023
SKELETON_RESIDENCY key=32x16x32s2k32;32x16x32s2k16;32x16x32s2k16;32x16x32s2k16;32x16x32s2k16; residency=5 nodes=8840 level2_ms=66.9258 requeues=14275 score_ns=103702
SKELETON_RESIDENCY key=32x16x32s2k32;32x16x32s2k16;32x16x32s2k16;32x16x32s2k16;32x16x32s2k16; residency=6 nodes=8840 level2_ms=62.0592 requeues=12916 score_ns=101364
SKELETON_RESIDENCY key=32x16x32s2k4;32x16x32s2k1;32x16x32s2k16;32x16x32s2k16;32x16x32s2k16; residency=1 nodes=7048 level2_ms=66.5562 requeues=42660 score_ns=186030
SKELETON_RESIDENCY key=32x16x32s2k4;32x16x32s2k1;32x16x32s2k16;32x16x32s2k16;32x16x32s2k16; residency=2 nodes=7048 level2_ms=74.4026 requeues=23060 score_ns=127194
SKELETON_RESIDENCY key=32x16x32s2k4;32x16x32s2k1;32x16x32s2k16;32x16x32s2k16;32x16x32s2k16; residency=3 nodes=7048 level2_ms=81.6992 requeues=16788 score_ns=119958
SKELETON_RESIDENCY key=32x16x32s2k4;32x16x32s2k1;32x16x32s2k16;32x16x32s2k16;32x16x32s2k16; residency=4 nodes=7048 level2_ms=85.526 requeues=13364 score_ns=109620
SKELETON_RESIDENCY key=32x16x32s2k4;32x16x32s2k1;32x16x32s2k16;32x16x32s2k16;32x16x32s2k16; residency=5 nodes=7048 level2_ms=75.7433 requeues=11716 score_ns=109564
SKELETON_RESIDENCY key=32x16x32s2k4;32x16x32s2k1;32x16x32s2k16;32x16x32s2k16;32x16x32s2k16; residency=6 nodes=7048 level2_ms=69.8454 requeues=10612 score_ns=109201
SKELETON_RESIDENCY key=32x16x32s2k4;32x16x32s2k2;32x16x32s2k16;32x16x32s2k16;32x16x32s2k16; residency=1 nodes=7176 level2_ms=67.2186 requeues=42820 score_ns=185407
SKELETON_RESIDENCY key=32x16x32s2k4;32x16x32s2k2;32x16x32s2k16;32x16x32s2k16;32x16x32s2k16; residency=2 nodes=7176 level2_ms=74.4786 requeues=23188 score_ns=126451
SKELETON_RESIDENCY key=32x16x32s2k4;32x16x32s2k2;32x16x32s2k16;32x16x32s2k16;32x16x32s2k16; residency=3 nodes=7176 level2_ms=82.575 requeues=16916 score_ns=118935
SKELETON_RESIDENCY key=32x16x32s2k4;32x16x32s2k2;32x16x32s2k16;32x16x32s2k16;32x16x32s2k16; residency=4 nodes=7176 level2_ms=87.289 requeues=13492 score_ns=102278
SKELETON_RESIDENCY key=32x16x32s2k4;32x16x32s2k2;32x16x32s2k16;32x16x32s2k16;32x16x32s2k16; residency=5 nodes=7176 level2_ms=86.8965 requeues=11844 score_ns=106144
SKELETON_RESIDENCY key=32x16x32s2k4;32x16x32s2k2;32x16x32s2k16;32x16x32s2k16;32x16x32s2k16; residency=6 nodes=7176 level2_ms=80.9079 requeues=10738 score_ns=104582
SKELETON_RESIDENCY key=32x16x32s2k4;32x16x32s2k4;32x16x32s2k16;32x16x32s2k16;32x16x32s2k16; residency=1 nodes=7304 level2_ms=67.3417 requeues=43108 score_ns=187869
SKELETON_RESIDENCY key=32x16x32s2k4;32x16x32s2k4;32x16x32s2k16;32x16x32s2k16;32x16x32s2k16; residency=2 nodes=7304 level2_ms=74.6414 requeues=23316 score_ns=124023
SKELETON_RESIDENCY key=32x16x32s2k4;32x16x32s2k4;32x16x32s2k16;32x16x32s2k16;32x16x32s2k16; residency=3 nodes=7304 level2_ms=82.5061 requeues=17043 score_ns=116377
SKELETON_RESIDENCY key=32x16x32s2k4;32x16x32s2k4;32x16x32s2k16;32x16x32s2k16;32x16x32s2k16; residency=4 nodes=7304 level2_ms=87.147 requeues=13626 score_ns=105063
SKELETON_RESIDENCY key=32x16x32s2k4;32x16x32s2k4;32x16x32s2k16;32x16x32s2k16;32x16x32s2k16; residency=5 nodes=7304 level2_ms=87.3624 requeues=11972 score_ns=102406
SKELETON_RESIDENCY key=32x16x32s2k4;32x16x32s2k4;32x16x32s2k16;32x16x32s2k16;32x16x32s2k16; residency=6 nodes=7304 level2_ms=81.035 requeues=10868 score_ns=100254
SKELETON_RESIDENCY key=32x16x32s2k4;32x16x32s2k8;32x16x32s2k16;32x16x32s2k16;32x16x32s2k16; residency=1 nodes=7560 level2_ms=68.6264 requeues=44153 score_ns=192847
SKELETON_RESIDENCY key=32x16x32s2k4;32x16x32s2k8;32x16x32s2k16;32x16x32s2k16;32x16x32s2k16; residency=2 nodes=7560 level2_ms=75.5454 requeues=23840 score_ns=127302
SKELETON_RESIDENCY key=32x16x32s2k4;32x16x32s2k8;32x16x32s2k16;32x16x32s2k16;32x16x32s2k16; residency=3 nodes=7560 level2_ms=83.3062 requeues=17305 score_ns=115899
SKELETON_RESIDENCY key=32x16x32s2k4;32x16x32s2k8;32x16x32s2k16;32x16x32s2k16;32x16x32s2k16; residency=4 nodes=7560 level2_ms=88.579 requeues=13908 score_ns=103236
SKELETON_RESIDENCY key=32x16x32s2k4;32x16x32s2k8;32x16x32s2k16;32x16x32s2k16;32x16x32s2k16; residency=5 nodes=7560 level2_ms=68.5308 requeues=12228 score_ns=100729
SKELETON_RESIDENCY key=32x16x32s2k4;32x16x32s2k8;32x16x32s2k16;32x16x32s2k16;32x16x32s2k16; residency=6 nodes=7560 level2_ms=63.2168 requeues=11124 score_ns=98321.3
SKELETON_RESIDENCY key=32x16x32s2k4;32x16x32s2k32;32x16x32s2k16;32x16x32s2k16;32x16x32s2k16; residency=1 nodes=8072 level2_ms=54.2554 requeues=46324 score_ns=200943
SKELETON_RESIDENCY key=32x16x32s2k4;32x16x32s2k32;32x16x32s2k16;32x16x32s2k16;32x16x32s2k16; residency=2 nodes=8072 level2_ms=64.057 requeues=25266 score_ns=130574
SKELETON_RESIDENCY key=32x16x32s2k4;32x16x32s2k32;32x16x32s2k16;32x16x32s2k16;32x16x32s2k16; residency=3 nodes=8072 level2_ms=68.453 requeues=18323 score_ns=118045
SKELETON_RESIDENCY key=32x16x32s2k4;32x16x32s2k32;32x16x32s2k16;32x16x32s2k16;32x16x32s2k16; residency=4 nodes=8072 level2_ms=71.2252 requeues=14669 score_ns=103172
SKELETON_RESIDENCY key=32x16x32s2k4;32x16x32s2k32;32x16x32s2k16;32x16x32s2k16;32x16x32s2k16; residency=5 nodes=8072 level2_ms=91.4062 requeues=12764 score_ns=102467
SKELETON_RESIDENCY key=32x16x32s2k4;32x16x32s2k32;32x16x32s2k16;32x16x32s2k16;32x16x32s2k16; residency=6 nodes=8072 level2_ms=84.1378 requeues=11636 score_ns=97815.9
SKELETON_RESIDENCY key=32x16x32s2k4;32x16x32s2k16;32x16x32s2k1;32x16x32s2k16;32x16x32s2k16; residency=1 nodes=7048 level2_ms=67.5258 requeues=43716 score_ns=191093
SKELETON_RESIDENCY key=32x16x32s2k4;32x16x32s2k16;32x16x32s2k1;32x16x32s2k16;32x16x32s2k16; residency=2 nodes=7048 level2_ms=72.9402 requeues=23714 score_ns=130360
SKELETON_RESIDENCY key=32x16x32s2k4;32x16x32s2k16;32x16x32s2k1;32x16x32s2k16;32x16x32s2k16; residency=3 nodes=7048 level2_ms=80.897 requeues=17055 score_ns=118158
SKELETON_RESIDENCY key=32x16x32s2k4;32x16x32s2k16;32x16x32s2k1;32x16x32s2k16;32x16x32s2k16; residency=4 nodes=7048 level2_ms=90.3784 requeues=13620 score_ns=107781
SKELETON_RESIDENCY key=32x16x32s2k4;32x16x32s2k16;32x16x32s2k1;32x16x32s2k16;32x16x32s2k16; residency=5 nodes=7048 level2_ms=106.217 requeues=11734 score_ns=111247
SKELETON_RESIDENCY key=32x16x32s2k4;32x16x32s2k16;32x16x32s2k1;32x16x32s2k16;32x16x32s2k16; residency=6 nodes=7048 level2_ms=92.8501 requeues=10612 score_ns=109164
SKELETON_RESIDENCY key=32x16x32s2k4;32x16x32s2k16;32x16x32s2k2;32x16x32s2k16;32x16x32s2k16; residency=1 nodes=7176 level2_ms=68.1014 requeues=43844 score_ns=190323
SKELETON_RESIDENCY key=32x16x32s2k4;32x16x32s2k16;32x16x32s2k2;32x16x32s2k16;32x16x32s2k16; residency=2 nodes=7176 level2_ms=73.8281 requeues=23963 score_ns=129628
SKELETON_RESIDENCY key=32x16x32s2k4;32x16x32s2k16;32x16x32s2k2;32x16x32s2k16;32x16x32s2k16; residency=3 nodes=7176 level2_ms=81.9219 requeues=17197 score_ns=117153
SKELETON_RESIDENCY key=32x16x32s2k4;32x16x32s2k16;32x16x32s2k2;32x16x32s2k16;32x16x32s2k16; residency=4 nodes=7176 level2_ms=87.3048 requeues=13746 score_ns=105584
SKELETON_RESIDENCY key=32x16x32s2k4;32x16x32s2k16;32x16x32s2k2;32x16x32s2k16;32x16x32s2k16; residency=5 nodes=7176 level2_ms=73.0249 requeues=11866 score_ns=107858
SKELETON_RESIDENCY key=32x16x32s2k4;32x16x32s2k16;32x16x32s2k2;32x16x32s2k16;32x16x32s2k16; residency=6 nodes=7176 level2_ms=74.7458 requeues=10740 score_ns=104583
SKELETON_RESIDENCY key=32x16x32s2k4;32x16x32s2k16;32x16x32s2k4;32x16x32s2k16;32x16x32s2k16; residency=1 nodes=7304 level2_ms=53.1628 requeues=43972 score_ns=187869
SKELETON_RESIDENCY key=32x16x32s2k4;32x16x32s2k16;32x16x32s2k4;32x16x32s2k16;32x16x32s2k16; residency=2 nodes=7304 level2_ms=56.3351 requeues=24121 score_ns=128130
SKELETON_RESIDENCY key=32x16x32s2k4;32x16x32s2k16;32x16x32s2k4;32x16x32s2k16;32x16x32s2k16; residency=3 nodes=7304 level2_ms=62.8821 requeues=17300 score_ns=114595
SKELETON_RESIDENCY key=32x16x32s2k4;32x16x32s2k16;32x16x32s2k4;32x16x32s2k16;32x16x32s2k16; residency=4 nodes=7304 level2_ms=66.8177 requeues=13926 score_ns=108368
SKELETON_RESIDENCY key=32x16x32s2k4;32x16x32s2k16;32x16x32s2k4;32x16x32s2k16;32x16x32s2k16; residency=5 nodes=7304 level2_ms=68.7808 requeues=11980 score_ns=104120
SKELETON_RESIDENCY key=32x16x32s2k4;32x16x32s2k16;32x16x32s2k4;32x16x32s2k16;32x16x32s2k16; residency=6 nodes=7304 level2_ms=68.3102 requeues=10868 score_ns=100255
SKELETON_RESIDENCY key=32x16x32s2k4;32x16x32s2k16;32x16x32s2k8;32x16x32s2k16;32x16x32s2k16; residency=1 nodes=7560 level2_ms=52.722 requeues=44484 score_ns=192227
SKELETON_RESIDENCY key=32x16x32s2k4;32x16x32s2k16;32x16x32s2k8;32x16x32s2k16;32x16x32s2k16; residency=2 nodes=7560 level2_ms=58.2524 requeues=24253 score_ns=126063
SKELETON_RESIDENCY key=32x16x32s2k4;32x16x32s2k16;32x16x32s2k8;32x16x32s2k16;32x16x32s2k16; residency=3 nodes=7560 level2_ms=61.6614 requeues=17589 score_ns=114419
SKELETON_RESIDENCY key=32x16x32s2k4;32x16x32s2k16;32x16x32s2k8;32x16x32s2k16;32x16x32s2k16; residency=4 nodes=7560 level2_ms=65.647 requeues=14132 score_ns=101016
SKELETON_RESIDENCY key=32x16x32s2k4;32x16x32s2k16;32x16x32s2k8;32x16x32s2k16;32x16x32s2k16; residency=5 nodes=7560 level2_ms=72.2662 requeues=12228 score_ns=100730
SKELETON_RESIDENCY key=32x16x32s2k4;32x16x32s2k16;32x16x32s2k8;32x16x32s2k16;32x16x32s2k16; residency=6 nodes=7560 level2_ms=67.076 requeues=11124 score_ns=98321.5
SKELETON_RESIDENCY key=32x16x32s2k4;32x16x32s2k16;32x16x32s2k32;32x16x32s2k16;32x16x32s2k16; residency=1 nodes=8072 level2_ms=52.963 requeues=46324 score_ns=200943
SKELETON_RESIDENCY key=32x16x32s2k4;32x16x32s2k16;32x16x32s2k32;32x16x32s2k16;32x16x32s2k16; residency=2 nodes=8072 level2_ms=58.5645 requeues=25266 score_ns=130574
SKELETON_RESIDENCY key=32x16x32s2k4;32x16x32s2k16;32x16x32s2k32;32x16x32s2k16;32x16x32s2k16; residency=3 nodes=8072 level2_ms=66.5164 requeues=18323 score_ns=118045
SKELETON_RESIDENCY key=32x16x32s2k4;32x16x32s2k16;32x16x32s2k32;32x16x32s2k16;32x16x32s2k16; residency=4 nodes=8072 level2_ms=71.2333 requeues=14669 score_ns=103172
SKELETON_RESIDENCY key=32x16x32s2k4;32x16x32s2k16;32x16x32s2k32;32x16x32s2k16;32x16x32s2k16; residency=5 nodes=8072 level2_ms=69.8297 requeues=12764 score_ns=102467
SKELETON_RESIDENCY key=32x16x32s2k4;32x16x32s2k16;32x16x32s2k32;32x16x32s2k16;32x16x32s2k16; residency=6 nodes=8072 level2_ms=66.5128 requeues=11636 score_ns=97815.9
SKELETON_RESIDENCY key=32x16x32s2k4;32x16x32s2k16;32x16x32s2k16;32x16x32s2k1;32x16x32s2k16; residency=1 nodes=3976 level2_ms=20.7494 requeues=9828 score_ns=131977
SKELETON_RESIDENCY key=32x16x32s2k4;32x16x32s2k16;32x16x32s2k16;32x16x32s2k1;32x16x32s2k16; residency=2 nodes=3976 level2_ms=24.0212 requeues=6167 score_ns=100811
SKELETON_RESIDENCY key=32x16x32s2k4;32x16x32s2k16;32x16x32s2k16;32x16x32s2k1;32x16x32s2k16; residency=3 nodes=3976 level2_ms=37.384 requeues=4980 score_ns=98313.9
SKELETON_RESIDENCY key=32x16x32s2k4;32x16x32s2k16;32x16x32s2k16;32x16x32s2k1;32x16x32s2k16; residency=4 nodes=3976 level2_ms=25.7963 requeues=4211 score_ns=92448
SKELETON_RESIDENCY key=32x16x32s2k4;32x16x32s2k16;32x16x32s2k16;32x16x32s2k1;32x16x32s2k16; residency=5 nodes=3976 level2_ms=19.6642 requeues=3992 score_ns=98578.8
SKELETON_RESIDENCY key=32x16x32s2k4;32x16x32s2k16;32x16x32s2k16;32x16x32s2k1;32x16x32s2k16; residency=6 nodes=3976 level2_ms=25.633 requeues=3956 score_ns=98347.9
SKELETON_RESIDENCY key=32x16x32s2k4;32x16x32s2k16;32x16x32s2k16;32x16x32s2k2;32x16x32s2k16; residency=1 nodes=4488 level2_ms=22.3507 requeues=10596 score_ns=140465
SKELETON_RESIDENCY key=32x16x32s2k4;32x16x32s2k16;32x16x32s2k16;32x16x32s2k2;32x16x32s2k16; residency=2 nodes=4488 level2_ms=24.345 requeues=6704 score_ns=109332
SKELETON_RESIDENCY key=32x16x32s2k4;32x16x32s2k16;32x16x32s2k16;32x16x32s2k2;32x16x32s2k16; residency=3 nodes=4488 level2_ms=24.9801 requeues=5505 score_ns=97290.1
SKELETON_RESIDENCY key=32x16x32s2k4;32x16x32s2k16;32x16x32s2k16;32x16x32s2k2;32x16x32s2k16; residency=4 nodes=4488 level2_ms=23.1043 requeues=4730 score_ns=93191.5
SKELETON_RESIDENCY key=32x16x32s2k4;32x16x32s2k16;32x16x32s2k16;32x16x32s2k2;32x16x32s2k16; residency=5 nodes=4488 level2_ms=22.9363 requeues=4493 score_ns=92516
SKELETON_RESIDENCY key=32x16x32s2k4;32x16x32s2k16;32x16x32s2k16;32x16x32s2k2;32x16x32s2k16; residency=6 nodes=4488 level2_ms=17.2893 requeues=4468 score_ns=93727.9
SKELETON_RESIDENCY key=32x16x32s2k4;32x16x32s2k16;32x16x32s2k16;32x16x32s2k4;32x16x32s2k16; residency=1 nodes=5000 level2_ms=19.6751 requeues=12580 score_ns=149105
SKELETON_RESIDENCY key=32x16x32s2k4;32x16x32s2k16;32x16x32s2k16;32x16x32s2k4;32x16x32s2k16; residency=2 nodes=5000 level2_ms=20.8438 requeues=7698 score_ns=104425
SKELETON_RESIDENCY key=32x16x32s2k4;32x16x32s2k16;32x16x32s2k16;32x16x32s2k4;32x16x32s2k16; residency=3 nodes=5000 level2_ms=22.0602 requeues=6260 score_ns=101673
SKELETON_RESIDENCY key=32x16x32s2k4;32x16x32s2k16;32x16x32s2k16;32x16x32s2k4;32x16x32s2k16; residency=4 nodes=5000 level2_ms=19.2194 requeues=5261 score_ns=89637.1
SKELETON_RESIDENCY key=32x16x32s2k4;32x16x32s2k16;32x16x32s2k16;32x16x32s2k4;32x16x32s2k16; residency=5 nodes=5000 level2_ms=20.4032 requeues=5000 score_ns=88299.6
SKELETON_RESIDENCY key=32x16x32s2k4;32x16x32s2k16;32x16x32s2k16;32x16x32s2k4;32x16x32s2k16; residency=6 nodes=5000 level2_ms=26.266 requeues=4980 score_ns=89400.2
SKELETON_RESIDENCY key=32x16x32s2k4;32x16x32s2k16;32x16x32s2k16;32x16x32s2k8;32x16x32s2k16; residency=1 nodes=6024 level2_ms=36.3068 requeues=19716 score_ns=166384
SKELETON_RESIDENCY key=32x16x32s2k4;32x16x32s2k16;32x16x32s2k16;32x16x32s2k8;32x16x32s2k16; residency=2 nodes=6024 level2_ms=41.3401 requeues=11474 score_ns=113141
SKELETON_RESIDENCY key=32x16x32s2k4;32x16x32s2k16;32x16x32s2k16;32x16x32s2k8;32x16x32s2k16; residency=3 nodes=6024 level2_ms=43.6584 requeues=8833 score_ns=104816
SKELETON_RESIDENCY key=32x16x32s2k4;32x16x32s2k16;32x16x32s2k16;32x16x32s2k8;32x16x32s2k16; residency=4 nodes=6024 level2_ms=39.03 requeues=7309 score_ns=94148.6
SKELETON_RESIDENCY key=32x16x32s2k4;32x16x32s2k16;32x16x32s2k16;32x16x32s2k8;32x16x32s2k16; residency=5 nodes=6024 level2_ms=37.5781 requeues=6796 score_ns=93340.9
SKELETON_RESIDENCY key=32x16x32s2k4;32x16x32s2k16;32x16x32s2k16;32x16x32s2k8;32x16x32s2k16; residency=6 nodes=6024 level2_ms=29.0936 requeues=6516 score_ns=94014.3
SKELETON_RESIDENCY key=32x16x32s2k4;32x16x32s2k16;32x16x32s2k16;32x16x32s2k32;32x16x32s2k16; residency=1 nodes=8072 level2_ms=54.1433 requeues=46324 score_ns=200943
SKELETON_RESIDENCY key=32x16x32s2k4;32x16x32s2k16;32x16x32s2k16;32x16x32s2k32;32x16x32s2k16; residency=2 nodes=8072 level2_ms=61.9543 requeues=25266 score_ns=130574
SKELETON_RESIDENCY key=32x16x32s2k4;32x16x32s2k16;32x16x32s2k16;32x16x32s2k32;32x16x32s2k16; residency=3 nodes=8072 level2_ms=67.396 requeues=18323 score_ns=118045
SKELETON_RESIDENCY key=32x16x32s2k4;32x16x32s2k16;32x16x32s2k16;32x16x32s2k32;32x16x32s2k16; residency=4 nodes=8072 level2_ms=70.4964 requeues=14669 score_ns=103172
SKELETON_RESIDENCY key=32x16x32s2k4;32x16x32s2k16;32x16x32s2k16;32x16x32s2k32;32x16x32s2k16; residency=5 nodes=8072 level2_ms=69.0044 requeues=12764 score_ns=102467
SKELETON_RESIDENCY key=32x16x32s2k4;32x16x32s2k16;32x16x32s2k16;32x16x32s2k32;32x16x32s2k16; residency=6 nodes=8072 level2_ms=63.2935 requeues=11636 score_ns=97815.9
SKELETON_RESIDENCY key=32x16x32s2k4;32x16x32s2k16;32x16x32s2k16;32x16x32s2k4;32x16x32s2k1; residency=1 nodes=3976 level2_ms=15.0635 requeues=9972 score_ns=146690
SKELETON_RESIDENCY key=32x16x32s2k4;32x16x32s2k16;32x16x32s2k16;32x16x32s2k4;32x16x32s2k1; residency=2 nodes=3976 level2_ms=16.9687 requeues=6146 score_ns=112886
SKELETON_RESIDENCY key=32x16x32s2k4;32x16x32s2k16;32x16x32s2k16;32x16x32s2k4;32x16x32s2k1; residency=3 nodes=3976 level2_ms=16.4146 requeues=4991 score_ns=111008
SKELETON_RESIDENCY key=32x16x32s2k4;32x16x32s2k16;32x16x32s2k16;32x16x32s2k4;32x16x32s2k1; residency=4 nodes=3976 level2_ms=14.9722 requeues=4212 score_ns=106433
SKELETON_RESIDENCY key=32x16x32s2k4;32x16x32s2k16;32x16x32s2k16;32x16x32s2k4;32x16x32s2k1; residency=5 nodes=3976 level2_ms=20.4939 requeues=3986 score_ns=113767
SKELETON_RESIDENCY key=32x16x32s2k4;32x16x32s2k16;32x16x32s2k16;32x16x32s2k4;32x16x32s2k1; residency=6 nodes=3976 level2_ms=21.1434 requeues=3956 score_ns=117551
SKELETON_RESIDENCY key=32x16x32s2k4;32x16x32s2k16;32x16x32s2k16;32x16x32s2k4;32x16x32s2k2; residency=1 nodes=4104 level2_ms=20.1383 requeues=10100 score_ns=140963
SKELETON_RESIDENCY key=32x16x32s2k4;32x16x32s2k16;32x16x32s2k16;32x16x32s2k4;32x16x32s2k2; residency=2 nodes=4104 level2_ms=22.7585 requeues=6394 score_ns=107197
SKELETON_RESIDENCY key=32x16x32s2k4;32x16x32s2k16;32x16x32s2k16;32x16x32s2k4;32x16x32s2k2; residency=3 nodes=4104 level2_ms=22.6416 requeues=5133 score_ns=104734
SKELETON_RESIDENCY key=32x16x32s2k4;32x16x32s2k16;32x16x32s2k16;32x16x32s2k4;32x16x32s2k2; residency=4 nodes=4104 level2_ms=21.2435 requeues=4338 score_ns=97736.5
SKELETON_RESIDENCY key=32x16x32s2k4;32x16x32s2k16;32x16x32s2k16;32x16x32s2k4;32x16x32s2k2; residency=5 nodes=4104 level2_ms=21.4854 requeues=4106 score_ns=100933
SKELETON_RESIDENCY key=32x16x32s2k4;32x16x32s2k16;32x16x32s2k16;32x16x32s2k4;32x16x32s2k2; residency=6 nodes=4104 level2_ms=22.0767 requeues=4084 score_ns=104008
SKELETON_RESIDENCY key=32x16x32s2k4;32x16x32s2k16;32x16x32s2k16;32x16x32s2k4;32x16x32s2k4; residency=1 nodes=4232 level2_ms=20.9507 requeues=10228 score_ns=136031
SKELETON_RESIDENCY key=32x16x32s2k4;32x16x32s2k16;32x16x32s2k16;32x16x32s2k4;32x16x32s2k4; residency=2 nodes=4232 level2_ms=23.4294 requeues=6546 score_ns=102290
SKELETON_RESIDENCY key=32x16x32s2k4;32x16x32s2k16;32x16x32s2k16;32x16x32s2k4;32x16x32s2k4; residency=3 nodes=4232 level2_ms=23.1003 requeues=5236 score_ns=99540.8
SKELETON_RESIDENCY key=32x16x32s2k4;32x16x32s2k16;32x16x32s2k16;32x16x32s2k4;32x16x32s2k4; residency=4 nodes=4232 level2_ms=21.6468 requeues=4468 score_ns=91338.3
SKELETON_RESIDENCY key=32x16x32s2k4;32x16x32s2k16;32x16x32s2k16;32x16x32s2k4;32x16x32s2k4; residency=5 nodes=4232 level2_ms=16.6307 requeues=4224 score_ns=93808.5
SKELETON_RESIDENCY key=32x16x32s2k4;32x16x32s2k16;32x16x32s2k16;32x16x32s2k4;32x16x32s2k4; residency=6 nodes=4232 level2_ms=16.2618 requeues=4212 score_ns=95199.8
SKELETON_RESIDENCY key=32x16x32s2k4;32x16x32s2k16;32x16x32s2k16;32x16x32s2k4;32x16x32s2k8; residency=1 nodes=4488 level2_ms=17.0773 requeues=10740 score_ns=140389
SKELETON_RESIDENCY key=32x16x32s2k4;32x16x32s2k16;32x16x32s2k16;32x16x32s2k4;32x16x32s2k8; residency=2 nodes=4488 level2_ms=18.3959 requeues=6685 score_ns=99913.6
SKELETON_RESIDENCY key=32x16x32s2k4;32x16x32s2k16;32x16x32s2k16;32x16x32s2k4;32x16x32s2k8; residency=3 nodes=4488 level2_ms=18.4586 requeues=5525 score_ns=98047.3
SKELETON_RESIDENCY key=32x16x32s2k4;32x16x32s2k16;32x16x32s2k16;32x16x32s2k4;32x16x32s2k8; residency=4 nodes=4488 level2_ms=16.929 requeues=4724 score_ns=88292.7
SKELETON_RESIDENCY key=32x16x32s2k4;32x16x32s2k16;32x16x32s2k16;32x16x32s2k4;32x16x32s2k8; residency=5 nodes=4488 level2_ms=16.7333 requeues=4473 score_ns=88485.3
SKELETON_RESIDENCY key=32x16x32s2k4;32x16x32s2k16;32x16x32s2k16;32x16x32s2k4;32x16x32s2k8; residency=6 nodes=4488 level2_ms=18.0492 requeues=4468 score_ns=91026
SKELETON_RESIDENCY key=32x16x32s2k4;32x16x32s2k16;32x16x32s2k16;32x16x32s2k4;32x16x32s2k32; residency=1 nodes=6024 level2_ms=28.2759 requeues=19356 score_ns=166538
SKELETON_RESIDENCY key=32x16x32s2k4;32x16x32s2k16;32x16x32s2k16;32x16x32s2k4;32x16x32s2k32; residency=2 nodes=6024 level2_ms=31.895 requeues=11330 score_ns=113449
SKELETON_RESIDENCY key=32x16x32s2k4;32x16x32s2k16;32x16x32s2k16;32x16x32s2k4;32x16x32s2k32; residency=3 nodes=6024 level2_ms=32.4976 requeues=8831 score_ns=105937
SKELETON_RESIDENCY key=32x16x32s2k4;32x16x32s2k16;32x16x32s2k16;32x16x32s2k4;32x16x32s2k32; residency=4 nodes=6024 level2_ms=45.2612 requeues=7309 score_ns=94764
SKELETON_RESIDENCY key=32x16x32s2k4;32x16x32s2k16;32x16x32s2k16;32x16x32s2k4;32x16x32s2k32; residency=5 nodes=6024 level2_ms=36.3579 requeues=6796 score_ns=94110.1
SKELETON_RESIDENCY key=32x16x32s2k4;32x16x32s2k16;32x16x32s2k16;32x16x32s2k4;32x16x32s2k32; residency=6 nodes=6024 level2_ms=35.0102 requeues=6516 score_ns=94937.4
SKELETON_RESIDENCY key=32x16x32s2k4;32x16x32s2k16;32x16x32s2k16;32x16x32s2k4;32x16x32s2k8; residency=1 nodes=4488 level2_ms=17.3363 requeues=10740 score_ns=140389
SKELETON_RESIDENCY key=32x16x32s2k4;32x16x32s2k16;32x16x32s2k16;32x16x32s2k4;32x16x32s2k8; residency=2 nodes=4488 level2_ms=19.3661 requeues=6685 score_ns=99913.6
SKELETON_RESIDENCY key=32x16x32s2k4;32x16x32s2k16;32x16x32s2k16;32x16x32s2k4;32x16x32s2k8; residency=3 nodes=4488 level2_ms=18.901 requeues=5525 score_ns=98047.3
SKELETON_RESIDENCY key=32x16x32s2k4;32x16x32s2k16;32x16x32s2k16;32x16x32s2k4;32x16x32s2k8; residency=4 nodes=4488 level2_ms=17.0243 requeues=4724 score_ns=88292.7
SKELETON_RESIDENCY key=32x16x32s2k4;32x16x32s2k16;32x16x32s2k16;32x16x32s2k4;32x16x32s2k8; residency=5 nodes=4488 level2_ms=17.5794 requeues=4473 score_ns=88485.3
SKELETON_RESIDENCY key=32x16x32s2k4;32x16x32s2k16;32x16x32s2k16;32x16x32s2k4;32x16x32s2k8; residency=6 nodes=4488 level2_ms=18.6434 requeues=4468 score_ns=91026
DISK NEED_MIB=8192 FREE_MIB=1298389
RESOURCE_QUERY directory="/root/TileMega/docs/experiments/SOLVER_V2/reference/gqa2_s4/selected.cu.resources/1790258231297075330/0" resident=5
SKELETON_RESIDENCY key=32x16x32s2k4;32x16x32s2k16;32x16x32s2k16;32x16x32s2k4;32x16x32s2k8; residency=1 nodes=4488 level2_ms=22.151 requeues=10740 score_ns=140389
SKELETON_RESIDENCY key=32x16x32s2k4;32x16x32s2k16;32x16x32s2k16;32x16x32s2k4;32x16x32s2k8; residency=2 nodes=4488 level2_ms=24.7576 requeues=6685 score_ns=99913.6
SKELETON_RESIDENCY key=32x16x32s2k4;32x16x32s2k16;32x16x32s2k16;32x16x32s2k4;32x16x32s2k8; residency=3 nodes=4488 level2_ms=23.7401 requeues=5525 score_ns=98047.3
SKELETON_RESIDENCY key=32x16x32s2k4;32x16x32s2k16;32x16x32s2k16;32x16x32s2k4;32x16x32s2k8; residency=4 nodes=4488 level2_ms=22.8915 requeues=4724 score_ns=88292.7
SKELETON_RESIDENCY key=32x16x32s2k4;32x16x32s2k16;32x16x32s2k16;32x16x32s2k4;32x16x32s2k8; residency=5 nodes=4488 level2_ms=23.0427 requeues=4473 score_ns=88485.3
SKELETON_RESIDENCY key=32x16x32s2k4;32x16x32s2k16;32x16x32s2k16;32x16x32s2k4;32x16x32s2k16; residency=1 nodes=5000 level2_ms=25.4395 requeues=12580 score_ns=149105
SKELETON_RESIDENCY key=32x16x32s2k4;32x16x32s2k16;32x16x32s2k16;32x16x32s2k4;32x16x32s2k16; residency=2 nodes=5000 level2_ms=28.4341 requeues=7698 score_ns=104425
SKELETON_RESIDENCY key=32x16x32s2k4;32x16x32s2k16;32x16x32s2k16;32x16x32s2k4;32x16x32s2k16; residency=3 nodes=5000 level2_ms=22.5084 requeues=6260 score_ns=101673
SKELETON_RESIDENCY key=32x16x32s2k4;32x16x32s2k16;32x16x32s2k16;32x16x32s2k4;32x16x32s2k16; residency=4 nodes=5000 level2_ms=20.7326 requeues=5261 score_ns=89637.1
SKELETON_RESIDENCY key=32x16x32s2k4;32x16x32s2k16;32x16x32s2k16;32x16x32s2k4;32x16x32s2k16; residency=5 nodes=5000 level2_ms=20.2906 requeues=5000 score_ns=88299.6
SKELETON_RESIDENCY key=32x16x32s2k4;32x16x32s2k16;32x16x32s2k16;32x16x32s2k4;32x16x32s2k16; residency=6 nodes=5000 level2_ms=20.4384 requeues=4980 score_ns=89400.2
DISK NEED_MIB=8192 FREE_MIB=1298427
RESOURCE_QUERY directory="/root/TileMega/docs/experiments/SOLVER_V2/reference/gqa2_s4/selected.cu.resources/1790258231297075330/1" resident=5
SKELETON_RESIDENCY key=32x16x32s2k4;32x16x32s2k16;32x16x32s2k16;32x16x32s2k4;32x16x32s2k16; residency=1 nodes=5000 level2_ms=25.7338 requeues=12580 score_ns=149105
SKELETON_RESIDENCY key=32x16x32s2k4;32x16x32s2k16;32x16x32s2k16;32x16x32s2k4;32x16x32s2k16; residency=2 nodes=5000 level2_ms=41.2631 requeues=7698 score_ns=104425
SKELETON_RESIDENCY key=32x16x32s2k4;32x16x32s2k16;32x16x32s2k16;32x16x32s2k4;32x16x32s2k16; residency=3 nodes=5000 level2_ms=28.9525 requeues=6260 score_ns=101673
SKELETON_RESIDENCY key=32x16x32s2k4;32x16x32s2k16;32x16x32s2k16;32x16x32s2k4;32x16x32s2k16; residency=4 nodes=5000 level2_ms=26.6003 requeues=5261 score_ns=89637.1
SKELETON_RESIDENCY key=32x16x32s2k4;32x16x32s2k16;32x16x32s2k16;32x16x32s2k4;32x16x32s2k16; residency=5 nodes=5000 level2_ms=20.2915 requeues=5000 score_ns=88299.6
SKELETON_RESIDENCY key=32x16x32s2k4;32x16x32s2k16;32x16x32s2k16;32x16x32s2k4;32x16x32s2k4; residency=1 nodes=4232 level2_ms=15.0264 requeues=10228 score_ns=136031
SKELETON_RESIDENCY key=32x16x32s2k4;32x16x32s2k16;32x16x32s2k16;32x16x32s2k4;32x16x32s2k4; residency=2 nodes=4232 level2_ms=16.6335 requeues=6546 score_ns=102290
SKELETON_RESIDENCY key=32x16x32s2k4;32x16x32s2k16;32x16x32s2k16;32x16x32s2k4;32x16x32s2k4; residency=3 nodes=4232 level2_ms=16.7129 requeues=5236 score_ns=99540.8
SKELETON_RESIDENCY key=32x16x32s2k4;32x16x32s2k16;32x16x32s2k16;32x16x32s2k4;32x16x32s2k4; residency=4 nodes=4232 level2_ms=16.026 requeues=4468 score_ns=91338.3
SKELETON_RESIDENCY key=32x16x32s2k4;32x16x32s2k16;32x16x32s2k16;32x16x32s2k4;32x16x32s2k4; residency=5 nodes=4232 level2_ms=16.9405 requeues=4224 score_ns=93808.5
SKELETON_RESIDENCY key=32x16x32s2k4;32x16x32s2k16;32x16x32s2k16;32x16x32s2k4;32x16x32s2k4; residency=6 nodes=4232 level2_ms=16.7137 requeues=4212 score_ns=95199.8
DISK NEED_MIB=8192 FREE_MIB=1298384
RESOURCE_QUERY directory="/root/TileMega/docs/experiments/SOLVER_V2/reference/gqa2_s4/selected.cu.resources/1790258231297075330/2" resident=5
SKELETON_RESIDENCY key=32x16x32s2k4;32x16x32s2k16;32x16x32s2k16;32x16x32s2k4;32x16x32s2k4; residency=1 nodes=4232 level2_ms=20.8451 requeues=10228 score_ns=136031
SKELETON_RESIDENCY key=32x16x32s2k4;32x16x32s2k16;32x16x32s2k16;32x16x32s2k4;32x16x32s2k4; residency=2 nodes=4232 level2_ms=23.4996 requeues=6546 score_ns=102290
SKELETON_RESIDENCY key=32x16x32s2k4;32x16x32s2k16;32x16x32s2k16;32x16x32s2k4;32x16x32s2k4; residency=3 nodes=4232 level2_ms=22.892 requeues=5236 score_ns=99540.8
SKELETON_RESIDENCY key=32x16x32s2k4;32x16x32s2k16;32x16x32s2k16;32x16x32s2k4;32x16x32s2k4; residency=4 nodes=4232 level2_ms=21.6716 requeues=4468 score_ns=91338.3
SKELETON_RESIDENCY key=32x16x32s2k4;32x16x32s2k16;32x16x32s2k16;32x16x32s2k4;32x16x32s2k4; residency=5 nodes=4232 level2_ms=21.7865 requeues=4224 score_ns=93808.5
SKELETON_RESIDENCY key=32x16x32s2k4;32x16x32s2k16;32x16x32s2k16;32x16x32s2k1;32x16x32s2k16; residency=1 nodes=3976 level2_ms=20.4474 requeues=9828 score_ns=131977
SKELETON_RESIDENCY key=32x16x32s2k4;32x16x32s2k16;32x16x32s2k16;32x16x32s2k1;32x16x32s2k16; residency=2 nodes=3976 level2_ms=24.0622 requeues=6167 score_ns=100811
SKELETON_RESIDENCY key=32x16x32s2k4;32x16x32s2k16;32x16x32s2k16;32x16x32s2k1;32x16x32s2k16; residency=3 nodes=3976 level2_ms=19.3506 requeues=4980 score_ns=98313.9
SKELETON_RESIDENCY key=32x16x32s2k4;32x16x32s2k16;32x16x32s2k16;32x16x32s2k1;32x16x32s2k16; residency=4 nodes=3976 level2_ms=19.5163 requeues=4211 score_ns=92448
SKELETON_RESIDENCY key=32x16x32s2k4;32x16x32s2k16;32x16x32s2k16;32x16x32s2k1;32x16x32s2k16; residency=5 nodes=3976 level2_ms=17.5566 requeues=3992 score_ns=98578.8
SKELETON_RESIDENCY key=32x16x32s2k4;32x16x32s2k16;32x16x32s2k16;32x16x32s2k1;32x16x32s2k16; residency=6 nodes=3976 level2_ms=17.9351 requeues=3956 score_ns=98347.9
DISK NEED_MIB=8192 FREE_MIB=1298258
RESOURCE_QUERY directory="/root/TileMega/docs/experiments/SOLVER_V2/reference/gqa2_s4/selected.cu.resources/1790258231297075330/3" resident=5
SKELETON_RESIDENCY key=32x16x32s2k4;32x16x32s2k16;32x16x32s2k16;32x16x32s2k1;32x16x32s2k16; residency=1 nodes=3976 level2_ms=22.1117 requeues=9828 score_ns=131977
SKELETON_RESIDENCY key=32x16x32s2k4;32x16x32s2k16;32x16x32s2k16;32x16x32s2k1;32x16x32s2k16; residency=2 nodes=3976 level2_ms=23.8128 requeues=6167 score_ns=100811
SKELETON_RESIDENCY key=32x16x32s2k4;32x16x32s2k16;32x16x32s2k16;32x16x32s2k1;32x16x32s2k16; residency=3 nodes=3976 level2_ms=26.4432 requeues=4980 score_ns=98313.9
SKELETON_RESIDENCY key=32x16x32s2k4;32x16x32s2k16;32x16x32s2k16;32x16x32s2k1;32x16x32s2k16; residency=4 nodes=3976 level2_ms=25.532 requeues=4211 score_ns=92448
SKELETON_RESIDENCY key=32x16x32s2k4;32x16x32s2k16;32x16x32s2k16;32x16x32s2k1;32x16x32s2k16; residency=5 nodes=3976 level2_ms=25.2664 requeues=3992 score_ns=98578.8
SKELETON_RESIDENCY key=32x16x32s2k4;32x16x32s2k16;32x16x32s2k16;32x16x32s2k2;32x16x32s2k16; residency=1 nodes=4488 level2_ms=22.3465 requeues=10596 score_ns=140465
SKELETON_RESIDENCY key=32x16x32s2k4;32x16x32s2k16;32x16x32s2k16;32x16x32s2k2;32x16x32s2k16; residency=2 nodes=4488 level2_ms=24.67 requeues=6704 score_ns=109332
SKELETON_RESIDENCY key=32x16x32s2k4;32x16x32s2k16;32x16x32s2k16;32x16x32s2k2;32x16x32s2k16; residency=3 nodes=4488 level2_ms=25.0381 requeues=5505 score_ns=97290.1
SKELETON_RESIDENCY key=32x16x32s2k4;32x16x32s2k16;32x16x32s2k16;32x16x32s2k2;32x16x32s2k16; residency=4 nodes=4488 level2_ms=23.0478 requeues=4730 score_ns=93191.5
SKELETON_RESIDENCY key=32x16x32s2k4;32x16x32s2k16;32x16x32s2k16;32x16x32s2k2;32x16x32s2k16; residency=5 nodes=4488 level2_ms=59.7658 requeues=4493 score_ns=92516
SKELETON_RESIDENCY key=32x16x32s2k4;32x16x32s2k16;32x16x32s2k16;32x16x32s2k2;32x16x32s2k16; residency=6 nodes=4488 level2_ms=22.9788 requeues=4468 score_ns=93727.9
DISK NEED_MIB=8192 FREE_MIB=1298206
RESOURCE_QUERY directory="/root/TileMega/docs/experiments/SOLVER_V2/reference/gqa2_s4/selected.cu.resources/1790258231297075330/4" resident=5
SKELETON_RESIDENCY key=32x16x32s2k4;32x16x32s2k16;32x16x32s2k16;32x16x32s2k2;32x16x32s2k16; residency=1 nodes=4488 level2_ms=99.2635 requeues=10596 score_ns=140465
SKELETON_RESIDENCY key=32x16x32s2k4;32x16x32s2k16;32x16x32s2k16;32x16x32s2k2;32x16x32s2k16; residency=2 nodes=4488 level2_ms=101.633 requeues=6704 score_ns=109332
SKELETON_RESIDENCY key=32x16x32s2k4;32x16x32s2k16;32x16x32s2k16;32x16x32s2k2;32x16x32s2k16; residency=3 nodes=4488 level2_ms=102.967 requeues=5505 score_ns=97290.1
SKELETON_RESIDENCY key=32x16x32s2k4;32x16x32s2k16;32x16x32s2k16;32x16x32s2k2;32x16x32s2k16; residency=4 nodes=4488 level2_ms=95.5086 requeues=4730 score_ns=93191.5
SKELETON_RESIDENCY key=32x16x32s2k4;32x16x32s2k16;32x16x32s2k16;32x16x32s2k2;32x16x32s2k16; residency=5 nodes=4488 level2_ms=93.7274 requeues=4493 score_ns=92516
SOLVE_SUMMARY evaluated=26 deferred=0 residency_scope=compiled hop_calibrated=1
CODEGEN_SUMMARY tasks=44 couplings=52 stages=30 symbolic_windows=0 fallback_windows=0 output=/root/TileMega/docs/experiments/SOLVER_V2/reference/gqa2_s4/selected.cu
