E2E_ARCH plan=sm_89 plan_id=890 device=sm_89 device_id=890
E2E_PARTIALS fp32=1 element_bytes=4 total_bytes=0
E2E_PLACE_STATS placement=0 max_queue=149 same_worker_edges=29989 cross_worker_edges=4057531 base_rotation=0 plan=eft
E2E_TIMING cold=0 warmup=2 repeat=10 statistic=median reset=outside_timing
E2E_RESOURCE block=128 reg=150 smem=40960 task_smem=40960 occupancy_smem=40960 static_smem=0 regs_per_sm=65536 smem_per_sm=102400 threads_per_sm=1536 gemm_union=40960 variant_count=4 ctas_per_sm=2 num_sms=128 grid=256 l1_reg=146 l05_reg=144 l1_ctas=2 l2_ctas=2 min_blocks=1 warp_size=32 resident_formula=ctas_per_sm*num_sms
E2E_SCHEDULE workers=256 variant_stages=243 task_refs=34069 task_ref_bytes=953932 waits=1328240 wait_bytes=10625920 raw_polls=1344443 lifted_polls=16203 waiting_tasks=23552 normalization_dummies_lb=1304688 max_span=10 generated_max_span=10 max_worker_span=255 resident_limit=256 global_fanin=1 i3_current=pass i3_overresident=reject max_worker_task_refs=149
E2E_TIME l05_ms=5.293456 l1_ms=5.693040 ratio=1.075486 l2_ms=4.570096 l2_over_l1=0.802751
E2E_DIFF l05_vs_l0_mismatch=1189 max_abs=0.03125 max_rel=11718.75 l1_vs_l05_mismatch=0 max_abs=0 max_rel=0 l2_vs_l1_mismatch=0 max_abs=0 max_rel=0
E2E_OUTPUT_DIFF index=0 buffer=374 mismatch=1167 max_abs=0.03125 max_rel=7294.1519
E2E_OUTPUT_DIFF index=1 buffer=25 mismatch=0 max_abs=0.001953125 max_rel=0.0083333338
E2E_OUTPUT_DIFF index=2 buffer=26 mismatch=0 max_abs=0.00048828125 max_rel=0.1300813
E2E_OUTPUT_DIFF index=3 buffer=48 mismatch=0 max_abs=0.0078125 max_rel=976.5625
E2E_OUTPUT_DIFF index=4 buffer=49 mismatch=0 max_abs=0.0078125 max_rel=1.9893048
E2E_OUTPUT_DIFF index=5 buffer=71 mismatch=0 max_abs=0.015625 max_rel=202.34831
E2E_OUTPUT_DIFF index=6 buffer=72 mismatch=0 max_abs=0.0078125 max_rel=201.39999
E2E_OUTPUT_DIFF index=7 buffer=94 mismatch=0 max_abs=0.015625 max_rel=3906.25
E2E_OUTPUT_DIFF index=8 buffer=95 mismatch=0 max_abs=0.0078125 max_rel=15.369427
E2E_OUTPUT_DIFF index=9 buffer=117 mismatch=0 max_abs=0.015625 max_rel=976.5625
E2E_OUTPUT_DIFF index=10 buffer=118 mismatch=0 max_abs=0.0078125 max_rel=12.979057
E2E_OUTPUT_DIFF index=11 buffer=140 mismatch=0 max_abs=0.015625 max_rel=10.895288
E2E_OUTPUT_DIFF index=12 buffer=141 mismatch=0 max_abs=0.015625 max_rel=108.16279
E2E_OUTPUT_DIFF index=13 buffer=163 mismatch=0 max_abs=0.015625 max_rel=3906.25
E2E_OUTPUT_DIFF index=14 buffer=164 mismatch=0 max_abs=0.015625 max_rel=64.184715
E2E_OUTPUT_DIFF index=15 buffer=186 mismatch=0 max_abs=0.015625 max_rel=5859.375
E2E_OUTPUT_DIFF index=16 buffer=187 mismatch=0 max_abs=0.015625 max_rel=35.552147
E2E_OUTPUT_DIFF index=17 buffer=209 mismatch=0 max_abs=0.015625 max_rel=3906.25
E2E_OUTPUT_DIFF index=18 buffer=210 mismatch=0 max_abs=0.015625 max_rel=262.6889
E2E_OUTPUT_DIFF index=19 buffer=232 mismatch=0 max_abs=0.015625 max_rel=5859.375
E2E_OUTPUT_DIFF index=20 buffer=233 mismatch=0 max_abs=0.017578125 max_rel=138.55225
E2E_OUTPUT_DIFF index=21 buffer=255 mismatch=1 max_abs=0.016601562 max_rel=7568.3594
E2E_OUTPUT_DIFF index=22 buffer=256 mismatch=1 max_abs=0.018310547 max_rel=10.448889
E2E_OUTPUT_DIFF index=23 buffer=278 mismatch=0 max_abs=0.01953125 max_rel=11718.75
E2E_OUTPUT_DIFF index=24 buffer=279 mismatch=1 max_abs=0.017089844 max_rel=38.595959
E2E_OUTPUT_DIFF index=25 buffer=301 mismatch=1 max_abs=0.01953125 max_rel=9765.625
E2E_OUTPUT_DIFF index=26 buffer=302 mismatch=0 max_abs=0.01953125 max_rel=30.112782
E2E_OUTPUT_DIFF index=27 buffer=324 mismatch=2 max_abs=0.021484375 max_rel=3906.25
E2E_OUTPUT_DIFF index=28 buffer=325 mismatch=2 max_abs=0.01953125 max_rel=68.368423
E2E_OUTPUT_DIFF index=29 buffer=347 mismatch=2 max_abs=0.0234375 max_rel=26.02564
E2E_OUTPUT_DIFF index=30 buffer=348 mismatch=1 max_abs=0.0234375 max_rel=105.48276
E2E_OUTPUT_DIFF index=31 buffer=370 mismatch=7 max_abs=0.0234375 max_rel=5859.375
E2E_OUTPUT_DIFF index=32 buffer=371 mismatch=4 max_abs=0.0234375 max_rel=33.025318
E2E_HASH l05=9e8742c5fb6eb7b9 l1=9e8742c5fb6eb7b9 l2=9e8742c5fb6eb7b9
E2E_ITER l2_iter1_ms=4.787200 l2_iter1_vs_iter0_mismatch=0 max_abs=0
E2E_KAPPA event_kappa=1 dependency_table=variant_exact
E2E_VARIANT index=0 seq_begin=1 seq_end=16
RESULT status=MISMATCH
