sm_89: SMs=128 smem/SM=102400 smem/CTA=101376 regs/SM=65536 cluster=false TMA=false tcgen05=false
groups	q_bytes	stages	device_inflight_bytes	cta_inflight_bytes	gbps
1	2048	2	2048	2048	3.91561
1	2048	3	4096	4096	7.40724
1	2048	4	6144	6144	7.45801
1	4096	2	4096	4096	7.49687
1	4096	3	8192	8192	13.9064
1	4096	4	12288	12288	14.0067
1	8192	2	8192	8192	13.784
1	8192	3	16384	16384	25.2753
1	8192	4	24576	24576	25.2663
1	16384	2	16384	16384	23.8178
1	16384	3	32768	32768	42.4437
1	16384	4	49152	49152	42.3177
1	32768	2	32768	32768	37.3259
1	32768	3	65536	65536	64.265
2	2048	2	4096	2048	7.80459
2	2048	3	8192	4096	14.8085
2	2048	4	12288	6144	14.9171
2	4096	2	8192	4096	14.9709
2	4096	3	16384	8192	27.9776
2	4096	4	24576	12288	28.1943
2	8192	2	16384	8192	27.7486
2	8192	3	32768	16384	50.9964
2	8192	4	49152	24576	51.0493
2	16384	2	32768	16384	48
2	16384	3	65536	32768	86.586
2	16384	4	98304	49152	86.3831
2	32768	2	65536	32768	75.9887
2	32768	3	131072	65536	128.39
4	2048	2	8192	2048	15.686
4	2048	3	16384	4096	29.7921
4	2048	4	24576	6144	30.0257
4	4096	2	16384	4096	30.1515
4	4096	3	32768	8192	55.7042
4	4096	4	49152	12288	56.2809
4	8192	2	32768	8192	55.134
4	8192	3	65536	16384	101.902
4	8192	4	98304	24576	102.046
4	16384	2	65536	16384	95.9375
4	16384	3	131072	32768	180.044
4	16384	4	196608	49152	180.374
4	32768	2	131072	32768	157.286
4	32768	3	262144	65536	274.082
8	2048	2	16384	2048	31.2904
8	2048	3	32768	4096	59.255
8	2048	4	49152	6144	59.9171
8	4096	2	32768	4096	59.832
8	4096	3	65536	8192	110.992
8	4096	4	98304	12288	112.433
8	8192	2	65536	8192	109.825
8	8192	3	131072	16384	213.241
8	8192	4	196608	24576	214.481
8	16384	2	131072	16384	200.076
8	16384	3	262144	32768	357.903
8	16384	4	393216	49152	360.047
8	32768	2	262144	32768	310.434
8	32768	3	524288	65536	542.866
16	2048	2	32768	2048	62.3493
16	2048	3	65536	4096	118.107
16	2048	4	98304	6144	119.688
16	4096	2	65536	4096	119.147
16	4096	3	131072	8192	232.214
16	4096	4	196608	12288	237.641
16	8192	2	131072	8192	228.437
16	8192	3	262144	16384	417.132
16	8192	4	393216	24576	428.029
16	16384	2	262144	16384	392.692
16	16384	3	524288	32768	684.251
16	16384	4	786432	49152	714.073
16	32768	2	524288	32768	600.635
16	32768	3	1.04858e+06	65536	915.876
32	2048	2	65536	2048	124.069
32	2048	3	131072	4096	247.617
32	2048	4	196608	6144	254.016
32	4096	2	131072	4096	249.925
32	4096	3	262144	8192	451.626
32	4096	4	393216	12288	472.615
32	8192	2	262144	8192	442.811
32	8192	3	524288	16384	768
32	8192	4	786432	24576	837.818
32	16384	2	524288	16384	719.298
32	16384	3	1.04858e+06	32768	945.231
32	16384	4	1.57286e+06	49152	942.211
32	32768	2	1.04858e+06	32768	921.6
32	32768	3	2.09715e+06	65536	951.137
64	2048	2	131072	2048	261.831
64	2048	3	262144	4096	478.753
64	2048	4	393216	6144	504.986
64	4096	2	262144	4096	477.204
64	4096	3	524288	8192	782.26
64	4096	4	786432	12288	880.334
64	8192	2	524288	8192	767.75
64	8192	3	1.04858e+06	16384	929.863
64	8192	4	1.57286e+06	24576	945.231
64	16384	2	1.04858e+06	16384	927.305
64	16384	3	2.09715e+06	32768	948.27
64	16384	4	3.14573e+06	49152	954.408
64	32768	2	2.09715e+06	32768	945.231
64	32768	3	4.1943e+06	65536	954.408
128	2048	2	262144	2048	501.551
128	2048	3	524288	4096	714.073
128	2048	4	786432	6144	826.084
128	4096	2	524288	4096	768
128	4096	3	1.04858e+06	8192	845.02
128	4096	4	1.57286e+06	12288	924.489
128	8192	2	1.04858e+06	8192	849.891
128	8192	3	2.09715e+06	16384	942.211
128	8192	4	3.14573e+06	24576	945.136
128	16384	2	2.09715e+06	16384	936.229
128	16384	3	4.1943e+06	32768	945.231
128	16384	4	6.29146e+06	49152	951.329
128	32768	2	4.1943e+06	32768	942.211
128	32768	3	8.38861e+06	65536	951.329
256	2048	2	524288	2048	742.209
256	2048	3	1.04858e+06	4096	762.046
256	2048	4	1.57286e+06	6144	885.622
256	4096	2	1.04858e+06	4096	885.622
256	4096	3	2.09715e+06	8192	901.872
256	4096	4	3.14573e+06	12288	932.528
256	8192	2	2.09715e+06	8192	901.872
256	8192	3	4.1943e+06	16384	939.21
256	8192	4	6.29146e+06	24576	942.211
256	16384	2	4.1943e+06	16384	933.266
256	16384	3	8.38861e+06	32768	945.231
512	2048	2	1.04858e+06	2048	819.2
512	2048	3	2.09715e+06	4096	833.085
512	2048	4	3.14573e+06	6144	877.714
512	4096	2	2.09715e+06	4096	869.947
512	4096	3	4.1943e+06	8192	882.97
512	4096	4	6.29146e+06	12288	910.222
512	8192	2	4.1943e+06	8192	880.334
512	8192	3	8.38861e+06	16384	924.489
1024	2048	2	2.09715e+06	2048	790.649
1024	2048	3	4.1943e+06	4096	770.005
1024	2048	4	6.29146e+06	6144	821.482
1024	4096	2	4.1943e+06	4096	812.43
1024	4096	3	8.38861e+06	8192	857.302
dtype=bf16 calibrated=true in 6.57279 s
