DISK NEED_MIB=8192 FREE_MIB=1431092
RESOURCE_QUERY directory="/root/TileMega/docs/experiments/E2E_REAL/stage_kappa/mha4_s4/forced/auto.cu.resources/1789837775912655841/0" resident=5
DISK NEED_MIB=8192 FREE_MIB=1431122
RESOURCE_QUERY directory="/root/TileMega/docs/experiments/E2E_REAL/stage_kappa/mha4_s4/forced/auto.cu.resources/1789837775912655841/1" resident=5
DISK NEED_MIB=8192 FREE_MIB=1431119
RESOURCE_QUERY directory="/root/TileMega/docs/experiments/E2E_REAL/stage_kappa/mha4_s4/forced/auto.cu.resources/1789837775912655841/2" resident=5
DISK NEED_MIB=8192 FREE_MIB=1431105
RESOURCE_QUERY directory="/root/TileMega/docs/experiments/E2E_REAL/stage_kappa/mha4_s4/forced/auto.cu.resources/1789837775912655841/3" resident=5
DISK NEED_MIB=8192 FREE_MIB=1431036
RESOURCE_QUERY directory="/root/TileMega/docs/experiments/E2E_REAL/stage_kappa/mha4_s4/forced/auto.cu.resources/1789837775912655841/4" resident=5
DISK NEED_MIB=8192 FREE_MIB=1431033
RESOURCE_QUERY directory="/root/TileMega/docs/experiments/E2E_REAL/stage_kappa/mha4_s4/forced/auto.cu.resources/1789837775912655841/5" resident=5
DISK NEED_MIB=8192 FREE_MIB=1431031
RESOURCE_QUERY directory="/root/TileMega/docs/experiments/E2E_REAL/stage_kappa/mha4_s4/forced/auto.cu.resources/1789837775912655841/6" resident=5
DISK NEED_MIB=8192 FREE_MIB=1431102
RESOURCE_QUERY directory="/root/TileMega/docs/experiments/E2E_REAL/stage_kappa/mha4_s4/forced/auto.cu.resources/1789837775912655841/7" resident=5
DISK NEED_MIB=8192 FREE_MIB=1431099
RESOURCE_QUERY directory="/root/TileMega/docs/experiments/E2E_REAL/stage_kappa/mha4_s4/forced/auto.cu.resources/1789837775912655841/8" resident=5
DISK NEED_MIB=8192 FREE_MIB=1431096
RESOURCE_QUERY directory="/root/TileMega/docs/experiments/E2E_REAL/stage_kappa/mha4_s4/forced/auto.cu.resources/1789837775912655841/9" resident=5
DISK NEED_MIB=8192 FREE_MIB=1431095
RESOURCE_QUERY directory="/root/TileMega/docs/experiments/E2E_REAL/stage_kappa/mha4_s4/forced/auto.cu.resources/1789837775912655841/10" resident=5
DISK NEED_MIB=8192 FREE_MIB=1431091
RESOURCE_QUERY directory="/root/TileMega/docs/experiments/E2E_REAL/stage_kappa/mha4_s4/forced/auto.cu.resources/1789837775912655841/11" resident=5
SOLVE_SUMMARY evaluated=12 deferred=27 residency_scope=compiled hop_calibrated=1
SOLVE_STAGE_KAPPA stages=88 moves=0 uniform_ns=352991 per_stage_ns=352991 table=1,2,4,1,2,4,1,2,4,1,2,4,1,2,4,1,2,4,1,2,4,1,2,4,1,2,4,1,2,4,1,2,4,1,2,4,1,2,4,1,2,4,1,2,4,1,2,4,1,2,4,1,2,4,1,2,4,1,2,4,1,2,4,1,2,4,1,2,4,1,2,4,1,2,4,1,2,4,1,2,4,1,2,4,1,2,4,1
CODEGEN_SUMMARY tasks=96 couplings=114 stages=60 symbolic_windows=114 fallback_windows=0 output=/root/TileMega/docs/experiments/E2E_REAL/stage_kappa/mha4_s4/forced/auto.cu
