E2E_PARTIALS fp32=1 element_bytes=4 total_bytes=1179648
E2E_PLACE_BASE pos=0 stage=0 active=4 base=0
E2E_PLACE_BASE pos=1 stage=3 active=128 base=4
E2E_PLACE_BASE pos=2 stage=4 active=32 base=132
E2E_PLACE_BASE pos=3 stage=1 active=128 base=164
E2E_PLACE_BASE pos=4 stage=2 active=32 base=292
E2E_PLACE_BASE pos=5 stage=5 active=128 base=324
E2E_PLACE_BASE pos=6 stage=6 active=32 base=452
E2E_PLACE_BASE pos=7 stage=8 active=16 base=484
E2E_PLACE_BASE pos=8 stage=7 active=16 base=500
E2E_PLACE_BASE pos=9 stage=10 active=16 base=4
E2E_PLACE_BASE pos=10 stage=9 active=16 base=20
E2E_PLACE_BASE pos=11 stage=11 active=16 base=36
E2E_PLACE_BASE pos=12 stage=12 active=128 base=52
E2E_PLACE_BASE pos=13 stage=13 active=32 base=180
E2E_PLACE_BASE pos=14 stage=14 active=4 base=212
E2E_PLACE_BASE pos=15 stage=15 active=256 base=216
E2E_PLACE_BASE pos=16 stage=16 active=64 base=472
E2E_PLACE_BASE pos=17 stage=17 active=256 base=24
E2E_PLACE_BASE pos=18 stage=18 active=64 base=280
E2E_PLACE_BASE pos=19 stage=19 active=4 base=344
E2E_PLACE_BASE pos=20 stage=20 active=128 base=348
E2E_PLACE_BASE pos=21 stage=21 active=32 base=476
E2E_PLACE_BASE pos=22 stage=22 active=4 base=508
E2E_PLACE_BASE pos=23 stage=25 active=128 base=0
E2E_PLACE_BASE pos=24 stage=26 active=32 base=128
E2E_PLACE_BASE pos=25 stage=23 active=128 base=160
E2E_PLACE_BASE pos=26 stage=24 active=32 base=288
E2E_PLACE_BASE pos=27 stage=27 active=128 base=320
E2E_PLACE_BASE pos=28 stage=28 active=32 base=448
E2E_PLACE_BASE pos=29 stage=30 active=16 base=480
E2E_PLACE_BASE pos=30 stage=29 active=16 base=496
E2E_PLACE_BASE pos=31 stage=32 active=16 base=0
E2E_PLACE_BASE pos=32 stage=31 active=16 base=16
E2E_PLACE_BASE pos=33 stage=33 active=16 base=32
E2E_PLACE_BASE pos=34 stage=34 active=128 base=48
E2E_PLACE_BASE pos=35 stage=35 active=32 base=176
E2E_PLACE_BASE pos=36 stage=36 active=4 base=208
E2E_PLACE_BASE pos=37 stage=37 active=256 base=212
E2E_PLACE_BASE pos=38 stage=38 active=64 base=468
E2E_PLACE_BASE pos=39 stage=39 active=256 base=20
E2E_PLACE_BASE pos=40 stage=40 active=64 base=276
E2E_PLACE_BASE pos=41 stage=41 active=4 base=340
E2E_PLACE_BASE pos=42 stage=42 active=128 base=344
E2E_PLACE_BASE pos=43 stage=43 active=32 base=472
E2E_PLACE_BASE pos=44 stage=44 active=4 base=504
E2E_PLACE_BASE pos=45 stage=47 active=128 base=508
E2E_PLACE_BASE pos=46 stage=48 active=32 base=124
E2E_PLACE_BASE pos=47 stage=45 active=128 base=156
E2E_PLACE_BASE pos=48 stage=46 active=32 base=284
E2E_PLACE_BASE pos=49 stage=49 active=128 base=316
E2E_PLACE_BASE pos=50 stage=50 active=32 base=444
E2E_PLACE_BASE pos=51 stage=52 active=16 base=476
E2E_PLACE_BASE pos=52 stage=51 active=16 base=492
E2E_PLACE_BASE pos=53 stage=54 active=16 base=508
E2E_PLACE_BASE pos=54 stage=53 active=16 base=12
E2E_PLACE_BASE pos=55 stage=55 active=16 base=28
E2E_PLACE_BASE pos=56 stage=56 active=128 base=44
E2E_PLACE_BASE pos=57 stage=57 active=32 base=172
E2E_PLACE_BASE pos=58 stage=58 active=4 base=204
E2E_PLACE_BASE pos=59 stage=59 active=256 base=208
E2E_PLACE_BASE pos=60 stage=60 active=64 base=464
E2E_PLACE_BASE pos=61 stage=61 active=256 base=16
E2E_PLACE_BASE pos=62 stage=62 active=64 base=272
E2E_PLACE_BASE pos=63 stage=63 active=4 base=336
E2E_PLACE_BASE pos=64 stage=64 active=128 base=340
E2E_PLACE_BASE pos=65 stage=65 active=32 base=468
E2E_PLACE_BASE pos=66 stage=66 active=4 base=500
E2E_PLACE_BASE pos=67 stage=69 active=128 base=504
E2E_PLACE_BASE pos=68 stage=70 active=32 base=120
E2E_PLACE_BASE pos=69 stage=67 active=128 base=152
E2E_PLACE_BASE pos=70 stage=68 active=32 base=280
E2E_PLACE_BASE pos=71 stage=71 active=128 base=312
E2E_PLACE_BASE pos=72 stage=72 active=32 base=440
E2E_PLACE_BASE pos=73 stage=74 active=16 base=472
E2E_PLACE_BASE pos=74 stage=73 active=16 base=488
E2E_PLACE_BASE pos=75 stage=76 active=16 base=504
E2E_PLACE_BASE pos=76 stage=75 active=16 base=8
E2E_PLACE_BASE pos=77 stage=77 active=16 base=24
E2E_PLACE_BASE pos=78 stage=78 active=128 base=40
E2E_PLACE_BASE pos=79 stage=79 active=32 base=168
E2E_PLACE_BASE pos=80 stage=80 active=4 base=200
E2E_PLACE_BASE pos=81 stage=81 active=256 base=204
E2E_PLACE_BASE pos=82 stage=82 active=64 base=460
E2E_PLACE_BASE pos=83 stage=83 active=256 base=12
E2E_PLACE_BASE pos=84 stage=84 active=64 base=268
E2E_PLACE_BASE pos=85 stage=85 active=4 base=332
E2E_PLACE_BASE pos=86 stage=86 active=128 base=336
E2E_PLACE_BASE pos=87 stage=87 active=32 base=464
E2E_PLACE_STATS placement=0 max_queue=12 same_worker_edges=16 cross_worker_edges=40656 base_rotation=1 plan=rotate
E2E_TIMING cold=0 warmup=5 repeat=11 statistic=median reset=outside_timing
E2E_TRACE_V2 slots=6128 events=5632 traced_launch=l2_forward_last_timed_sample out=/root/TileMega/docs/experiments/REBASE/raw/mha4_s4/trace/rotate__full/dump
E2E_RESOURCE block=128 reg=94 smem=16384 task_smem=16384 occupancy_smem=16384 static_smem=0 regs_per_sm=65536 smem_per_sm=102400 threads_per_sm=1536 gemm_union=12288 variant_count=1 ctas_per_sm=4 num_sms=128 grid=512 l1_reg=90 l05_reg=72 l1_ctas=5 l2_ctas=5 min_blocks=1 warp_size=32 resident_formula=ctas_per_sm*num_sms
E2E_SCHEDULE workers=512 variant_stages=60 task_refs=6128 task_ref_bytes=171584 waits=24080 wait_bytes=192640 raw_polls=25104 lifted_polls=1024 waiting_tasks=5868 normalization_dummies_lb=18212 max_span=13 generated_max_span=10 max_worker_span=511 resident_limit=512 global_fanin=1 i3_current=pass i3_overresident=reject max_worker_task_refs=12
E2E_TIME l05_ms=0.390144 l1_ms=0.419552 ratio=1.075377 l2_ms=0.295936 l2_over_l1=0.705362
E2E_DIFF l05_vs_l0_mismatch=0 max_abs=0.03125 max_rel=2929.6875 l1_vs_l05_mismatch=0 max_abs=0 max_rel=0 l2_vs_l1_mismatch=0 max_abs=0 max_rel=0
E2E_OUTPUT_DIFF index=0 buffer=73 mismatch=0 max_abs=0.03125 max_rel=2929.6875
E2E_OUTPUT_DIFF index=1 buffer=23 mismatch=0 max_abs=0.00048828125 max_rel=0.028571429
E2E_OUTPUT_DIFF index=2 buffer=24 mismatch=0 max_abs=0 max_rel=0
E2E_OUTPUT_DIFF index=3 buffer=47 mismatch=0 max_abs=0.0078125 max_rel=244.14062
E2E_OUTPUT_DIFF index=4 buffer=48 mismatch=0 max_abs=0.0078125 max_rel=1.6325758
E2E_OUTPUT_DIFF index=5 buffer=71 mismatch=0 max_abs=0.0078125 max_rel=0.90909094
E2E_OUTPUT_DIFF index=6 buffer=72 mismatch=0 max_abs=0.0078125 max_rel=4.9058824
E2E_OUTPUT_DIFF index=7 buffer=95 mismatch=0 max_abs=0.009765625 max_rel=3.3333333
E2E_OUTPUT_DIFF index=8 buffer=96 mismatch=0 max_abs=0.0083770752 max_rel=6.3333335
E2E_HASH l05=54d457de7bdd96d5 l1=54d457de7bdd96d5 l2=54d457de7bdd96d5
E2E_ITER l2_iter1_ms=0.301056 l2_iter1_vs_iter0_mismatch=0 max_abs=0
E2E_KAPPA event_kappa=1 dependency_table=variant_exact
E2E_VARIANT index=0 seq_begin=1 seq_end=4
RESULT status=PASS
