E2E_PARTIALS fp32=1 element_bytes=4 total_bytes=704643072
E2E_PLACE_STATS placement=0 max_queue=292 same_worker_edges=195572 cross_worker_edges=44358092 base_rotation=0 plan=template
E2E_TIMING cold=0 warmup=5 repeat=11 statistic=median reset=outside_timing
E2E_RESOURCE block=128 reg=144 smem=16384 task_smem=16384 occupancy_smem=16384 static_smem=0 regs_per_sm=65536 smem_per_sm=102400 threads_per_sm=1536 gemm_union=12288 variant_count=1 ctas_per_sm=2 num_sms=128 grid=256 l1_reg=140 l05_reg=146 l1_ctas=3 l2_ctas=3 min_blocks=1 warp_size=32 resident_formula=ctas_per_sm*num_sms
E2E_SCHEDULE workers=256 variant_stages=60 task_refs=70784 task_ref_bytes=1981952 waits=305888 wait_bytes=2447104 raw_polls=785344 lifted_polls=479456 waiting_tasks=34816 normalization_dummies_lb=271072 max_span=13 generated_max_span=10 max_worker_span=255 resident_limit=256 global_fanin=1 i3_current=pass i3_overresident=reject max_worker_task_refs=292
E2E_TIME l05_ms=7.743488 l1_ms=7.730176 ratio=0.998281 l2_ms=7.887008 l2_over_l1=1.020288
E2E_DIFF l05_vs_l0_mismatch=1 max_abs=0.046875 max_rel=7812.5 l1_vs_l05_mismatch=0 max_abs=0 max_rel=0 l2_vs_l1_mismatch=0 max_abs=0 max_rel=0
E2E_OUTPUT_DIFF index=0 buffer=73 mismatch=1 max_abs=0.046875 max_rel=4882.8125
E2E_OUTPUT_DIFF index=1 buffer=23 mismatch=0 max_abs=0.0078125 max_rel=0.14285715
E2E_OUTPUT_DIFF index=2 buffer=24 mismatch=0 max_abs=0.0078125 max_rel=0.35820895
E2E_OUTPUT_DIFF index=3 buffer=47 mismatch=0 max_abs=0.015625 max_rel=3906.25
E2E_OUTPUT_DIFF index=4 buffer=48 mismatch=0 max_abs=0.015625 max_rel=168.56363
E2E_OUTPUT_DIFF index=5 buffer=71 mismatch=0 max_abs=0.015625 max_rel=7812.5
E2E_OUTPUT_DIFF index=6 buffer=72 mismatch=0 max_abs=0.015625 max_rel=104.88235
E2E_OUTPUT_DIFF index=7 buffer=95 mismatch=0 max_abs=0.015625 max_rel=3906.25
E2E_OUTPUT_DIFF index=8 buffer=96 mismatch=0 max_abs=0.015625 max_rel=293.78787
E2E_HASH l05=d1ad07493d4af568 l1=d1ad07493d4af568 l2=d1ad07493d4af568
E2E_ITER l2_iter1_ms=7.890656 l2_iter1_vs_iter0_mismatch=0 max_abs=0
E2E_KAPPA event_kappa=2 dependency_table=variant_exact
E2E_VARIANT index=0 seq_begin=1 seq_end=128
RESULT status=MISMATCH
