release	bar_sync	membar	atom_red	insns
3	6	1	11	800
2	4	2	11	824
1	6	2	11	800
0	6	2	11	800
arms distinct; candidate differs in 8 instructions
_Z13litmus_kernelILi0EEvPfS0_P12EventCounterS2_iiiijii OCCUPANCY_TOOL block_size=256 registers_per_thread=40 static_smem_bytes=0 dynamic_smem_bytes=32 ctas_per_sm=6 num_sms=128 resident_limit=768
_Z13litmus_kernelILi1EEvPfS0_P12EventCounterS2_iiiijii OCCUPANCY_TOOL block_size=256 registers_per_thread=40 static_smem_bytes=0 dynamic_smem_bytes=32 ctas_per_sm=6 num_sms=128 resident_limit=768
_Z13litmus_kernelILi2EEvPfS0_P12EventCounterS2_iiiijii OCCUPANCY_TOOL block_size=256 registers_per_thread=40 static_smem_bytes=0 dynamic_smem_bytes=32 ctas_per_sm=6 num_sms=128 resident_limit=768
_Z13litmus_kernelILi3EEvPfS0_P12EventCounterS2_iiiijii OCCUPANCY_TOOL block_size=256 registers_per_thread=40 static_smem_bytes=0 dynamic_smem_bytes=32 ctas_per_sm=6 num_sms=128 resident_limit=768
arms occupancy-matched at ctas_per_sm=6
OCCUPANCY blocks_per_sm=6 num_sms=128 resident_cap=768 grid=64 co_resident=yes
OCCUPANCY blocks_per_sm=6 num_sms=128 resident_cap=768 grid=128 co_resident=yes
OCCUPANCY blocks_per_sm=6 num_sms=128 resident_cap=768 grid=256 co_resident=yes
per_writer	1	64	1024	50	0	0	0	50
per_writer	1	64	4096	50	0	0	0	50
per_writer	1	64	16384	50	0	0	0	50
per_writer	1	128	1024	50	0	0	0	50
per_writer	1	128	4096	50	0	0	0	50
per_writer	1	128	16384	50	0	0	0	50
per_writer	1	256	1024	50	0	0	0	50
per_writer	1	256	4096	50	0	0	0	50
per_writer	1	256	16384	50	0	0	0	50
per_writer	0	64	1024	50	0	0	0	50
per_writer	0	64	4096	50	0	0	0	50
per_writer	0	64	16384	50	0	0	0	50
per_writer	0	128	1024	50	0	0	0	50
per_writer	0	128	4096	50	0	0	0	50
per_writer	0	128	16384	50	0	0	0	50
per_writer	0	256	1024	50	0	0	0	50
per_writer	0	256	4096	50	0	0	0	50
per_writer	0	256	16384	50	0	0	0	50
thread0_fence	1	64	1024	50	0	0	0	50
thread0_fence	1	64	4096	50	0	0	0	50
thread0_fence	1	64	16384	50	0	0	0	50
thread0_fence	1	128	1024	50	0	0	0	50
thread0_fence	1	128	4096	50	0	0	0	50
thread0_fence	1	128	16384	50	0	0	0	50
thread0_fence	1	256	1024	50	0	0	0	50
thread0_fence	1	256	4096	50	0	0	0	50
thread0_fence	1	256	16384	50	0	0	0	50
thread0_fence	0	64	1024	50	0	0	0	50
thread0_fence	0	64	4096	50	0	0	0	50
thread0_fence	0	64	16384	50	0	0	0	50
thread0_fence	0	128	1024	50	0	0	0	50
thread0_fence	0	128	4096	50	0	0	0	50
thread0_fence	0	128	16384	50	0	0	0	50
thread0_fence	0	256	1024	50	0	0	0	50
thread0_fence	0	256	4096	50	0	0	0	50
thread0_fence	0	256	16384	50	0	0	0	50
no_barrier	1	64	1024	0	50	0	0	50
no_barrier	1	64	4096	0	50	0	0	50
no_barrier	1	64	16384	0	50	0	0	50
no_barrier	1	128	1024	0	50	0	0	50
no_barrier	1	128	4096	2	48	0	0	50
no_barrier	1	128	16384	0	50	0	0	50
no_barrier	1	256	1024	0	50	0	0	50
no_barrier	1	256	4096	0	50	0	0	50
no_barrier	1	256	16384	0	50	0	0	50
no_barrier	0	64	1024	0	50	0	0	50
no_barrier	0	64	4096	0	50	0	0	50
no_barrier	0	64	16384	0	50	0	0	50
no_barrier	0	128	1024	0	50	0	0	50
no_barrier	0	128	4096	50	0	0	0	50
no_barrier	0	128	16384	0	50	0	0	50
no_barrier	0	256	1024	0	50	0	0	50
no_barrier	0	256	4096	0	50	0	0	50
no_barrier	0	256	16384	0	50	0	0	50
no_fence	1	64	1024	50	0	0	0	50
no_fence	1	64	4096	50	0	0	0	50
no_fence	1	64	16384	50	0	0	0	50
no_fence	1	128	1024	50	0	0	0	50
no_fence	1	128	4096	50	0	0	0	50
no_fence	1	128	16384	50	0	0	0	50
no_fence	1	256	1024	50	0	0	0	50
no_fence	1	256	4096	50	0	0	0	50
no_fence	1	256	16384	50	0	0	0	50
no_fence	0	64	1024	0	50	0	0	50
no_fence	0	64	4096	0	50	0	0	50
no_fence	0	64	16384	50	0	0	0	50
no_fence	0	128	1024	0	50	0	0	50
no_fence	0	128	4096	0	50	0	0	50
no_fence	0	128	16384	50	0	0	0	50
no_fence	0	256	1024	0	50	0	0	50
no_fence	0	256	4096	0	50	0	0	50
no_fence	0	256	16384	50	0	0	0	50
SENSITIVE acquire=1 cells=0
SENSITIVE acquire=0 cells=6
acquire	grid	tile	per_writer_pass	no_fence_mismatch	thread0_pass	no_barrier_mismatch
0	64	1024	50	50	50	50
0	64	4096	50	50	50	50
0	128	1024	50	50	50	50
0	128	4096	50	50	50	0
0	256	1024	50	50	50	50
0	256	4096	50	50	50	50
READABLE cells=6
